CLIENT_HANDSHAKE_TRAFFIC_SECRET fd8986181ffa167da8ab5a1a3726597f001dee0910d27a88442f9af7557859b0 5d8aa5c0f93255237fead59ec8dfbbee49b156d4da05097142028b92b95072ae
SERVER_HANDSHAKE_TRAFFIC_SECRET fd8986181ffa167da8ab5a1a3726597f001dee0910d27a88442f9af7557859b0 f3bf31f9dfc72815062a8a9c955aa58c04b3947d78ff3707992c83a6085796c4
CLIENT_HANDSHAKE_TRAFFIC_SECRET 206510155a2d51e56b890bfef55a8dd23e0619fb5528ee7a784f1439022abd57 4c7e7258f4440a97031aaf89b82d4ae5f82a0993631f5a905438783a6854c3be4119d9c128e05a64f1ffed48e7a11f2c
SERVER_HANDSHAKE_TRAFFIC_SECRET 206510155a2d51e56b890bfef55a8dd23e0619fb5528ee7a784f1439022abd57 7321e30f094edd137752cfe5b9bfbdc3a98cf762b891b598d5f9e5c3730e5d78dcd211c540d5490b4952e92b119452ac
CLIENT_HANDSHAKE_TRAFFIC_SECRET 04aeb5d7f77456ea08f8f320eb1a7edabd55cb99aa827c7c2613ff3c2849fca7 343dab13cf4e3f16accebed810b58d85e4957d20694362a59159ad1e98ccff29
SERVER_HANDSHAKE_TRAFFIC_SECRET 04aeb5d7f77456ea08f8f320eb1a7edabd55cb99aa827c7c2613ff3c2849fca7 0f474b7cc91dceb49f5a34256d8bfc3c3758a15032effd704fa4fe40e5f55d6b
CLIENT_HANDSHAKE_TRAFFIC_SECRET 11275378db7fe12c8d5311020dbc17d5143b55597c0eb5816c9f601720f35e83 e1eab14554abf3b7ae0ce4cc92b58d9e2bd4894e39fcc784064c36271a8b54e0
SERVER_HANDSHAKE_TRAFFIC_SECRET 11275378db7fe12c8d5311020dbc17d5143b55597c0eb5816c9f601720f35e83 0ed1b4226a1be10c1c4aa913352f42ad82f3e8fcac3a77ddc634dd4dbd7c0b3c
CLIENT_HANDSHAKE_TRAFFIC_SECRET b5bfadbcff17f209396891e03379a9893c111e9447d94f3dd2c35ef8d53e91b4 30365529b9b687b6ce3ce5549b6d7ecee48c6e76533aeead0dd3dc0d0b56cf23
SERVER_HANDSHAKE_TRAFFIC_SECRET b5bfadbcff17f209396891e03379a9893c111e9447d94f3dd2c35ef8d53e91b4 745a7fa49212a39a4baa1d5c7d0d4ecee286838c019d259bd32e413d7ee44497
CLIENT_HANDSHAKE_TRAFFIC_SECRET 53f7427284a10310aec4509daa00ceed3f20022ff0c1665a29e083f211c29a61 21fa5619169acd3d65582b5a680413b02434973728917763cd002d8f187660ce
SERVER_HANDSHAKE_TRAFFIC_SECRET 53f7427284a10310aec4509daa00ceed3f20022ff0c1665a29e083f211c29a61 7e1b6cec0a6637731a642f612472555f5180d0dce119e5b8cc8842cba3de540e
CLIENT_TRAFFIC_SECRET_0 206510155a2d51e56b890bfef55a8dd23e0619fb5528ee7a784f1439022abd57 ccfaa6740aca3489dec70e9b4f6b1b9355df26b1403a152a299ba3d7ad100bb2fad02a005550fa99c3af742b18f8e369
SERVER_TRAFFIC_SECRET_0 206510155a2d51e56b890bfef55a8dd23e0619fb5528ee7a784f1439022abd57 fb6139289ffdabdbc86032eb6469b8a8be893df4f123e5b8bc3100566ccbcc3fc7b53f2e9051f287cd553ade17440dd1
EXPORTER_SECRET 206510155a2d51e56b890bfef55a8dd23e0619fb5528ee7a784f1439022abd57 4dfeddee60d695f8d187ce197b00f5a0143d1038cb1a98eba3173131ab945d30fa108cbca6d215b3d61c859c95cf885e
CLIENT_TRAFFIC_SECRET_0 fd8986181ffa167da8ab5a1a3726597f001dee0910d27a88442f9af7557859b0 e7421c7b96626a64d38d5f56e69cd3dceeed54140ae171c409da3a743e4b456b
SERVER_TRAFFIC_SECRET_0 fd8986181ffa167da8ab5a1a3726597f001dee0910d27a88442f9af7557859b0 c78cdaad22de5f5da55ebdd72b559b593723a6e96d1dd758d499abf42697c6f9
EXPORTER_SECRET fd8986181ffa167da8ab5a1a3726597f001dee0910d27a88442f9af7557859b0 ebec556cb51d7e408af72fa3fea6e50af6f194988cbb6c7571bb949fd965dc14
CLIENT_TRAFFIC_SECRET_0 11275378db7fe12c8d5311020dbc17d5143b55597c0eb5816c9f601720f35e83 c43bc5fe524bd0feabc9d4d1fbe7701f5b1aee8460c24a56d8269e9027b875a3
SERVER_TRAFFIC_SECRET_0 11275378db7fe12c8d5311020dbc17d5143b55597c0eb5816c9f601720f35e83 24d4285f73877c33a118c78e6c9168dea7553b396f3e72f78aa2823bc3b78266
EXPORTER_SECRET 11275378db7fe12c8d5311020dbc17d5143b55597c0eb5816c9f601720f35e83 59596fcb9a71b97abdda9a816f75231ff249b0cefb3acebb82d88eca0536904b
CLIENT_TRAFFIC_SECRET_0 b5bfadbcff17f209396891e03379a9893c111e9447d94f3dd2c35ef8d53e91b4 68921d7183e9e4e43c062edb92514d1bf6fedafc98d6b8b6ab4a3e0f763e9b31
SERVER_TRAFFIC_SECRET_0 b5bfadbcff17f209396891e03379a9893c111e9447d94f3dd2c35ef8d53e91b4 3dfd6010d7319887630e09778f034acfe4515e5182b4796b8d7da74bfb865106
EXPORTER_SECRET b5bfadbcff17f209396891e03379a9893c111e9447d94f3dd2c35ef8d53e91b4 f72b6015a82e3847e1b7a0bdefb84de1ed008f3e011c6f238c19d45bb186b480
CLIENT_TRAFFIC_SECRET_0 53f7427284a10310aec4509daa00ceed3f20022ff0c1665a29e083f211c29a61 06b62e2dabc788088ae12307e7eabeeec3b2e9183b717b14e97b1241e566135b
SERVER_TRAFFIC_SECRET_0 53f7427284a10310aec4509daa00ceed3f20022ff0c1665a29e083f211c29a61 4f5398204f565fd1060f1eada833c1c865709163349515b5fddea756f0868dfd
EXPORTER_SECRET 53f7427284a10310aec4509daa00ceed3f20022ff0c1665a29e083f211c29a61 fec4421e1de9544ee3079886f5de943b90b1c2c25cf68c885dc25b1006fa66ce
CLIENT_TRAFFIC_SECRET_0 04aeb5d7f77456ea08f8f320eb1a7edabd55cb99aa827c7c2613ff3c2849fca7 d45cf53c8504456e47d4902451a4681d4731d1bca9bba148474b32cb1f139bee
SERVER_TRAFFIC_SECRET_0 04aeb5d7f77456ea08f8f320eb1a7edabd55cb99aa827c7c2613ff3c2849fca7 ecc829cee24ec319abb54c2622d8d1488796146aa3f9583ffc1138f00659e21f
EXPORTER_SECRET 04aeb5d7f77456ea08f8f320eb1a7edabd55cb99aa827c7c2613ff3c2849fca7 f5be83aecfb93b42866fd51846a384cd525922b1df1f22c5ececfe900d47444e
CLIENT_HANDSHAKE_TRAFFIC_SECRET 9a0355e0b3df146a6df1bd725b13c85ee3869776b6fc5c2dd7863615e3eee3d3 4fdde2e1a63674b9b80211f6be3bdfdd076d24b2222cc89547b0283788100e06
SERVER_HANDSHAKE_TRAFFIC_SECRET 9a0355e0b3df146a6df1bd725b13c85ee3869776b6fc5c2dd7863615e3eee3d3 426fe1a3ddec2d85ba3fec90aae8bb7482cf85a1735adcc6947a88e62997bd3d
CLIENT_HANDSHAKE_TRAFFIC_SECRET 5ebffbcc05cb69d6ddd1de32c441d7eedccd90b8bbef82fb2b2d8a4c234c9429 bd45ae0851e49c7f631bcfddcbb782148919a82e575a0d5ac7dd20948b3aef92
SERVER_HANDSHAKE_TRAFFIC_SECRET 5ebffbcc05cb69d6ddd1de32c441d7eedccd90b8bbef82fb2b2d8a4c234c9429 0086c334b94da625058654392e4863807c6718cd43ba067f06bd29dfa5b72f99
CLIENT_TRAFFIC_SECRET_0 9a0355e0b3df146a6df1bd725b13c85ee3869776b6fc5c2dd7863615e3eee3d3 ff03c58261b5dcce952bcf58b3c93c930fc536c8d3bad1317d4d5457b47191e0
SERVER_TRAFFIC_SECRET_0 9a0355e0b3df146a6df1bd725b13c85ee3869776b6fc5c2dd7863615e3eee3d3 83a431676de56be1dee9c69f1acf675a7233ab2b4ef8e81b3ba677eac02540db
EXPORTER_SECRET 9a0355e0b3df146a6df1bd725b13c85ee3869776b6fc5c2dd7863615e3eee3d3 e56b1322abb7f5cb44bc6c9b66b36b871a1ae56be01c8f0090c4f05f282a7972
CLIENT_TRAFFIC_SECRET_0 5ebffbcc05cb69d6ddd1de32c441d7eedccd90b8bbef82fb2b2d8a4c234c9429 a438b5050a6e825aa9e2eba77dd3a2ef876095258058a57db2eb9dcc8335edb8
SERVER_TRAFFIC_SECRET_0 5ebffbcc05cb69d6ddd1de32c441d7eedccd90b8bbef82fb2b2d8a4c234c9429 0336025750b939afad6f31b51a917118df0d223f46b4411f9583c9b8fce2d675
EXPORTER_SECRET 5ebffbcc05cb69d6ddd1de32c441d7eedccd90b8bbef82fb2b2d8a4c234c9429 89a2f359fa761d833848a7a1e7f54a7a8edc9699c5c30ca82ad9079168f35eec
CLIENT_HANDSHAKE_TRAFFIC_SECRET 1c998d8a2a2fe88de7d1e39e93f3ffdd5f87e7a8868044cfa8a8b450b91a8f21 89429ae0860357a5943c4368525cc18a7004b5b0170e706b96fef57b564d495d
SERVER_HANDSHAKE_TRAFFIC_SECRET 1c998d8a2a2fe88de7d1e39e93f3ffdd5f87e7a8868044cfa8a8b450b91a8f21 e3d172023c6e2fa4583274d9e87e3dc969c6911c1147d8edbc0c8ba9807246b0
CLIENT_TRAFFIC_SECRET_0 1c998d8a2a2fe88de7d1e39e93f3ffdd5f87e7a8868044cfa8a8b450b91a8f21 f930ec0bb4ae8a5a3dcb1d59b26bb86ee6af8e8a3e223bc18496eaa1b881dc50
SERVER_TRAFFIC_SECRET_0 1c998d8a2a2fe88de7d1e39e93f3ffdd5f87e7a8868044cfa8a8b450b91a8f21 69d71add669d482bb9bac5589ec30b9cc99162fad4b747d0e990a6d64b3f090d
EXPORTER_SECRET 1c998d8a2a2fe88de7d1e39e93f3ffdd5f87e7a8868044cfa8a8b450b91a8f21 5c0924bbaf0ac2aeb989e6eb6f7cf2789185a7c691a7191cbba8af22b9e3ff8d
CLIENT_HANDSHAKE_TRAFFIC_SECRET bf634e4c3bd8fef171f4e1ab332ccb4413ef366bc83c097ab995570a0df41d76 015b0708e57d078bce4d9541527f7c3a37e8e89daab3f11c5ee37253ba6b935a
SERVER_HANDSHAKE_TRAFFIC_SECRET bf634e4c3bd8fef171f4e1ab332ccb4413ef366bc83c097ab995570a0df41d76 a12a963605cbb8eb93350c01d6aaf6bbe7b1efb17a7ee446a75284a0d7e31905
CLIENT_TRAFFIC_SECRET_0 bf634e4c3bd8fef171f4e1ab332ccb4413ef366bc83c097ab995570a0df41d76 bccf0bea80cd83dd0b244b8828301bb4900804329fe4d1df8d87d9ad4e76cd9a
SERVER_TRAFFIC_SECRET_0 bf634e4c3bd8fef171f4e1ab332ccb4413ef366bc83c097ab995570a0df41d76 1354ffe586b90d9997b2b4bf596e10d682caf69fd69990551f0bf6bfbae8cc6e
EXPORTER_SECRET bf634e4c3bd8fef171f4e1ab332ccb4413ef366bc83c097ab995570a0df41d76 cdb584115705fe23d7f048740065cb50746b1223f4bf5a2d5a59a3fb156f9b35
CLIENT_HANDSHAKE_TRAFFIC_SECRET bd04c3200c999c72bacc0c88ea88359d194fcb39ca0cb9314b8964a8b79f51ea c3230330ce3e4ec3808f11d1846511d2daf03d4ff8135171aed4e54b7c592905
SERVER_HANDSHAKE_TRAFFIC_SECRET bd04c3200c999c72bacc0c88ea88359d194fcb39ca0cb9314b8964a8b79f51ea 27cd97734c995183889f4db907b7956c51c9b3ecb360273c018e28e189a8baa1
CLIENT_TRAFFIC_SECRET_0 bd04c3200c999c72bacc0c88ea88359d194fcb39ca0cb9314b8964a8b79f51ea e7573a86e72198fe80593856e5aebba1d9feff565ef169833491cc3d1dd63f9d
SERVER_TRAFFIC_SECRET_0 bd04c3200c999c72bacc0c88ea88359d194fcb39ca0cb9314b8964a8b79f51ea 9087ddf1780ba865592b5896cc4760ccd2f6bd5c189fc46093f4e042efa3d569
EXPORTER_SECRET bd04c3200c999c72bacc0c88ea88359d194fcb39ca0cb9314b8964a8b79f51ea 12e9b7e0c1399fad165c0c88e3e7371fb2721ee65f58f9f2068fffbc92418ff7
CLIENT_EARLY_TRAFFIC_SECRET daca199218dd531ca39bb5cf1b8fa02a27bf471e6610ddb3ba8d52f96fe744b2 51087c9ab37b834dae9e1a7ab6f309dd820a4abbcfbb9b41d76f96588ae1cc3b
CLIENT_HANDSHAKE_TRAFFIC_SECRET daca199218dd531ca39bb5cf1b8fa02a27bf471e6610ddb3ba8d52f96fe744b2 3debdc8ab3463b06f38dd943673b60a2cb8beb092cdc40adb3a69d6259e460af
SERVER_HANDSHAKE_TRAFFIC_SECRET daca199218dd531ca39bb5cf1b8fa02a27bf471e6610ddb3ba8d52f96fe744b2 e73e7f835f0ab21911a9075393f4ccfc022b4fccdbbec6dbfaaf7ed12d6226cb
CLIENT_TRAFFIC_SECRET_0 daca199218dd531ca39bb5cf1b8fa02a27bf471e6610ddb3ba8d52f96fe744b2 b15449c8f2cbf85ed7772fe841233461bb258ea1c809813629464265b0220ba3
SERVER_TRAFFIC_SECRET_0 daca199218dd531ca39bb5cf1b8fa02a27bf471e6610ddb3ba8d52f96fe744b2 7a98a545bcd983276a08221619c0ab3b554301b1f8adb93b3ea6686b7b36d43a
EXPORTER_SECRET daca199218dd531ca39bb5cf1b8fa02a27bf471e6610ddb3ba8d52f96fe744b2 5118a712b37882f55516cea7c22445e4340e4a7f7ccecde3e5486a411e6294cb
CLIENT_EARLY_TRAFFIC_SECRET 500fa9f46a4dd05a9338dd9894d179801398ec8ac22e79347967b89a702a8455 f452e2e49fd0b7e74f65c64fdca6eacebb832d63790d1c68c844b19c0ee71291
CLIENT_HANDSHAKE_TRAFFIC_SECRET a4a570ff78656f196513346f65ae8783f01eccb5e5a3bec1f3815ba05aa9cf88 3b5aa635a8382fed3f6b506b5857eb090a5bbb5fefe0a2afd794eb51a3d8dd4b
SERVER_HANDSHAKE_TRAFFIC_SECRET a4a570ff78656f196513346f65ae8783f01eccb5e5a3bec1f3815ba05aa9cf88 969cde4f75e8ba8f5cd35694945f1932511bdcd94cf81c46ab8f5abb0fdfcd15
CLIENT_TRAFFIC_SECRET_0 a4a570ff78656f196513346f65ae8783f01eccb5e5a3bec1f3815ba05aa9cf88 02c108926e3971340e958d2578dd460b1f157304fe166fc7ad41b9335ffab0b5
SERVER_TRAFFIC_SECRET_0 a4a570ff78656f196513346f65ae8783f01eccb5e5a3bec1f3815ba05aa9cf88 3eb5e78646836930043acd2a9d4c4f347ab9bd96fbd4c53b66cecc2a50728ae4
EXPORTER_SECRET a4a570ff78656f196513346f65ae8783f01eccb5e5a3bec1f3815ba05aa9cf88 03e907d7f2319f6fe8af9687fe62b1cf84ef3273f4ff09c854587335a45805fb
CLIENT_HANDSHAKE_TRAFFIC_SECRET 500fa9f46a4dd05a9338dd9894d179801398ec8ac22e79347967b89a702a8455 5b25333d1357d268ddbc54073fb2c07047d875f7f9276ca3e2782404ad351dd1
SERVER_HANDSHAKE_TRAFFIC_SECRET 500fa9f46a4dd05a9338dd9894d179801398ec8ac22e79347967b89a702a8455 7d62f5c4b2d02dac61569422f5ca367c56860a8c5547aa6f8e9183aa429a9a9d
CLIENT_TRAFFIC_SECRET_0 500fa9f46a4dd05a9338dd9894d179801398ec8ac22e79347967b89a702a8455 81de597c43c3a87ff57a395f33ab2ec7cd0f13020fef3d59afcac9af77d91222
SERVER_TRAFFIC_SECRET_0 500fa9f46a4dd05a9338dd9894d179801398ec8ac22e79347967b89a702a8455 ec59d093f9b345cc27bd40f4ba0b0ee582a65c65908b78c8dfd494e845c310b8
EXPORTER_SECRET 500fa9f46a4dd05a9338dd9894d179801398ec8ac22e79347967b89a702a8455 0c364c000a723cabb246588d7fe67a7b7fe7f50ae175f2ece2f252643d0de522
CLIENT_HANDSHAKE_TRAFFIC_SECRET a480425fff6143bbf7509d3fdf7e22969bf1cbd21171dea6f51a2c5deec8bdb7 8db524d3ececc18bd4f1cfe1a4ac3ab657d99ce3789d2981243e584cd9d2765b
SERVER_HANDSHAKE_TRAFFIC_SECRET a480425fff6143bbf7509d3fdf7e22969bf1cbd21171dea6f51a2c5deec8bdb7 e3e9f53fd457d9a0b7c9feb7db8bfd6ae900834b9b7ca1ceda9ccba4fd346c4b
CLIENT_TRAFFIC_SECRET_0 a480425fff6143bbf7509d3fdf7e22969bf1cbd21171dea6f51a2c5deec8bdb7 b1fe5204a8784ee5bbd4c168e0b71b69326cf87584c15d3c29866ca6e836d7a8
SERVER_TRAFFIC_SECRET_0 a480425fff6143bbf7509d3fdf7e22969bf1cbd21171dea6f51a2c5deec8bdb7 119f49fd448199da29fd365fbb538435cbf1476c0f39b47c6a159b00de203fd8
EXPORTER_SECRET a480425fff6143bbf7509d3fdf7e22969bf1cbd21171dea6f51a2c5deec8bdb7 df2f269596c3cc6005849d65cd4af157b5ffe9aadcf3805c90cd36949ec94b43
CLIENT_HANDSHAKE_TRAFFIC_SECRET 97fe94bd3e2a7c473172593787cbdaefa1fd559a58c9183ff7a6e9588a57d0b4 041eb9b06ddfd82ef9c5b21263fe07a44343bde7846ad250f6116309a3ad8256d8400e30d20b0441134a5e114e8809a9
SERVER_HANDSHAKE_TRAFFIC_SECRET 97fe94bd3e2a7c473172593787cbdaefa1fd559a58c9183ff7a6e9588a57d0b4 8e094118b6f5e6b22dc4f515cf7d4adc1d1644ae768624c5567f7368817611f4835685e257615bdca1915579902601fa
CLIENT_TRAFFIC_SECRET_0 97fe94bd3e2a7c473172593787cbdaefa1fd559a58c9183ff7a6e9588a57d0b4 b057a15a5fb18a20d724d4a73cb8e0b04e12b2bba5bcbb924f2e98730228fd91df138d4c04ba0dc3d6fe0fa3e9915fb1
SERVER_TRAFFIC_SECRET_0 97fe94bd3e2a7c473172593787cbdaefa1fd559a58c9183ff7a6e9588a57d0b4 aa99a3c66c57469f14bc2c6dbb8ca3a691c0c25b53389cb4b545090ffa2fe4f3a471b7ccf768eebdad6ea90b15b76e6d
EXPORTER_SECRET 97fe94bd3e2a7c473172593787cbdaefa1fd559a58c9183ff7a6e9588a57d0b4 9e00eae047d49c7cdea45032789600a4fe87c4d32aa28032cf46f34a7f64702ac9c3a18be5be804236f71457ff46838d
CLIENT_HANDSHAKE_TRAFFIC_SECRET eaa3719b045f768cb6690c0cb7863816b0573ce516b36ed9606df34d11f0954a eec3451754d0165e373ff3896ab9fe1a6c1ba70b3f83b6b552ec92cb34b114f9
SERVER_HANDSHAKE_TRAFFIC_SECRET eaa3719b045f768cb6690c0cb7863816b0573ce516b36ed9606df34d11f0954a 0bd841c7664ab278ab2153b1ab671c40a8de36c584ce0f546dcf97926d82afa7
CLIENT_TRAFFIC_SECRET_0 eaa3719b045f768cb6690c0cb7863816b0573ce516b36ed9606df34d11f0954a fc8e43b88f43385a5acfd38f97d7f5d3e2264d25de6c3e5ed7a01d0af6fba065
SERVER_TRAFFIC_SECRET_0 eaa3719b045f768cb6690c0cb7863816b0573ce516b36ed9606df34d11f0954a fdfffdf50afa1f45f7fd9db8b56aca5cb906f76efcad0709222f1ba92c5097eb
EXPORTER_SECRET eaa3719b045f768cb6690c0cb7863816b0573ce516b36ed9606df34d11f0954a 43bce6d1e89f335400ec6d49146be9b8b464499cc445f096c101ab3853dc0fb2
CLIENT_HANDSHAKE_TRAFFIC_SECRET 6fe580be76a943b194f29944fdee9789802f27f7ac9bc15f16813e74de7945d5 f6a3eae1a8bca50f7031e4f1876fe3268e2a61678a182559eeceac28246a648c
SERVER_HANDSHAKE_TRAFFIC_SECRET 6fe580be76a943b194f29944fdee9789802f27f7ac9bc15f16813e74de7945d5 76ccd13a5795ab9958e7bc49e7345a2427d1dcb6d3c45e3c5a95add2fce592db
CLIENT_TRAFFIC_SECRET_0 6fe580be76a943b194f29944fdee9789802f27f7ac9bc15f16813e74de7945d5 412ab162946d57355e6ecdcaa4eba6a2283d6a51a4c43384e11942dcd8e38e51
SERVER_TRAFFIC_SECRET_0 6fe580be76a943b194f29944fdee9789802f27f7ac9bc15f16813e74de7945d5 29e0c81c4b3e746242ad338148db87fd11c6e362000b968a84ad7be36d47747a
EXPORTER_SECRET 6fe580be76a943b194f29944fdee9789802f27f7ac9bc15f16813e74de7945d5 9887561b6e542a8ce48fd644a8465e22eca7e2b5b8f0a302b487df73ec6ddf6b
CLIENT_HANDSHAKE_TRAFFIC_SECRET 5f62afddf0979ed15ce83aa9842468959d5fe90727954567c094d62252875a19 87034413ea78ebf5c6036c1855dace8eec7192d4f7bf59ad6a4bf02359901340
SERVER_HANDSHAKE_TRAFFIC_SECRET 5f62afddf0979ed15ce83aa9842468959d5fe90727954567c094d62252875a19 0008b5e5fc29c2144720f4301ab5b8b6469861fcbdecff7d884c1ec6a724f01b
CLIENT_TRAFFIC_SECRET_0 5f62afddf0979ed15ce83aa9842468959d5fe90727954567c094d62252875a19 d2e15d39abc2f8f85dea868c8f7e285fcbae29766457787448f89fde90df7726
SERVER_TRAFFIC_SECRET_0 5f62afddf0979ed15ce83aa9842468959d5fe90727954567c094d62252875a19 a7753574c577a6b28ad5802b663b0fa493da1c87bb2a4a8bd415b5c74b4020f9
EXPORTER_SECRET 5f62afddf0979ed15ce83aa9842468959d5fe90727954567c094d62252875a19 3d480edea309515ec9db7eb55352e0459df4c1d3cf5a32163d2758942a2246eb
CLIENT_HANDSHAKE_TRAFFIC_SECRET fa1e7b49c384df390aa1f457922a8310b63bdeb2fe96d2370fc304a2dce67bb5 dd25e2d175da82593a763840ce89f8707fa58cc54e36d748edfd79dd036895aa
SERVER_HANDSHAKE_TRAFFIC_SECRET fa1e7b49c384df390aa1f457922a8310b63bdeb2fe96d2370fc304a2dce67bb5 46cd875c6bf30f317086252fc001028622a76ad8b5918062c16c823f7767be5b
CLIENT_TRAFFIC_SECRET_0 fa1e7b49c384df390aa1f457922a8310b63bdeb2fe96d2370fc304a2dce67bb5 c6f52e8a132a33c8186cc2494df34c82f2fea57e00c23163f3a996ecc57a535e
SERVER_TRAFFIC_SECRET_0 fa1e7b49c384df390aa1f457922a8310b63bdeb2fe96d2370fc304a2dce67bb5 6239c4c84ff086d74d321261aa5b2488bc3e366684967c87297e23fc0a694e0f
EXPORTER_SECRET fa1e7b49c384df390aa1f457922a8310b63bdeb2fe96d2370fc304a2dce67bb5 bcec3ec39b3518e99ac6c5485c4f084cc793a8154707f35c68394b2b2313ffc6
CLIENT_HANDSHAKE_TRAFFIC_SECRET 8697dbbbaf3771d3ed710c8e2045283f2e1b07585920a29f22e83caf5b4b031f 26d3f9da15e112b25177c1b6a43448714dc53c96f75d6a44ae5ea37f25e70e46
SERVER_HANDSHAKE_TRAFFIC_SECRET 8697dbbbaf3771d3ed710c8e2045283f2e1b07585920a29f22e83caf5b4b031f 16d0db5a6d2ca7f41c90fc37c87d20c6162d3c0c127705b9488958dc63431861
CLIENT_TRAFFIC_SECRET_0 8697dbbbaf3771d3ed710c8e2045283f2e1b07585920a29f22e83caf5b4b031f cee46c356423247662d112fce02bdbad6fe29aaa3dc9d5b1de49d5d35d645d6c
SERVER_TRAFFIC_SECRET_0 8697dbbbaf3771d3ed710c8e2045283f2e1b07585920a29f22e83caf5b4b031f 89c24f2183f7776c2c142f9c698eb71271d37e40850addfda39115386909b7d0
EXPORTER_SECRET 8697dbbbaf3771d3ed710c8e2045283f2e1b07585920a29f22e83caf5b4b031f 96fd6461c54362c38a34eff3f7940c23b2c8809dee6203c1af3cdc3c48232b9b
CLIENT_HANDSHAKE_TRAFFIC_SECRET 72312e5d74578523e5da0faf62723d82128c387ac33983cf61740e5901ea182b 8b2e364ec214cbadabb22feaa6d1d06acb608bbb3cefc17c94d2baf9b1f53a74
SERVER_HANDSHAKE_TRAFFIC_SECRET 72312e5d74578523e5da0faf62723d82128c387ac33983cf61740e5901ea182b 8e0885e5f83c0a89e4b4679d2d810732c491a30cc3a798d8e5f699b298b65f83
CLIENT_TRAFFIC_SECRET_0 72312e5d74578523e5da0faf62723d82128c387ac33983cf61740e5901ea182b cfdd4b5345d3dfbe2473095be9ea48d41b925d6a2a36bf3ac9bc1beb1b6a2c46
SERVER_TRAFFIC_SECRET_0 72312e5d74578523e5da0faf62723d82128c387ac33983cf61740e5901ea182b fdca1620afe11b4808a685f180420064d472fd31f38d9dddc7a21a2aa6f4d8de
EXPORTER_SECRET 72312e5d74578523e5da0faf62723d82128c387ac33983cf61740e5901ea182b 56009e36f14b429917608e034499b9254496855ca6fe89445a58e2070714f22e
CLIENT_HANDSHAKE_TRAFFIC_SECRET 1387b3eda645fd9c1eb88e8efdc5c7863bcf6f17e145f6268a255060ba215d32 c2472f20fe0b27707af57be56c8d56cb0c90e0d1ebbd5ae2259e3869adafc8ae
SERVER_HANDSHAKE_TRAFFIC_SECRET 1387b3eda645fd9c1eb88e8efdc5c7863bcf6f17e145f6268a255060ba215d32 460e271286848c76947707bd5b966e5e32117c8c8c71779407b173588e115e35
CLIENT_TRAFFIC_SECRET_0 1387b3eda645fd9c1eb88e8efdc5c7863bcf6f17e145f6268a255060ba215d32 593342206f3cfc21b8c3bd7f76d0d38cafa4a0a69d72d3bfdb387e372d15e791
SERVER_TRAFFIC_SECRET_0 1387b3eda645fd9c1eb88e8efdc5c7863bcf6f17e145f6268a255060ba215d32 7c8d6e43bee5a2606d799622c147f50bf6515429913e0b856a447b7d4c0de609
EXPORTER_SECRET 1387b3eda645fd9c1eb88e8efdc5c7863bcf6f17e145f6268a255060ba215d32 b8debd916efdd2aab76b18cce0ea3b7039997ae599e15819a655498c740866aa
CLIENT_HANDSHAKE_TRAFFIC_SECRET e767bd6aec457d4b0ecbae84fa40f6c1de1380a4ead8e1179c8127735e43e22e 47ad161b7ef5057c522a29bbc615d0c995f0b26f929306e5ed3af846c31c6fe3
SERVER_HANDSHAKE_TRAFFIC_SECRET e767bd6aec457d4b0ecbae84fa40f6c1de1380a4ead8e1179c8127735e43e22e e74d8a7905b3bc3fe57b62d4c55c09bc15a77276d0a545abac43bd41398bacf0
CLIENT_TRAFFIC_SECRET_0 e767bd6aec457d4b0ecbae84fa40f6c1de1380a4ead8e1179c8127735e43e22e 47b868a4aa17e1e0001374a6dcd0b002848676786dffafa3b32edbfbd5ec8c41
SERVER_TRAFFIC_SECRET_0 e767bd6aec457d4b0ecbae84fa40f6c1de1380a4ead8e1179c8127735e43e22e f317562c51eb6c0edd08c042c3b2fd5f85f1ac9e14dfdb0602decb2b219bc6e2
EXPORTER_SECRET e767bd6aec457d4b0ecbae84fa40f6c1de1380a4ead8e1179c8127735e43e22e 133965aee145cd8a4e0a7348f0e15629bd11ab83bbc21b6611e1bd0a89475993
CLIENT_HANDSHAKE_TRAFFIC_SECRET 92435d8ec3fc4c4fde5d34caac894992e077f002d05e725867440c7de7c9c10e fc160ff4038e8d2f25d775c20b54671f9b4417f1946bf17414181cf64e411b15
SERVER_HANDSHAKE_TRAFFIC_SECRET 92435d8ec3fc4c4fde5d34caac894992e077f002d05e725867440c7de7c9c10e 013cf0914eb5634e39f6e57b8f58f08f55dc010dff1bacf55da06c3e7b8aba84
CLIENT_TRAFFIC_SECRET_0 92435d8ec3fc4c4fde5d34caac894992e077f002d05e725867440c7de7c9c10e d7b9ac78e31deb81f0ac926163c9266bf44919adccf7a25f9b3cbb771472f050
SERVER_TRAFFIC_SECRET_0 92435d8ec3fc4c4fde5d34caac894992e077f002d05e725867440c7de7c9c10e da08dcaaf429b9070c46c803d55e1031228005f524f5b32d1cc4f7ac4dcca125
EXPORTER_SECRET 92435d8ec3fc4c4fde5d34caac894992e077f002d05e725867440c7de7c9c10e 2fde9ea802e1aa999e20be1fb8bd87e34f37ab333c6bb19145a1b32892390b9d
CLIENT_HANDSHAKE_TRAFFIC_SECRET ee854faa544441678e164fb970226f045628ebf7dcd6868a8241bc77910b7d1a a89a277bf9842506419499b699111c2aa57bfdc37cdf87e57b5acb6034a04de0a180581175e524141dcb5e1fe4e9a0d4
SERVER_HANDSHAKE_TRAFFIC_SECRET ee854faa544441678e164fb970226f045628ebf7dcd6868a8241bc77910b7d1a 15441b2797b6d46ed6d875eab1c90d71cf0dae84667261e70f74c3173141a962a7ebae25b8cf5d39047d7dd72cc29349
CLIENT_TRAFFIC_SECRET_0 ee854faa544441678e164fb970226f045628ebf7dcd6868a8241bc77910b7d1a fd66dbc4ef3ce3a5d9c3300d02c9ff412598bf08947dadf55136a66718811b189b0f0db6040c58fc57d1def639c3fe58
SERVER_TRAFFIC_SECRET_0 ee854faa544441678e164fb970226f045628ebf7dcd6868a8241bc77910b7d1a 0b98ad70603ce4c40e4b1e7a809b9b4a70282fd4b018efebc2aed85ac4d4fc31b9afff51816f9b5c4e9e517bd299433c
EXPORTER_SECRET ee854faa544441678e164fb970226f045628ebf7dcd6868a8241bc77910b7d1a 04aa3b017a2577762146c405d92c0815923fbec58c6b760707057212fc17936e3a7db9b08c1d284b1f9f566b33f2d13d
CLIENT_HANDSHAKE_TRAFFIC_SECRET 442527c11dd3270fd19b5050adaed847fcdf9547a52cdb77164537826b154826 d1b82eb100da1ffc5103efeb29edb7e7a6b1623595c138a191aac8c0fe70760b
SERVER_HANDSHAKE_TRAFFIC_SECRET 442527c11dd3270fd19b5050adaed847fcdf9547a52cdb77164537826b154826 9f65ae8fda770c5ccf2fe4405892c5ec7465aa66fa3a1ceded07afae56edfb7e
CLIENT_TRAFFIC_SECRET_0 442527c11dd3270fd19b5050adaed847fcdf9547a52cdb77164537826b154826 2af445988d35d67296af68a2b812e9d45e7a4fa45a471e96f87cd27e665add52
SERVER_TRAFFIC_SECRET_0 442527c11dd3270fd19b5050adaed847fcdf9547a52cdb77164537826b154826 48bd053568cb756804c5cd112b05a7994c6314e52a1ec828fdce2a3bd9bdda7d
EXPORTER_SECRET 442527c11dd3270fd19b5050adaed847fcdf9547a52cdb77164537826b154826 7b8eac3a717b7294eeeeb605aca76098e7c88a74e91513fbc8ab7f69a852c014
CLIENT_HANDSHAKE_TRAFFIC_SECRET d70e183fecc8bf35ffbafc8af9b1793f38e2d9b6f4891eed1ab855da257f8fee 243992f1c260d4d4cd0225eaafc990cadc39d830f1b3b9a2371796ea1ba889b4
SERVER_HANDSHAKE_TRAFFIC_SECRET d70e183fecc8bf35ffbafc8af9b1793f38e2d9b6f4891eed1ab855da257f8fee 8156027363ae2bfa6a1f94fbe17d0633cf17f6a3de5d47d84bbc2161b706d06e
CLIENT_TRAFFIC_SECRET_0 d70e183fecc8bf35ffbafc8af9b1793f38e2d9b6f4891eed1ab855da257f8fee ad173b9fc65c49aa7f71a71619b14b11383e8727ed1bd59b5d526a3f02f3f686
SERVER_TRAFFIC_SECRET_0 d70e183fecc8bf35ffbafc8af9b1793f38e2d9b6f4891eed1ab855da257f8fee 2d90bb0a837a0ed2ac0b6f4011723a03e006eb8f76ca81c2e8f19a69e8506d24
EXPORTER_SECRET d70e183fecc8bf35ffbafc8af9b1793f38e2d9b6f4891eed1ab855da257f8fee 1989fc3ee6bd80c081511f010111a4c9c4691d5c216540e5dd7e31a4852e50f3
CLIENT_HANDSHAKE_TRAFFIC_SECRET c1630516cf43132ee77481e5621a5926bfd6fedc2bd666d35514fb4f0909f95b 5f1a38b55105024f35649a44f249f736b7fe4d77ce870c02b590f5d5573b940c
SERVER_HANDSHAKE_TRAFFIC_SECRET c1630516cf43132ee77481e5621a5926bfd6fedc2bd666d35514fb4f0909f95b 3dfbdcfa59b80e9a141053bae1872041b1c912ee8c7083bcfb5b520dfff4b94c
CLIENT_TRAFFIC_SECRET_0 c1630516cf43132ee77481e5621a5926bfd6fedc2bd666d35514fb4f0909f95b 42f5ef8993e4391693eb37c4d1afb3244399b25a76a52d3aeac16deac12c97e6
SERVER_TRAFFIC_SECRET_0 c1630516cf43132ee77481e5621a5926bfd6fedc2bd666d35514fb4f0909f95b 4bf9d48440ec9baef22ceea9e8a9a7c9e30e6a61bb59339ad9368279daec37f1
EXPORTER_SECRET c1630516cf43132ee77481e5621a5926bfd6fedc2bd666d35514fb4f0909f95b 9aba49ef20b1b43272f96d6b8f20d00dd1ce360047179329b1cedfdbef4c17d6
CLIENT_HANDSHAKE_TRAFFIC_SECRET e8403708006c3daa5d1e8d617581305408455b849dfcf80ff02dac0347a65fe6 d6652875bfe09ab26717ecc1ca1d7902cb971fbfc5396c90efed398d8a74073a26662661c9b78b162eb62590c6399bee
SERVER_HANDSHAKE_TRAFFIC_SECRET e8403708006c3daa5d1e8d617581305408455b849dfcf80ff02dac0347a65fe6 6d434e1fd263400b65535b86cc606969af7e12cbfd5251da067eed7b9dfb23bb5e636c81c9dc7d91560c853abd440c87
CLIENT_TRAFFIC_SECRET_0 e8403708006c3daa5d1e8d617581305408455b849dfcf80ff02dac0347a65fe6 09753cf3363a7b1f759797e3090a42222a77ae2db3c8f565c690260689ffdc64bf15f11afe67b0dcdf65392c9447ae5a
SERVER_TRAFFIC_SECRET_0 e8403708006c3daa5d1e8d617581305408455b849dfcf80ff02dac0347a65fe6 d29abf46f1f5b9b5b7cffeb28103acd50331c51f5c960c943d4b5198c1e26c51512ece05793c02cbf124bda0411d3828
EXPORTER_SECRET e8403708006c3daa5d1e8d617581305408455b849dfcf80ff02dac0347a65fe6 a18aa45ac320b4b2a8828ca3ebe144ebb3edf85378887c1f690a61ae49fb9651c91f7c119f14428d6fe7d7f273c10834
CLIENT_HANDSHAKE_TRAFFIC_SECRET cfd8dcb966de247e4bdb331874fdc2f9e210a6620940188e135e78fb50fa426a 38730656e52d8e58d7e26abcd8d655a2ca5fe4ca787e1f61aaa3c171eb06232c
SERVER_HANDSHAKE_TRAFFIC_SECRET cfd8dcb966de247e4bdb331874fdc2f9e210a6620940188e135e78fb50fa426a 3531e6120eb0c0180c47076dc714ca4b1e75c800aa5206cf308fc43ef26864b1
CLIENT_TRAFFIC_SECRET_0 cfd8dcb966de247e4bdb331874fdc2f9e210a6620940188e135e78fb50fa426a 3ebb0bfc34db9600a89c1b2e46b233e744e9ea65fdc8a4f579d5bea8940ec6d4
SERVER_TRAFFIC_SECRET_0 cfd8dcb966de247e4bdb331874fdc2f9e210a6620940188e135e78fb50fa426a 950e6c8fc6fa6d5938feb1cdb7d168b49ced48a27c08839395b74126cf219417
EXPORTER_SECRET cfd8dcb966de247e4bdb331874fdc2f9e210a6620940188e135e78fb50fa426a ca9329a6dec334d015271b1031ee08ef5a1aa218f9060d034dfe22871bc10a65
CLIENT_HANDSHAKE_TRAFFIC_SECRET c4a943fbd1477139a8b3a2f3fdb7b2f21fbdc06cc2ab8637d3d6e12355f28475 1fc9d84f65652748ea0f135f557ae884f8b3f2add9d234eb79d66a7944dec951
SERVER_HANDSHAKE_TRAFFIC_SECRET c4a943fbd1477139a8b3a2f3fdb7b2f21fbdc06cc2ab8637d3d6e12355f28475 53367c865bdb41e21e138ddef694327e3e7629756daad95a64c9168b9497ca1a
CLIENT_TRAFFIC_SECRET_0 c4a943fbd1477139a8b3a2f3fdb7b2f21fbdc06cc2ab8637d3d6e12355f28475 3537305ed5f87e7720f4576040db9b1b76b257281a6b78222057b98cc9c884b7
SERVER_TRAFFIC_SECRET_0 c4a943fbd1477139a8b3a2f3fdb7b2f21fbdc06cc2ab8637d3d6e12355f28475 f38a64abc87c4ce92411f672119352915f516045c028008276ec2f5ad899de39
EXPORTER_SECRET c4a943fbd1477139a8b3a2f3fdb7b2f21fbdc06cc2ab8637d3d6e12355f28475 2a4b3bb71f05825c17f63a112bae57def2f97bcc9d9d9bee24bc8dc5c84d24ba
CLIENT_HANDSHAKE_TRAFFIC_SECRET 3b0f7be77811e1d68dd88bdf923b720ff33e7ab136eefee57f50bb4f1edaffb7 e58a479a672d77c9693880e6ccb62a5d5e8039602be49655ea84ebcc04ea17a7
SERVER_HANDSHAKE_TRAFFIC_SECRET 3b0f7be77811e1d68dd88bdf923b720ff33e7ab136eefee57f50bb4f1edaffb7 69649d2f016b5fd2433de253d2a82e10780d16816b0d83b1a68b7795e17879da
CLIENT_TRAFFIC_SECRET_0 3b0f7be77811e1d68dd88bdf923b720ff33e7ab136eefee57f50bb4f1edaffb7 c60bc11c5eb6cf30df9143fb5a30aae05a26d73b22c6f47035fe2a6ec4aba74b
SERVER_TRAFFIC_SECRET_0 3b0f7be77811e1d68dd88bdf923b720ff33e7ab136eefee57f50bb4f1edaffb7 1be34f0157956bbc682376b4cce16ea8f4dcc54cc4ab101f055ae4f3efa7385c
EXPORTER_SECRET 3b0f7be77811e1d68dd88bdf923b720ff33e7ab136eefee57f50bb4f1edaffb7 c430d9cdca3bc2f1a3fdffc19321519711d6916c1ca664299048ea4932366e81
CLIENT_EARLY_TRAFFIC_SECRET a6d622bfe1fd16647daf3dd737691e93a7931ce31b94435b79102c33910cedc5 60f1caa6a3d30e4ce8e92bb89eec27d278275ee208d05b6c4dc72811f32029d1
CLIENT_HANDSHAKE_TRAFFIC_SECRET a6d622bfe1fd16647daf3dd737691e93a7931ce31b94435b79102c33910cedc5 a4d482f228973b5b44351bb555b5e408bb64ac848a94fd4820dcf1df0f50a8e6
SERVER_HANDSHAKE_TRAFFIC_SECRET a6d622bfe1fd16647daf3dd737691e93a7931ce31b94435b79102c33910cedc5 aac7b4ad68e172a78598edf373b7952af8a80560aa3bfa8a7e8c811c0b5176c7
CLIENT_TRAFFIC_SECRET_0 a6d622bfe1fd16647daf3dd737691e93a7931ce31b94435b79102c33910cedc5 c2522ccea8879ebf5de6f307e71479769166a227d4d7a21fedfd8cb4739af7db
SERVER_TRAFFIC_SECRET_0 a6d622bfe1fd16647daf3dd737691e93a7931ce31b94435b79102c33910cedc5 11c40ec060698c6f2b79bac65909116a97cd86839efd3f563326ba998da53c58
EXPORTER_SECRET a6d622bfe1fd16647daf3dd737691e93a7931ce31b94435b79102c33910cedc5 8b974a4fd6706ce10ead40f784d454864b5dc9e558f49741a32c7329da07663d
CLIENT_HANDSHAKE_TRAFFIC_SECRET 23663841dc4a1a6adb9b7d1d7b786df025bae827a0cca4223dba419d0f57ea19 6f8069aeb5732aae3ee0e7dce705b16d2b1d3c6b02236645498a003b3236a031
SERVER_HANDSHAKE_TRAFFIC_SECRET 23663841dc4a1a6adb9b7d1d7b786df025bae827a0cca4223dba419d0f57ea19 f75cfbc37e2f5fbc59af28807dbff30f82362b48a4f42727f1d1cfd2237800ac
CLIENT_TRAFFIC_SECRET_0 23663841dc4a1a6adb9b7d1d7b786df025bae827a0cca4223dba419d0f57ea19 1ed9c3fbf25953d1a556a785397717b41df3cd3ad9fb8de87e73ab07027cc59f
SERVER_TRAFFIC_SECRET_0 23663841dc4a1a6adb9b7d1d7b786df025bae827a0cca4223dba419d0f57ea19 dfb5cbfbe1d34d2f6e75559d9ec785ceadd757b660b6c04515b8ced093a0e3fb
EXPORTER_SECRET 23663841dc4a1a6adb9b7d1d7b786df025bae827a0cca4223dba419d0f57ea19 32b4c98e536dca491748385ecd356a127b14987b21ab7e38946c7e0fa6d165ae
CLIENT_HANDSHAKE_TRAFFIC_SECRET 56703bee2b47f841867ac74fc921c843b4146f1b84709a139c409c17c62d6999 74877271fc8326d448ac014bd5f453bc58685e5f55678da80424f10a0cb01e0f
SERVER_HANDSHAKE_TRAFFIC_SECRET 56703bee2b47f841867ac74fc921c843b4146f1b84709a139c409c17c62d6999 b9c8405e452984e06e6dc8019e3679c15150311e586a3e4473659ce42a3211f2
CLIENT_TRAFFIC_SECRET_0 56703bee2b47f841867ac74fc921c843b4146f1b84709a139c409c17c62d6999 43e01c0c669f30dbffd8feed0c19cfacc27648caba77929a966e220ecf476d0b
SERVER_TRAFFIC_SECRET_0 56703bee2b47f841867ac74fc921c843b4146f1b84709a139c409c17c62d6999 f88270f3eec155fde2b8972bbca04c3a16adea0d9bdb1aba96aaba1110e9fb30
EXPORTER_SECRET 56703bee2b47f841867ac74fc921c843b4146f1b84709a139c409c17c62d6999 dff489c3f1c6969aa6e2a477ac96091478db2770659edb970020bbc60e2e6f50
CLIENT_HANDSHAKE_TRAFFIC_SECRET 60038a6e28232a16fa88a9dcce1d37ece690d5ad31b4c302e82d1cc83256ad4b d314c33bdf16f1382721ce863ef22432549c830525a567efc56519dfda13eb3a
SERVER_HANDSHAKE_TRAFFIC_SECRET 60038a6e28232a16fa88a9dcce1d37ece690d5ad31b4c302e82d1cc83256ad4b 1caeb5bff02d3897db8aa54e63e7d47ca1aba639024af638d1ff1c58ab78129e
CLIENT_TRAFFIC_SECRET_0 60038a6e28232a16fa88a9dcce1d37ece690d5ad31b4c302e82d1cc83256ad4b cd7fe1537f5f558009045cc5ce684bf8408f33a4283b6a051acc762e49c2849a
SERVER_TRAFFIC_SECRET_0 60038a6e28232a16fa88a9dcce1d37ece690d5ad31b4c302e82d1cc83256ad4b 4c4b57f2c4e5c02711735fe108f69acaa8dd723a8e1b533bea2d72fb72a2fc06
EXPORTER_SECRET 60038a6e28232a16fa88a9dcce1d37ece690d5ad31b4c302e82d1cc83256ad4b fd5cf185f84eb406773d949c2d37630f0f3897d5eb1381cc2192bd0eddfa90d0
CLIENT_EARLY_TRAFFIC_SECRET 1da0e34912bcfc51ce7a660b5810758624ae26a1fe79d2ebf9d9354d0d30591e 463f2cebbeb7910f9796097e162e789a66edcdbea09d780561e3c53713596f9b
CLIENT_HANDSHAKE_TRAFFIC_SECRET 1da0e34912bcfc51ce7a660b5810758624ae26a1fe79d2ebf9d9354d0d30591e c46c7e7ba53993a51acb48bef53bda17b96d57b08b6891237f8deb4c3e1794ee
SERVER_HANDSHAKE_TRAFFIC_SECRET 1da0e34912bcfc51ce7a660b5810758624ae26a1fe79d2ebf9d9354d0d30591e 1ac1e2b1b35298be9490bc283965ea0fe29702a7d9534756fae6466b74db8e12
CLIENT_TRAFFIC_SECRET_0 1da0e34912bcfc51ce7a660b5810758624ae26a1fe79d2ebf9d9354d0d30591e 53ab00f75feb48e7f5ec935bd3b472f65a48a6a09b6eb1f1c82d8f9b14719b84
SERVER_TRAFFIC_SECRET_0 1da0e34912bcfc51ce7a660b5810758624ae26a1fe79d2ebf9d9354d0d30591e 09addfd3431df30ac3122bde373ec749fcf590c270c11bcf867f10f2085d32d3
EXPORTER_SECRET 1da0e34912bcfc51ce7a660b5810758624ae26a1fe79d2ebf9d9354d0d30591e 2d820988e75d5f34a3af0979616be1a8b378d8937ec2d35a4490e6e51ee6e799
CLIENT_HANDSHAKE_TRAFFIC_SECRET 630dc5fc0895e9a54d8bdd2f7cd50b80d40cc15cc7fbeec3c15ac97842f2ff27 a44365003325535c42e802afd83bc304854cefcdef99d1e9c411702658fba186
SERVER_HANDSHAKE_TRAFFIC_SECRET 630dc5fc0895e9a54d8bdd2f7cd50b80d40cc15cc7fbeec3c15ac97842f2ff27 31fb406c4ff157fe9e3946d4a95df287fc80d4c070ad9d98e4dddb39e9778321
CLIENT_TRAFFIC_SECRET_0 630dc5fc0895e9a54d8bdd2f7cd50b80d40cc15cc7fbeec3c15ac97842f2ff27 a5c8aeef6cc8d59b6ffcb80e985ab1cf9f892281aecf40c53dd96e9c24e00c29
SERVER_TRAFFIC_SECRET_0 630dc5fc0895e9a54d8bdd2f7cd50b80d40cc15cc7fbeec3c15ac97842f2ff27 dbb6b71a2e4fb80059311b946c600b99be5504373ce3e4768598757f475a966a
EXPORTER_SECRET 630dc5fc0895e9a54d8bdd2f7cd50b80d40cc15cc7fbeec3c15ac97842f2ff27 720743db044e3769c957e198229432f2123705f595702b79bfac57f9f238fab6
CLIENT_HANDSHAKE_TRAFFIC_SECRET cd3a8594bf893fe6b2b1b601c163d3a9573a1cb13ae2266fc8cc3ea2b4ddcc0b a483f0b9d70ea38bc8b48da37cebda3e27b1d4aabbcb65d5131e4908c417ed01
SERVER_HANDSHAKE_TRAFFIC_SECRET cd3a8594bf893fe6b2b1b601c163d3a9573a1cb13ae2266fc8cc3ea2b4ddcc0b 117f399279abbf2f5406efdbb9c02fdb2c1066fc259eb90574532aabfc84c99c
CLIENT_TRAFFIC_SECRET_0 cd3a8594bf893fe6b2b1b601c163d3a9573a1cb13ae2266fc8cc3ea2b4ddcc0b 4793fc9493f29eacab8ca106cb2e08d116125500e825fb894dc856fc136ac257
SERVER_TRAFFIC_SECRET_0 cd3a8594bf893fe6b2b1b601c163d3a9573a1cb13ae2266fc8cc3ea2b4ddcc0b 134d1b200c2c9aa60f664d858af97d6c11833be35e03687424be2c6862d4cb8e
EXPORTER_SECRET cd3a8594bf893fe6b2b1b601c163d3a9573a1cb13ae2266fc8cc3ea2b4ddcc0b 02ec1407beecd8e0106252c37e082ca1a2d80a7dab2c1d820ce965879b613649
CLIENT_HANDSHAKE_TRAFFIC_SECRET a7f89eb297960b157d2e6eb5b954a26adecccfacf3b4b380236c5139b30b09a1 595bf66000778ad0828f4b4357ac376b227f15d53eecc30beb04a112e22de030
SERVER_HANDSHAKE_TRAFFIC_SECRET a7f89eb297960b157d2e6eb5b954a26adecccfacf3b4b380236c5139b30b09a1 3038c14e0a0b0e27a384af78fe3384be50b777aa164b96679fa97a6ac5f99c46
CLIENT_TRAFFIC_SECRET_0 a7f89eb297960b157d2e6eb5b954a26adecccfacf3b4b380236c5139b30b09a1 b944bca667c176e0e93fbb07171c8781f81d74c66a11a53d02b963a620d83264
SERVER_TRAFFIC_SECRET_0 a7f89eb297960b157d2e6eb5b954a26adecccfacf3b4b380236c5139b30b09a1 62b2d1f078219331cf8ea6982c9ec603bdcad576204d3809fffc3e9ac66527d9
EXPORTER_SECRET a7f89eb297960b157d2e6eb5b954a26adecccfacf3b4b380236c5139b30b09a1 088f319cec24655d683f932486eafcb71a7ea250e410d3ed3ef2af1bd9071347
CLIENT_HANDSHAKE_TRAFFIC_SECRET be0db5c95de03c73cba79f8458790b3d569b6b2f4e2972643c03c4d6b168c332 36f4ed66b8834316172f57bd0af32c67c4dc65c0bde9948ea89a7c4886525d0c
SERVER_HANDSHAKE_TRAFFIC_SECRET be0db5c95de03c73cba79f8458790b3d569b6b2f4e2972643c03c4d6b168c332 22175a27ef487d450d5facae1da6d3f0fe5ad6d029cad7f0f071636a96adb7a7
CLIENT_TRAFFIC_SECRET_0 be0db5c95de03c73cba79f8458790b3d569b6b2f4e2972643c03c4d6b168c332 3163618f9db98a88cfd0fbbff2390d7dc1bc5328b0ec1a37eabcee37bb0a5053
SERVER_TRAFFIC_SECRET_0 be0db5c95de03c73cba79f8458790b3d569b6b2f4e2972643c03c4d6b168c332 10b948ceb49eae67074503414168c8c9b3c4d5ba41af088e98c0b69ad83b9cc8
EXPORTER_SECRET be0db5c95de03c73cba79f8458790b3d569b6b2f4e2972643c03c4d6b168c332 8a7fa5eab18ea0598fb55256832228b53a72f0c8af6cf8c8d1a13038fc27ee4a
CLIENT_HANDSHAKE_TRAFFIC_SECRET 8db24f40ab6a2b08fc89122483ed38d14ba186c8b42ec2e603e9c8b4b9520a94 5fab59b9aa1c5d80555a498342c6de8ffe05fe08cb0395770ef734f65deb405f
SERVER_HANDSHAKE_TRAFFIC_SECRET 8db24f40ab6a2b08fc89122483ed38d14ba186c8b42ec2e603e9c8b4b9520a94 675f03087bb4c544d628a223afdaa52ac1d48878c5de9411e4ec59231f168b00
CLIENT_TRAFFIC_SECRET_0 8db24f40ab6a2b08fc89122483ed38d14ba186c8b42ec2e603e9c8b4b9520a94 634beb75473776640677c3e3aa0ac23fb1d4e1ad954cdec4656590b85e3dea8f
SERVER_TRAFFIC_SECRET_0 8db24f40ab6a2b08fc89122483ed38d14ba186c8b42ec2e603e9c8b4b9520a94 81bb4a0d49e4ddee2b72d765af5099cfffcc4b1f21fd5cfa919a3a78b61ccd08
EXPORTER_SECRET 8db24f40ab6a2b08fc89122483ed38d14ba186c8b42ec2e603e9c8b4b9520a94 5437702b7c08d905fa2242118638368c9b9d2691eb732330a09d7de0619c977e
CLIENT_HANDSHAKE_TRAFFIC_SECRET 686845d052d12b959a23d751e6f4f5768c471011219d9a8981308145b04b7ca1 24888fe99e4ed9e08b098b1a35e068f3a1f759c3ec447b7eee7bfad6fc5efc20
SERVER_HANDSHAKE_TRAFFIC_SECRET 686845d052d12b959a23d751e6f4f5768c471011219d9a8981308145b04b7ca1 3cb2736d297015647a81b5b062643856e4b069a49f25b00dc0ec7a7b9f0b8df9
CLIENT_TRAFFIC_SECRET_0 686845d052d12b959a23d751e6f4f5768c471011219d9a8981308145b04b7ca1 eaba9285d727b2bcbcffad0adcca206404119a30fb541bbab5952dd2aebb8e6b
SERVER_TRAFFIC_SECRET_0 686845d052d12b959a23d751e6f4f5768c471011219d9a8981308145b04b7ca1 6e218f5dd49764c093d34e0987b523ff965f5a5ac38471de69f7a05728276f61
EXPORTER_SECRET 686845d052d12b959a23d751e6f4f5768c471011219d9a8981308145b04b7ca1 6699401dd1c28eb6d719c0808aeb2e05d8044388541925b3f7c358f2dc7924a9
CLIENT_HANDSHAKE_TRAFFIC_SECRET 79cacd32a6fa551c5291fa2cdbfc242ac5d3e642bd0f7946890d15b583256b9d 1348c470e5ab73b6a0e02ad3fe49c4dc5a1f7102a4bd37e86dec9238f6c003c4
SERVER_HANDSHAKE_TRAFFIC_SECRET 79cacd32a6fa551c5291fa2cdbfc242ac5d3e642bd0f7946890d15b583256b9d cd993d465564d612a47fe28e122308eb57f5d32d4ee5c231085a60b3df5db4a8
CLIENT_TRAFFIC_SECRET_0 79cacd32a6fa551c5291fa2cdbfc242ac5d3e642bd0f7946890d15b583256b9d e5bcbdeb46595f2c3701748844e3c6cf3f3edcd51e05c537a7325872701e85fd
SERVER_TRAFFIC_SECRET_0 79cacd32a6fa551c5291fa2cdbfc242ac5d3e642bd0f7946890d15b583256b9d 96ec48ad3eac04991c92614b98aabcc6a61cbcd68642057384afe960eae37899
EXPORTER_SECRET 79cacd32a6fa551c5291fa2cdbfc242ac5d3e642bd0f7946890d15b583256b9d a4198a2d656d742b00462f185bbf155f49fd6c50e5a6869494d0755a85fae203
CLIENT_EARLY_TRAFFIC_SECRET 013694e2d73108e3ba42de595885f73c6af81c13403b444999bc4dee7ffe398e 9a903adf924e36c18d82a10c2b283e4da5bf5638621287db4f0b22ce718098fd
CLIENT_HANDSHAKE_TRAFFIC_SECRET 013694e2d73108e3ba42de595885f73c6af81c13403b444999bc4dee7ffe398e 6ba7a1900a662c5b85d996943ed5f522ccfa2cb2e5465375dbd516488ce45654
SERVER_HANDSHAKE_TRAFFIC_SECRET 013694e2d73108e3ba42de595885f73c6af81c13403b444999bc4dee7ffe398e b3cc393df68e872d697655acde7b5ed116ffa4009c47f694ffa8731a44cfa718
CLIENT_TRAFFIC_SECRET_0 013694e2d73108e3ba42de595885f73c6af81c13403b444999bc4dee7ffe398e 9c1fc8670f50b94143974f5c658ba2b685bbde0dd4cd87d098f2552a182c80c6
SERVER_TRAFFIC_SECRET_0 013694e2d73108e3ba42de595885f73c6af81c13403b444999bc4dee7ffe398e 4a6eb5456611f62c390cbb0545d1097a958685d63a2dbf0ba94de6f7683d5513
EXPORTER_SECRET 013694e2d73108e3ba42de595885f73c6af81c13403b444999bc4dee7ffe398e 3a3fd2f12724506abc171112e876544f7bd8687f53d7d00117344551dec751b0
CLIENT_EARLY_TRAFFIC_SECRET 65de26b240da97b07a8330b558d42a8c466e54b43a5a82a9bb2cad6c9e3eb210 d222bc0e0e0114e985c879b95fe107fe65b4ada57bd7411a41af4911a825c4dd
CLIENT_HANDSHAKE_TRAFFIC_SECRET 65de26b240da97b07a8330b558d42a8c466e54b43a5a82a9bb2cad6c9e3eb210 b2a8e52a1cda64d42addcca5d69a7c497a83d8b6a57e785b896eeac2a7f4550d
SERVER_HANDSHAKE_TRAFFIC_SECRET 65de26b240da97b07a8330b558d42a8c466e54b43a5a82a9bb2cad6c9e3eb210 ec5188cedbf848c7303de85daf4bd582c9774a40049bad5ba2ac834cfa316965
CLIENT_TRAFFIC_SECRET_0 65de26b240da97b07a8330b558d42a8c466e54b43a5a82a9bb2cad6c9e3eb210 d77de234196bce65d915f3c3fb0bdf577c0230cd60a61930721072755e0effa5
SERVER_TRAFFIC_SECRET_0 65de26b240da97b07a8330b558d42a8c466e54b43a5a82a9bb2cad6c9e3eb210 f54e445ccc189e333c9287e24fa0fe3aed47159aae8819ac5bc7c04cf6b59091
EXPORTER_SECRET 65de26b240da97b07a8330b558d42a8c466e54b43a5a82a9bb2cad6c9e3eb210 730e847a7ca125df0f2be72bcb4153be048e3ac3bf16875ad6fb8603667e59da
CLIENT_HANDSHAKE_TRAFFIC_SECRET daaceaaa121c2b05d0ab1ae82ca1355b98e6b1943d771b10cd2c717c1293a23b 038fe96d1dcca9efa230ca4b0af34c262ca16ef8c537a45209f6c627debcd64f
SERVER_HANDSHAKE_TRAFFIC_SECRET daaceaaa121c2b05d0ab1ae82ca1355b98e6b1943d771b10cd2c717c1293a23b a8dac21404bdeddfddddda579cb8cfd9fee5f3487daef9b34f9784595383ac7a
CLIENT_TRAFFIC_SECRET_0 daaceaaa121c2b05d0ab1ae82ca1355b98e6b1943d771b10cd2c717c1293a23b 8ca235d277b38c870aa6354075eecf77fa3d84b3b8f23e95ab08d3b36f9b4eab
SERVER_TRAFFIC_SECRET_0 daaceaaa121c2b05d0ab1ae82ca1355b98e6b1943d771b10cd2c717c1293a23b aad080714ee93332383798359c891109841d518d993eeb03ff841d5f85738eb2
EXPORTER_SECRET daaceaaa121c2b05d0ab1ae82ca1355b98e6b1943d771b10cd2c717c1293a23b 7b0a810e5bcdf3b109024df131e40146814706258adf918fd4dca874af9f66b9
CLIENT_HANDSHAKE_TRAFFIC_SECRET 574efcd1a062a2d1b5faa8601193a3d88269999b381092f907cf8db07f4b4e54 dd1f06435a668e41fd645f9745f8e18a54cec494a8908a6c484717df5f22795afff3cbeae008c468d7a5a582cfaac07f
SERVER_HANDSHAKE_TRAFFIC_SECRET 574efcd1a062a2d1b5faa8601193a3d88269999b381092f907cf8db07f4b4e54 a367c29cfc68ad75cae27706f6ba3ea40afb71ddf4f12c48144f570c5e338c2fb259eecad451d290f5eabe0cbed1f07c
CLIENT_TRAFFIC_SECRET_0 574efcd1a062a2d1b5faa8601193a3d88269999b381092f907cf8db07f4b4e54 7c90a0d47e160dd95b733a67a675d7be7a0c9379d7b3e971c716f811117dd4ebab07a143393a7e8d57942d2f464331d5
SERVER_TRAFFIC_SECRET_0 574efcd1a062a2d1b5faa8601193a3d88269999b381092f907cf8db07f4b4e54 b7e16f666e4c7c9a3ec13250e90ae08a4c047868ee78cc7704fad56f7dd20efe2c88eb7f259793f6792cbff79812319b
EXPORTER_SECRET 574efcd1a062a2d1b5faa8601193a3d88269999b381092f907cf8db07f4b4e54 62745d4b69ff43114abb1ef543416fde7d73dc53be06fb01765427bc507927bb3dcf1f27fa07c7a13967c75fb8ffbfb9
CLIENT_HANDSHAKE_TRAFFIC_SECRET c0974b825497fad37315031be281966644449cffa17d008ce1dc03b093e9a9cf e32d6765f06045e0f10ee3b32c187e98bc2a4f0fc03f2dc663847f888239aa509dbbde0c01a70d06283d20b6c1515fa5
SERVER_HANDSHAKE_TRAFFIC_SECRET c0974b825497fad37315031be281966644449cffa17d008ce1dc03b093e9a9cf dc799c7f0696d031f50228e6a29e12ea03c469bd1c1e6a3e57f0447ea34c2fab996ae60f437b8bfc42587959cf96c9fa
CLIENT_TRAFFIC_SECRET_0 c0974b825497fad37315031be281966644449cffa17d008ce1dc03b093e9a9cf 18f1b8e8a2730243e722f507ff43e87b2d6b86c73dccf7906e06cc2f58f70ecdc4c13f63a21d3fc372d1943dc6cd0db7
SERVER_TRAFFIC_SECRET_0 c0974b825497fad37315031be281966644449cffa17d008ce1dc03b093e9a9cf 4c178004e6116801b9b18b3ca2dc9ad3315874f53f6b0e0a8067e68f91694ed1b4dd3b693c96680a0f2652814dd19f98
EXPORTER_SECRET c0974b825497fad37315031be281966644449cffa17d008ce1dc03b093e9a9cf 6f8f1fbbb676cf39de2064a8854dd8af6225f10c2a8df306824468d2f928b40a9efc16bf7980f296c7a43e63f56bece0
CLIENT_HANDSHAKE_TRAFFIC_SECRET 9b5f2687215792c05caab65ca35ee362af012060b5c033a1f2dda7d00ee353bb 777df50a8416912514387d6920b4283dc4e50637af69a8e1cbf061a5717acbab
SERVER_HANDSHAKE_TRAFFIC_SECRET 9b5f2687215792c05caab65ca35ee362af012060b5c033a1f2dda7d00ee353bb e409c7ec335eda06fab6c08fd8873dbbb8f5e1e892691233f9700115470e0ebf
CLIENT_TRAFFIC_SECRET_0 9b5f2687215792c05caab65ca35ee362af012060b5c033a1f2dda7d00ee353bb 945f3eb73eda1d8c6287195d2b0b6d6c334c3bf8b334c27f3117ffd43eab7bf6
SERVER_TRAFFIC_SECRET_0 9b5f2687215792c05caab65ca35ee362af012060b5c033a1f2dda7d00ee353bb 688cc13459bb23fa79ed5001cfc1a0870e283a8c526da7e9dd2336ec274c4c35
EXPORTER_SECRET 9b5f2687215792c05caab65ca35ee362af012060b5c033a1f2dda7d00ee353bb 2320b2a36dfd0871e7941ef8d385dffe3a6a64dee9606590ee9f70f56d5935ba
CLIENT_EARLY_TRAFFIC_SECRET 02a8d6bde86dbffc7f52d76e11c2718408b0c042798b1c22291161be53df00a6 dbb88f337812952299f9e99b32d29aad91636f00b6bfdd5deb978d639b29a0d6
CLIENT_HANDSHAKE_TRAFFIC_SECRET 02a8d6bde86dbffc7f52d76e11c2718408b0c042798b1c22291161be53df00a6 68683c3e0b73a9fdaa62d1571400952818330301c9f383dc62fbd614b5529117
SERVER_HANDSHAKE_TRAFFIC_SECRET 02a8d6bde86dbffc7f52d76e11c2718408b0c042798b1c22291161be53df00a6 fb40696ac386f24b6551ade419d04365a48507ff562f1c364c7e7fed9be83c8b
CLIENT_TRAFFIC_SECRET_0 02a8d6bde86dbffc7f52d76e11c2718408b0c042798b1c22291161be53df00a6 487f18a3d46e8172872663ca88e27771cd864c3d3927050ffc238e44b46f11c1
SERVER_TRAFFIC_SECRET_0 02a8d6bde86dbffc7f52d76e11c2718408b0c042798b1c22291161be53df00a6 2171d53d0edbb62745f7ce1b81970be57676ac4b983453c929324050cfef4971
EXPORTER_SECRET 02a8d6bde86dbffc7f52d76e11c2718408b0c042798b1c22291161be53df00a6 0c3fea1de297d07b5f76b37dd0f7a41ea0ba05cf94ce3d099610d46572327882
CLIENT_HANDSHAKE_TRAFFIC_SECRET 35f8d586a78b6a06bd40eb910adf38d9a8fb30f90d9a483eebcef11694277047 b29e0dddbc2149c204b83f81e41c2b3576d5c0269b8e0ddb79511251dba7eaf5
SERVER_HANDSHAKE_TRAFFIC_SECRET 35f8d586a78b6a06bd40eb910adf38d9a8fb30f90d9a483eebcef11694277047 93107c2b2d83d4f8a38eb1da1c0649ffa8babfa01daf945d97b84d0b76e93494
CLIENT_TRAFFIC_SECRET_0 35f8d586a78b6a06bd40eb910adf38d9a8fb30f90d9a483eebcef11694277047 a104eaed400a78e580ab134a19e2aae353d2fb897a62b5c966410c2a2df4a34e
SERVER_TRAFFIC_SECRET_0 35f8d586a78b6a06bd40eb910adf38d9a8fb30f90d9a483eebcef11694277047 1afb52c445109a775f4680b142b0923047390f950b25d8da3631340cff051e3d
EXPORTER_SECRET 35f8d586a78b6a06bd40eb910adf38d9a8fb30f90d9a483eebcef11694277047 f5abed5fc501b8462e21ebafbf7da8206b4348124a8664a5cccaa13120e453fd
CLIENT_HANDSHAKE_TRAFFIC_SECRET 1654fb0eca7155ad57e1670e9f805940905e0702924467c7b36b38bf20c3b102 1b217294db4257d95ca0348fc049f27509c7a55ff19a1b0ebf8d7f302e042b4f
SERVER_HANDSHAKE_TRAFFIC_SECRET 1654fb0eca7155ad57e1670e9f805940905e0702924467c7b36b38bf20c3b102 1548dfb06420aed53e2583c03eb2d6cd4b8e0705dd1f20695d0fcf63141f9841
CLIENT_TRAFFIC_SECRET_0 1654fb0eca7155ad57e1670e9f805940905e0702924467c7b36b38bf20c3b102 6137edf66b9ce1862ff329014d4af7d93e644f91db6b9f4093e73ab5946dd0cb
SERVER_TRAFFIC_SECRET_0 1654fb0eca7155ad57e1670e9f805940905e0702924467c7b36b38bf20c3b102 ca41b2a1d7b947295438b11a0e70f78acd6f25e8b6fc4a5a44dd14f08694dd80
EXPORTER_SECRET 1654fb0eca7155ad57e1670e9f805940905e0702924467c7b36b38bf20c3b102 aaaff002a4dea812a3c30d7f47ec85cdcd1cedb6a131c33cdd9a86fadf6103b7
CLIENT_EARLY_TRAFFIC_SECRET 3fc94b85677a1aa140e13d715f6b8c5d4d74c71221fc6cf177ca4668a4c4dd7e 2d866997d1581d4ddfa57eef2484ce643b586065ba71e9979549b344dd28b338
CLIENT_HANDSHAKE_TRAFFIC_SECRET 3fc94b85677a1aa140e13d715f6b8c5d4d74c71221fc6cf177ca4668a4c4dd7e 7a2222dca49970e72a4fbf86f3f49cacaed709762ee2f0a76d9e41d6bdbafae3
SERVER_HANDSHAKE_TRAFFIC_SECRET 3fc94b85677a1aa140e13d715f6b8c5d4d74c71221fc6cf177ca4668a4c4dd7e e668dad16a750f12b99a7222a28de534b65bde511093fa5f869c7bf17e1df1af
CLIENT_TRAFFIC_SECRET_0 3fc94b85677a1aa140e13d715f6b8c5d4d74c71221fc6cf177ca4668a4c4dd7e bce300f2bb313180a3a1ae8103f1d3b393daccc9ea419924601575050ddcc9ee
SERVER_TRAFFIC_SECRET_0 3fc94b85677a1aa140e13d715f6b8c5d4d74c71221fc6cf177ca4668a4c4dd7e a19d2d02f491ec5d47cd104b664733befb3f68afd4c050555e84b4fdbb296c06
EXPORTER_SECRET 3fc94b85677a1aa140e13d715f6b8c5d4d74c71221fc6cf177ca4668a4c4dd7e 811bb1d2f7532bacba8aa948a48cec332d69e7fea2c0ee43afaed016fcaa0322
CLIENT_EARLY_TRAFFIC_SECRET 447074566b0ff030d68c33348f2ca8297d73a53da13c782978b6fd1b96aaa57b 6cdd58c4aae9cfabc17603feb082bf9a5c0f7cd0c5c7c7496b10e792b749235d
CLIENT_HANDSHAKE_TRAFFIC_SECRET 447074566b0ff030d68c33348f2ca8297d73a53da13c782978b6fd1b96aaa57b 5beabcc594b8a47bf26a13d4b1ce104f79a58ed40db003d7072287bba62f016a
SERVER_HANDSHAKE_TRAFFIC_SECRET 447074566b0ff030d68c33348f2ca8297d73a53da13c782978b6fd1b96aaa57b dcbd31d7b3f920c1cdb1b406d783492f322e5919bb11ecc19288d08991c0227d
CLIENT_TRAFFIC_SECRET_0 447074566b0ff030d68c33348f2ca8297d73a53da13c782978b6fd1b96aaa57b 5af6498b90e19668e809889a7533e0b073b65ec9cdc4a4bac635d8b9d215e96a
SERVER_TRAFFIC_SECRET_0 447074566b0ff030d68c33348f2ca8297d73a53da13c782978b6fd1b96aaa57b 44e1cf21ba6e14419191817fb75e7f8892ace234135bd9c89c55f89ad1f59dc9
EXPORTER_SECRET 447074566b0ff030d68c33348f2ca8297d73a53da13c782978b6fd1b96aaa57b 44a0cc56a2444de581000e5226035fdd3a2fe8a2de823cb0510f6042e6a017e9
CLIENT_HANDSHAKE_TRAFFIC_SECRET 2df0b82294f07c834639cb1abf4da2f252fb970aff3169f14b2b218518c9caec cc9e21f79d8b695e1b18ae336abd37d12b6d4a138c95e0d9705c37b5c98653b7
SERVER_HANDSHAKE_TRAFFIC_SECRET 2df0b82294f07c834639cb1abf4da2f252fb970aff3169f14b2b218518c9caec 3705a421e48d62bec2d454b2c2f0ed76f6462ceb88eeb2583affad18506f55d6
CLIENT_TRAFFIC_SECRET_0 2df0b82294f07c834639cb1abf4da2f252fb970aff3169f14b2b218518c9caec 6cf4eacbe18e1e1b348eff4f2d82899e40665f809bd1c58bbcf034da0bc2d122
SERVER_TRAFFIC_SECRET_0 2df0b82294f07c834639cb1abf4da2f252fb970aff3169f14b2b218518c9caec e1f3f401f3d751949be96689d9e10f5277bf7f7691068ea3bf91046ae7452905
EXPORTER_SECRET 2df0b82294f07c834639cb1abf4da2f252fb970aff3169f14b2b218518c9caec a091ac2e88a988b446fe35727144055adb6361dc9089402aeb4b55a4ed375950
CLIENT_EARLY_TRAFFIC_SECRET 6fb7b4f45131fb713d46be7051654cd98a12b37560d3ed05da7af9bee9c48516 60ca8568f487f7ef964ca4a7084a25f1b2b8d9418e751db657d6e7ef974fbfba
CLIENT_HANDSHAKE_TRAFFIC_SECRET 6fb7b4f45131fb713d46be7051654cd98a12b37560d3ed05da7af9bee9c48516 9d6769d4d70d34bfb0a0e5304773bf9e894a965a56ba8b6538b74ecda556f018
SERVER_HANDSHAKE_TRAFFIC_SECRET 6fb7b4f45131fb713d46be7051654cd98a12b37560d3ed05da7af9bee9c48516 76f32c9af70327e2d0c09d65158b8e5bed18d540ca45acae62d4abf8b7c7a460
CLIENT_TRAFFIC_SECRET_0 6fb7b4f45131fb713d46be7051654cd98a12b37560d3ed05da7af9bee9c48516 321b98444ac1664133795257ffd80d5df0e46c806a6e0be4476e5d9cba189f7d
SERVER_TRAFFIC_SECRET_0 6fb7b4f45131fb713d46be7051654cd98a12b37560d3ed05da7af9bee9c48516 4b2f1028cd61add0a87fe88828314da6e8a97b86488b04b8c8b0a00b0f62b07f
EXPORTER_SECRET 6fb7b4f45131fb713d46be7051654cd98a12b37560d3ed05da7af9bee9c48516 8d8f59abc1fd8b328410a9ba7ab19aabda9a969370aa5b5f5a4d912a5b756f8d
