CLIENT_HANDSHAKE_TRAFFIC_SECRET c860706a8cdb0933f9ec9fffcf6c64083c266159e1db78e9fe5ce145e95092f8 296f4925cdf02fc3049fc0177fea772947b21a41ef37dd8cfd5b7f4e7d52d028
SERVER_HANDSHAKE_TRAFFIC_SECRET c860706a8cdb0933f9ec9fffcf6c64083c266159e1db78e9fe5ce145e95092f8 33d0a1780f7fe070ccd9b31ec1170bbbcfef619c747631b07b7bef04214cf645
CLIENT_HANDSHAKE_TRAFFIC_SECRET 9eaea37560e20b9c96e5bf965d7431a7798e3d6f275de4bc7adb762ef809bb13 04127ba58569f08157259a3b99abbed231fd95a2cad139618a5effe059a3a115
SERVER_HANDSHAKE_TRAFFIC_SECRET 9eaea37560e20b9c96e5bf965d7431a7798e3d6f275de4bc7adb762ef809bb13 cd28799567f81a72108ddd49d8bd8442d0a540acb40a224cfe26d4de18c792bb
CLIENT_TRAFFIC_SECRET_0 9eaea37560e20b9c96e5bf965d7431a7798e3d6f275de4bc7adb762ef809bb13 7f58effe7e985d6c1f2a0f0fc5dc5302098fa24c297186ab950cb66dca1c66f1
SERVER_TRAFFIC_SECRET_0 9eaea37560e20b9c96e5bf965d7431a7798e3d6f275de4bc7adb762ef809bb13 50bd048512187afe452961486c060bdac5a97f0eb8afb94fbf691c4746a52fb5
EXPORTER_SECRET 9eaea37560e20b9c96e5bf965d7431a7798e3d6f275de4bc7adb762ef809bb13 fc1a8c24525186e0561eff886521f56576ca3b103d51e9f1609d80f437b1784a
CLIENT_TRAFFIC_SECRET_0 c860706a8cdb0933f9ec9fffcf6c64083c266159e1db78e9fe5ce145e95092f8 dc1b12269694998ae31a746e13051b7b1b23db4be574343016135b0d798e9741
SERVER_TRAFFIC_SECRET_0 c860706a8cdb0933f9ec9fffcf6c64083c266159e1db78e9fe5ce145e95092f8 1d9275e0d9a332d5e4d67940ee9d0378ec52f25d967b127eec8183b80ac12825
EXPORTER_SECRET c860706a8cdb0933f9ec9fffcf6c64083c266159e1db78e9fe5ce145e95092f8 86076eb55832ea0e29db88c1e05185a0d409624f6725c116b6250686c52a3754
CLIENT_HANDSHAKE_TRAFFIC_SECRET 5fb8600186311b3c976fcebc7d0af62bff306d724d01ba9e71961ac09a025814 140d5cfa99fca0bdac82873ec650b47ce7e6878217826c58e470b8668b1b8413
SERVER_HANDSHAKE_TRAFFIC_SECRET 5fb8600186311b3c976fcebc7d0af62bff306d724d01ba9e71961ac09a025814 ef4c5ac7bc64aa3b96159c41330faecd425f0ca36e968d74817f10edda0fac05
CLIENT_HANDSHAKE_TRAFFIC_SECRET c297daff1146735e26e29d8e3ae6fa27c917751d66684bbc191a30f07e746a3a efdb32492fac81a5d64bb6c9d441ae2c7e42b4d4c683a850dd0230580e755d33
SERVER_HANDSHAKE_TRAFFIC_SECRET c297daff1146735e26e29d8e3ae6fa27c917751d66684bbc191a30f07e746a3a 6fa8d965000f01941cb82db98cfec4405639ce90d37c3ec24ec997a4cdba424e
CLIENT_HANDSHAKE_TRAFFIC_SECRET 0846121de5215a73c8591df6839f03759c9b4caeb58f4bfa3ce3dffd0533998b e500d75c2a7f6d683a97d4be6fb5eb8de0329568ed0217a3cd75aafe7fedea811ff0f2f57bfb5bb41119673b0d5a05a2
SERVER_HANDSHAKE_TRAFFIC_SECRET 0846121de5215a73c8591df6839f03759c9b4caeb58f4bfa3ce3dffd0533998b c1825a9b80036731029d41cab52d77a7af3c5bf5ec0f6a1042632619a43c0b91c7f8a2e72fad09e6b11506baf79a9a8d
CLIENT_HANDSHAKE_TRAFFIC_SECRET c25a5c3e1734d53ad2b0668f3c62745ef69f78578ab624cd7510998e990f0427 0ef662395c695235e6c60138787d521c5d050f9b1033cc120ac7639b1c471c19
SERVER_HANDSHAKE_TRAFFIC_SECRET c25a5c3e1734d53ad2b0668f3c62745ef69f78578ab624cd7510998e990f0427 fd6ede3806c9d741e32127a216f6985d7725a9e8cc4a92683dcd0a8845780750
CLIENT_HANDSHAKE_TRAFFIC_SECRET 4ec865d860df213ad4c6a62c212dce775a186a64cfb6ee85db30860680e97da3 9e8992d34ad7a0e1056c9457b49ad576aa35257b2ffa1280717a23ae05dc8524
SERVER_HANDSHAKE_TRAFFIC_SECRET 4ec865d860df213ad4c6a62c212dce775a186a64cfb6ee85db30860680e97da3 ec9e75ccdef6c97874843183732f1a1bddf509dba7e2455f98d7f0ecbbfb9dc0
CLIENT_TRAFFIC_SECRET_0 c297daff1146735e26e29d8e3ae6fa27c917751d66684bbc191a30f07e746a3a 78b25d56b2ad9dc7cf5b67f40b0302adc52d458127b2c85eac384f49d815196a
SERVER_TRAFFIC_SECRET_0 c297daff1146735e26e29d8e3ae6fa27c917751d66684bbc191a30f07e746a3a 7fddb258d7ad200991bf375e62b1c5f2e39478f7bac53dfcb7b0a2cdf0080f10
EXPORTER_SECRET c297daff1146735e26e29d8e3ae6fa27c917751d66684bbc191a30f07e746a3a b7084ade528eef3a3cdbe52e979ab2e5ce397fe185c9abed55224b3e14f9ba7e
CLIENT_TRAFFIC_SECRET_0 0846121de5215a73c8591df6839f03759c9b4caeb58f4bfa3ce3dffd0533998b 7fcc6551c03b9c93e46360aeed967b48c2c7b6e20def74804ce9fcb4799ab73dd8e91b80cd28f4d1833a7a45ca4a145b
SERVER_TRAFFIC_SECRET_0 0846121de5215a73c8591df6839f03759c9b4caeb58f4bfa3ce3dffd0533998b d15a3c4304f00f3e6fe0d8d1297677f3c189bd52406b9a3e829f2889f05fe56403d7849abb60b67c10bd82ebee61e75a
EXPORTER_SECRET 0846121de5215a73c8591df6839f03759c9b4caeb58f4bfa3ce3dffd0533998b 02d2077ad570ccb9bec5939b84e2acaa19a9a12dbac7eea664413099a947639d6de4591cd60d1365e385bf8a697e10fc
CLIENT_TRAFFIC_SECRET_0 c25a5c3e1734d53ad2b0668f3c62745ef69f78578ab624cd7510998e990f0427 43c106d33458e5f932f4df672655e4cbf6526e03213933bda804685bd7ed1177
SERVER_TRAFFIC_SECRET_0 c25a5c3e1734d53ad2b0668f3c62745ef69f78578ab624cd7510998e990f0427 7696ed3ab0437598b7c0dbf24958ce4a559119df1ccb59233b19fef2d84fea7d
EXPORTER_SECRET c25a5c3e1734d53ad2b0668f3c62745ef69f78578ab624cd7510998e990f0427 4c88995e867ce143f46610655e9917421077838f0a0bb4cde9ab2f85bca7771c
CLIENT_TRAFFIC_SECRET_0 5fb8600186311b3c976fcebc7d0af62bff306d724d01ba9e71961ac09a025814 57eede46393090dc89411c61e8d08d68356bdc6a5b78249be22cf70d9c9eb70d
SERVER_TRAFFIC_SECRET_0 5fb8600186311b3c976fcebc7d0af62bff306d724d01ba9e71961ac09a025814 2c4b9fb0cdfd87a1222ca3463211bfb4e5f5a17e65c2f6123b8813892003fb38
EXPORTER_SECRET 5fb8600186311b3c976fcebc7d0af62bff306d724d01ba9e71961ac09a025814 a39c40fdb89fbc3ee2d986aeec7611a90505c3483142ae47b7a6a2c68919a57c
CLIENT_TRAFFIC_SECRET_0 4ec865d860df213ad4c6a62c212dce775a186a64cfb6ee85db30860680e97da3 160ce337762f3dceefc4f0b07628587da0c22ba3d6212024bb86d84086981faa
SERVER_TRAFFIC_SECRET_0 4ec865d860df213ad4c6a62c212dce775a186a64cfb6ee85db30860680e97da3 bc7eb94763e14dcb9ee764467c771962491dc89e31f3a50e51fb202a9c5fac46
EXPORTER_SECRET 4ec865d860df213ad4c6a62c212dce775a186a64cfb6ee85db30860680e97da3 43fa58eea47f69f8f0778f81e938981c50fbda7957d7315dffb00968dbe3adc2
CLIENT_HANDSHAKE_TRAFFIC_SECRET 1eca5add20e8535174745a51189065416346946f62c02e6069d24e7fcce5f396 474f97bca4abc42982277948865447d6c863fcbabacc3bf43c0fb2002302eb99
SERVER_HANDSHAKE_TRAFFIC_SECRET 1eca5add20e8535174745a51189065416346946f62c02e6069d24e7fcce5f396 b72ff9c635dceea16364c6f5c0f23f0b226dad6fb275ec73e5d8b4b2e1d27712
CLIENT_TRAFFIC_SECRET_0 1eca5add20e8535174745a51189065416346946f62c02e6069d24e7fcce5f396 ab36d231576d19e6504f79bae5a647ab49af4b9222cc547268a0e23c172c67ea
SERVER_TRAFFIC_SECRET_0 1eca5add20e8535174745a51189065416346946f62c02e6069d24e7fcce5f396 179b230a1bf3e0c66845e9be470871830135791328f4945749f6889c493a9f6f
EXPORTER_SECRET 1eca5add20e8535174745a51189065416346946f62c02e6069d24e7fcce5f396 71cab7445195c44cbeced850ba695c79aec254043fc74f53be097bac93522bed
CLIENT_HANDSHAKE_TRAFFIC_SECRET 9e07439ed4e67a0a293db33404f572808c5b210471448178242e26eb7a3cf925 d6d9f1a75ea7389de926b6207d68d7b67846852e14ea554f7edbb9f82758e141
SERVER_HANDSHAKE_TRAFFIC_SECRET 9e07439ed4e67a0a293db33404f572808c5b210471448178242e26eb7a3cf925 c654c4fe88cd851d399d32f893739b70edc4c922c7ea15f4de5134dca04009ed
CLIENT_TRAFFIC_SECRET_0 9e07439ed4e67a0a293db33404f572808c5b210471448178242e26eb7a3cf925 6e80083fda256137dc505058de07ebbea012d3db21f3c51db465d947a4446e6b
SERVER_TRAFFIC_SECRET_0 9e07439ed4e67a0a293db33404f572808c5b210471448178242e26eb7a3cf925 d172c35fa6dd6a120290886f09c405223255a5ac52c0cc3466112260a44d3bfd
EXPORTER_SECRET 9e07439ed4e67a0a293db33404f572808c5b210471448178242e26eb7a3cf925 39757e5117c4ec1ce6142ace7f5cae181714eb99b8f0719bf39fba48b5af9108
CLIENT_HANDSHAKE_TRAFFIC_SECRET 0b667d33228677952e4ca82245f66199fd66745b5ee5ececd27b6728d0098cac fbebc45f22e553bb5ff29400250451ce1d9205605f42ac5323982532a876a313
SERVER_HANDSHAKE_TRAFFIC_SECRET 0b667d33228677952e4ca82245f66199fd66745b5ee5ececd27b6728d0098cac 3c7282c9d0a57f6a3dec68b1976db9a0982cd893ba5926b26e110467f169fb7c
CLIENT_TRAFFIC_SECRET_0 0b667d33228677952e4ca82245f66199fd66745b5ee5ececd27b6728d0098cac 2f2a8b91c5bf4104b5836ceca50885200331063faf4fa46a9c8143729d0c9548
SERVER_TRAFFIC_SECRET_0 0b667d33228677952e4ca82245f66199fd66745b5ee5ececd27b6728d0098cac 8f11dbb0f0edc35ce406e85f5ea57aa8fbbc6023939dea591c17ad523fa37de1
EXPORTER_SECRET 0b667d33228677952e4ca82245f66199fd66745b5ee5ececd27b6728d0098cac 67bd08418f100c9e3bd25a9ee0bfcd437f4de4652c1bb71077ffd4a282000d0c
CLIENT_HANDSHAKE_TRAFFIC_SECRET 08b19292fee6e3b135b1a9bf68e20605f3d5ed60137cef7cb72a855a6897af63 37b15545b0ab7d5ca1febf541abab2c8797739c063361386a94ae63edbb1cc1f
SERVER_HANDSHAKE_TRAFFIC_SECRET 08b19292fee6e3b135b1a9bf68e20605f3d5ed60137cef7cb72a855a6897af63 cf0b0f742fb3bca8d38baa55774c8fe0fc9acf58f72d2178db477dd29df5f60b
CLIENT_TRAFFIC_SECRET_0 08b19292fee6e3b135b1a9bf68e20605f3d5ed60137cef7cb72a855a6897af63 10a5fa627441aa9d0d2af88dc6278e91481ade1b7dcf83ae52f47c0b11997f01
SERVER_TRAFFIC_SECRET_0 08b19292fee6e3b135b1a9bf68e20605f3d5ed60137cef7cb72a855a6897af63 e388457ab04449bcaee3598f3aaccb260891aee74d7e07d8e5311a2d5fcf6b32
EXPORTER_SECRET 08b19292fee6e3b135b1a9bf68e20605f3d5ed60137cef7cb72a855a6897af63 19140170bd4c67ebd9b6ff0c7be49786647c1ef7d75b6893b8563ba4763fa92c
CLIENT_HANDSHAKE_TRAFFIC_SECRET ae279f0a3754c011a6cd0c14cc9f3f2aa5483d2c916a32a1fb15e12d89f62f69 195df0a3c8300aeb6911a5a95eeeef767972dc0e7dab071d673b65ab3c23ad1a
SERVER_HANDSHAKE_TRAFFIC_SECRET ae279f0a3754c011a6cd0c14cc9f3f2aa5483d2c916a32a1fb15e12d89f62f69 093fcfe28c31fcb8f84a2856dd86c14687d9f69fa9ea654407dbaae83e0ab4f8
CLIENT_EARLY_TRAFFIC_SECRET 10806d1d83614e387abe34efaebe3e8c10269a116fc5ac6b4b759a486410c8aa aa8afa2621a05ecf70d0f24a3ddcb83bc5014334650173f242fbcc32710a9470
CLIENT_HANDSHAKE_TRAFFIC_SECRET 10806d1d83614e387abe34efaebe3e8c10269a116fc5ac6b4b759a486410c8aa 7447965600ae9da10a46251bfdc688b1bd86bfc1e288a63949412cb1d0540cf8
SERVER_HANDSHAKE_TRAFFIC_SECRET 10806d1d83614e387abe34efaebe3e8c10269a116fc5ac6b4b759a486410c8aa e0041b74d3a2cc853031b10b74e05d3163ea5df5f4b4f643680e6be7cfcac25b
CLIENT_TRAFFIC_SECRET_0 10806d1d83614e387abe34efaebe3e8c10269a116fc5ac6b4b759a486410c8aa d047fb98990d3e332570b0c446c6ea33d4f375107739895aeb48eb67bd78ab2b
SERVER_TRAFFIC_SECRET_0 10806d1d83614e387abe34efaebe3e8c10269a116fc5ac6b4b759a486410c8aa 2e6748b804220d81e77d733e5b1179ae8d83229776943a1ad52cb8ec83241bd1
EXPORTER_SECRET 10806d1d83614e387abe34efaebe3e8c10269a116fc5ac6b4b759a486410c8aa da0d55fe9b3fdbde901be6364cc876dc5998267b87b5e6c3813c9504a36d6154
CLIENT_TRAFFIC_SECRET_0 ae279f0a3754c011a6cd0c14cc9f3f2aa5483d2c916a32a1fb15e12d89f62f69 1a9d4469a57136902cfe1080ff22f0228e3fecb36b23b56131dde95d43c63bbd
SERVER_TRAFFIC_SECRET_0 ae279f0a3754c011a6cd0c14cc9f3f2aa5483d2c916a32a1fb15e12d89f62f69 dd5bb404cdd8ce5eb614537cb70da853c7db19feba9f18a06afed1247ad77682
EXPORTER_SECRET ae279f0a3754c011a6cd0c14cc9f3f2aa5483d2c916a32a1fb15e12d89f62f69 ec16099221bf1d60604f7a91f09fbfd58fb5d29dd6588adbccce79d376b5eeac
CLIENT_HANDSHAKE_TRAFFIC_SECRET 7f91382a3e0cac1a12a8153015db34b953e974ae096b3beec27f1b20d488b97d e284c82ba330fca79cfe58c7cd1d0ecf82bfddbabab6f837a5128511e44df717e7c8e43336f50c8bbddcfd4d502810e6
SERVER_HANDSHAKE_TRAFFIC_SECRET 7f91382a3e0cac1a12a8153015db34b953e974ae096b3beec27f1b20d488b97d c2d3c80814a2666701bedf41741f5e80b8b4ec17c239ba48ae145f6617b5b8c78b73891d75106735a4da1e14cc0f83cd
CLIENT_TRAFFIC_SECRET_0 7f91382a3e0cac1a12a8153015db34b953e974ae096b3beec27f1b20d488b97d edd6e21d0bd6d0e00c5e89f54838fcf8091b450bc6defb5a35170972ad6db20b14af8926e60581ccfefd350ba8489eae
SERVER_TRAFFIC_SECRET_0 7f91382a3e0cac1a12a8153015db34b953e974ae096b3beec27f1b20d488b97d c2f8eb489f9d616ebcdea95b4c08ed34c8a0d5573c0e26ef0cd1a5638c0e4c19409313824d6d04a85acf9cf70f719afc
EXPORTER_SECRET 7f91382a3e0cac1a12a8153015db34b953e974ae096b3beec27f1b20d488b97d fe54a1713df50d70f895842803f8f145de8e5ec6c392fb526bddbb8d99e479d226afc5075e86f2bd3dc15bc68896fb64
CLIENT_HANDSHAKE_TRAFFIC_SECRET 600670b63191e969aaaed75f3eeac943de1d43b834afc240ac8b6649309040b7 ac10aa1ef0d0c646979eb3befbe52fd62154d03de19d903e1489158b0e835c6d
SERVER_HANDSHAKE_TRAFFIC_SECRET 600670b63191e969aaaed75f3eeac943de1d43b834afc240ac8b6649309040b7 b74803000be47915d2dcb3ce99594cdf92aa09cafea2101f082f2f2f82e15397
CLIENT_HANDSHAKE_TRAFFIC_SECRET e5d8aabe0665f0600f055d96c4177f4b41645a4183afadbb6b1332833de0728e 76dabd1e3e74a9a0da3967a1efdf6a5fd7d9a4ddfddc9e6bf6ea66549e7c28b0
SERVER_HANDSHAKE_TRAFFIC_SECRET e5d8aabe0665f0600f055d96c4177f4b41645a4183afadbb6b1332833de0728e ecddc8fff30cfcd8e67e2a00e1d2a273e39bcb8e5960cdf15ec9ab191b9e2ada
CLIENT_TRAFFIC_SECRET_0 600670b63191e969aaaed75f3eeac943de1d43b834afc240ac8b6649309040b7 802802a90291abb57d2fadedcd47dcee734521ff64ff3f062c81d50a91bebc49
SERVER_TRAFFIC_SECRET_0 600670b63191e969aaaed75f3eeac943de1d43b834afc240ac8b6649309040b7 1d48a8539ffd00126c6f435f0766d47295efe1478f09ee15fb3e5da061a54da1
EXPORTER_SECRET 600670b63191e969aaaed75f3eeac943de1d43b834afc240ac8b6649309040b7 817a6c9a91621570e7c3b522cdc40d5b063b3f2ecbb1ff408ac1ec68173b7c12
CLIENT_HANDSHAKE_TRAFFIC_SECRET 8afa55d5bd76a1a1a0f2c5fb3d8b28b0c34cfe271f54029e0c1c2c88b3bcb7a0 d56ee3ff9c4ee846ae5eec659aebd5a5ed053c02becdc63c1ec0ff6dc0f03d54
SERVER_HANDSHAKE_TRAFFIC_SECRET 8afa55d5bd76a1a1a0f2c5fb3d8b28b0c34cfe271f54029e0c1c2c88b3bcb7a0 5c3b00dd84a78c3b22a69ababfc1cd582bd42f15f5691308924c914f41da79ff
CLIENT_TRAFFIC_SECRET_0 8afa55d5bd76a1a1a0f2c5fb3d8b28b0c34cfe271f54029e0c1c2c88b3bcb7a0 fae76fb762974686de96c3a7916f716701b430cf5c3b3ca66b17a5d559f1e433
SERVER_TRAFFIC_SECRET_0 8afa55d5bd76a1a1a0f2c5fb3d8b28b0c34cfe271f54029e0c1c2c88b3bcb7a0 d0739bf0cfd94521fefdfdc4cec2b5b0b78ec4a016430f16c93850d139070717
EXPORTER_SECRET 8afa55d5bd76a1a1a0f2c5fb3d8b28b0c34cfe271f54029e0c1c2c88b3bcb7a0 277d934c1e1b8321de59290924f4dc702f8bc3bca6217ea49baa3c989bcb4026
CLIENT_HANDSHAKE_TRAFFIC_SECRET 592b3cb44924e319979db4712f5ce5492d3b5ad0d8b6e84cdadc41cea4544b4d a3ac87f563f7b7f83c91844b99fcfae664231afeddbdc03a44b20146eeeee760
SERVER_HANDSHAKE_TRAFFIC_SECRET 592b3cb44924e319979db4712f5ce5492d3b5ad0d8b6e84cdadc41cea4544b4d b4e7843ff0d1f776666c93a1c743c3c4fb5ce4779a8b17c57959159bc1afbc02
CLIENT_TRAFFIC_SECRET_0 592b3cb44924e319979db4712f5ce5492d3b5ad0d8b6e84cdadc41cea4544b4d 49f1ffe88c80c6df30f4ecdd4c2e869ca4b0f01c55f745e7b2fc7ee146f70264
SERVER_TRAFFIC_SECRET_0 592b3cb44924e319979db4712f5ce5492d3b5ad0d8b6e84cdadc41cea4544b4d 2311239929320bf5449d102a7422578832305accacf5c72ad914ec5db897a62a
EXPORTER_SECRET 592b3cb44924e319979db4712f5ce5492d3b5ad0d8b6e84cdadc41cea4544b4d 248a5225860fca69ba77e655785f420f667deb0d311f20793a63310eaacf07df
CLIENT_HANDSHAKE_TRAFFIC_SECRET 6b28585356ac81051e8c5eab2a5d2852a5a7fa3adfc760ccd47e78fc6cf838d4 8dd5d345707baf505753dfece32d5dccb2045dcfc487e1fe9f3cf54f0e799033
SERVER_HANDSHAKE_TRAFFIC_SECRET 6b28585356ac81051e8c5eab2a5d2852a5a7fa3adfc760ccd47e78fc6cf838d4 ca8d030ed1cc8cf227dcbf07501287d8a3ac18e8ec7a5a8b7f78bda0804098e2
CLIENT_TRAFFIC_SECRET_0 6b28585356ac81051e8c5eab2a5d2852a5a7fa3adfc760ccd47e78fc6cf838d4 bdb8ad2c32f0c5891087232a50afd487ed6aed74765b91c697cc0e8fc8543d9c
SERVER_TRAFFIC_SECRET_0 6b28585356ac81051e8c5eab2a5d2852a5a7fa3adfc760ccd47e78fc6cf838d4 cfe8f5210bbe18c113fb2d9f1740e7902ad9987254f16ef61c9b95d2828a5998
EXPORTER_SECRET 6b28585356ac81051e8c5eab2a5d2852a5a7fa3adfc760ccd47e78fc6cf838d4 dea7ec9c706d32eac5ce7cc4eb5dfd1b1226bd14616bb8826bac6be261739b6a
CLIENT_HANDSHAKE_TRAFFIC_SECRET 52dbb44f171025fcdc0f124f7fbe3257765ecb2c6680ed761aad4818d246c89c debc365110e88abace501f9978215cba6354955fde401bdf382ed4e430553fcc
SERVER_HANDSHAKE_TRAFFIC_SECRET 52dbb44f171025fcdc0f124f7fbe3257765ecb2c6680ed761aad4818d246c89c 059b0f2c59fd7188504e3fb925ef303ea016410278cc0c3fb9313148b680bb2c
CLIENT_TRAFFIC_SECRET_0 52dbb44f171025fcdc0f124f7fbe3257765ecb2c6680ed761aad4818d246c89c bd0dc6586df8a4960c4e808153b36f6c874e9ac2350bdee102ffea51a4034278
SERVER_TRAFFIC_SECRET_0 52dbb44f171025fcdc0f124f7fbe3257765ecb2c6680ed761aad4818d246c89c a592f36d712d18f46eb7aadcb12283e4c524a23aa0cee97beea717abfe02c8b8
EXPORTER_SECRET 52dbb44f171025fcdc0f124f7fbe3257765ecb2c6680ed761aad4818d246c89c 55a5066febe4e399ebf5b3090afec68efaf633ad4beb4a57a6f5cabb2b715f18
CLIENT_HANDSHAKE_TRAFFIC_SECRET d2e4c1f5c582dbd33be595231bd79927301951187e553caeda27fbc515b94970 0b8beb932fd329cb3221e3341a114090b9167dff2582b70da7079c61915d29ac
SERVER_HANDSHAKE_TRAFFIC_SECRET d2e4c1f5c582dbd33be595231bd79927301951187e553caeda27fbc515b94970 ffe21d982b308e764071afcbb1db6e46c7b6726abe0357fb66d249029777d8e9
CLIENT_TRAFFIC_SECRET_0 d2e4c1f5c582dbd33be595231bd79927301951187e553caeda27fbc515b94970 316d464a19b7ea446feb4b2c3594913af563d601e26d06ba24fdc993fbb6763c
SERVER_TRAFFIC_SECRET_0 d2e4c1f5c582dbd33be595231bd79927301951187e553caeda27fbc515b94970 8f92b8834ef49ca369b0dc97b9c417a2bce827dbdf355c8fed593a18b77bf5ed
EXPORTER_SECRET d2e4c1f5c582dbd33be595231bd79927301951187e553caeda27fbc515b94970 17a408be93c8d537344cc1671903d0422124aee454d53f5a7fe7a489bc629ab8
CLIENT_HANDSHAKE_TRAFFIC_SECRET 5d00b34cf7ea9399633945f7034690f4739b6265f3707f2037c16882bd67edd9 50350c0ee9b30b68dbc5118e450ca0a2e7879f613468d34f30b796620c07087c
SERVER_HANDSHAKE_TRAFFIC_SECRET 5d00b34cf7ea9399633945f7034690f4739b6265f3707f2037c16882bd67edd9 c7255c811a12fdc2e44f55ca0080b7db81920942089ff9818f9b4bfa8e6c4c64
CLIENT_TRAFFIC_SECRET_0 5d00b34cf7ea9399633945f7034690f4739b6265f3707f2037c16882bd67edd9 737e359a357554d7652d4ded28d835cb55e81f504e7fe5f34af3affa9536f7eb
SERVER_TRAFFIC_SECRET_0 5d00b34cf7ea9399633945f7034690f4739b6265f3707f2037c16882bd67edd9 d1a075c4d5db0cc2bd4dd6a339c146ef513237dc95f173e0b6303ea293eabb18
EXPORTER_SECRET 5d00b34cf7ea9399633945f7034690f4739b6265f3707f2037c16882bd67edd9 c59b7ae017563c912610fa3403dabcdd40489a68ba31dcd2814e495508f93e37
CLIENT_HANDSHAKE_TRAFFIC_SECRET a4df4a0ae822e087d26259df9bb6cc62252a003ef3ce0108dceb42193d513089 42d4dc2268bea3c411158c5593d9737d6680db42ff00d7aab2f7743fe4769488
SERVER_HANDSHAKE_TRAFFIC_SECRET a4df4a0ae822e087d26259df9bb6cc62252a003ef3ce0108dceb42193d513089 53b59381b0c03bf7d27dd8e7cad684a4cfeaaf0d76412ba57c17e65169d46afd
CLIENT_TRAFFIC_SECRET_0 a4df4a0ae822e087d26259df9bb6cc62252a003ef3ce0108dceb42193d513089 12562a48f0a4ec2b276aa273b358b2823ed3cddd4dfad72931e00c68994a34be
SERVER_TRAFFIC_SECRET_0 a4df4a0ae822e087d26259df9bb6cc62252a003ef3ce0108dceb42193d513089 8ea44442ab809feb185613eae2c0db7f4888b8736c75e6ce56fda5e759913bba
EXPORTER_SECRET a4df4a0ae822e087d26259df9bb6cc62252a003ef3ce0108dceb42193d513089 8f1434398506953873da62c7155a49544c7965d3114caca3540f0b9706b188b3
CLIENT_HANDSHAKE_TRAFFIC_SECRET 6cc4e48392ecef1264d1270245bf270c71ee2598ec29a5acbf0c29688707e5fa 517e1a071c4f39dcd96d537a21b02882c19805fb44665bdc3ebc5ede315c69c7
SERVER_HANDSHAKE_TRAFFIC_SECRET 6cc4e48392ecef1264d1270245bf270c71ee2598ec29a5acbf0c29688707e5fa 45ae2bfae3cfed7859b48f28aeb97919f0201bb6c6fa8e39f5ec581ea742d80a
CLIENT_HANDSHAKE_TRAFFIC_SECRET ca14dbfcf693e7b20c5697df17e639ce87b858fe13c3e8f57e251e7cb82ff9c6 dfb0c06ea4873195efb70e6ce281001166a2bba164cf1afdb0277663263d5765
SERVER_HANDSHAKE_TRAFFIC_SECRET ca14dbfcf693e7b20c5697df17e639ce87b858fe13c3e8f57e251e7cb82ff9c6 4a646729ac26ef51c3954dd8ede17dd148d1ac0a647f983b2f98078957c78c68
CLIENT_TRAFFIC_SECRET_0 6cc4e48392ecef1264d1270245bf270c71ee2598ec29a5acbf0c29688707e5fa 42ab12b78cb5e13761799f4d5700a8741817d83f7a3ef316dc42c0e95ed3bfb2
SERVER_TRAFFIC_SECRET_0 6cc4e48392ecef1264d1270245bf270c71ee2598ec29a5acbf0c29688707e5fa 653077b47a71d35df7de04191002000413d023c5a5a1fe47e0f8b7557922f645
EXPORTER_SECRET 6cc4e48392ecef1264d1270245bf270c71ee2598ec29a5acbf0c29688707e5fa d6eae3891e66652124aac443944fdf8181d40e4382c6a0bd5dab0d10da798d04
CLIENT_TRAFFIC_SECRET_0 ca14dbfcf693e7b20c5697df17e639ce87b858fe13c3e8f57e251e7cb82ff9c6 ed09fd5140195a9618739df5003a0695619be4c06bad150fad50fa66dea502ab
SERVER_TRAFFIC_SECRET_0 ca14dbfcf693e7b20c5697df17e639ce87b858fe13c3e8f57e251e7cb82ff9c6 fe1ac138d4d17a02eae96a177fb3b804893f0b639b82396e2ea9215c91b645f6
EXPORTER_SECRET ca14dbfcf693e7b20c5697df17e639ce87b858fe13c3e8f57e251e7cb82ff9c6 fc5af6c3347376893aa42c295bb50fc1d41bb2c702f5b3c723e167b11052d8fb
CLIENT_HANDSHAKE_TRAFFIC_SECRET 3a960efdfa2f368b56af9dcd9db591e6316819e25c1f005c1460e9f8d1af692a c3383f4b4f16acce387437f9b561a4ac35de00793a830c6f2060799a6ec8bf37
SERVER_HANDSHAKE_TRAFFIC_SECRET 3a960efdfa2f368b56af9dcd9db591e6316819e25c1f005c1460e9f8d1af692a 73ff75fd322b6b987ea9d2659f1a2d91393f02c64b641fc74d4a103c405d7365
CLIENT_TRAFFIC_SECRET_0 3a960efdfa2f368b56af9dcd9db591e6316819e25c1f005c1460e9f8d1af692a 5656f3f35300308a0f962d77be3e3370c6804f50a51ae1182a2ab365ddfef6aa
SERVER_TRAFFIC_SECRET_0 3a960efdfa2f368b56af9dcd9db591e6316819e25c1f005c1460e9f8d1af692a c3a79135afd265e2cde4b09a5a7e186d444bb97230bd6ecf17af0c7536b5b286
EXPORTER_SECRET 3a960efdfa2f368b56af9dcd9db591e6316819e25c1f005c1460e9f8d1af692a f87f6068abc16e46d6945dce6868e3fef26d00a60891ce02461c66127505d8f9
CLIENT_HANDSHAKE_TRAFFIC_SECRET 54020fccf8d29e3a7235619507bb24cbb96458de6e3eb87f815e154b9c71faff 98576a7f56deab1100dae1618515a6912e51fc43f8fabf0dca4b7ca677e6a19d
SERVER_HANDSHAKE_TRAFFIC_SECRET 54020fccf8d29e3a7235619507bb24cbb96458de6e3eb87f815e154b9c71faff b335ed6300ded4d2ae30fdb526063d2b0d237775ddb5579e32cabb5b7ca07d8c
CLIENT_TRAFFIC_SECRET_0 54020fccf8d29e3a7235619507bb24cbb96458de6e3eb87f815e154b9c71faff 07a930a1e0d5f244e0025e66e04a00deea164f8bab99be579d3a7bf05694daff
SERVER_TRAFFIC_SECRET_0 54020fccf8d29e3a7235619507bb24cbb96458de6e3eb87f815e154b9c71faff 4ffb8cda434256cee904c6dcfa4012cfd231e97268c3fbf8152ccc80a7d3a127
EXPORTER_SECRET 54020fccf8d29e3a7235619507bb24cbb96458de6e3eb87f815e154b9c71faff 7756ee20314bb1f168223af2141f938815d097bbb9e4de7b0ba914edf99bff7b
CLIENT_HANDSHAKE_TRAFFIC_SECRET b49e4eb449ea8ca506cb9291158a22c1f846765f320430e337c1bf1017a6f858 2392ae8fce6499df0b5ce7e6020899defeeee7cfa943301068aeabb69d808d42
SERVER_HANDSHAKE_TRAFFIC_SECRET b49e4eb449ea8ca506cb9291158a22c1f846765f320430e337c1bf1017a6f858 5cdfd6e6c9f6ce9977f7f3cf54246ada564012a21a2b6d744beb3a544f908af2
CLIENT_TRAFFIC_SECRET_0 b49e4eb449ea8ca506cb9291158a22c1f846765f320430e337c1bf1017a6f858 3db363b6417b99242ee1278ed67c6dad4f5474e8bc7fd0a8c0cd02b9acf2086d
SERVER_TRAFFIC_SECRET_0 b49e4eb449ea8ca506cb9291158a22c1f846765f320430e337c1bf1017a6f858 3e2257a5b0323eae6bbf6be67d11d2b9e445e1c9c0180c13bc05f1a029f91682
EXPORTER_SECRET b49e4eb449ea8ca506cb9291158a22c1f846765f320430e337c1bf1017a6f858 d768b4019fb043ca4c8a1cfb92d5a06dbf1f088b74b441efcbd627947148b752
CLIENT_HANDSHAKE_TRAFFIC_SECRET 9f7348136b521e98476e189d37381651cfb914d67a33bd83d472202e023ea0e0 eeef5a0986dd263bb5973f6365ee725a16ee8240e922f5d3182dd25e29865c87
SERVER_HANDSHAKE_TRAFFIC_SECRET 9f7348136b521e98476e189d37381651cfb914d67a33bd83d472202e023ea0e0 cb3ada476b406f986c65867392ec8a276b9df9e418568cd31569c482e8e21e70
CLIENT_EARLY_TRAFFIC_SECRET 217c5d9948a90d21f67b9eb4fb2e5dc6573022ec7b790f21973e167b4eb0e38c 8ab06254677fcb24906b7f8431520c92bc8bd9c11cc3adc7cfabe11df6f69a1f
CLIENT_TRAFFIC_SECRET_0 9f7348136b521e98476e189d37381651cfb914d67a33bd83d472202e023ea0e0 cb7079735c1736f5e0ac4d094e2c90090a38653d9836a5a767075b87fc71ea75
SERVER_TRAFFIC_SECRET_0 9f7348136b521e98476e189d37381651cfb914d67a33bd83d472202e023ea0e0 fe9b1104debb1910923cdfadb026d672e71053f8b622b046d585bad364fdf9ad
EXPORTER_SECRET 9f7348136b521e98476e189d37381651cfb914d67a33bd83d472202e023ea0e0 d8697393b918ea3f91ba0083e91b1952e50e9d8403830371f77018df51adfe5c
CLIENT_HANDSHAKE_TRAFFIC_SECRET 217c5d9948a90d21f67b9eb4fb2e5dc6573022ec7b790f21973e167b4eb0e38c dce048feb5e695dc378756019ff72da0bddc0098fcc6383ed368697af46df803
SERVER_HANDSHAKE_TRAFFIC_SECRET 217c5d9948a90d21f67b9eb4fb2e5dc6573022ec7b790f21973e167b4eb0e38c e33c57dede39b4c91de17173a084779039edc91cd95a827d4aa73f1f4f970f09
CLIENT_TRAFFIC_SECRET_0 217c5d9948a90d21f67b9eb4fb2e5dc6573022ec7b790f21973e167b4eb0e38c 5066d23acaa712cc677367d1a2e8a1edd8fa40a145b24aa4433a3fd95f228b58
SERVER_TRAFFIC_SECRET_0 217c5d9948a90d21f67b9eb4fb2e5dc6573022ec7b790f21973e167b4eb0e38c ea3b8efa763283ed7208c1668bb169c79431ec1149b4b6282e5d867daa189f0d
EXPORTER_SECRET 217c5d9948a90d21f67b9eb4fb2e5dc6573022ec7b790f21973e167b4eb0e38c d3b76dbde015e9e70fa796f56246b67193aaf4cb21368bff0793b26ad92c819b
CLIENT_HANDSHAKE_TRAFFIC_SECRET 0855215d383451a9945c1a6afb6384e407725c6252622636b6a18dd8d66031f8 19b5afea1b6265262c72ce569a74f01eb244631edf5cd2deb20f97819e1760f01040554b9583527b93b5491bae1fe524
SERVER_HANDSHAKE_TRAFFIC_SECRET 0855215d383451a9945c1a6afb6384e407725c6252622636b6a18dd8d66031f8 4ae6d511ebb6f66c12850a00dd9c953c81064bc3bb562ed3a2951e8ff3d474f1aedc15fd385d63f6b7fd2a19077f8ebd
CLIENT_TRAFFIC_SECRET_0 0855215d383451a9945c1a6afb6384e407725c6252622636b6a18dd8d66031f8 ad240c5d71b40c14f64ee3e02b61f55dff46809ccb50e6ec265330f4935a34ede30a4e6e3bb7bfb5d53f74888ad82a37
SERVER_TRAFFIC_SECRET_0 0855215d383451a9945c1a6afb6384e407725c6252622636b6a18dd8d66031f8 67c0ceea8e9c8b9d1fccc3ca36b734daf1ceae3112d26be51178c5e31ce2482bb112539095770d29889d91e6c90c21b7
EXPORTER_SECRET 0855215d383451a9945c1a6afb6384e407725c6252622636b6a18dd8d66031f8 ec401079060ef4ed6bb2b0564c9b03c641c49dcf3992691822609a6c10d917fea0063d8242eddda03de322fc66c0d5d9
CLIENT_HANDSHAKE_TRAFFIC_SECRET 29722aa1340a77dc4961304f8c54173ea78dc24f612b4db890c32b293aa40df1 846ef186972bae443e5c0cc7d7d75e8debd1cc207e77fe393cb6c2447f896064
SERVER_HANDSHAKE_TRAFFIC_SECRET 29722aa1340a77dc4961304f8c54173ea78dc24f612b4db890c32b293aa40df1 e4df345e2f1b139b7db934166573475664c700387c7b2d39e3e9c91d3e1f66d5
CLIENT_TRAFFIC_SECRET_0 29722aa1340a77dc4961304f8c54173ea78dc24f612b4db890c32b293aa40df1 13e949a7ef286c8a040eccb310b4b38df391e64ce4512e0a00ff4586ad8ff80a
SERVER_TRAFFIC_SECRET_0 29722aa1340a77dc4961304f8c54173ea78dc24f612b4db890c32b293aa40df1 f215ce2e7139777a09b8ce6cf100401be0dec0ba0257fef4448f4fab3eb3fbde
EXPORTER_SECRET 29722aa1340a77dc4961304f8c54173ea78dc24f612b4db890c32b293aa40df1 192ff53dd4db7a5e9028c8ad98eac2adc3c4fc55806fbf03d14d579c49d7af74
CLIENT_HANDSHAKE_TRAFFIC_SECRET 6012e3d54dd4e3f4b31b6b2d9d40cfd16dd45c812ff6e626a1fda17d5301b36b 064fe649700e634e27276384a23744f9810cfa034ea6ac339667e3f1da93aaee
SERVER_HANDSHAKE_TRAFFIC_SECRET 6012e3d54dd4e3f4b31b6b2d9d40cfd16dd45c812ff6e626a1fda17d5301b36b 55efae39fe6953ad72ca53c7bdbeeddc6aaf4e096f318e95e77a8010a781b254
CLIENT_TRAFFIC_SECRET_0 6012e3d54dd4e3f4b31b6b2d9d40cfd16dd45c812ff6e626a1fda17d5301b36b 5adc2161e4c1fd2e734155eb616c198fc97f42863db3b29659150c5a16f2192b
SERVER_TRAFFIC_SECRET_0 6012e3d54dd4e3f4b31b6b2d9d40cfd16dd45c812ff6e626a1fda17d5301b36b f6b4589cd6195e62e5ba4dc6bf68f4e72ee94e31b717866bc5ae2af10745a4db
EXPORTER_SECRET 6012e3d54dd4e3f4b31b6b2d9d40cfd16dd45c812ff6e626a1fda17d5301b36b fac10c32678a3d53bec56dde8b8b12f23140996e7eafe1a60d45ef5db764eaa4
CLIENT_HANDSHAKE_TRAFFIC_SECRET 4902b35aa2f38ddb1cfb983bd0b6c03d1afa863c5e421c27d1fa3af25f688c1f ecfe81dc5b7166229c0146ac0d0913f4e3cf9cb64406d5d68d788864b43f54f7
SERVER_HANDSHAKE_TRAFFIC_SECRET 4902b35aa2f38ddb1cfb983bd0b6c03d1afa863c5e421c27d1fa3af25f688c1f b749465d8f259e3554cf58ab7d2c797b9ad6f1f2eca0335b62364d897270b85e
CLIENT_TRAFFIC_SECRET_0 4902b35aa2f38ddb1cfb983bd0b6c03d1afa863c5e421c27d1fa3af25f688c1f 616394d3dda1d4436d5f4e4ac46f079f93784c01e294dbbd7e30ff78ea05febc
SERVER_TRAFFIC_SECRET_0 4902b35aa2f38ddb1cfb983bd0b6c03d1afa863c5e421c27d1fa3af25f688c1f 54bbeb15ecaad1b1bb15c84428ee21faa2a49a691f21328ed6ccc8a39f6bfdb5
EXPORTER_SECRET 4902b35aa2f38ddb1cfb983bd0b6c03d1afa863c5e421c27d1fa3af25f688c1f 065051dd078fe5669220e82df34eddab192e5e14ba4e16340b799f04798d8e84
CLIENT_HANDSHAKE_TRAFFIC_SECRET e012cebed84137ad22d7db3110313a5e37b463909cef55bc69589a89134f4549 7d91f29b9ef199eb06ddfc7375f8403a02320174a56f351c198808edadd4753b039e08668362a0f036905f568df2cd08
SERVER_HANDSHAKE_TRAFFIC_SECRET e012cebed84137ad22d7db3110313a5e37b463909cef55bc69589a89134f4549 c249f5df7a58edcf3672df2580c83accde217cadbc8a1e11d3e1e25645d3faeec509e7369aa84bceb969d946aee06bf9
CLIENT_TRAFFIC_SECRET_0 e012cebed84137ad22d7db3110313a5e37b463909cef55bc69589a89134f4549 b36f50a3b54b28c861e8574c9919e987bd98ff88f68da6dd1f67b7edd24ccf690765e64b3eb6299c4c4e385c62507f7a
SERVER_TRAFFIC_SECRET_0 e012cebed84137ad22d7db3110313a5e37b463909cef55bc69589a89134f4549 1af4d608660fa1b08b4ea8017aa6154d741a1bba60d269462148dfb98b7b2f2ea1e835d455ac974ab8f09975ef9e9c1c
EXPORTER_SECRET e012cebed84137ad22d7db3110313a5e37b463909cef55bc69589a89134f4549 3510f826d688c04be3d04d5db2688d149a3a965b157b1111a2e963f3fc618e0ab5a64afc0f21ed8d29e5b5ef80bf9c9a
CLIENT_HANDSHAKE_TRAFFIC_SECRET 03acc9790abdbf0bf1df3355d1f4488ff2699ad84b03d195cc4288cdb23671c1 00f017868dfd8b4eda26da788420a74b0f59a1b355fc8f5b093c3880e45025b0
SERVER_HANDSHAKE_TRAFFIC_SECRET 03acc9790abdbf0bf1df3355d1f4488ff2699ad84b03d195cc4288cdb23671c1 3534cbf9c814c4702790f84044c332fee6b8adfc2f245d08aee38b893f6c3189
CLIENT_TRAFFIC_SECRET_0 03acc9790abdbf0bf1df3355d1f4488ff2699ad84b03d195cc4288cdb23671c1 129afe386e201909982504c541ccc4708b5a238c9d0c48932504fc69c732950b
SERVER_TRAFFIC_SECRET_0 03acc9790abdbf0bf1df3355d1f4488ff2699ad84b03d195cc4288cdb23671c1 b89e2812232d1863447814ac9ee6bd433deacac0666c213883580c25b3b54ed6
EXPORTER_SECRET 03acc9790abdbf0bf1df3355d1f4488ff2699ad84b03d195cc4288cdb23671c1 f50261a64823a2f809fb8b808dfb03d4904550927d42cfbe355587503f91961e
CLIENT_EARLY_TRAFFIC_SECRET 06561a3a695ea9f763a4c3db3b2011cf88965b586242f477abd5ce7d8cf85806 02294a2cd4e1dce5f6f583e8c396422663fc88ed33bdc440c88f5a9004028c24
CLIENT_HANDSHAKE_TRAFFIC_SECRET 06561a3a695ea9f763a4c3db3b2011cf88965b586242f477abd5ce7d8cf85806 dd505ae91d91e71688a049a12742d08013ac6c42ade9ca4aceee43deb2dd23a1
SERVER_HANDSHAKE_TRAFFIC_SECRET 06561a3a695ea9f763a4c3db3b2011cf88965b586242f477abd5ce7d8cf85806 3be9766fbab84b42b8d63718d3cd80805175eb4de52d1b1c605f46b6aa0cc9e7
CLIENT_TRAFFIC_SECRET_0 06561a3a695ea9f763a4c3db3b2011cf88965b586242f477abd5ce7d8cf85806 faa3c3dc9deb8cc2084ce08fb56a140d1a50e349b02c077a7c1a40513514548e
SERVER_TRAFFIC_SECRET_0 06561a3a695ea9f763a4c3db3b2011cf88965b586242f477abd5ce7d8cf85806 f0fc11e79069808ecc47214d2d7363c2d93b91d224e39a616ed9262539060866
EXPORTER_SECRET 06561a3a695ea9f763a4c3db3b2011cf88965b586242f477abd5ce7d8cf85806 0eebf39284fe96915126fd3ee38038fc76456f12ba0a979a674d4e26f882a9b7
CLIENT_HANDSHAKE_TRAFFIC_SECRET 615291d80c59fd3b9770b812eebcc3a699c7bb22d2b9cd873e6b8e9255e89c6b d5d4650b7826f9ded806d762d714f1b5fb92669e7c6941f75e98c069f2c6b7db
SERVER_HANDSHAKE_TRAFFIC_SECRET 615291d80c59fd3b9770b812eebcc3a699c7bb22d2b9cd873e6b8e9255e89c6b eb2dd3d5006cf4211277c706041d1d6060877a37d0c66ae08d4325da5ee6c947
CLIENT_TRAFFIC_SECRET_0 615291d80c59fd3b9770b812eebcc3a699c7bb22d2b9cd873e6b8e9255e89c6b b50e5f80e0a6db4899279ff0cedeb86edf84136ba22098abaa94ab9d553f5359
SERVER_TRAFFIC_SECRET_0 615291d80c59fd3b9770b812eebcc3a699c7bb22d2b9cd873e6b8e9255e89c6b b9f94edc3869422554cd957b28dab3bc628713d3dad6e9e66cb4e1b5dd01d835
EXPORTER_SECRET 615291d80c59fd3b9770b812eebcc3a699c7bb22d2b9cd873e6b8e9255e89c6b 7c568cfe2e451973f51d86061b43f618622c5794aac948462be4f8f7ea387240
CLIENT_EARLY_TRAFFIC_SECRET bd4a2310725ba5e71d6ba5050dfecfd488ab4c4619cc96af54fbb846ab26c7fb 32c4e67c2f7bb4c5a0ad0bacb8277666dac8dfad8feab28d25b542744030909f
CLIENT_HANDSHAKE_TRAFFIC_SECRET bd4a2310725ba5e71d6ba5050dfecfd488ab4c4619cc96af54fbb846ab26c7fb bd07d4c0ece7ad828457e697b2102ab1524a7c91e3ae6f167b97f0c38adff8c0
SERVER_HANDSHAKE_TRAFFIC_SECRET bd4a2310725ba5e71d6ba5050dfecfd488ab4c4619cc96af54fbb846ab26c7fb f6a5ac3ffaf94da75e20919abfd70bb04e50b4f0bbe0ba9fd29989e2063478c9
CLIENT_TRAFFIC_SECRET_0 bd4a2310725ba5e71d6ba5050dfecfd488ab4c4619cc96af54fbb846ab26c7fb d473eb9cfeb03dff61770a997c761108aefb8b3f65f845ab15a10c15b311f670
SERVER_TRAFFIC_SECRET_0 bd4a2310725ba5e71d6ba5050dfecfd488ab4c4619cc96af54fbb846ab26c7fb 5a4d16c2786f0202d83d8c070beef4ef4af075aa0cf02f3e53ede8ee732cbccb
EXPORTER_SECRET bd4a2310725ba5e71d6ba5050dfecfd488ab4c4619cc96af54fbb846ab26c7fb d34ed6de9d57a885740c59741db1a7c52c8ce81f5ace8459f1570116595f48bc
CLIENT_HANDSHAKE_TRAFFIC_SECRET 030ac7b61269794d10b4405980cddfc958ec90bf5df5d50987894a8d4bdb2abc 91c857535152ff6f9335ed5301b0537ad18804eab2df03fc30f4a8a6edc2e0f2
SERVER_HANDSHAKE_TRAFFIC_SECRET 030ac7b61269794d10b4405980cddfc958ec90bf5df5d50987894a8d4bdb2abc 83d7a5135cc6f0c3c0aacd484ccc83d654c2be9125ef8856e42960b196be9ee8
CLIENT_TRAFFIC_SECRET_0 030ac7b61269794d10b4405980cddfc958ec90bf5df5d50987894a8d4bdb2abc af401495e85974aef537d11b44850627cbfde03990464db08dc51f8be656a26a
SERVER_TRAFFIC_SECRET_0 030ac7b61269794d10b4405980cddfc958ec90bf5df5d50987894a8d4bdb2abc f170204866db3a4d28d7f434ce2b5689af866923cd62bd9c66bc179080148b63
EXPORTER_SECRET 030ac7b61269794d10b4405980cddfc958ec90bf5df5d50987894a8d4bdb2abc e1846b397d7d70bdf120af5fbe4c05c5f79a899859e27666794b1803992d2d78
CLIENT_HANDSHAKE_TRAFFIC_SECRET 3a41defad303997c21559430fa471803347ff25be2cc9cf305947b4fce164291 386201bab1e7ec788fd200b6c14f7064b025e2c41dfd7531bb3f2564c5e20204c895e12e63cf81a0c2f8a43cdebebc89
SERVER_HANDSHAKE_TRAFFIC_SECRET 3a41defad303997c21559430fa471803347ff25be2cc9cf305947b4fce164291 b8a1f61cbf0e8a644c1367a62e8a993ded5c5a970eeedfe3bcb645f975b9f166c082d079bc69473461a0a291e15248e1
CLIENT_TRAFFIC_SECRET_0 3a41defad303997c21559430fa471803347ff25be2cc9cf305947b4fce164291 b1796809f769ff12a56a896c8fa03db26e504bff34cd6676c7fe0f9766c1623a97f619b7525954e1ff658fbf03832042
SERVER_TRAFFIC_SECRET_0 3a41defad303997c21559430fa471803347ff25be2cc9cf305947b4fce164291 2803a672036b50470b3a4427597ba60365346473148ac70f493a5b8d91fc1c2eb0b81560067a662f31d549ec0a983c3c
EXPORTER_SECRET 3a41defad303997c21559430fa471803347ff25be2cc9cf305947b4fce164291 f247d4870b09c0adf6a8f57f07f704f97813670e4e1326ec0f9b41642175a5739fba59009e1e68f4fb404ec043faf9ae
CLIENT_HANDSHAKE_TRAFFIC_SECRET e7373b43bdef6993c2f1106da788190cb0f744e43cc56e84056e2048a5846dda f2ae5a72ad91dc721c8420c0f34632adf425d8885365ab7b6bafa1587862d88988e3cb9fc717ce571ca4c935ae4ea090
SERVER_HANDSHAKE_TRAFFIC_SECRET e7373b43bdef6993c2f1106da788190cb0f744e43cc56e84056e2048a5846dda b43acca2b5376844e6d3fa50f6988032320b1e39668c714f01ae0464064ba7730466be713e4b14bb777abbe69f83561d
CLIENT_TRAFFIC_SECRET_0 e7373b43bdef6993c2f1106da788190cb0f744e43cc56e84056e2048a5846dda 0cb7b91ca6aaa363ce8e75f181822c52834c88d58a0d21961543f9222925597ef069e16f59644f2ef1bf9e7edabd5a08
SERVER_TRAFFIC_SECRET_0 e7373b43bdef6993c2f1106da788190cb0f744e43cc56e84056e2048a5846dda 6885b8273d542c9a680c2bdf07a4dc44bfd62aa61687787739f9186062678e6662925014a27667cb1d4de4b0af38b4f1
EXPORTER_SECRET e7373b43bdef6993c2f1106da788190cb0f744e43cc56e84056e2048a5846dda 38fa03b9a49ceab90d78d44df85c23835293eea2a32c8a8804111b5aa2bbaafa1f0fe9f3962cdd1c3b18a9c304a0db6e
CLIENT_HANDSHAKE_TRAFFIC_SECRET 35f0aea51959f72e2c9ffd9febf872c1ff9f7aaea0009dee92502a018187e3ed 39993051783fca409939a0e786327139fff3fc489e1cf2cc2b591db75eec1074
SERVER_HANDSHAKE_TRAFFIC_SECRET 35f0aea51959f72e2c9ffd9febf872c1ff9f7aaea0009dee92502a018187e3ed 7ddf6c40838f9319fa1286c4b5a0e854ad1e09a4362040e4887ea19b36ba4ca5
CLIENT_TRAFFIC_SECRET_0 35f0aea51959f72e2c9ffd9febf872c1ff9f7aaea0009dee92502a018187e3ed 6a44a677250c34dba48d5cfb1137f76519e3a9182ce7f21579c9ccfec3aa89ef
SERVER_TRAFFIC_SECRET_0 35f0aea51959f72e2c9ffd9febf872c1ff9f7aaea0009dee92502a018187e3ed 8f1873f0947e5fa1a7d2de029d117dc7056f78f4b4a78a62addebc40b2b4680d
EXPORTER_SECRET 35f0aea51959f72e2c9ffd9febf872c1ff9f7aaea0009dee92502a018187e3ed 153e06013e777b2cf7c5ca01f184589b21c0e68536e8da968c536480e06b444f
CLIENT_HANDSHAKE_TRAFFIC_SECRET 2b1c24c7750c4b818581c1268641e29ee4a478355356697c0e487920668b4def 3ca80c6d911edeced842911a83849b0a65b28750b6f06d75da0493d2b5f0a1cd
SERVER_HANDSHAKE_TRAFFIC_SECRET 2b1c24c7750c4b818581c1268641e29ee4a478355356697c0e487920668b4def 1e4586e3329944bab0d96921fbfea72197e9455cfd8c1468f45e7f4cf668077d
CLIENT_HANDSHAKE_TRAFFIC_SECRET 313e9e9b8046a2c0dc503a54cd4a1f28054f89bd85bfabe08d1841fd58569819 44eceb06c2c345d8c10d2d79072fe2ee6b1f49f484fbf5d3449c6f18bfeed9c8
SERVER_HANDSHAKE_TRAFFIC_SECRET 313e9e9b8046a2c0dc503a54cd4a1f28054f89bd85bfabe08d1841fd58569819 87d913dafb027ff1c264e4b45c117431455e244c698ef3023468934121b060cf
CLIENT_TRAFFIC_SECRET_0 2b1c24c7750c4b818581c1268641e29ee4a478355356697c0e487920668b4def b034b8b1390a492c4a9f466e9a76999ac4b1d9b0f5aa721b552de4056aabee0b
SERVER_TRAFFIC_SECRET_0 2b1c24c7750c4b818581c1268641e29ee4a478355356697c0e487920668b4def 018e69a0203663f4df435fb8283588b61b9ad93f04331639b2cf6df573ab7e96
EXPORTER_SECRET 2b1c24c7750c4b818581c1268641e29ee4a478355356697c0e487920668b4def a0d4e047bbdf72dcdac810f7f0494c42a43448decfe55f9d3fe3658de8976792
CLIENT_TRAFFIC_SECRET_0 313e9e9b8046a2c0dc503a54cd4a1f28054f89bd85bfabe08d1841fd58569819 3eac4e54d7c55f5b72b8e6a093c3cbfcd6371d8b632785dcf205958fa4a0991c
SERVER_TRAFFIC_SECRET_0 313e9e9b8046a2c0dc503a54cd4a1f28054f89bd85bfabe08d1841fd58569819 5a286295cdf933613b68b76d8c7c9181934a03cfbfac5f17eacab41d5fa81676
EXPORTER_SECRET 313e9e9b8046a2c0dc503a54cd4a1f28054f89bd85bfabe08d1841fd58569819 051f68249e3fa815298d5b592db2a7e97828b05c750ed73eb3ecad8570f99486
CLIENT_EARLY_TRAFFIC_SECRET 7fa23ef29e9c0dd8a58d52ead7e6d548cf6cdaa1ef1e450f7b7d36562b174104 800fa8d71b0757ef790378029b5f83fe1d245173e2a15b984feb6616eafd0c72
CLIENT_HANDSHAKE_TRAFFIC_SECRET 7fa23ef29e9c0dd8a58d52ead7e6d548cf6cdaa1ef1e450f7b7d36562b174104 e4e98377808eab12eb8ff947523dc8ad548dc6f4194d640d54d5c8a9b2c27f97
SERVER_HANDSHAKE_TRAFFIC_SECRET 7fa23ef29e9c0dd8a58d52ead7e6d548cf6cdaa1ef1e450f7b7d36562b174104 46bcc93d6caa0a6495f8e2d03318274ac9a27a5b75a6935ec3cd83f45a974ba5
CLIENT_TRAFFIC_SECRET_0 7fa23ef29e9c0dd8a58d52ead7e6d548cf6cdaa1ef1e450f7b7d36562b174104 71b29f1ba2f08079f460c33fd62315d7eddea277a459e21b718a2e2146fdbd8d
SERVER_TRAFFIC_SECRET_0 7fa23ef29e9c0dd8a58d52ead7e6d548cf6cdaa1ef1e450f7b7d36562b174104 f86c55ae865fc5d19afc12797fe695f54acc0f0698ca762ab5687d16fa43fce1
EXPORTER_SECRET 7fa23ef29e9c0dd8a58d52ead7e6d548cf6cdaa1ef1e450f7b7d36562b174104 ff2890765817c662bdde2a3eb1edd278e2ff35c893dff078649e593241d61082
CLIENT_EARLY_TRAFFIC_SECRET 86a6972980acb40a384137c245be46ff789f484c6ec8c7745aa874dea062d731 c5eaeccd576436c6dc7992c404ca5404d79c2b824b02a13dcd8d15686348f7a6
CLIENT_HANDSHAKE_TRAFFIC_SECRET f4ff187cdf645678431bb6d467e574abb06d5d049a2ea828f7586ebfdbc1fdf2 b849a6c6e11786a8cdfecd8cb7f825d65757b1b9dee94881e2ce7c2f94c3541b
SERVER_HANDSHAKE_TRAFFIC_SECRET f4ff187cdf645678431bb6d467e574abb06d5d049a2ea828f7586ebfdbc1fdf2 6f68e8997bdd1a7210cdeac63cb1c8e97e09c4f49477c399e27f277f36b63591
CLIENT_HANDSHAKE_TRAFFIC_SECRET 86a6972980acb40a384137c245be46ff789f484c6ec8c7745aa874dea062d731 bd50c30a9fb5cb145409673a0aaf577f8ff578d2254943d9f46520c9902934ab
SERVER_HANDSHAKE_TRAFFIC_SECRET 86a6972980acb40a384137c245be46ff789f484c6ec8c7745aa874dea062d731 0e77e6246eb4c1611b4ee8a55bc3f2d34cb5ba89a3d723cf809773bae33c46c9
CLIENT_TRAFFIC_SECRET_0 86a6972980acb40a384137c245be46ff789f484c6ec8c7745aa874dea062d731 25ea4d210f926f038bf35b6407ae00972951cb2fe179b0e434b1dd1d02f3542d
SERVER_TRAFFIC_SECRET_0 86a6972980acb40a384137c245be46ff789f484c6ec8c7745aa874dea062d731 31f144183467f3eb0f917d038f45986269f70ed519dc3d1d5ef9a4247c3c5070
EXPORTER_SECRET 86a6972980acb40a384137c245be46ff789f484c6ec8c7745aa874dea062d731 1530954ae5fbf11d5a145104b7b70468c4a276084571b38419600493d34d3faf
CLIENT_TRAFFIC_SECRET_0 f4ff187cdf645678431bb6d467e574abb06d5d049a2ea828f7586ebfdbc1fdf2 3db43915fba70032d3af52c29e64d0304b24faf4b5dde7db84090ff1e0429262
SERVER_TRAFFIC_SECRET_0 f4ff187cdf645678431bb6d467e574abb06d5d049a2ea828f7586ebfdbc1fdf2 ac832c0fb9dcea90b97e6d6e50a25568d57f5168b98004e4894f3d25de8238d8
EXPORTER_SECRET f4ff187cdf645678431bb6d467e574abb06d5d049a2ea828f7586ebfdbc1fdf2 5f3ade385bbc2582567fbe47c5eedbd9acce40aaccc8dac4f6a1ffa6acb2bd66
CLIENT_EARLY_TRAFFIC_SECRET 43f0b0d4e0125b76de150906cd17f4801dc52b8de6f8b7cdb90e9d540564fc41 d3ff5da9326d7ad9e0ad42a6aee39f7b62a62d8940eafd1f7986b81d830d726f
CLIENT_HANDSHAKE_TRAFFIC_SECRET 43f0b0d4e0125b76de150906cd17f4801dc52b8de6f8b7cdb90e9d540564fc41 8996e4842289998c7ab83351617ff4aaa9ab3f4e8ae04b71d0ab05649f94989a
SERVER_HANDSHAKE_TRAFFIC_SECRET 43f0b0d4e0125b76de150906cd17f4801dc52b8de6f8b7cdb90e9d540564fc41 2aa402ef3ebfe08573e13da90b746afe9344b945e40e4b41cb79b62ebf790334
CLIENT_TRAFFIC_SECRET_0 43f0b0d4e0125b76de150906cd17f4801dc52b8de6f8b7cdb90e9d540564fc41 ab52fff253cd00518a2b32b97dc9e6c470126645f37bfc79a77e73dae9f73453
SERVER_TRAFFIC_SECRET_0 43f0b0d4e0125b76de150906cd17f4801dc52b8de6f8b7cdb90e9d540564fc41 8fae6f5df757bc50188f79c001da18f57357368d77063f516e519c1175380809
EXPORTER_SECRET 43f0b0d4e0125b76de150906cd17f4801dc52b8de6f8b7cdb90e9d540564fc41 38444fa9189684fe5ea8fd7065f6d4abf3bc3375f276c65e14b05bf4892f314b
