CLIENT_HANDSHAKE_TRAFFIC_SECRET 930f81a53a53130cd644f283b47822bdb484dfc957514cbeb9484bd3b8545751 181dfb5de8ec077040505ee9ed94c4f6f88b3ad3956408435da1add694de61ff
SERVER_HANDSHAKE_TRAFFIC_SECRET 930f81a53a53130cd644f283b47822bdb484dfc957514cbeb9484bd3b8545751 6bd1a499cebf935347ede34d3794ffce0720e6090dc05b590048e79462a10e43
CLIENT_HANDSHAKE_TRAFFIC_SECRET 505080a807401e226e1fa84c501f78f1aa452c43a0a92fafad853c5354bf0692 911c3af511d3d8a304ec261b697e024f069f31117c31175670b39b038c5b1672
SERVER_HANDSHAKE_TRAFFIC_SECRET 505080a807401e226e1fa84c501f78f1aa452c43a0a92fafad853c5354bf0692 2c717f687cb94de13318b43f4a21666d82089111b243c3245472940605d2c465
CLIENT_HANDSHAKE_TRAFFIC_SECRET 8f48974c1480269c1f1d800ab41586aa2e341a684e218b23edfe16ac02162dd1 24cdfb934e714a17df276fe5877b20659455c84138afdea603565915fe92f713
SERVER_HANDSHAKE_TRAFFIC_SECRET 8f48974c1480269c1f1d800ab41586aa2e341a684e218b23edfe16ac02162dd1 425f369bd58ac0fb883c8cd57d1c01efe40deff1fb35477d66f9240e9e458230
CLIENT_TRAFFIC_SECRET_0 8f48974c1480269c1f1d800ab41586aa2e341a684e218b23edfe16ac02162dd1 1accab4d9283781eb3e55c5288bb9d01cdaffc031942d1a02e122d86ceecf0b0
SERVER_TRAFFIC_SECRET_0 8f48974c1480269c1f1d800ab41586aa2e341a684e218b23edfe16ac02162dd1 da02cb2bda4f1485b7fdb88a3317b38d3a690996750fd0f664e779f477a584bd
EXPORTER_SECRET 8f48974c1480269c1f1d800ab41586aa2e341a684e218b23edfe16ac02162dd1 a379732b19f0ee61f5bb414acd6ec0ce3aa03ff29d4ae0fe14701aaaeab1d3a8
CLIENT_TRAFFIC_SECRET_0 930f81a53a53130cd644f283b47822bdb484dfc957514cbeb9484bd3b8545751 872a57e0dbc121547cd86a61acebad2530da8c3b6c8bc488fe9b54ecd9d7045e
SERVER_TRAFFIC_SECRET_0 930f81a53a53130cd644f283b47822bdb484dfc957514cbeb9484bd3b8545751 532e92a3d11b08b3955f975fa267e4c6f6235da0e1e1d1fa9f026759c5f81744
EXPORTER_SECRET 930f81a53a53130cd644f283b47822bdb484dfc957514cbeb9484bd3b8545751 126b8f07cf209922d451359f3fd275d51c33aba16fe0b86b6d4af94f46875c5e
CLIENT_HANDSHAKE_TRAFFIC_SECRET 5984d9dfb7fc8d9fee2b2aa84b4b8c6a8d213d9fe02a42e51c80760ec2788cc0 2df75f2b8bdcd39f34013757d2d6b3041fa1b7eeca8c45e94d33bfbb484d485c
SERVER_HANDSHAKE_TRAFFIC_SECRET 5984d9dfb7fc8d9fee2b2aa84b4b8c6a8d213d9fe02a42e51c80760ec2788cc0 c69223a30da545bd20e314f4e8f16f18f1d0834b84cd49852bcf09d481287d77
CLIENT_HANDSHAKE_TRAFFIC_SECRET 8567153ba2326fc6573af9f35cbbbdd3a14d0163c4426dd4919308bfe939eaa0 cc86ebb63b273d92c36c717e4a973be93c5b9f9cf517afd1cf4bffffeb3b4d4176fc275e34eaf578a7564b91f51e9f66
SERVER_HANDSHAKE_TRAFFIC_SECRET 8567153ba2326fc6573af9f35cbbbdd3a14d0163c4426dd4919308bfe939eaa0 1ba562db6c277200a9f55e1fbb25ba6c09f0f9e39a57556b7ed7f5df3fae948460e4f8aa63cd4868b4991e064ef6ee5c
CLIENT_TRAFFIC_SECRET_0 505080a807401e226e1fa84c501f78f1aa452c43a0a92fafad853c5354bf0692 a214b139501cb0a35928621ca85755439e7e6f96c71e50da2882e6738bc26c80
SERVER_TRAFFIC_SECRET_0 505080a807401e226e1fa84c501f78f1aa452c43a0a92fafad853c5354bf0692 0941d55e2ae86cacc5a269372effb904bf7077ec9ed4b2d95680e036c2c9fe3d
EXPORTER_SECRET 505080a807401e226e1fa84c501f78f1aa452c43a0a92fafad853c5354bf0692 994ded67efec5fba0e4019894c698ff621fab25a5f6bad6d13d12b9847f6a7f3
CLIENT_TRAFFIC_SECRET_0 8567153ba2326fc6573af9f35cbbbdd3a14d0163c4426dd4919308bfe939eaa0 f9ba5fb104c07818292e77073f5ab460deb25cd7c597ec811237243b689e0ae801819dfc210a09a714fa77135d14557a
SERVER_TRAFFIC_SECRET_0 8567153ba2326fc6573af9f35cbbbdd3a14d0163c4426dd4919308bfe939eaa0 dcb809710b481893b77a1eb31fc4e0e3709bc79053f5da91a75beef43cd398052f780c131ee9635c2f6f808455fec8fa
EXPORTER_SECRET 8567153ba2326fc6573af9f35cbbbdd3a14d0163c4426dd4919308bfe939eaa0 9b5abdb87730f6da5a771335f6633d153b2038c74ad0be38246f5e73392a70e8bfa265da606353f03b11b6be7c1661d8
CLIENT_HANDSHAKE_TRAFFIC_SECRET 4dbe3ed3e77d9b8918df74dfb197b6c5508e59db38a47d461175d6d23817ef07 fded3078024def721e691a891dc5964398a70ce71246f0703b411c642348bc60
SERVER_HANDSHAKE_TRAFFIC_SECRET 4dbe3ed3e77d9b8918df74dfb197b6c5508e59db38a47d461175d6d23817ef07 d0b4edfbb53152766823847d772ccfa6d5f48dd236f97ebec7ef3131a17f52a0
CLIENT_TRAFFIC_SECRET_0 4dbe3ed3e77d9b8918df74dfb197b6c5508e59db38a47d461175d6d23817ef07 168c54d0feb5f65b9b7cd13dcb44ad82abe0d4b5de57d82dc760c20e0ba6375c
SERVER_TRAFFIC_SECRET_0 4dbe3ed3e77d9b8918df74dfb197b6c5508e59db38a47d461175d6d23817ef07 39ceb3f4607f2222eb76cee1786439f59747c12021d9db280e5e758881886803
EXPORTER_SECRET 4dbe3ed3e77d9b8918df74dfb197b6c5508e59db38a47d461175d6d23817ef07 78694bb902c7069e47265a189c366f5f844a309e9a04b7a2be88ccd8308f88eb
CLIENT_TRAFFIC_SECRET_0 5984d9dfb7fc8d9fee2b2aa84b4b8c6a8d213d9fe02a42e51c80760ec2788cc0 fddc876dac54b545a6c5fab280c1530142cb29ac778a68311e1ea8952c5a0cff
SERVER_TRAFFIC_SECRET_0 5984d9dfb7fc8d9fee2b2aa84b4b8c6a8d213d9fe02a42e51c80760ec2788cc0 168d33c2bddec2b74d2ce618d06092bb10471129196db6f16a2bedad889812fa
EXPORTER_SECRET 5984d9dfb7fc8d9fee2b2aa84b4b8c6a8d213d9fe02a42e51c80760ec2788cc0 fb8ddf1ca2c6085251bc0cfbe7c794036a8a4a9d522e1a11ba4b768387db7ca8
CLIENT_HANDSHAKE_TRAFFIC_SECRET 884b4adc82732a5615100c413c94eaef4fa7c26622a1d92de81c0a7f1d8f9749 8175498759169552f4161ae5b2ca55e9d490e8f316382d2bee3d4c742f637ee0
SERVER_HANDSHAKE_TRAFFIC_SECRET 884b4adc82732a5615100c413c94eaef4fa7c26622a1d92de81c0a7f1d8f9749 928a1ffa6072a44e0766939c35293ce55ea66fc7850f61094e440e9449fae6c0
CLIENT_TRAFFIC_SECRET_0 884b4adc82732a5615100c413c94eaef4fa7c26622a1d92de81c0a7f1d8f9749 e862ff0f2400da329d8339f438dd10a6863a4336536f2fb4b308d54fc6749a4b
SERVER_TRAFFIC_SECRET_0 884b4adc82732a5615100c413c94eaef4fa7c26622a1d92de81c0a7f1d8f9749 cc08e4f5897338ac2916d8749762ec49454712445e8f3ff463fe9eb13b0a6df7
EXPORTER_SECRET 884b4adc82732a5615100c413c94eaef4fa7c26622a1d92de81c0a7f1d8f9749 ee044528dbc0b281d4048be9434d71cc8279ce412ca7f79d6054307f28779b92
CLIENT_HANDSHAKE_TRAFFIC_SECRET 5caca544c08c1be3de70e4a479543148d490478869e59957c5f5ba525ecf03b4 0dfd62888f70ddecb5657d6e0912f33cd33ca1a5530160e57af659d1f06d57ac
SERVER_HANDSHAKE_TRAFFIC_SECRET 5caca544c08c1be3de70e4a479543148d490478869e59957c5f5ba525ecf03b4 43ba0b9bb7d8814bd12ec5bb400e6148901da95bb984e591979d2a8142b46a09
CLIENT_HANDSHAKE_TRAFFIC_SECRET 8537b26c317687d981dcfdff4829bf2ec8b10701e6fb19149a206fa358e2f697 cecc9db28bcb274a09840a746b3e184b378a9d0934565e5468db741ef79177d045bf7b7cbf88334988d52f63b9f35a6b
SERVER_HANDSHAKE_TRAFFIC_SECRET 8537b26c317687d981dcfdff4829bf2ec8b10701e6fb19149a206fa358e2f697 70c27bb148b008bcc36eec8bbb31774c7514377a65fd7b945c73b193eed3d65872dac228344602fd9e3f21c361d4b720
CLIENT_TRAFFIC_SECRET_0 5caca544c08c1be3de70e4a479543148d490478869e59957c5f5ba525ecf03b4 651a5c085621d4071a1d1ec49452ad046d623110fb78fac4d5edd63a238812f2
SERVER_TRAFFIC_SECRET_0 5caca544c08c1be3de70e4a479543148d490478869e59957c5f5ba525ecf03b4 e25360968d709e7fcdcbb0c241ed53d6436adfc5ab70c2ed8a8d07f64e336c91
EXPORTER_SECRET 5caca544c08c1be3de70e4a479543148d490478869e59957c5f5ba525ecf03b4 a6959e62a65b1da89372abd6b2a4e2a11a994aabcd9025b93641e88dd180331f
CLIENT_TRAFFIC_SECRET_0 8537b26c317687d981dcfdff4829bf2ec8b10701e6fb19149a206fa358e2f697 1c11854bdc2d07ec8de550debe826e1145f73889a481235d90f37e19967ae2634ac6b2b69f8feba6400393da0a686745
SERVER_TRAFFIC_SECRET_0 8537b26c317687d981dcfdff4829bf2ec8b10701e6fb19149a206fa358e2f697 d26316365d14521db24bab23b3d3c26e30df0db7c8dde0a156da5ad59782c431e6e847f3bdf7fc42f05aba4ebabcc196
EXPORTER_SECRET 8537b26c317687d981dcfdff4829bf2ec8b10701e6fb19149a206fa358e2f697 48895f6f18cc42da94ece811709e47225f36e3285a845572fa4bd7099e5d20ed7e8b75f8e64651b18ef7fa4cf23b37aa
CLIENT_HANDSHAKE_TRAFFIC_SECRET 3dde477b9c7d005ee5c16d98f6f56e42754c465e3479b7f9aa339d7b763ea484 c8efb9eaac3853f9a5a541699ac20b143b8468a70285d32e7b1d2759803016b6
SERVER_HANDSHAKE_TRAFFIC_SECRET 3dde477b9c7d005ee5c16d98f6f56e42754c465e3479b7f9aa339d7b763ea484 da51ac0bf6251b938fb1dd9a15d0f65e7bc1fd9b81ee078a70d1dac3850900c7
CLIENT_TRAFFIC_SECRET_0 3dde477b9c7d005ee5c16d98f6f56e42754c465e3479b7f9aa339d7b763ea484 a9dc6d7f8c37c836b83cdd285004d5bf0c1e811f3c543c3066a97d7246ac3383
SERVER_TRAFFIC_SECRET_0 3dde477b9c7d005ee5c16d98f6f56e42754c465e3479b7f9aa339d7b763ea484 2f18e5c013286ca177dc89d60f8cc91643ad0e1e18feeffdfa0d28a93cf3cd7a
EXPORTER_SECRET 3dde477b9c7d005ee5c16d98f6f56e42754c465e3479b7f9aa339d7b763ea484 3baf479bda3135028d00d3289f027659a203f11293dcd7954cd2d3bf897f2aab
CLIENT_HANDSHAKE_TRAFFIC_SECRET a95784af179ea0f4f0c2910262d1df320b130789107a08b285cf5d7c7025a635 c3547cebe9b2f1afa053853903f56199e77cf25ff092972c2bea1f1fe71b2c83
SERVER_HANDSHAKE_TRAFFIC_SECRET a95784af179ea0f4f0c2910262d1df320b130789107a08b285cf5d7c7025a635 daeacdbef5eb230d839ab93a3807d49e982b58f0c8606e5f6a090486218ec8f3
CLIENT_TRAFFIC_SECRET_0 a95784af179ea0f4f0c2910262d1df320b130789107a08b285cf5d7c7025a635 6f26db3d0e1085ea2a8d547bc8b2bdd774e83e942e60a58b33d8dc567028316f
SERVER_TRAFFIC_SECRET_0 a95784af179ea0f4f0c2910262d1df320b130789107a08b285cf5d7c7025a635 7d84b3fcb8c9ba885da5c9c72cd2d86a7a9e3859ce1a7001f87927faa4c13336
EXPORTER_SECRET a95784af179ea0f4f0c2910262d1df320b130789107a08b285cf5d7c7025a635 0e2bfcdc72bb83b22f1299356747ab00335fbbf3484248be4c326273eddd5722
CLIENT_HANDSHAKE_TRAFFIC_SECRET ba9afb464d573a0383586a298751e904caf43d353a276506c1a53f4c2cb45a96 9a63d5cfd85497869c9541da4d79619450008c24dfb9d3aeca1dfb7c42b2a819
SERVER_HANDSHAKE_TRAFFIC_SECRET ba9afb464d573a0383586a298751e904caf43d353a276506c1a53f4c2cb45a96 84c2b8d47a2acbcf082570e2c4473c1c4cc8b5a6a78e7a41596467105ac3ce56
CLIENT_TRAFFIC_SECRET_0 ba9afb464d573a0383586a298751e904caf43d353a276506c1a53f4c2cb45a96 e52d749dec0e2b5dd995dc970661b0d0ec3e333dea72c354028d1995d90cc623
SERVER_TRAFFIC_SECRET_0 ba9afb464d573a0383586a298751e904caf43d353a276506c1a53f4c2cb45a96 b292197fe013ec04f89f08c07e78c480f9e987e6a2a817aee299eff59705147a
EXPORTER_SECRET ba9afb464d573a0383586a298751e904caf43d353a276506c1a53f4c2cb45a96 d43092a25657a6e89dd2586fb4e5ac0de93b03eab5514c4cfbe60b3e5ca427df
CLIENT_HANDSHAKE_TRAFFIC_SECRET f3239ff4a269d415b2965a2d4b1b7b7f9773550d8b4ef779a27061ca0c9284d9 5bfb3c63e5881ab7daf72df07f7d3237e351e9122f87f65ac62d244f1e80adcc
SERVER_HANDSHAKE_TRAFFIC_SECRET f3239ff4a269d415b2965a2d4b1b7b7f9773550d8b4ef779a27061ca0c9284d9 37b486d5ecb244cf6a37d6d88e31391d4854fd8842826bfe5a62e7ca20c58a67
CLIENT_EARLY_TRAFFIC_SECRET 597fadc57cbb1966e67a4595e36a0f5e97e8fdd239e7f43e9d3416eb36464574 eb1eb284e458cbbd2ad3f39fd3c72e75530796e0bf4ea059a8115f3643d65be4
CLIENT_TRAFFIC_SECRET_0 f3239ff4a269d415b2965a2d4b1b7b7f9773550d8b4ef779a27061ca0c9284d9 d9492320667f12d0554fbd6bd0c431c8d4ce08c24b45a05e9a0de8cb5f0f7619
SERVER_TRAFFIC_SECRET_0 f3239ff4a269d415b2965a2d4b1b7b7f9773550d8b4ef779a27061ca0c9284d9 16c9667401e2ed7f1a3484753d476fe2bfecf47057d7965b4f4a1c5031156e23
EXPORTER_SECRET f3239ff4a269d415b2965a2d4b1b7b7f9773550d8b4ef779a27061ca0c9284d9 e2dd0a23f7cb04d64d76adcbf4bcf4957cb41613ada93733a4614f777e5cde09
CLIENT_HANDSHAKE_TRAFFIC_SECRET 597fadc57cbb1966e67a4595e36a0f5e97e8fdd239e7f43e9d3416eb36464574 d2013512b71804cec2e3ce31b97f458c4bdcf4172b25344cc94bdedb82abd017
SERVER_HANDSHAKE_TRAFFIC_SECRET 597fadc57cbb1966e67a4595e36a0f5e97e8fdd239e7f43e9d3416eb36464574 95edd8520980744f8bcffaf28f5288fb4ff4c64097b381320e842b1aad5c9508
CLIENT_TRAFFIC_SECRET_0 597fadc57cbb1966e67a4595e36a0f5e97e8fdd239e7f43e9d3416eb36464574 2c8825b622bdac18e831dd0d1ce720abf0dd7d27a1a8bb8cea6bb0e8f7fb8958
SERVER_TRAFFIC_SECRET_0 597fadc57cbb1966e67a4595e36a0f5e97e8fdd239e7f43e9d3416eb36464574 f24f8228f99efcadedafc0e435520783ce20e83499dfb185567a044b10c361aa
EXPORTER_SECRET 597fadc57cbb1966e67a4595e36a0f5e97e8fdd239e7f43e9d3416eb36464574 ad7a87bb53dc197c0c337df6c67a4fbf224c339a5c262e3844f86b653d913008
CLIENT_HANDSHAKE_TRAFFIC_SECRET 306483fb314b2e7e77241325a70a4b837b0192e74c52c45c99065d592b4eee37 9d3a9626896214e62d75e4431ea144f181b361b2d7813fe424cbf842b3cb0ffc
SERVER_HANDSHAKE_TRAFFIC_SECRET 306483fb314b2e7e77241325a70a4b837b0192e74c52c45c99065d592b4eee37 26f38f110ae7cf847a530e91a73276401ee6ab12b84be61510eb9ef44e5edf02
CLIENT_TRAFFIC_SECRET_0 306483fb314b2e7e77241325a70a4b837b0192e74c52c45c99065d592b4eee37 e126091f5342a92717eecf1fbe7e43033408c8cd0c1c762a7f0b3e341aadf87e
SERVER_TRAFFIC_SECRET_0 306483fb314b2e7e77241325a70a4b837b0192e74c52c45c99065d592b4eee37 66f418bd904ec67c9e835d2bee85593b939d292688f12719190e75ba552b5a50
EXPORTER_SECRET 306483fb314b2e7e77241325a70a4b837b0192e74c52c45c99065d592b4eee37 89493e9cf2fcd1d6654cb68a097f5c9ad9e2c8a7b421d877dc7bed9547e4ebb1
CLIENT_HANDSHAKE_TRAFFIC_SECRET b723497b9d24ec077f84fe305efda61db99837ec6287d1714d3e6a8186adaa4e 0c55d60c058b886ad5b29c4e08a268e4f6c642dc32a6f58f4dddf156f4df27b1afa5613cfce54dd84f3c9a562fbc9bc0
SERVER_HANDSHAKE_TRAFFIC_SECRET b723497b9d24ec077f84fe305efda61db99837ec6287d1714d3e6a8186adaa4e 46a7a1a34f55bc5bfb5b482022cdc653a43592b38f57f61c6ad55cfb11e2fbf433b97691ee059f8be2f61211121d2554
CLIENT_TRAFFIC_SECRET_0 b723497b9d24ec077f84fe305efda61db99837ec6287d1714d3e6a8186adaa4e 560659511e58ba21abcba5656974fd96c9189b68fff27ed013af49182c3176c0165e354da6c3b35887c256a7b55a7154
SERVER_TRAFFIC_SECRET_0 b723497b9d24ec077f84fe305efda61db99837ec6287d1714d3e6a8186adaa4e ed003bb284475e7f4c2920b287caebcafdd66ac871de19bf2a8eea5fb876347f78e9aa7c51914c2d92996b92f8ec5156
EXPORTER_SECRET b723497b9d24ec077f84fe305efda61db99837ec6287d1714d3e6a8186adaa4e 95ce82d5f99788fed486d8f08767aec365c63cd5b279b68746cd39738659af3b85f82c37c0c7d0003f3ca612cdec6cf2
CLIENT_HANDSHAKE_TRAFFIC_SECRET e15206631b4d8e483e36546f58b7e82593e855398d1689f12f7fdb954ef3300a 9ba24cba84d86f7241b354b4e8dd485fde78a72a71a32fc0814d88da4bf951b9
SERVER_HANDSHAKE_TRAFFIC_SECRET e15206631b4d8e483e36546f58b7e82593e855398d1689f12f7fdb954ef3300a 09aad9647553ee37213a5a5c1707a9d47940381e9376ee32e9bf8293218664b1
CLIENT_HANDSHAKE_TRAFFIC_SECRET dfaa6e8ca5493eb76afb1d66c44105d7b1e0d19b1404967430bce1e49f7ab71e 65d8af4953dcecc68be5293ad9bff1ca2ce43fe7498da3dc094337818cfceb34
SERVER_HANDSHAKE_TRAFFIC_SECRET dfaa6e8ca5493eb76afb1d66c44105d7b1e0d19b1404967430bce1e49f7ab71e fdfbae7fad9eeeff04585ab1e46e0f76e5272db5b42b808ff05a9c3a6e43bfdc
CLIENT_TRAFFIC_SECRET_0 dfaa6e8ca5493eb76afb1d66c44105d7b1e0d19b1404967430bce1e49f7ab71e 4a485fe3bfd58780c842100705324d3cf8f7988667210c350e76c187ea1108ea
SERVER_TRAFFIC_SECRET_0 dfaa6e8ca5493eb76afb1d66c44105d7b1e0d19b1404967430bce1e49f7ab71e e70e8db5147fb16b88c0d90cd80c60ff4656c387f3e85f3409e535567e129e0e
EXPORTER_SECRET dfaa6e8ca5493eb76afb1d66c44105d7b1e0d19b1404967430bce1e49f7ab71e da9f814abb564315ae57b67fa15d92346e607f5250964fd9279a9b3ae1579e90
CLIENT_TRAFFIC_SECRET_0 e15206631b4d8e483e36546f58b7e82593e855398d1689f12f7fdb954ef3300a 5b5bf750c3ca2800a9bc27ba085100446ec12ccc42d1c6a48afb96499f4b514e
SERVER_TRAFFIC_SECRET_0 e15206631b4d8e483e36546f58b7e82593e855398d1689f12f7fdb954ef3300a f98eccdfaf396efb3a40fe436a04a1fdc35a431e0c8ef54075c4d6a482c892da
EXPORTER_SECRET e15206631b4d8e483e36546f58b7e82593e855398d1689f12f7fdb954ef3300a e0ffa26acaf7aba1012c1c907d630784f091a83430bae2ef18a5a3f93e3b9407
CLIENT_HANDSHAKE_TRAFFIC_SECRET b9fc1e2a61025dd5ff4846fe0d0fd4465588da409edb650d3069e84098c0576d cb5ac7b93b084afb7a15f4242e91a87232a3f7b10642a200e4aa43b733534503
SERVER_HANDSHAKE_TRAFFIC_SECRET b9fc1e2a61025dd5ff4846fe0d0fd4465588da409edb650d3069e84098c0576d 699ee7ba2363fad2626154ca9a779d1061b2bdbefb1b0bbaba457d2064351c83
CLIENT_TRAFFIC_SECRET_0 b9fc1e2a61025dd5ff4846fe0d0fd4465588da409edb650d3069e84098c0576d a0a5db164069d0c6182ba9501ec7cbaff9e11c76978c1b60699427825911a330
SERVER_TRAFFIC_SECRET_0 b9fc1e2a61025dd5ff4846fe0d0fd4465588da409edb650d3069e84098c0576d 7e43404fff41b7bc1f2937ad8c6331aecbaf2ad9c2b22853a9dd97c52e1012a8
EXPORTER_SECRET b9fc1e2a61025dd5ff4846fe0d0fd4465588da409edb650d3069e84098c0576d d49591e4eddefcc35188e6a89ab4605c2d96f6ee8b8660158a633323836893c8
CLIENT_HANDSHAKE_TRAFFIC_SECRET 5cce6d2586cce47deb7939dfd81a89710fb4194deb9a59cd8350dbb3b3f60154 84a1dbfc16cb164fa56e3443f647584ea402cb09b6d42056e9dc4a5958824c20
SERVER_HANDSHAKE_TRAFFIC_SECRET 5cce6d2586cce47deb7939dfd81a89710fb4194deb9a59cd8350dbb3b3f60154 3008c9f3b42d2c12c430e34d958b8030cca7e8267c2ecda4351f87c15ebbe498
CLIENT_TRAFFIC_SECRET_0 5cce6d2586cce47deb7939dfd81a89710fb4194deb9a59cd8350dbb3b3f60154 b8fdd0026899f2dc5e7cecf2a18570d449ae48507e25b9a457b27b00f9baedbc
SERVER_TRAFFIC_SECRET_0 5cce6d2586cce47deb7939dfd81a89710fb4194deb9a59cd8350dbb3b3f60154 2758b8cabac60032ac96063e41e42d333650d6941dccca18d328ec5f29833146
EXPORTER_SECRET 5cce6d2586cce47deb7939dfd81a89710fb4194deb9a59cd8350dbb3b3f60154 37d8430f71236a6f11b6e856e3a2d6612f880c5c25a0b69918d0c729fffa6d1e
CLIENT_HANDSHAKE_TRAFFIC_SECRET ec98f951151ab2b222990d3bcb08eaff9a1ea83fa6a7b1413edc8e394e8733ce 7647ff6ac391f0eaf54134ff026f9b8d4bedd3f51d69c68a08cddb4c20b6855b
SERVER_HANDSHAKE_TRAFFIC_SECRET ec98f951151ab2b222990d3bcb08eaff9a1ea83fa6a7b1413edc8e394e8733ce cac373fcb114cd3928e7efe8b0efb19b955eb71ba4e78f975fd6d4a2ae35cf05
CLIENT_TRAFFIC_SECRET_0 ec98f951151ab2b222990d3bcb08eaff9a1ea83fa6a7b1413edc8e394e8733ce d58c7e1341a80566c0c9181b27d26d5c1199ef5fd687f65af9e076424d86e8f5
SERVER_TRAFFIC_SECRET_0 ec98f951151ab2b222990d3bcb08eaff9a1ea83fa6a7b1413edc8e394e8733ce a9eab19c1d55d7f31c280df800cd2ab81a515ca871f8c9eb7cc1c156d511fce2
EXPORTER_SECRET ec98f951151ab2b222990d3bcb08eaff9a1ea83fa6a7b1413edc8e394e8733ce 0b7fe0b1f459a477735f233598b6c462e4300db9a12949ed11445c4ca1e0b33c
CLIENT_HANDSHAKE_TRAFFIC_SECRET 2e2b50518d307f98bccd5e238374360986753e854519cb4f9e865edb4184d00a b3868ed1a96446d4495107498859c9b4ce8df3f6372268666b59de1e550ac188
SERVER_HANDSHAKE_TRAFFIC_SECRET 2e2b50518d307f98bccd5e238374360986753e854519cb4f9e865edb4184d00a 0e298bdcd3d6afc8d3756873aa720305156a6ec13db4522dd6b8463a18905371
CLIENT_TRAFFIC_SECRET_0 2e2b50518d307f98bccd5e238374360986753e854519cb4f9e865edb4184d00a 3d486f9f523ce109eccf92c12a71bf5cc02ba1b84bdf1ecd66de67057889d81b
SERVER_TRAFFIC_SECRET_0 2e2b50518d307f98bccd5e238374360986753e854519cb4f9e865edb4184d00a b5f43f282a7885b4ed9a71795920442a479171459ee05949f0a2e77f3783d448
EXPORTER_SECRET 2e2b50518d307f98bccd5e238374360986753e854519cb4f9e865edb4184d00a b74fdefa837a179177ee230b2d94cce5233c993283647092cba887c5cc6e438e
CLIENT_HANDSHAKE_TRAFFIC_SECRET b651cdcaf6605933726c0fdc41666fa4da13085a343773d0fff796e139423264 da0dfab1279fdc3458515deb3448d8022caf9863c7f1793452213fb591e95c37
SERVER_HANDSHAKE_TRAFFIC_SECRET b651cdcaf6605933726c0fdc41666fa4da13085a343773d0fff796e139423264 7d3dd58019f1910c41126f4f9e1aab073e286fa7c30bd48ef1af4946f73a63bb
CLIENT_TRAFFIC_SECRET_0 b651cdcaf6605933726c0fdc41666fa4da13085a343773d0fff796e139423264 35744a460404045fa4a3828bebc7781bdb737491ca8f33e5718fca40684ffcf2
SERVER_TRAFFIC_SECRET_0 b651cdcaf6605933726c0fdc41666fa4da13085a343773d0fff796e139423264 ee75d4627f4c7714fb44f8b5e285cccf7584a905de9511177cafe75c2791461d
EXPORTER_SECRET b651cdcaf6605933726c0fdc41666fa4da13085a343773d0fff796e139423264 e98afd3302d789dc371198462fbd221ecd87515d0d9364044b564aba93a3cdfa
CLIENT_HANDSHAKE_TRAFFIC_SECRET ba213e9a8adb4d517a3338cd44034e7d463eac5306273692d48fb25b3aa07210 b4b8aa328080a94782d6d8414e9c058e3e912ae5aebad8ac7946e53138717d1a
SERVER_HANDSHAKE_TRAFFIC_SECRET ba213e9a8adb4d517a3338cd44034e7d463eac5306273692d48fb25b3aa07210 abb01cb176e5f47e53d9d69d35f60c8cdbc2089dc75f5ab056139d8d160dfdd2
CLIENT_TRAFFIC_SECRET_0 ba213e9a8adb4d517a3338cd44034e7d463eac5306273692d48fb25b3aa07210 546b239d23fb6c11d4ccffbc68cd886fb6c278b9f61b240fb5f003ee8ef9d687
SERVER_TRAFFIC_SECRET_0 ba213e9a8adb4d517a3338cd44034e7d463eac5306273692d48fb25b3aa07210 83d8e22ec77461885c286eab2fdc1003b14a041c5df1dad8d9bfcb7a5d645794
EXPORTER_SECRET ba213e9a8adb4d517a3338cd44034e7d463eac5306273692d48fb25b3aa07210 8b99321d5efee0ce50c0d26d36391126544155133b63a21bd0bfb0b12570c000
CLIENT_HANDSHAKE_TRAFFIC_SECRET 724949b1a5ce722ee8245ae298cbd3a0df50ac6ef13b2e3cc9c12f76d90a5ea5 31096d874ce5d9e845ddfb4e4b090d4b1010f67613dc9c60da8e134494e7d74a
SERVER_HANDSHAKE_TRAFFIC_SECRET 724949b1a5ce722ee8245ae298cbd3a0df50ac6ef13b2e3cc9c12f76d90a5ea5 352696d71bc64ca2aa06637930ba3ba770c9c1e951ca15668c5f2c201a518096
CLIENT_HANDSHAKE_TRAFFIC_SECRET b90c440dfd3327e3516a1cff85b719800f23096a436b6ee48a6f1da262877921 7b75505db263c02e84ffe9971f343930a0d8de85418fdbd99d4c1ca6e363d7f2
SERVER_HANDSHAKE_TRAFFIC_SECRET b90c440dfd3327e3516a1cff85b719800f23096a436b6ee48a6f1da262877921 4263c1fb5013453898342501a8d3e982415cdb28e0515694089eefccd2525b7e
CLIENT_TRAFFIC_SECRET_0 724949b1a5ce722ee8245ae298cbd3a0df50ac6ef13b2e3cc9c12f76d90a5ea5 ce3d8f96b07e4285e288d16312fcade188974e2c00b8cd078f43b7dccd08c429
SERVER_TRAFFIC_SECRET_0 724949b1a5ce722ee8245ae298cbd3a0df50ac6ef13b2e3cc9c12f76d90a5ea5 74bff92cd663da266052033ab9de5c90d9f1dd53cf5e4fa3565710daaf6f29cb
EXPORTER_SECRET 724949b1a5ce722ee8245ae298cbd3a0df50ac6ef13b2e3cc9c12f76d90a5ea5 d11bacb9888cbdf369edbcb5a30bb40a327efdc04267d65d6820e0e32595c3d3
CLIENT_TRAFFIC_SECRET_0 b90c440dfd3327e3516a1cff85b719800f23096a436b6ee48a6f1da262877921 e16bc2f1a2e2653c6066b4f0aacb7f32c55f3a1c0c026677b0b61acc12cc44c1
SERVER_TRAFFIC_SECRET_0 b90c440dfd3327e3516a1cff85b719800f23096a436b6ee48a6f1da262877921 780d7809ad18860ab2f652503ade15eed1f0e965aafeeb1321e222634f04746c
EXPORTER_SECRET b90c440dfd3327e3516a1cff85b719800f23096a436b6ee48a6f1da262877921 feb8eb1e7df6c1768fb9fca65714db6a45c8ba2b75e7ac9b9ddf54a6e7b104af
CLIENT_HANDSHAKE_TRAFFIC_SECRET 6f4a6b6841413becc77a767830b876aa5ae1f0505a4bdf9c8d07fd16c74da3d7 ee79384ac5da1ed4fcb8b5671a2d1f73638d2adbd56a5754b4e1fc917b73a29a
SERVER_HANDSHAKE_TRAFFIC_SECRET 6f4a6b6841413becc77a767830b876aa5ae1f0505a4bdf9c8d07fd16c74da3d7 38bc6c011d7a530bbab078b954deba00446def8bd24f733290c74e904e39b5d2
CLIENT_TRAFFIC_SECRET_0 6f4a6b6841413becc77a767830b876aa5ae1f0505a4bdf9c8d07fd16c74da3d7 cb8518beef497697674ff4282e0bad754c38b506cb772723c055c5ef1f433637
SERVER_TRAFFIC_SECRET_0 6f4a6b6841413becc77a767830b876aa5ae1f0505a4bdf9c8d07fd16c74da3d7 b4c4925a515dc2b663dcdb0c9a442a1f651f7836177cf57e8286c5f95ef7d311
EXPORTER_SECRET 6f4a6b6841413becc77a767830b876aa5ae1f0505a4bdf9c8d07fd16c74da3d7 eac9e727a557968f8314a5d30d1321e1a1c0e012e70ae5c20c3ef392b90c011f
CLIENT_HANDSHAKE_TRAFFIC_SECRET cc32a2e98f984504411c45792f4a6f1878eb22d8b489af1335fcd9a8777184a0 a8992aa00caf230277b4964c771c122e74117af5a8809f15896766e2f9340f86
SERVER_HANDSHAKE_TRAFFIC_SECRET cc32a2e98f984504411c45792f4a6f1878eb22d8b489af1335fcd9a8777184a0 1349fa83c7d89d7dbf6b66ed78b50f0d4aeaf244820a26d949c943333258d020
CLIENT_TRAFFIC_SECRET_0 cc32a2e98f984504411c45792f4a6f1878eb22d8b489af1335fcd9a8777184a0 e8a2dd72e8c28ac2e7f1f455de862cd93273bb6c343270f20f7d15d07bf4f9a5
SERVER_TRAFFIC_SECRET_0 cc32a2e98f984504411c45792f4a6f1878eb22d8b489af1335fcd9a8777184a0 2153435085600a7d87352fab719a3976b517c8d141e35bd1fda1370c05d7d1e1
EXPORTER_SECRET cc32a2e98f984504411c45792f4a6f1878eb22d8b489af1335fcd9a8777184a0 cdbc00bab3b8259d4bba68f4c3d9ed86e00de425228aafc974d657d7576075cb
CLIENT_HANDSHAKE_TRAFFIC_SECRET 1bdad0f21ce9b897eacc2df5dd7ea7fcbf60b822d0e70e8cbc5cf213501bb899 86147642d180c5a98d06d5c2905d5833bd025d00e55ce14d7dcc2ca993623821
SERVER_HANDSHAKE_TRAFFIC_SECRET 1bdad0f21ce9b897eacc2df5dd7ea7fcbf60b822d0e70e8cbc5cf213501bb899 cef607bcd82b0473702b7568312539e71debe2b20bae4f9035a75b3f29327f9d
CLIENT_TRAFFIC_SECRET_0 1bdad0f21ce9b897eacc2df5dd7ea7fcbf60b822d0e70e8cbc5cf213501bb899 2a1fcf90f6e77ca5ea63efcbef23775f9b2b35ceaf8e44844d51bea9724ab808
SERVER_TRAFFIC_SECRET_0 1bdad0f21ce9b897eacc2df5dd7ea7fcbf60b822d0e70e8cbc5cf213501bb899 1e3fa7594a867d913aa08b333a770f1ed8b65ccab239adbddec1e288d7e5b2e0
EXPORTER_SECRET 1bdad0f21ce9b897eacc2df5dd7ea7fcbf60b822d0e70e8cbc5cf213501bb899 bf2f58604ccd75980749559c8eb0eb82fae10c8b4fce5fde2225f0bb755cdbed
CLIENT_EARLY_TRAFFIC_SECRET 5e9efd0943d42766ea944b868ea3beb61291781e0f81e5d64d2b197c2e720b5f c11e7734388bbf57bc10ff997a6eeb69601a6ada2216f8c92938c4c31323403a
CLIENT_HANDSHAKE_TRAFFIC_SECRET 5e9efd0943d42766ea944b868ea3beb61291781e0f81e5d64d2b197c2e720b5f a8321360dc036bcf9ecc7d16c07473ed80abd6efa60856fd8e77c02fedceb64e
SERVER_HANDSHAKE_TRAFFIC_SECRET 5e9efd0943d42766ea944b868ea3beb61291781e0f81e5d64d2b197c2e720b5f 0a31338074a26e953b174b6fce24a23d2beca024bed3156d4d8998d4ebf2bf28
CLIENT_TRAFFIC_SECRET_0 5e9efd0943d42766ea944b868ea3beb61291781e0f81e5d64d2b197c2e720b5f 1eda52cbbc24ceb1ba9aecee751f2ad90555b43d33f3e7110f0bb0c8e0db678c
SERVER_TRAFFIC_SECRET_0 5e9efd0943d42766ea944b868ea3beb61291781e0f81e5d64d2b197c2e720b5f 066f859e35d3f07198d1abc5173a8f873e4ee7b2075b9752038f93ae925bdd6d
EXPORTER_SECRET 5e9efd0943d42766ea944b868ea3beb61291781e0f81e5d64d2b197c2e720b5f 2f979aafb1414651a290543b271e8611eeba11fd7febc02495ee49da9d25cdee
CLIENT_HANDSHAKE_TRAFFIC_SECRET daf6a77b09bc6c6a5d5318dcc8c38a51c36081cb1b4dff79fb5b26a8d18ea24a bcc18d45c7c86a98eb168131e6252ea33d411631069a61eb2c2bf4138fa1ca52
SERVER_HANDSHAKE_TRAFFIC_SECRET daf6a77b09bc6c6a5d5318dcc8c38a51c36081cb1b4dff79fb5b26a8d18ea24a 1b38a22cd0b786d32b7fc31a7579b1b1a99b06aadd6f478043a1e4a4ab93a382
CLIENT_TRAFFIC_SECRET_0 daf6a77b09bc6c6a5d5318dcc8c38a51c36081cb1b4dff79fb5b26a8d18ea24a 38daa586e5d63db60753c4da8a96809b32350cb38c71dbe2e9a89d745db11064
SERVER_TRAFFIC_SECRET_0 daf6a77b09bc6c6a5d5318dcc8c38a51c36081cb1b4dff79fb5b26a8d18ea24a 3eb980470fbf088f49daedacccb9111635c19a07d3546b781047d14aacad5401
EXPORTER_SECRET daf6a77b09bc6c6a5d5318dcc8c38a51c36081cb1b4dff79fb5b26a8d18ea24a 1e7e31903c51278c271333f0dbac4afef49830b1e1a5f0f97d2b8265bc36e635
CLIENT_HANDSHAKE_TRAFFIC_SECRET 9f4ab9a83e2835426b18e400ae0109ac9f9cab5e7c5dc53dd68d2555f5eca70d b1ee808c38afb3513ecb99f0cdfab44fd80b3a1907af09ea512f9a3ce1e0b2f725e4f07ea5a0b67440b6da11fb5f64be
SERVER_HANDSHAKE_TRAFFIC_SECRET 9f4ab9a83e2835426b18e400ae0109ac9f9cab5e7c5dc53dd68d2555f5eca70d f953febd356f60902806dcac56e21896c2811dcd529450bbde7cb1df9b49c1af56219877cc33028cd1cd6f9c08746749
CLIENT_TRAFFIC_SECRET_0 9f4ab9a83e2835426b18e400ae0109ac9f9cab5e7c5dc53dd68d2555f5eca70d 05d52caeae2c187f35b452b7b37af411eedeb5ded1182503172b82f37022cf923153944827ee3c1d5b6c02776f823070
SERVER_TRAFFIC_SECRET_0 9f4ab9a83e2835426b18e400ae0109ac9f9cab5e7c5dc53dd68d2555f5eca70d c46a45a468e8703d3007e53f4a7a36b2093c36d754daecc38ee689b08557c61f7f5ad323806049fdf562c2d20ab206c9
EXPORTER_SECRET 9f4ab9a83e2835426b18e400ae0109ac9f9cab5e7c5dc53dd68d2555f5eca70d 9d7d9533397059b95659f9df86a82ec3c9c55265b4f068cfe37a5f441ece675feb45718818b1937875756a4c452eedfb
CLIENT_HANDSHAKE_TRAFFIC_SECRET 09f279d1051a753e81a4856c10eac3946a5fa3a5b21f3fe3a512a4e8b4bcc4f5 ef5fe04c3633677c1782f7cafa35a6dfb79f862ef952450ade71ec4ab8266104
SERVER_HANDSHAKE_TRAFFIC_SECRET 09f279d1051a753e81a4856c10eac3946a5fa3a5b21f3fe3a512a4e8b4bcc4f5 107214e6044469567e4d2d344570d6e14f0eee148b8b4b728c77178dd91eb4d4
CLIENT_TRAFFIC_SECRET_0 09f279d1051a753e81a4856c10eac3946a5fa3a5b21f3fe3a512a4e8b4bcc4f5 cdd00a187585202cab0b96b4b5e133b5409d9876c6903b00367092c6c328ccd4
SERVER_TRAFFIC_SECRET_0 09f279d1051a753e81a4856c10eac3946a5fa3a5b21f3fe3a512a4e8b4bcc4f5 0a6cf1742eafe789b12b22b7929a9625f3727ac119d1fa406393583766714d8b
EXPORTER_SECRET 09f279d1051a753e81a4856c10eac3946a5fa3a5b21f3fe3a512a4e8b4bcc4f5 f03f09d3dbb034cf5b3e5d9f940523b0c20c23bc40bf8997018d52173fde894e
CLIENT_HANDSHAKE_TRAFFIC_SECRET d977574c769c42175ac80bb35a65c5ce038f10f50c9b965d55709783bdcaa631 e3102f6b2beb391f3ddb76121d83e0e1b4a2205d2d572ea67019256657e90c75
SERVER_HANDSHAKE_TRAFFIC_SECRET d977574c769c42175ac80bb35a65c5ce038f10f50c9b965d55709783bdcaa631 967a5a05935abb119fd006350fa00ec2e3a8e0c6f37b6c990db8d38aa6ece8a3
CLIENT_TRAFFIC_SECRET_0 d977574c769c42175ac80bb35a65c5ce038f10f50c9b965d55709783bdcaa631 1b3afad9409ff27e8d57ba02b86cef86ccc75305c5befbec7221c4e52407cb60
SERVER_TRAFFIC_SECRET_0 d977574c769c42175ac80bb35a65c5ce038f10f50c9b965d55709783bdcaa631 034439ab201b5d7f4fbc99f6b2e2f7435e7b32f15afb66307efb739150226d40
EXPORTER_SECRET d977574c769c42175ac80bb35a65c5ce038f10f50c9b965d55709783bdcaa631 eb031756e37710cf4ab75cce105f4e969cd93661dd9136f649eb7b319055a22e
CLIENT_HANDSHAKE_TRAFFIC_SECRET f1c5eb60e5c2fb7d16569fb5d33bccca5b67863b8d683bc84510cc3da331de8c b90510ff5f0f02af64da86c522a8db3dfe18c0bcccb212845748e4fff80fa0fb
SERVER_HANDSHAKE_TRAFFIC_SECRET f1c5eb60e5c2fb7d16569fb5d33bccca5b67863b8d683bc84510cc3da331de8c c726635835f5b5058561aed5b78d9d77f807b0bb920e4bced5f07da7b72f321d
CLIENT_TRAFFIC_SECRET_0 f1c5eb60e5c2fb7d16569fb5d33bccca5b67863b8d683bc84510cc3da331de8c 0b84789e8488ef7ff5e08f70ac663e594013cb8cf7d96e925a8718de62b53d92
SERVER_TRAFFIC_SECRET_0 f1c5eb60e5c2fb7d16569fb5d33bccca5b67863b8d683bc84510cc3da331de8c 881479ab8316f34b9f70064dbddea63af9724331d585148ce96f853c5df585fe
EXPORTER_SECRET f1c5eb60e5c2fb7d16569fb5d33bccca5b67863b8d683bc84510cc3da331de8c e147732013b1b5929636ec429968a1e8c6f97f1e33be54e37ad5f811b3211704
CLIENT_HANDSHAKE_TRAFFIC_SECRET 35cd9fb8ff2b5cbdbc8a39ce94f056e72e89cebdc940d5705c4d700f4e188b80 1e49a725e3a3f8177e3aaad8f34177c57c9e6fc529a1f1ace3efb85f3d606470
SERVER_HANDSHAKE_TRAFFIC_SECRET 35cd9fb8ff2b5cbdbc8a39ce94f056e72e89cebdc940d5705c4d700f4e188b80 233df3b0b58399fe17a850f85316eb1fa5385c41863b0b8118fb44cf0b53271a
CLIENT_TRAFFIC_SECRET_0 35cd9fb8ff2b5cbdbc8a39ce94f056e72e89cebdc940d5705c4d700f4e188b80 f83e9f42b28339d7ee03816fe6a0b6cbce86c5b56bd7b4a7a77b31b9754e2498
SERVER_TRAFFIC_SECRET_0 35cd9fb8ff2b5cbdbc8a39ce94f056e72e89cebdc940d5705c4d700f4e188b80 72b053811f7cb4d46c4a4ecec386e81e9fdff4ac1404cadeb0b0f1c92d5d63ec
EXPORTER_SECRET 35cd9fb8ff2b5cbdbc8a39ce94f056e72e89cebdc940d5705c4d700f4e188b80 fd2e2cc8199743348053b18c33a3ef96847114d30f5b5e859af7bf51eed6c4da
CLIENT_HANDSHAKE_TRAFFIC_SECRET 5bb6d34fee0ccf46adf9b34ccda6ccb3e7b7572f8e45659d0c1a1513a50d5687 6fdec3ffa623d53f29ac9e332daf212d94f2ee6b85ea49da7df33c650cb978a5
SERVER_HANDSHAKE_TRAFFIC_SECRET 5bb6d34fee0ccf46adf9b34ccda6ccb3e7b7572f8e45659d0c1a1513a50d5687 50de7569570cbf65d27b3a37d2a28fb1700c721e9da2fe1defb88f349ae2dcb0
CLIENT_TRAFFIC_SECRET_0 5bb6d34fee0ccf46adf9b34ccda6ccb3e7b7572f8e45659d0c1a1513a50d5687 01185f2e0313e6d28458b0bd45dc25110714737c2081575f3b2e059bfba98c28
SERVER_TRAFFIC_SECRET_0 5bb6d34fee0ccf46adf9b34ccda6ccb3e7b7572f8e45659d0c1a1513a50d5687 6cbdbacf4971ab5ab88b2556964cc71764fc6bf0ade0eabcb32bfbc92aa8952e
EXPORTER_SECRET 5bb6d34fee0ccf46adf9b34ccda6ccb3e7b7572f8e45659d0c1a1513a50d5687 7fb0b75f47fd7a7257fd0c69d5dcf0b8706649c8496d0b935d9ee60b4debface
CLIENT_HANDSHAKE_TRAFFIC_SECRET 93555a9b25628cd1b8b5eba2d97c0d18e6f8fa9f74da7c188e7ddee0dea7e9e1 d3270110591348a453e463889cd2b6c8d6d9a9eb78ca4a2764b977bb9576529c
SERVER_HANDSHAKE_TRAFFIC_SECRET 93555a9b25628cd1b8b5eba2d97c0d18e6f8fa9f74da7c188e7ddee0dea7e9e1 c508fca13634ebb4080f4c0b650829eb8873bd5a419f2e2079c44773905ffeb0
CLIENT_TRAFFIC_SECRET_0 93555a9b25628cd1b8b5eba2d97c0d18e6f8fa9f74da7c188e7ddee0dea7e9e1 28ae076186f6eb3f81ddc135c5e08e23c761447e7abf51b28ac51ba6222c70b7
SERVER_TRAFFIC_SECRET_0 93555a9b25628cd1b8b5eba2d97c0d18e6f8fa9f74da7c188e7ddee0dea7e9e1 da73ac1a225c18f0b03f705401c71c2985525de51546ce5725fc22aefe6454ee
EXPORTER_SECRET 93555a9b25628cd1b8b5eba2d97c0d18e6f8fa9f74da7c188e7ddee0dea7e9e1 90ed122dd7f468a9b57b761f376fbab34134ed740532eb3a82a0f0274117ac95
CLIENT_HANDSHAKE_TRAFFIC_SECRET cd725cb1249c975e285030043e2f22527852eab11aee982466656cfefafc305e 3cd1ff7180e718606ca158e3c1f25099e7120faa873803d0b6e7947924260f9e
SERVER_HANDSHAKE_TRAFFIC_SECRET cd725cb1249c975e285030043e2f22527852eab11aee982466656cfefafc305e 0b2e759f5fb3e24eff44e7b865d6a7e2539bfef0ad997e360a97af173c1db8b2
CLIENT_TRAFFIC_SECRET_0 cd725cb1249c975e285030043e2f22527852eab11aee982466656cfefafc305e 65144622f34ac9e078def451188be2420eadb42e61d169d31855b072c20b341a
SERVER_TRAFFIC_SECRET_0 cd725cb1249c975e285030043e2f22527852eab11aee982466656cfefafc305e 42036e51c1517c9fd77f299a5568df8420db3d660e793d767f94effc2200977d
EXPORTER_SECRET cd725cb1249c975e285030043e2f22527852eab11aee982466656cfefafc305e 596ccd2dee7a7347ceab50423a76f878c104a8c592ed01d0ad26e9b8498c8f1c
CLIENT_HANDSHAKE_TRAFFIC_SECRET be46bf857a2b6e28833508cf8de5e23c26a66ceed6178e7e541c33da93c7aecb 4b5396d21cdbf5f5de7efe856ce7d9ed3b7a6c6b56de2641a66a1efa5856b0ca
SERVER_HANDSHAKE_TRAFFIC_SECRET be46bf857a2b6e28833508cf8de5e23c26a66ceed6178e7e541c33da93c7aecb 7a620aa061da5f4401a8c9d043366e32dfe6e1a2f0b9a8944bc2706ca988d57f
CLIENT_TRAFFIC_SECRET_0 be46bf857a2b6e28833508cf8de5e23c26a66ceed6178e7e541c33da93c7aecb e42acf37e1bcfe70d427adf20979cded6adbea0e7b0eece17c1a894c9b674df5
SERVER_TRAFFIC_SECRET_0 be46bf857a2b6e28833508cf8de5e23c26a66ceed6178e7e541c33da93c7aecb 35d1a43e87a666d8f1f397fd4ab0396009a3f4bbd97a9a4e5a9f82dad02dbbbb
EXPORTER_SECRET be46bf857a2b6e28833508cf8de5e23c26a66ceed6178e7e541c33da93c7aecb 025ee2bfcdc4b1b62043631c9b7211bab2e7154db33a9ddce4aabef641ef8186
CLIENT_HANDSHAKE_TRAFFIC_SECRET 92b9f32fbe3de0e9b5e0f0e4e86115a524ea86a0ac8e8424c047d641d124adcc 471174fdbcf6006ed8f24724c82e9d2cb20be305bc177fb47f6594aa5c9bfebf
SERVER_HANDSHAKE_TRAFFIC_SECRET 92b9f32fbe3de0e9b5e0f0e4e86115a524ea86a0ac8e8424c047d641d124adcc e0ee1ac54a1613aad2d99689ef0cd177b427e36337b235a790a84e025d3dd47d
CLIENT_TRAFFIC_SECRET_0 92b9f32fbe3de0e9b5e0f0e4e86115a524ea86a0ac8e8424c047d641d124adcc 42dfa0ee1ec1312ff0500fef6c76aa59433cf9c8673060b8ab4a34b6b2cd9bb0
SERVER_TRAFFIC_SECRET_0 92b9f32fbe3de0e9b5e0f0e4e86115a524ea86a0ac8e8424c047d641d124adcc 8997e3a5c38be9f2aeffd4f4ee27f51e638ea3ec59313910ca83cff3b1faa272
EXPORTER_SECRET 92b9f32fbe3de0e9b5e0f0e4e86115a524ea86a0ac8e8424c047d641d124adcc 7e81dc5ea0582d5cebcc51e713c324455269cec7fbda6edea1a22676e2433b4f
CLIENT_HANDSHAKE_TRAFFIC_SECRET 547ad74bbe8c3bde6089e4e07cc5895640c21edc843d29d3b786951321c4ff8f 9f75f43d1fd643748b9dfb118fb80cecbb338d66b9e6c826f1c6eb55642459609057840e073847ded13235f5dfa447ac
SERVER_HANDSHAKE_TRAFFIC_SECRET 547ad74bbe8c3bde6089e4e07cc5895640c21edc843d29d3b786951321c4ff8f 6b51d70f13e3a9d6da1caf6c3fafd496d4daf68b19c5505d587cb01cb2e6189f636bcaa2d082f9a02a5c6e5dbf12ea52
CLIENT_TRAFFIC_SECRET_0 547ad74bbe8c3bde6089e4e07cc5895640c21edc843d29d3b786951321c4ff8f 2d7779500c1be7a4f10b492af99ee225f3bc33a9eab487940f057a4f4fcfc9ed06ac906f612d20f1c8d435349ec8128c
SERVER_TRAFFIC_SECRET_0 547ad74bbe8c3bde6089e4e07cc5895640c21edc843d29d3b786951321c4ff8f b0c3818ff9166476739615f4c5af178e59a2d046bc0d70c4afbb322b7e5e01ecb55a100dd734fc3588061e77706a7636
EXPORTER_SECRET 547ad74bbe8c3bde6089e4e07cc5895640c21edc843d29d3b786951321c4ff8f dbbe3585d8e658666ba595f27e4830ed4acd415acc02b66ce8ae0976b76261467240148560aaacea27a5aca963fde695
CLIENT_HANDSHAKE_TRAFFIC_SECRET 6dab71596696be90c878bb9e228262b863c34cdf9ea6cd509332322a1c227f47 01b4f0f5d737607ad43c2080ece63b49adb84046850d002cc3158bceaf4aa066
SERVER_HANDSHAKE_TRAFFIC_SECRET 6dab71596696be90c878bb9e228262b863c34cdf9ea6cd509332322a1c227f47 aa7b45a8211cc5d55c4cac5ccec74549aa1a8bc9446c78c62d8ce314c2ae3c68
CLIENT_TRAFFIC_SECRET_0 6dab71596696be90c878bb9e228262b863c34cdf9ea6cd509332322a1c227f47 bd07859a48b48db07e77e40d012928e71c751c70ab12692bd4fbf63a8da04dc9
SERVER_TRAFFIC_SECRET_0 6dab71596696be90c878bb9e228262b863c34cdf9ea6cd509332322a1c227f47 93b0d86d075a94c3b4aaaeed0a2ecf3cf4737ca9406a549815807c29e0983645
EXPORTER_SECRET 6dab71596696be90c878bb9e228262b863c34cdf9ea6cd509332322a1c227f47 e78338c861d73459c1d04503811d5d6dbb1b4199d84f0a4264381b9e426abd07
CLIENT_HANDSHAKE_TRAFFIC_SECRET c3c15df2203be7a1fcfa117407f0f5cc4d7379d567a810f343cbdb03e1985232 ca2af16e6ab6d79e8bd3695187c5fc18516509d1212147203c14be021b0a5841
SERVER_HANDSHAKE_TRAFFIC_SECRET c3c15df2203be7a1fcfa117407f0f5cc4d7379d567a810f343cbdb03e1985232 f11e002d4cd24d6dbc2f3fdedf14c1f3ed8eb36fbdbfeb7a947f02903bb669a0
CLIENT_HANDSHAKE_TRAFFIC_SECRET 9b27fa9c08aecc14f22d15274d1659cf3aefbb8c4f23ffa4452e4e7f45ac07e1 2f7f50bbebfcade26734fe87bdc193dacf1137f694be1593db448862ccc54027
SERVER_HANDSHAKE_TRAFFIC_SECRET 9b27fa9c08aecc14f22d15274d1659cf3aefbb8c4f23ffa4452e4e7f45ac07e1 fdbbca431e7b99ab09cbe41a727a06fcd4313324f4f73bd9ca09cebdae512164
CLIENT_TRAFFIC_SECRET_0 c3c15df2203be7a1fcfa117407f0f5cc4d7379d567a810f343cbdb03e1985232 b171b95a949eaef19dcf5204ab79cc9e4b1da73e1e8080b6305f8020b7291fae
SERVER_TRAFFIC_SECRET_0 c3c15df2203be7a1fcfa117407f0f5cc4d7379d567a810f343cbdb03e1985232 6ba44f6932c40a5c9db596544b3b7ecb6679595f97385662ce0686cac60da876
EXPORTER_SECRET c3c15df2203be7a1fcfa117407f0f5cc4d7379d567a810f343cbdb03e1985232 a3292f8521c86ed537ae8f670ffd6c2060ee4f72caea309961cedb346dd6af4a
CLIENT_HANDSHAKE_TRAFFIC_SECRET 836ad1de081f8a7a96c2e8056685558e5fc2b5c179226e343d42f1b9dd044f2e cdfdbd8158f2f1c4cf3b149fc04982421edb7a4716eebe5af7c30459c6180006
SERVER_HANDSHAKE_TRAFFIC_SECRET 836ad1de081f8a7a96c2e8056685558e5fc2b5c179226e343d42f1b9dd044f2e 2c7b89485ab1cc1dc0766eb7ec08fef12598be9b36f9c552b5a7be2872904877
CLIENT_TRAFFIC_SECRET_0 836ad1de081f8a7a96c2e8056685558e5fc2b5c179226e343d42f1b9dd044f2e 728801ac88f309c12f81c148d325f9a593603af839201ff35695707c0f0caaaa
SERVER_TRAFFIC_SECRET_0 836ad1de081f8a7a96c2e8056685558e5fc2b5c179226e343d42f1b9dd044f2e 30d3478f9d2cc8f1eb127ecabb4e9e2f651422d021503645e571c85432abba37
EXPORTER_SECRET 836ad1de081f8a7a96c2e8056685558e5fc2b5c179226e343d42f1b9dd044f2e 026f288c382e489c07c85d5ea76ec13efc0763295b11c46b5be5664432140d5d
CLIENT_EARLY_TRAFFIC_SECRET 53f845fc84617efcee06dde65795f5b94a0c2b53f831d3e11f8aa6ec557c9020 191a76f5b07c3f5652ca73ee468d8bec891466d86f0f5d2e3287fdd0db11d21b
CLIENT_HANDSHAKE_TRAFFIC_SECRET 53f845fc84617efcee06dde65795f5b94a0c2b53f831d3e11f8aa6ec557c9020 8699dba6755e257e3ac2daba2eba186325a83609cc3b888e9e906ef744900afb
SERVER_HANDSHAKE_TRAFFIC_SECRET 53f845fc84617efcee06dde65795f5b94a0c2b53f831d3e11f8aa6ec557c9020 50ce134d2e7bd2929dd3df71051e172dbe0efa8e4703cf5ff1eb863527e2598e
CLIENT_TRAFFIC_SECRET_0 53f845fc84617efcee06dde65795f5b94a0c2b53f831d3e11f8aa6ec557c9020 57a74290dfc010481394031e02030bed3bff5bb352bf97a888cd578306d49c21
SERVER_TRAFFIC_SECRET_0 53f845fc84617efcee06dde65795f5b94a0c2b53f831d3e11f8aa6ec557c9020 45c0f3fd05eeab69aab01b07d829a489d22494d455e88284a7ef4b36e4f43ca2
EXPORTER_SECRET 53f845fc84617efcee06dde65795f5b94a0c2b53f831d3e11f8aa6ec557c9020 526b740f22211ae0e9dbeb0c8119fa582c2a71cf4350c327b98fe3eec46682d2
CLIENT_HANDSHAKE_TRAFFIC_SECRET aef8f17d143406ed2caf5c4670268a9c1ea63e753cdafdeb550f4e3bcd226262 27eac791602121532b5dc4b1b9334d076dfffb3ea94a0482556eb6a8fb89d77d
SERVER_HANDSHAKE_TRAFFIC_SECRET aef8f17d143406ed2caf5c4670268a9c1ea63e753cdafdeb550f4e3bcd226262 a915df199f0c7e58e26fc9cacd740fa74305d4d3327e24f3fe61f138a817639c
CLIENT_HANDSHAKE_TRAFFIC_SECRET 2e65646684da3167b499dec9b64dcbcd508902a5c8f2b9cb9cb751d07f44453b 0c29f82c1135438fc1f7ed387daa4d6de39af4d95894e0cd37ddbcfa68e97cfd745ad4cfbb9f740052dd9cd29dacbae5
SERVER_HANDSHAKE_TRAFFIC_SECRET 2e65646684da3167b499dec9b64dcbcd508902a5c8f2b9cb9cb751d07f44453b 469f4db26de81b4f08b4b565c8cd69af8b49e81dd49ebde537601a22d7f237b3ffa3b47f54e7f621384abda0b7d5bc39
CLIENT_TRAFFIC_SECRET_0 2e65646684da3167b499dec9b64dcbcd508902a5c8f2b9cb9cb751d07f44453b f657dc2ea63863d87999c5e2673defbea61649ed8fc2208faeeb4d8c6a748023652dc10445347ee5ed22012d69c23366
SERVER_TRAFFIC_SECRET_0 2e65646684da3167b499dec9b64dcbcd508902a5c8f2b9cb9cb751d07f44453b ee4edcfe6f965648f23db556bc2c2b07313fc4a57658cf4df5d5f72234521f31a79fb0553bdb32a5c3ead161c237957a
EXPORTER_SECRET 2e65646684da3167b499dec9b64dcbcd508902a5c8f2b9cb9cb751d07f44453b f3698fb582b8728741970350a7f2cf59997a99952060e54d368faf1f69868d1333d1b58ec2062f04d43333db882faf0f
CLIENT_TRAFFIC_SECRET_0 aef8f17d143406ed2caf5c4670268a9c1ea63e753cdafdeb550f4e3bcd226262 ffaa8f53c13a3d64a1cc1be9a513841fb03b8f32b7e5e3a4b116c44d361eff0d
SERVER_TRAFFIC_SECRET_0 aef8f17d143406ed2caf5c4670268a9c1ea63e753cdafdeb550f4e3bcd226262 36e61af717e3f77d22fea818398e7fa2880b4e8101d8ba0a7a92afd506d49cbf
EXPORTER_SECRET aef8f17d143406ed2caf5c4670268a9c1ea63e753cdafdeb550f4e3bcd226262 911bb30f4ad775268b7d737261055d7b06d4efa7e376133e0e27c3f679abe153
CLIENT_HANDSHAKE_TRAFFIC_SECRET 2f9726793257695ed3d48f9780d26ee047673308c60b65d680fd126e6d461d83 02932da3050ff9c660ada9ee5e8585494bf9f9ff9fd8e5d8e8b6cf045ec94767e31b056b4306f9368c94b0b9c3221a52
SERVER_HANDSHAKE_TRAFFIC_SECRET 2f9726793257695ed3d48f9780d26ee047673308c60b65d680fd126e6d461d83 1c798de6ca75f227b8aaaa71ba8a325d068b03585cd1104cea7537781f1ead8e3f5e675f1e4e4fcc21e768410c4db516
CLIENT_TRAFFIC_SECRET_0 2f9726793257695ed3d48f9780d26ee047673308c60b65d680fd126e6d461d83 19a754dc9c6e279c867e35cb7f105ec72e8214d790fff88b9a49ab2fd4459de3070f98eca37161d719b8f0b627fa57d6
SERVER_TRAFFIC_SECRET_0 2f9726793257695ed3d48f9780d26ee047673308c60b65d680fd126e6d461d83 0b7ece3efdc13213aff8d9c60fb7b193cee2dc0dba6eaf045b05c1e1f321ee5d23369f6d26cc8d1c761ce90d6b6ac5e4
EXPORTER_SECRET 2f9726793257695ed3d48f9780d26ee047673308c60b65d680fd126e6d461d83 d20b159e672059c38efbaa6aa38ec6d7390d4e74586754b1d443db495786d7204ad55622b5761bfcbff603de9e917e5d
CLIENT_HANDSHAKE_TRAFFIC_SECRET b70fc1d42a2b0c259dcd731506eb229daaf59d34ed831998ff61c825c141d5f0 afcb32b7b6be21f7f5014509343c64d4dc3014dbc9d0221f7ca2b276f50297e3
SERVER_HANDSHAKE_TRAFFIC_SECRET b70fc1d42a2b0c259dcd731506eb229daaf59d34ed831998ff61c825c141d5f0 e27d8a989ec8515b056271eb9eb2a576dc291b3d5516ac1967c4c49d450ef803
CLIENT_TRAFFIC_SECRET_0 b70fc1d42a2b0c259dcd731506eb229daaf59d34ed831998ff61c825c141d5f0 e8d38a5ea1a4c9d7c3fea3f4bea380b3700f66badf5038934a2f3508ef717390
SERVER_TRAFFIC_SECRET_0 b70fc1d42a2b0c259dcd731506eb229daaf59d34ed831998ff61c825c141d5f0 b866cbe7d5381f67829d922c0da2555d80313f7406f021c89af94ea6c1d8caa8
EXPORTER_SECRET b70fc1d42a2b0c259dcd731506eb229daaf59d34ed831998ff61c825c141d5f0 183a9bedda2bbba131cdc3941233d2de5d5d3391a399bd927f9a5d0d5b5a0639
CLIENT_EARLY_TRAFFIC_SECRET 7cf0eee5fce102127f39523594a9e584bc207de8c5dc93bf880f2348159b2ffa 2738ef0c56423a83a60abe21f649303a5287873e7a50919561fbab1f365ac1e2
CLIENT_HANDSHAKE_TRAFFIC_SECRET 7cf0eee5fce102127f39523594a9e584bc207de8c5dc93bf880f2348159b2ffa e523c1f8dc251ef94beeaf742f1e6a71d0a4164ea5bc74b7f1625c19ea00b440
SERVER_HANDSHAKE_TRAFFIC_SECRET 7cf0eee5fce102127f39523594a9e584bc207de8c5dc93bf880f2348159b2ffa ebd2cfa7420accf66f38f6a42640126dfd307a8ebf39ed353bf9cc58c216cecf
CLIENT_TRAFFIC_SECRET_0 7cf0eee5fce102127f39523594a9e584bc207de8c5dc93bf880f2348159b2ffa 80835eff8a61ea157ad5bf783834a513d576c7e6fb5e7c854a91c3a28f0e826f
SERVER_TRAFFIC_SECRET_0 7cf0eee5fce102127f39523594a9e584bc207de8c5dc93bf880f2348159b2ffa 69779174be49f5de01ce8ee047bcaa756686aa13621c1de248118ca8fc3d4049
EXPORTER_SECRET 7cf0eee5fce102127f39523594a9e584bc207de8c5dc93bf880f2348159b2ffa 7003b79d90b4dea036c9bd49f16b413e6265f11dc3bab962a19e7417171a117f
CLIENT_HANDSHAKE_TRAFFIC_SECRET 008f2b2373ef932cdd98535fb9db3241dffc59c3fa47099975e225d31ce3fca1 54bc47f50894fabbb89c859a7752e637b35c63fcc2e8d0394f10f46d9112baf3
SERVER_HANDSHAKE_TRAFFIC_SECRET 008f2b2373ef932cdd98535fb9db3241dffc59c3fa47099975e225d31ce3fca1 de9e32275df637cf6ee10a2d2ab015b125f81281d72cdd7bc0036e30d95e2531
CLIENT_TRAFFIC_SECRET_0 008f2b2373ef932cdd98535fb9db3241dffc59c3fa47099975e225d31ce3fca1 d4f02129be87b21e7f9149125b5528b9b1b8055bbccf739a00be36c19b29cf2a
SERVER_TRAFFIC_SECRET_0 008f2b2373ef932cdd98535fb9db3241dffc59c3fa47099975e225d31ce3fca1 ea2ec73bb6201444af581d3571393a59d3412e805790c4c29b30ac1ca50a90ad
EXPORTER_SECRET 008f2b2373ef932cdd98535fb9db3241dffc59c3fa47099975e225d31ce3fca1 1c80f65525e89649f6d2323ff1218d2132e3928911c6f074ca47b98fea7fde56
CLIENT_HANDSHAKE_TRAFFIC_SECRET 88b21d39b4cb3a93eaf0cc84c6a33867d90fb8c78a94225bf1456cd252f3b0b0 08d386d4bd07abdc1ebb4332a4c149d26eb1d7f6de4ad8a62c7641f36262fc59
SERVER_HANDSHAKE_TRAFFIC_SECRET 88b21d39b4cb3a93eaf0cc84c6a33867d90fb8c78a94225bf1456cd252f3b0b0 965c38eb67578469723f61b113ccceb855bbfa52dea34e2f08e388cfb185931b
CLIENT_TRAFFIC_SECRET_0 88b21d39b4cb3a93eaf0cc84c6a33867d90fb8c78a94225bf1456cd252f3b0b0 14ebb624595281eddfddb5c45ee301f0399ff1ac67efe0e25212b40f5e95cb18
SERVER_TRAFFIC_SECRET_0 88b21d39b4cb3a93eaf0cc84c6a33867d90fb8c78a94225bf1456cd252f3b0b0 55f84690b8cb043373c155c489ec940816c326699d98ebb91e5edd8a58c63583
EXPORTER_SECRET 88b21d39b4cb3a93eaf0cc84c6a33867d90fb8c78a94225bf1456cd252f3b0b0 2dbd68f26be6c4e71c4e9afe57a29145988cc8af8b18582aa01f067a1ec035e3
CLIENT_EARLY_TRAFFIC_SECRET 732cbeb5e208cc31b2f965bd84aa6be2e6ba3d54425f88e75db0f56f3c899d6e 1f434cc716aa287ab5a9e4cf3f6b5777c89a1ff3740fbc030ab21566c38e17e5
CLIENT_HANDSHAKE_TRAFFIC_SECRET 732cbeb5e208cc31b2f965bd84aa6be2e6ba3d54425f88e75db0f56f3c899d6e 01edb1fb5557f64c8ae5fd40f7f519540323f8dbc7e85ab94157691a62b9cafa
SERVER_HANDSHAKE_TRAFFIC_SECRET 732cbeb5e208cc31b2f965bd84aa6be2e6ba3d54425f88e75db0f56f3c899d6e d18a4ab5364b417a5be1ae686e2dd49afb508876f073b31d1bb4b1e2c1cb3227
CLIENT_TRAFFIC_SECRET_0 732cbeb5e208cc31b2f965bd84aa6be2e6ba3d54425f88e75db0f56f3c899d6e 905a7ba903a7a6c33c34db23d1f4bd29df1e571fbb794b0e2ff281aa06ee5773
SERVER_TRAFFIC_SECRET_0 732cbeb5e208cc31b2f965bd84aa6be2e6ba3d54425f88e75db0f56f3c899d6e 6d4f775328e2682106275f5ac4b76fa05ea386025b49dc0c55d0484f3b39107e
EXPORTER_SECRET 732cbeb5e208cc31b2f965bd84aa6be2e6ba3d54425f88e75db0f56f3c899d6e 6436427d8eda537632e4335c3a3e9946153d42724ed300d1daa34ff46adad6b0
CLIENT_EARLY_TRAFFIC_SECRET 78e9e0600605d8e0acf7796f83d5e9f37f80376db81ae87aa299dd334515e4ba 8a88070e3888aa4e262499494f349af34ffb6142e67786c43c748df1f695ce87
CLIENT_HANDSHAKE_TRAFFIC_SECRET 78e9e0600605d8e0acf7796f83d5e9f37f80376db81ae87aa299dd334515e4ba d6a2710af7dce4171639e1495b0bff10cb11367f0f8844cf08dd17adcb35ffe0
SERVER_HANDSHAKE_TRAFFIC_SECRET 78e9e0600605d8e0acf7796f83d5e9f37f80376db81ae87aa299dd334515e4ba 02c56c1c6d21b148b21ff6cde739276b9b94f37870f0d9f05382a9864414841d
CLIENT_TRAFFIC_SECRET_0 78e9e0600605d8e0acf7796f83d5e9f37f80376db81ae87aa299dd334515e4ba 4570cd2b507d7e8b3641fee36419ec47bda6d8a5660d1d96f65ce2026b801ae0
SERVER_TRAFFIC_SECRET_0 78e9e0600605d8e0acf7796f83d5e9f37f80376db81ae87aa299dd334515e4ba ab105305c596494fff27b5ba1cbf4230d269a461fdd211c2c58b8c41952ee94c
EXPORTER_SECRET 78e9e0600605d8e0acf7796f83d5e9f37f80376db81ae87aa299dd334515e4ba be3685dbc85f79f26532c3cf2f3b8f943cd72e9930735e8ca9ab8c67dd51e3ab
CLIENT_HANDSHAKE_TRAFFIC_SECRET 5ef50ad694ef3aa31989ffa95dd6373739538ac4611ba8816d2922f1b1bbc880 414c9c006613dd73f80d29940e475a4949ae40d3e89088d71f961bf64828bdca59542e9dc8b49ba8f28686ee4ddc7afa
SERVER_HANDSHAKE_TRAFFIC_SECRET 5ef50ad694ef3aa31989ffa95dd6373739538ac4611ba8816d2922f1b1bbc880 48474e904b9ddb67db59317b7b8fc1c1601ab8531c997d7f6368eafc474065402e7f5d21fa659ed06795232f5cfa86d7
CLIENT_TRAFFIC_SECRET_0 5ef50ad694ef3aa31989ffa95dd6373739538ac4611ba8816d2922f1b1bbc880 51339072f8b28fd85d2c13a6cf0da1e6da93f0eeb32a5dae39e938762f0b52f294b7390ca2fa0c3bf6df720c02bfb16a
SERVER_TRAFFIC_SECRET_0 5ef50ad694ef3aa31989ffa95dd6373739538ac4611ba8816d2922f1b1bbc880 f858a0b7c1c2dba81f66cb906328692c9079d69f8f5df4a9ef0838485a1135a93218c10570b30c387c8633e0089cb70a
EXPORTER_SECRET 5ef50ad694ef3aa31989ffa95dd6373739538ac4611ba8816d2922f1b1bbc880 d170abd34b0333c7bcf71efeea138d573a548d821bfd069212897c9b93640ac1ba24f31713ad1b0032c5bb119653e93c
CLIENT_EARLY_TRAFFIC_SECRET d7f71d483c0a6269a62552a457271a82d714f196d5108d6e4e137047ee3a07f5 23afd29609e9e2ea59291bdfe3c06d55b2213ac319828223f43174cfef48854e
CLIENT_HANDSHAKE_TRAFFIC_SECRET d7f71d483c0a6269a62552a457271a82d714f196d5108d6e4e137047ee3a07f5 190ce12874fdcda8744ec1d12a52c6f3d8e177dd1f0dd5ae95e979e75347f5b0
SERVER_HANDSHAKE_TRAFFIC_SECRET d7f71d483c0a6269a62552a457271a82d714f196d5108d6e4e137047ee3a07f5 e626b5b84ef567f0ccbce21b84c45819b5669a9229af1c27aa2001ecbbc5d523
CLIENT_TRAFFIC_SECRET_0 d7f71d483c0a6269a62552a457271a82d714f196d5108d6e4e137047ee3a07f5 189358a6c52b3f2888a756173df20de4c1540c76a80972d2a7ae5662da1adf4d
SERVER_TRAFFIC_SECRET_0 d7f71d483c0a6269a62552a457271a82d714f196d5108d6e4e137047ee3a07f5 a782124a348bef41accf8688869b7ca85c8614d8fa566e5919cd5f73f2823ffc
EXPORTER_SECRET d7f71d483c0a6269a62552a457271a82d714f196d5108d6e4e137047ee3a07f5 ceb8665944f66dafb05f6ce735c9686992e9dc21322e9eb97c1d6db45625ce3e
CLIENT_EARLY_TRAFFIC_SECRET dfef3a96f3b94cae061885e8d04ce766f961449d80381407de4b524245b109a6 d36f04f213d2c5ba7904728c9c2fa9a4118a92c6b174a2bd3ed6650ffd23279a
CLIENT_HANDSHAKE_TRAFFIC_SECRET dfef3a96f3b94cae061885e8d04ce766f961449d80381407de4b524245b109a6 c3b2a7912276d07402d12c39fc2a22b92fb245a332e66249c03d87e385e43d7a
SERVER_HANDSHAKE_TRAFFIC_SECRET dfef3a96f3b94cae061885e8d04ce766f961449d80381407de4b524245b109a6 521dafe62bbfdb4af55e0490f39d76c028c1ab9b3cf7d9b4d992a3905c54abec
CLIENT_TRAFFIC_SECRET_0 dfef3a96f3b94cae061885e8d04ce766f961449d80381407de4b524245b109a6 ac9435996c849495a3d9fdd18c556992e0b5620e338307b52672bd606ed7aa79
SERVER_TRAFFIC_SECRET_0 dfef3a96f3b94cae061885e8d04ce766f961449d80381407de4b524245b109a6 7567eb7748e578eb514706e8240dd44ee5ab13f461e9fb2f87b6edff39e7d315
EXPORTER_SECRET dfef3a96f3b94cae061885e8d04ce766f961449d80381407de4b524245b109a6 db0140248cb40928d625811d77d23b8241536ba6b16789d2ca688d271f8891ea
CLIENT_EARLY_TRAFFIC_SECRET 00a77870ba06cef31da5a3a3ac3017d20b99b8b53ded7ee93697eee85174cf29 8f5d3effeaf83ed6484a1fc9d9e5c9881f8d1945463190595cb9b83e2e11f733
CLIENT_HANDSHAKE_TRAFFIC_SECRET 00a77870ba06cef31da5a3a3ac3017d20b99b8b53ded7ee93697eee85174cf29 e372ae6e1225fdf50d84681db1b79f8d56c36665912b879ad623742ee6ea090a
SERVER_HANDSHAKE_TRAFFIC_SECRET 00a77870ba06cef31da5a3a3ac3017d20b99b8b53ded7ee93697eee85174cf29 32772ff1fac09798ffd5fc52af91e45544971f34f1ed59f781e98ed2745277c2
CLIENT_TRAFFIC_SECRET_0 00a77870ba06cef31da5a3a3ac3017d20b99b8b53ded7ee93697eee85174cf29 dd77dc23b8bfd08b9605a801957600b376e24379e08c721d5b5d6e4dfb5a1d55
SERVER_TRAFFIC_SECRET_0 00a77870ba06cef31da5a3a3ac3017d20b99b8b53ded7ee93697eee85174cf29 9573967063a16c620c1817eb67b1c3f2ddb3be3432e4e35b4468623202778314
EXPORTER_SECRET 00a77870ba06cef31da5a3a3ac3017d20b99b8b53ded7ee93697eee85174cf29 3747d008d9fbcd17fbe00391e0829e32587bbe653a5c47b6392353e85014e034
