CLIENT_HANDSHAKE_TRAFFIC_SECRET 518b5ee7e267bb2070757a52a57c1ebc755074dfb70129b98cae171264f20d81 ff1f7925b09a7a69f3f27e1e670015bfd81fa48233b316abc9595162d8232843
SERVER_HANDSHAKE_TRAFFIC_SECRET 518b5ee7e267bb2070757a52a57c1ebc755074dfb70129b98cae171264f20d81 4e9631fb4dd8cae6bb585f14d1831d2fe0e0b2dea9f6ba894415a428ef4cb6e5
CLIENT_HANDSHAKE_TRAFFIC_SECRET 14e9ebf4da1ad9bcb2068ac8184a510fa0a2f8ca1273e5d9fa62d35f114fd836 d455139b61788912f146702c436fc831fec3e57a055a777c9e00085eea2c78292e46e55b5fcb5c37a6d2de46f0d4f0c3
SERVER_HANDSHAKE_TRAFFIC_SECRET 14e9ebf4da1ad9bcb2068ac8184a510fa0a2f8ca1273e5d9fa62d35f114fd836 8acaf6997f307efc16708554afd337b97e665665eff108f570b2d223a8286b587c7a9d19a6088dbb3ef2aa85e85cce75
CLIENT_HANDSHAKE_TRAFFIC_SECRET 593d66ed4e79f4288f9ccd5846d25c68c5c7c0fc6852caa4ec2debde9665369e ebaa45f919f740727596b79d3f0377c0f3b2ce25e63263b410d5cec02d9bc592
SERVER_HANDSHAKE_TRAFFIC_SECRET 593d66ed4e79f4288f9ccd5846d25c68c5c7c0fc6852caa4ec2debde9665369e f9fab9579bf5121c145503101ae35f71c53dd8e54ed90b29006a2e787e93f931
CLIENT_TRAFFIC_SECRET_0 518b5ee7e267bb2070757a52a57c1ebc755074dfb70129b98cae171264f20d81 a1fe38377b562bd46fcc0735c0b2d614223de2aca369613e6d67a2c95b06a920
SERVER_TRAFFIC_SECRET_0 518b5ee7e267bb2070757a52a57c1ebc755074dfb70129b98cae171264f20d81 2982b266f3b4c5595d141232fce2ed1d65556a00c02b24e6869771997c72696b
EXPORTER_SECRET 518b5ee7e267bb2070757a52a57c1ebc755074dfb70129b98cae171264f20d81 db9da74db54c43d2ef84ad3ac6d26769ab9bff4466ca9a74ee841fb8af5cda6f
CLIENT_HANDSHAKE_TRAFFIC_SECRET c22b840fa34a8e41c7c2c578d80b92bee57949fe21ead0ee01d7bb09a621dd78 ae22c335344e43a4dfb6133806cfc46cd53054b08de14970121676470e3426ab
SERVER_HANDSHAKE_TRAFFIC_SECRET c22b840fa34a8e41c7c2c578d80b92bee57949fe21ead0ee01d7bb09a621dd78 fa502bd95887ab7b7f76fabdff10b81ed937ce628db062431e5a53b71eb43d08
CLIENT_TRAFFIC_SECRET_0 14e9ebf4da1ad9bcb2068ac8184a510fa0a2f8ca1273e5d9fa62d35f114fd836 d188e092b2359618aae8346996b32b7e38f4320d345d4f3d24cff7d60e545374a9d12789f9f5bef8b9fb0fbed2c87a7d
SERVER_TRAFFIC_SECRET_0 14e9ebf4da1ad9bcb2068ac8184a510fa0a2f8ca1273e5d9fa62d35f114fd836 f7af52b099c29169b47a3ef9ec799d87dfc616a0e0d4b95011bba433b31469908b7f543f7f9c32e8d1feab2a6eb0aadc
EXPORTER_SECRET 14e9ebf4da1ad9bcb2068ac8184a510fa0a2f8ca1273e5d9fa62d35f114fd836 3f8f71098deabaf9d5c486cf19fff87393b8f9bfe704af7c9b08349df3083353a37313532bac4a258d171b6d81d40322
CLIENT_HANDSHAKE_TRAFFIC_SECRET 6cef1def3de7a2443accf4f5fb7a79a9ba8b8a45043eed29a74427d2e6be133a c5e26bd2a47e6d68a342b95cb828845da9bdd73f09ada6f60b43b248eec1dea7
SERVER_HANDSHAKE_TRAFFIC_SECRET 6cef1def3de7a2443accf4f5fb7a79a9ba8b8a45043eed29a74427d2e6be133a 8852371b128e8df4d88da541923d423ac295e7dc82646f2e1512cc769d23fc11
CLIENT_TRAFFIC_SECRET_0 c22b840fa34a8e41c7c2c578d80b92bee57949fe21ead0ee01d7bb09a621dd78 212966d2b48c1524dfb5c8cc450f9590a8b99d4db0c9f56440567983fba21abd
SERVER_TRAFFIC_SECRET_0 c22b840fa34a8e41c7c2c578d80b92bee57949fe21ead0ee01d7bb09a621dd78 87c98c10e89b919b3ddf6eda95bc94d299b5b859722cbc03026375f0dd75aa30
EXPORTER_SECRET c22b840fa34a8e41c7c2c578d80b92bee57949fe21ead0ee01d7bb09a621dd78 f9434f43d90a7bf5dfa06daf350d2d11b640e031296bc181b1dd519f8ce4d8ff
CLIENT_TRAFFIC_SECRET_0 593d66ed4e79f4288f9ccd5846d25c68c5c7c0fc6852caa4ec2debde9665369e bf2f0cea7b6650ebc3797057cda0309000e6446fe7ba4ffa6adee04b81887bde
SERVER_TRAFFIC_SECRET_0 593d66ed4e79f4288f9ccd5846d25c68c5c7c0fc6852caa4ec2debde9665369e d2f349874fe793fdc561521e127af075013cc3e438dae5222c0c794a4c9d71d5
EXPORTER_SECRET 593d66ed4e79f4288f9ccd5846d25c68c5c7c0fc6852caa4ec2debde9665369e 9d7d03c3ef3a2bcbe4bb67da458a3f9f625ef409366b793672e9c1f3f9fda815
CLIENT_TRAFFIC_SECRET_0 6cef1def3de7a2443accf4f5fb7a79a9ba8b8a45043eed29a74427d2e6be133a b9e10fc6bc7dbeb9bb5fd11087a76959036d7d7e9c8fed8ff963dbeb18b06de6
SERVER_TRAFFIC_SECRET_0 6cef1def3de7a2443accf4f5fb7a79a9ba8b8a45043eed29a74427d2e6be133a 1148e37b0ecac2aa4ac882a24d6e766e8a3891984dcea68b5a6de5d3d01b2568
EXPORTER_SECRET 6cef1def3de7a2443accf4f5fb7a79a9ba8b8a45043eed29a74427d2e6be133a a871c14be3f2858b61a12afe40aef7f2827fc43edf405fd02bb1b819cdce03ec
CLIENT_HANDSHAKE_TRAFFIC_SECRET 88c1fce65c5fa9ac0555e6adcb08583c9efb61c2cf9a8de998e2d8d4aecadcab 3eb3b489b675d59af81d4df7c7c3b35c6af758b85213acfe6bf101e0cde59b73
SERVER_HANDSHAKE_TRAFFIC_SECRET 88c1fce65c5fa9ac0555e6adcb08583c9efb61c2cf9a8de998e2d8d4aecadcab 5c37b64107fada6359343ac643acb9a98a3d5fe43690f1557b569871304b2863
CLIENT_TRAFFIC_SECRET_0 88c1fce65c5fa9ac0555e6adcb08583c9efb61c2cf9a8de998e2d8d4aecadcab 42d3cb0e796f6709649f866a2a78e231a7bf6cd820e881ce3674c158e946ed7a
SERVER_TRAFFIC_SECRET_0 88c1fce65c5fa9ac0555e6adcb08583c9efb61c2cf9a8de998e2d8d4aecadcab 97d0ffd2d895b67c17968ebbe67061498212379d66e87d8f0384db09bfe56c52
EXPORTER_SECRET 88c1fce65c5fa9ac0555e6adcb08583c9efb61c2cf9a8de998e2d8d4aecadcab 43f7b4b400461275655ea0559d65e2786612d7605910f4bed0838e181aa96bcb
CLIENT_HANDSHAKE_TRAFFIC_SECRET 499ccb37438b32b908506c2015949e2ee9b54104e16a75fc232110018162dd9a f2ff5b4f6ddc19433865e0f2575228459b9f4a291e4017db0861c0d5784dc792
SERVER_HANDSHAKE_TRAFFIC_SECRET 499ccb37438b32b908506c2015949e2ee9b54104e16a75fc232110018162dd9a 89c1c7d3027231e0a832b00cade6a15ffb622cefdde0fbb2d1dd899537c86857
CLIENT_HANDSHAKE_TRAFFIC_SECRET 220721b8b4ae22cf092143a09c53ac410a0faabacbc99057c6efe6de7ba6af8e a1fb4e1a4fc1ade7b03ebac8e8ef5a9a786a2f524e63bc48d7d3f2d408de20a2d3037145c12af0726f7b8ab9ef37c34d
SERVER_HANDSHAKE_TRAFFIC_SECRET 220721b8b4ae22cf092143a09c53ac410a0faabacbc99057c6efe6de7ba6af8e 8fe0ec70300dc2ba31a518790f3d4f4bfa99b8cf4b3a9bab48da84517309d8ec3af9587111c920f04d9847e9d219525f
CLIENT_TRAFFIC_SECRET_0 499ccb37438b32b908506c2015949e2ee9b54104e16a75fc232110018162dd9a 429f7015b5b7114b29fbc2b0eb02c799d62170fac8362c151d191e89028e22bb
SERVER_TRAFFIC_SECRET_0 499ccb37438b32b908506c2015949e2ee9b54104e16a75fc232110018162dd9a 517fbd222673611957f1c1584038cb5b802cc9532b203f616f5999b610284e86
EXPORTER_SECRET 499ccb37438b32b908506c2015949e2ee9b54104e16a75fc232110018162dd9a 862f8a725d50c1b439c87912af00c4cf3693a1d5cb8f370bde73fe8fb3f987b3
CLIENT_TRAFFIC_SECRET_0 220721b8b4ae22cf092143a09c53ac410a0faabacbc99057c6efe6de7ba6af8e 34f2a1d00f0ef868ab59db2f10fb4a17d02f0db9bca62d2d71f5c6007898fdeeae04f71da3a183083e858f9db09606e3
SERVER_TRAFFIC_SECRET_0 220721b8b4ae22cf092143a09c53ac410a0faabacbc99057c6efe6de7ba6af8e 7e925685af0c4670ae0bd5f5992389e708f34bcec704e28c98e8f9cd5d84243a10dbf53c219aab62dbd26fc8a62b32ed
EXPORTER_SECRET 220721b8b4ae22cf092143a09c53ac410a0faabacbc99057c6efe6de7ba6af8e 29a251318f9e20a662681f46701be7fdf242db8a96b476743f57bea44f310bb311b67aa5033d3e52b8da7803af17989d
CLIENT_HANDSHAKE_TRAFFIC_SECRET c11353ae6e28470ca13af90191c7755b96de078ba320db60f2b814ff81f70bec 9cce072d87d5442c2b54bf15622f5d104f4ae455d198f68dbd124a35c4e52be2
SERVER_HANDSHAKE_TRAFFIC_SECRET c11353ae6e28470ca13af90191c7755b96de078ba320db60f2b814ff81f70bec b23ff986c22cec6cb95b2eb47a07d4329f2464b1474bf927c0f14b27bba78709
CLIENT_HANDSHAKE_TRAFFIC_SECRET c3acc930b0d778e88c6f718cd47cb74802df3d31c9312a38d10170004c41189c c9d4d245d77941e09bf2f6b506103e6c3167d2860d10be448cff18cdfbcbe4c6
SERVER_HANDSHAKE_TRAFFIC_SECRET c3acc930b0d778e88c6f718cd47cb74802df3d31c9312a38d10170004c41189c af48ebf675b13c89326b0ec9d62aa0a11c00e7b36aed5dd099b8f4b5c95bcdbc
CLIENT_HANDSHAKE_TRAFFIC_SECRET 18ac8afca337d3c2ed5d788b24e1f05c2444c47d26932766da07682f1950f2bc 1f458ba28697f2a0deb14d120231d9e5edbbb7ef309d369ab011e26d901363a6
SERVER_HANDSHAKE_TRAFFIC_SECRET 18ac8afca337d3c2ed5d788b24e1f05c2444c47d26932766da07682f1950f2bc 185792c3e7f4b876f347f54155dcc030831ec7a7924f6252eab34721965ab698
CLIENT_TRAFFIC_SECRET_0 18ac8afca337d3c2ed5d788b24e1f05c2444c47d26932766da07682f1950f2bc 9c9f039c1cbd7b2e58c891ca35f072a8fe99e7a371be0bd4e77726794d8c2318
SERVER_TRAFFIC_SECRET_0 18ac8afca337d3c2ed5d788b24e1f05c2444c47d26932766da07682f1950f2bc fa9fa89a2b8dd68ea24c7ffdc8f21b0d3e1f7c7de14fe5da4ae27454d53d0663
EXPORTER_SECRET 18ac8afca337d3c2ed5d788b24e1f05c2444c47d26932766da07682f1950f2bc 62b57b5c51b201c983829139f426e9ad4b21122feb46ae8d11b7c4c3f998011a
CLIENT_TRAFFIC_SECRET_0 c3acc930b0d778e88c6f718cd47cb74802df3d31c9312a38d10170004c41189c 67f5520ad8f198c713577f78b40f400bae0d7e26b35bcf0324f4c33b22190517
SERVER_TRAFFIC_SECRET_0 c3acc930b0d778e88c6f718cd47cb74802df3d31c9312a38d10170004c41189c 07dfb9f954a1075c345a2b7e00488af4e15a30bc70f28a2f6b6e4e8531866771
EXPORTER_SECRET c3acc930b0d778e88c6f718cd47cb74802df3d31c9312a38d10170004c41189c fe92b6f84c630623794bb40ec5d5f30467a9a616e0c3be5507a185dc68f8b7b5
CLIENT_HANDSHAKE_TRAFFIC_SECRET a50040bb7b620a00d4038d37003ae89f5d9123abb0e00d3d51d7e7df0b83672a ed392879abcb8c0455515bb9be51fd3bb23a1b7a13899d291f16b087b45f01d8
SERVER_HANDSHAKE_TRAFFIC_SECRET a50040bb7b620a00d4038d37003ae89f5d9123abb0e00d3d51d7e7df0b83672a 3b6a7a5ca213d6d91e90adaf676f8705d6b7a7d6b45e8199049f809d6fb97405
CLIENT_HANDSHAKE_TRAFFIC_SECRET a35e62e6a3ec6b5d7476852b5c59c745b0d5ccdc33bd35a65240a0c28415c37d 64c75fa70cd580b07f7a2e8b7ae105262ed64bae37910118d61d5ddafa6b3ee5
SERVER_HANDSHAKE_TRAFFIC_SECRET a35e62e6a3ec6b5d7476852b5c59c745b0d5ccdc33bd35a65240a0c28415c37d 6519544162e1e0894dfcb80c8feab85c9f1ebd11ab829d4740de1250c16a157b
CLIENT_TRAFFIC_SECRET_0 a50040bb7b620a00d4038d37003ae89f5d9123abb0e00d3d51d7e7df0b83672a 6caaaafe26efa9375e8c0175da6783e538223105f1896cce1edb3a6f5f8240b4
SERVER_TRAFFIC_SECRET_0 a50040bb7b620a00d4038d37003ae89f5d9123abb0e00d3d51d7e7df0b83672a 0c466f4a84209f0b86ced4b89bdeac353e1b4dbfbe5f2e02221f097fd9501793
EXPORTER_SECRET a50040bb7b620a00d4038d37003ae89f5d9123abb0e00d3d51d7e7df0b83672a 42ec455701198ada833c77e01abec8941566ebea3532288d55083f0b50cd4bce
CLIENT_EARLY_TRAFFIC_SECRET 1fa54168619f3e9ddeb0cbadebdfcb9b7e6a531a4ecc8638004731582c355315 1764aea59d555975270f79ce1378d1acd7a6e5b208f75bce9efe653716f2ebfe
CLIENT_HANDSHAKE_TRAFFIC_SECRET 10110082a855afb88369890ed2005ad66b3b7495341c114a7eee882d81b2efa8 89a2da7daeb5fa4c101f9cbccf4843a6fe1b221f3505f07e73e13cfe2f8cc9b5
SERVER_HANDSHAKE_TRAFFIC_SECRET 10110082a855afb88369890ed2005ad66b3b7495341c114a7eee882d81b2efa8 9c315ba3ec1ca5cf985453f0c10e5286fd836ddbb9c4621b6187eeb53b6c1cb1
CLIENT_HANDSHAKE_TRAFFIC_SECRET 1fa54168619f3e9ddeb0cbadebdfcb9b7e6a531a4ecc8638004731582c355315 76dd692e6d0aac3883eb93e49ca8311aa6c4d7477947e2001c7cb1741aa1f53a
SERVER_HANDSHAKE_TRAFFIC_SECRET 1fa54168619f3e9ddeb0cbadebdfcb9b7e6a531a4ecc8638004731582c355315 8a2471baba9cfd29fd0e0163ada1f435d3708ace0a78dc537f89e00c865dbf02
CLIENT_TRAFFIC_SECRET_0 1fa54168619f3e9ddeb0cbadebdfcb9b7e6a531a4ecc8638004731582c355315 d458fc9bef3df9731c4ce33c640c93960dff612aa22a0a06a495adda095d3121
SERVER_TRAFFIC_SECRET_0 1fa54168619f3e9ddeb0cbadebdfcb9b7e6a531a4ecc8638004731582c355315 cee98ee3f20cb5560cb3876e9ce6ed0c74c4b0ab3eec4840b8f3bcc6fbec4ba6
EXPORTER_SECRET 1fa54168619f3e9ddeb0cbadebdfcb9b7e6a531a4ecc8638004731582c355315 89559f46883c93b816e0bee4493978367e527e76e5e0cdd7d3d5abaf5aac2d10
CLIENT_TRAFFIC_SECRET_0 10110082a855afb88369890ed2005ad66b3b7495341c114a7eee882d81b2efa8 f82246c1274fbd3130d662848f249540d87b0f587d913b38c3437c4a9ec35d50
SERVER_TRAFFIC_SECRET_0 10110082a855afb88369890ed2005ad66b3b7495341c114a7eee882d81b2efa8 26d40ff5d8bf73909712ad5a943afcd42d8d0727b664d98ea9279ba728189b99
EXPORTER_SECRET 10110082a855afb88369890ed2005ad66b3b7495341c114a7eee882d81b2efa8 1c4b34b5f36b95b7a858de72ebe5085fbaa5e4e86ba87c60017629324dd7832b
CLIENT_HANDSHAKE_TRAFFIC_SECRET 483bd987ed840107b5af3bb8ce0038dc5c7c4f0cf05a637603782d597ac9426b b5f3ab1879545c41a183bfdad9037295d5721d3c8cdc385c6362cd243287385af606019c6d08d5798aafde84e26ef9f6
SERVER_HANDSHAKE_TRAFFIC_SECRET 483bd987ed840107b5af3bb8ce0038dc5c7c4f0cf05a637603782d597ac9426b 003c48633574860b805ab58de52f62702bb9940662eb9c6b59b5e5e12bc9ae5b35a079afbe755508b4dec8f2d6e8a2ec
CLIENT_TRAFFIC_SECRET_0 483bd987ed840107b5af3bb8ce0038dc5c7c4f0cf05a637603782d597ac9426b 05dd3738176e67e62379a1785e2ada02f0ff70b1665a63b1d76044da90c74d8e01ddd051b0d67be4cd5c43cb26272861
SERVER_TRAFFIC_SECRET_0 483bd987ed840107b5af3bb8ce0038dc5c7c4f0cf05a637603782d597ac9426b 65212ccba282369b8471bf895a8c0a694f4b0bb29f2df06a104acc3d0de3bebff5492d17b5337adfa74f6e46fbbe0e42
EXPORTER_SECRET 483bd987ed840107b5af3bb8ce0038dc5c7c4f0cf05a637603782d597ac9426b 97bc92f9f1b3adeb807388490647fb309dd94591386fb926876b58484de6c63b05b51ce178b3b8f3cd88f6fb3f097169
CLIENT_HANDSHAKE_TRAFFIC_SECRET 663882a1e19ff7ba72f8e0497bf42f5b30f0260b23fc860d65d0285e424fd2c7 af2a4c629d9fedaf62dc82509019c56e6ef0ef2928989f404053d61181b8eed8
SERVER_HANDSHAKE_TRAFFIC_SECRET 663882a1e19ff7ba72f8e0497bf42f5b30f0260b23fc860d65d0285e424fd2c7 b1a745aeedf2663248d46a5a7dcf499bdc2c8d7efa6ad9d4fd2eb81857971e17
CLIENT_TRAFFIC_SECRET_0 663882a1e19ff7ba72f8e0497bf42f5b30f0260b23fc860d65d0285e424fd2c7 8775e3950ea05072cb73cf37658bb98f59a2828aed6fab4dc5eb803eac63ecb5
SERVER_TRAFFIC_SECRET_0 663882a1e19ff7ba72f8e0497bf42f5b30f0260b23fc860d65d0285e424fd2c7 ee2ddbee454b0a1bb227eb1a6aec3b05854f9ae4e4ba1d019ed63239e38f3a74
EXPORTER_SECRET 663882a1e19ff7ba72f8e0497bf42f5b30f0260b23fc860d65d0285e424fd2c7 ee89a7cfa65219386e56114ab38e8fe30fdf7bbabae9809a4ae497b1ed15c4f6
CLIENT_HANDSHAKE_TRAFFIC_SECRET 80e50b598fab0ae2f9c5391f4518447249a5ffc11c0865bfad963d9d9ce97a7c c35e4f200e066a58a8ca5c98daf7a3af554967e5f9dec0b81c20ed06e4240eed
SERVER_HANDSHAKE_TRAFFIC_SECRET 80e50b598fab0ae2f9c5391f4518447249a5ffc11c0865bfad963d9d9ce97a7c c3b00b9f55c0ac002cd2369e8ad4e139cfeed876cf06be37045f5dd3e97749df
CLIENT_TRAFFIC_SECRET_0 80e50b598fab0ae2f9c5391f4518447249a5ffc11c0865bfad963d9d9ce97a7c a8c15d5f00d6564eafd35e8b7da1cb9e208d175c1c27a8c1e39686891a49b758
SERVER_TRAFFIC_SECRET_0 80e50b598fab0ae2f9c5391f4518447249a5ffc11c0865bfad963d9d9ce97a7c 2f4c06f4e1083a304fcd23bc473dc1c06ed77a28a16cbd1f346fae306fad5084
EXPORTER_SECRET 80e50b598fab0ae2f9c5391f4518447249a5ffc11c0865bfad963d9d9ce97a7c 7a810628a385cbb9fa7b0fb27c54b5bfc3d1a5b4e9a2e0b5c092255f1a8830e4
CLIENT_HANDSHAKE_TRAFFIC_SECRET 535b5d3637a18798918a09cc656b75e426658734ff2e92e49357ca6c525324f6 67aace23e2d8c6c6331d2b6c669bd77a76a0d2234013949380646b4baabbdfa9
SERVER_HANDSHAKE_TRAFFIC_SECRET 535b5d3637a18798918a09cc656b75e426658734ff2e92e49357ca6c525324f6 b2d205a3e0ba76ce255449e5449d82f7a9f562cd11e3ac14d4f31e932bc74eef
CLIENT_TRAFFIC_SECRET_0 535b5d3637a18798918a09cc656b75e426658734ff2e92e49357ca6c525324f6 8b0493f45350e34c74e752bcc2d6ab25f2db48d4b53c567bbed82a737ee4dd09
SERVER_TRAFFIC_SECRET_0 535b5d3637a18798918a09cc656b75e426658734ff2e92e49357ca6c525324f6 8692ac3091c4b0bd57f4d69237708752286746e53cbf16cbac4ca890f43898c8
EXPORTER_SECRET 535b5d3637a18798918a09cc656b75e426658734ff2e92e49357ca6c525324f6 8ff17e2d7803ef61726d4ce7d5624e52a4d748c57797c6898753e30f9891b954
CLIENT_HANDSHAKE_TRAFFIC_SECRET 9f1d120462fa19fb81526808851bccc378dd8aa4e4464ede867a0916acfef5c7 ace10c19474a9f0af13154843858813c0336f7e772a69e1cf8cf4672b50bf41a
SERVER_HANDSHAKE_TRAFFIC_SECRET 9f1d120462fa19fb81526808851bccc378dd8aa4e4464ede867a0916acfef5c7 8b74179bc03ff518b80dbd1a6208ce829f26e2670a5c66cbcba5b60698c95a08
CLIENT_TRAFFIC_SECRET_0 9f1d120462fa19fb81526808851bccc378dd8aa4e4464ede867a0916acfef5c7 3c99ec71cd4edb3af7f4e32a6e5cd6eba6d249ac81581beffb367dbcee507a3f
SERVER_TRAFFIC_SECRET_0 9f1d120462fa19fb81526808851bccc378dd8aa4e4464ede867a0916acfef5c7 b5252a4702070de043de8844bb68baa3cc41aec11534996b68a77fdcbb52c162
EXPORTER_SECRET 9f1d120462fa19fb81526808851bccc378dd8aa4e4464ede867a0916acfef5c7 1ff8a0df47330b4db5fd976b35be66246cfd79dcdef7910cf63e380816278cf4
CLIENT_HANDSHAKE_TRAFFIC_SECRET 02d1db4524279b6d864193b294b51e5a68e8dcd60795586cf0bd050ecd6b9977 52bc1712c5e8e20dc37e9f15280da9fca0b86c58d79998a5458e5fa78f93ef70
SERVER_HANDSHAKE_TRAFFIC_SECRET 02d1db4524279b6d864193b294b51e5a68e8dcd60795586cf0bd050ecd6b9977 07d0fcabcf3f45dbf56bd6f6c6a5bc0075e5a79f524eff159b5418ff9480d21d
CLIENT_TRAFFIC_SECRET_0 02d1db4524279b6d864193b294b51e5a68e8dcd60795586cf0bd050ecd6b9977 2e45cd1183ed0adb14e3939e1073251c07de00fbd4cac5a4bc2b510186b3f15e
SERVER_TRAFFIC_SECRET_0 02d1db4524279b6d864193b294b51e5a68e8dcd60795586cf0bd050ecd6b9977 abfd85cba5ffff876059401f0fd92a3a30fed61ced9461b1c40985f2945475d2
EXPORTER_SECRET 02d1db4524279b6d864193b294b51e5a68e8dcd60795586cf0bd050ecd6b9977 abc3ae7815cc4651dd0dd47e8570c29ed9bb0f5ea6da29b618eeff3ffc868c86
CLIENT_HANDSHAKE_TRAFFIC_SECRET f2736f7aad1f66e03a99876a7405039789ba885e40d38df5c79466b8f15f6f37 2eb570ec1d589bb88542b0b5a9d83ca401c04c646333a87b54ca70d4ed137a08
SERVER_HANDSHAKE_TRAFFIC_SECRET f2736f7aad1f66e03a99876a7405039789ba885e40d38df5c79466b8f15f6f37 7d5c9ce7835a00ad0bd44faf668786b381f13b2a4878fd664b776463b710f458
CLIENT_TRAFFIC_SECRET_0 f2736f7aad1f66e03a99876a7405039789ba885e40d38df5c79466b8f15f6f37 b671ae05f6b804781ad4d748e3da6d9148b31aa8c1f632e5e3bd44e17d0138b9
SERVER_TRAFFIC_SECRET_0 f2736f7aad1f66e03a99876a7405039789ba885e40d38df5c79466b8f15f6f37 b766edef3fc6f867df301cb7feaa4b3ccd3dd0caccf68e8eb0db019bbf19a2fa
EXPORTER_SECRET f2736f7aad1f66e03a99876a7405039789ba885e40d38df5c79466b8f15f6f37 f222851578cd8826a5e5b53ba8ea1edfb96bb1e7606e12864298a03dd4405b4c
CLIENT_HANDSHAKE_TRAFFIC_SECRET e4979546e6387683854b60d8382e036ad8b15e68154ce1803ff7307e6e0574dd 03b471f9763dc151ecff457c327d8f0186580f779691f41dcf56d6c9c4f3d8a0
SERVER_HANDSHAKE_TRAFFIC_SECRET e4979546e6387683854b60d8382e036ad8b15e68154ce1803ff7307e6e0574dd 7e85840b89523a8e8ef8e9ab5dbe27c8bff9d6f7c8ec6c00e31b5a9b638899c2
CLIENT_TRAFFIC_SECRET_0 e4979546e6387683854b60d8382e036ad8b15e68154ce1803ff7307e6e0574dd 794375cbfc69408d9c439ab6b7c1cf7fa6661782b1beb18510d80a8f63f35ff8
SERVER_TRAFFIC_SECRET_0 e4979546e6387683854b60d8382e036ad8b15e68154ce1803ff7307e6e0574dd 2c811ecf3cd6a23b7761b644031e7541813286b83f817cdd0ed2bbef27b73778
EXPORTER_SECRET e4979546e6387683854b60d8382e036ad8b15e68154ce1803ff7307e6e0574dd 1ec9d7e5391a533d7ecb0e9225270a0de567c8949640030b6f7e254135d24a81
CLIENT_HANDSHAKE_TRAFFIC_SECRET 1e1d016b9c47cf8e45da9a7cdcf6ad4495b019ca0daa899e3e80b100c5f12e23 9e529290d62f7b280dbee232ff9b8e707e4dc075af22e1941607a804c0e32b69
SERVER_HANDSHAKE_TRAFFIC_SECRET 1e1d016b9c47cf8e45da9a7cdcf6ad4495b019ca0daa899e3e80b100c5f12e23 94e40775175b1ca6a019e310c381719327115ba2ac18b22e00ccc3c4c2952f02
CLIENT_TRAFFIC_SECRET_0 1e1d016b9c47cf8e45da9a7cdcf6ad4495b019ca0daa899e3e80b100c5f12e23 dc08bd6fc482d5c55b606a3378b88fdc9dbd97730baae2286260ae92ea24d1bd
SERVER_TRAFFIC_SECRET_0 1e1d016b9c47cf8e45da9a7cdcf6ad4495b019ca0daa899e3e80b100c5f12e23 7e5ec8c0d4e5472ef916883695451e741c58ed38bb5ce4ad129a6729afd5b797
EXPORTER_SECRET 1e1d016b9c47cf8e45da9a7cdcf6ad4495b019ca0daa899e3e80b100c5f12e23 076880ec5b99308f7376dde89c7a3a8e16af3747b08831fba3553942eeb3a31c
CLIENT_HANDSHAKE_TRAFFIC_SECRET 9e2fe9f8c674d830dffb746f944caa7851e9079368842ed1dab0853fcee55a92 8ba9635c0c0e18f34e2f7be3f70ef80f6e054ce5ea6ca108c79d478f75257d1b
SERVER_HANDSHAKE_TRAFFIC_SECRET 9e2fe9f8c674d830dffb746f944caa7851e9079368842ed1dab0853fcee55a92 0901e83b6070dadfd2808c8c1e27f7da9806fbdf387d6112c21c66e77b84e6dd
CLIENT_TRAFFIC_SECRET_0 9e2fe9f8c674d830dffb746f944caa7851e9079368842ed1dab0853fcee55a92 44e5fa8d97d305dd62a00a3dab6d57ca08050cc7fcdc400e3ef2622dd3fb1fc5
SERVER_TRAFFIC_SECRET_0 9e2fe9f8c674d830dffb746f944caa7851e9079368842ed1dab0853fcee55a92 3c4965106c8c67f86ca94d6ea5d7b6ae5a9bdaeed60e6f97a493fef10bf57b66
EXPORTER_SECRET 9e2fe9f8c674d830dffb746f944caa7851e9079368842ed1dab0853fcee55a92 05552e08e0dd1185681698606159b998fb4c28672e1feb4a3b664ab80f199490
CLIENT_HANDSHAKE_TRAFFIC_SECRET 7857e98b9483bd6894839882a68d991b60ae8480dfc5c51398fbe3b8bfddc426 9d2df789c4e7629120b6423eb29e6442f2bb534f534b7764ae3c6a9b0a3f87a58c8c1cc46b8dd4f24a0854e77fb08f4c
SERVER_HANDSHAKE_TRAFFIC_SECRET 7857e98b9483bd6894839882a68d991b60ae8480dfc5c51398fbe3b8bfddc426 c2852aa1fae32e495ade2a69b6e4714964f86bc41b884e60ae470dba2d8c9eb5e9f727547e9e4b2fc635a8187741a475
CLIENT_TRAFFIC_SECRET_0 7857e98b9483bd6894839882a68d991b60ae8480dfc5c51398fbe3b8bfddc426 bc2ba5de71ff455deceb02f133d3911e70c5e0517201ccf6e9fc1d178fb2041b40c70aade1c1d745e0edfdbd841f175e
SERVER_TRAFFIC_SECRET_0 7857e98b9483bd6894839882a68d991b60ae8480dfc5c51398fbe3b8bfddc426 156c0dc3da1579ff8527d828357fcbea42d2c8a5dbfe876febc6e2f48d991abb7c013196c04850675ff2677ec70e4ebc
EXPORTER_SECRET 7857e98b9483bd6894839882a68d991b60ae8480dfc5c51398fbe3b8bfddc426 f16fcb28dbc629c6b10832f9ca0d864b0d2906cdd0809cb0b3ae03172ad5b7f6f083c9c160ddf2f5ee466684bf4a3ae1
CLIENT_HANDSHAKE_TRAFFIC_SECRET 7be05b5f60d9a1c7e1c151057b419c0c2a2e49ec947aa1d637f5ee3abee01811 66a5bcc52f8feacc46e371e138695804b54f28858d7873dd364f7c325e397c18
SERVER_HANDSHAKE_TRAFFIC_SECRET 7be05b5f60d9a1c7e1c151057b419c0c2a2e49ec947aa1d637f5ee3abee01811 9562a2c40b7b03a9a859718adf22fa2d17a1d4a5c1f1c3f9ce6ed3784e9dadb6
CLIENT_TRAFFIC_SECRET_0 7be05b5f60d9a1c7e1c151057b419c0c2a2e49ec947aa1d637f5ee3abee01811 f0720882c50ad89fe34714bedeb6c477f392b1ba351ff33cf4a1d31341f04e62
SERVER_TRAFFIC_SECRET_0 7be05b5f60d9a1c7e1c151057b419c0c2a2e49ec947aa1d637f5ee3abee01811 8e6fdcb66fe16d713f36eb9784eeb383224206dbc3cc12a8ff4a7feb77b00ca7
EXPORTER_SECRET 7be05b5f60d9a1c7e1c151057b419c0c2a2e49ec947aa1d637f5ee3abee01811 1a603a220a926f5025d2fa8c4541c4b6a2a555a867a8ccdc835260a2f162d5d8
CLIENT_HANDSHAKE_TRAFFIC_SECRET 1607669ee91f051020980c574a2a3905d6d9a39cb0d52980aab5f272000c12dc f0ee6bd7ccbabd9626287235641b83fd5ca4a45361b04e0cd2eb72b991b0506d16cc8da5f3fb9109f233fc6e66b2df6c
SERVER_HANDSHAKE_TRAFFIC_SECRET 1607669ee91f051020980c574a2a3905d6d9a39cb0d52980aab5f272000c12dc 1f103d9e8cb2f095f56c6ead306fbc19dccd8b7abac6d75a6d872071b2ca698988b3576b9168e78c088df01391f5bb79
CLIENT_TRAFFIC_SECRET_0 1607669ee91f051020980c574a2a3905d6d9a39cb0d52980aab5f272000c12dc f3e2df1ca5e501cb1c668f1a419ca05eef6aa6219a500835ff9dee549785c5b133a66b1f8cd122ceaf5d08e527688cd1
SERVER_TRAFFIC_SECRET_0 1607669ee91f051020980c574a2a3905d6d9a39cb0d52980aab5f272000c12dc b1667ebdd28851a6f7d4bfc82f29a917de571fec6506862bcb5bd9632ae35f6eef75abcc5648cd9ff0372437b74d9758
EXPORTER_SECRET 1607669ee91f051020980c574a2a3905d6d9a39cb0d52980aab5f272000c12dc 8e58ad5b289700fcfcfd84dde81caf14e482e39c8f6389ff2c6f2fc05d52b2360c37bde8b7b39efc42dfe46a721a0b83
CLIENT_HANDSHAKE_TRAFFIC_SECRET 77035503bfeb25be4f732c316872c9fc41cc4dcc9e110bf0eb6337a70e10cb37 0f8ec021293abf9d01db1332bc0b6fa3f1386bc66b66aa7c1e7f023c1997ba15
SERVER_HANDSHAKE_TRAFFIC_SECRET 77035503bfeb25be4f732c316872c9fc41cc4dcc9e110bf0eb6337a70e10cb37 ec2dc9721b07e2b9a6464c58caccd18184d48f2537a2b06f9dfd06a60c16219a
CLIENT_TRAFFIC_SECRET_0 77035503bfeb25be4f732c316872c9fc41cc4dcc9e110bf0eb6337a70e10cb37 01900258e3f9a896b8006cc596968b9bdcfab8a28bb092d7b154f6b4c3d3de98
SERVER_TRAFFIC_SECRET_0 77035503bfeb25be4f732c316872c9fc41cc4dcc9e110bf0eb6337a70e10cb37 47b6fd5f0c99a3e9acb7ca71441d20a87d939ffae9aff3d2bba50a04f9e1a758
EXPORTER_SECRET 77035503bfeb25be4f732c316872c9fc41cc4dcc9e110bf0eb6337a70e10cb37 e6f081bd433a5519978f0d4936f42e525049415d0a20b5ee6ef47b8a93efda8d
CLIENT_HANDSHAKE_TRAFFIC_SECRET 145e29f8b555d1e7af1092c1d9f49eea59a78a4117abde5ba54e04aad1b24e05 855bb98ed79fd5c19687f8547ec20b635ceca44b7d9b8f72eaa09adc7fcfa60b
SERVER_HANDSHAKE_TRAFFIC_SECRET 145e29f8b555d1e7af1092c1d9f49eea59a78a4117abde5ba54e04aad1b24e05 9e37f5a2955f637d3f77a633174044aa550d31e3b20fb19c003a7e4be32b2323
CLIENT_TRAFFIC_SECRET_0 145e29f8b555d1e7af1092c1d9f49eea59a78a4117abde5ba54e04aad1b24e05 b706cbe306b8cbe9f1f19634200ac053a7b71d2ce2fafb5477e1e740c7b8cf74
SERVER_TRAFFIC_SECRET_0 145e29f8b555d1e7af1092c1d9f49eea59a78a4117abde5ba54e04aad1b24e05 4575182563e0ea924344ab415702da83573ca7158bcb14a20e1d42f78cd6a206
EXPORTER_SECRET 145e29f8b555d1e7af1092c1d9f49eea59a78a4117abde5ba54e04aad1b24e05 af4369ec936c115c40d777dc1b9dbed544c8c653eb95286f297e7087c7b84e58
CLIENT_HANDSHAKE_TRAFFIC_SECRET 97597825d4ea1fb3359940907d225aacf2a4a1a7e305d0ab8bd8fbe0197ded3c 6ca0bbe1527a0d298efdfef9273e7b7c420a4f429dbb8325f6aa8172233488b8
SERVER_HANDSHAKE_TRAFFIC_SECRET 97597825d4ea1fb3359940907d225aacf2a4a1a7e305d0ab8bd8fbe0197ded3c e02709db414487cc259beaa7490a75d6f6c6d3ee6d5d830ea559a9e9f3e9df19
CLIENT_TRAFFIC_SECRET_0 97597825d4ea1fb3359940907d225aacf2a4a1a7e305d0ab8bd8fbe0197ded3c 72773ac5952e7b4095f17d1bceb3992b6754f200abb1130a3ae6e3f49f33f6dd
SERVER_TRAFFIC_SECRET_0 97597825d4ea1fb3359940907d225aacf2a4a1a7e305d0ab8bd8fbe0197ded3c f279afd8b0b79eec1fbf44624309267b745ad70038b36cff8ec2bb56c126c872
EXPORTER_SECRET 97597825d4ea1fb3359940907d225aacf2a4a1a7e305d0ab8bd8fbe0197ded3c 04916641589e79c0108d22a0ab5edc4a9217773e9f7bd8e06c0397f207ba052e
CLIENT_HANDSHAKE_TRAFFIC_SECRET 22ef26a0a5030979f08739a8f231bd3aec2d213c79fe11e5d43274fc4357a3db 0a486aca48f39f0bd4042c5a52510bd71e73589107964ea9bf9db571c399c3d1
SERVER_HANDSHAKE_TRAFFIC_SECRET 22ef26a0a5030979f08739a8f231bd3aec2d213c79fe11e5d43274fc4357a3db 232b3b570403bd9e87ee64cd8a79df306dce93222d49590221addc3dc3a1f072
CLIENT_TRAFFIC_SECRET_0 22ef26a0a5030979f08739a8f231bd3aec2d213c79fe11e5d43274fc4357a3db 0e9b529b16d67fa05f9849f586ef49975097668ec203932ea4484f4a237f665a
SERVER_TRAFFIC_SECRET_0 22ef26a0a5030979f08739a8f231bd3aec2d213c79fe11e5d43274fc4357a3db 7579a8d2d39a3e1f3d08b660db86c7589990edbe21c13bd0a7efe968b07c9385
EXPORTER_SECRET 22ef26a0a5030979f08739a8f231bd3aec2d213c79fe11e5d43274fc4357a3db 440b8477e7965fe3c797ffec017a22d968bef02d315f46105fd0aaa3fbfce2f0
CLIENT_HANDSHAKE_TRAFFIC_SECRET 94124ba7dcc513024f9bd33c3f69c96a9df51aed7525e1e3227d53afc1fc9fc4 734e3fd177508b13ae46154b595ce5ecbc092ac235c7914166bd15ba9c8960b9
SERVER_HANDSHAKE_TRAFFIC_SECRET 94124ba7dcc513024f9bd33c3f69c96a9df51aed7525e1e3227d53afc1fc9fc4 84c0d2245e8aee47419c0b688ad356512ac6ef329c11229e5dcbc4695a27838d
CLIENT_TRAFFIC_SECRET_0 94124ba7dcc513024f9bd33c3f69c96a9df51aed7525e1e3227d53afc1fc9fc4 dcef5d206702898c5ce4c8d421803c2979c2c915cb270de396b1d033977e8f6d
SERVER_TRAFFIC_SECRET_0 94124ba7dcc513024f9bd33c3f69c96a9df51aed7525e1e3227d53afc1fc9fc4 16284c465ec2eb56068218b7bf2a4ba60242c327074aeb54bef6481638340e63
EXPORTER_SECRET 94124ba7dcc513024f9bd33c3f69c96a9df51aed7525e1e3227d53afc1fc9fc4 36a14a465c6f4d25e1de7a10fb632bd267086114ffa453296c1affa8dcddcb19
CLIENT_HANDSHAKE_TRAFFIC_SECRET fe5e35cac19462354adad5a5c27dc0c198420ff88f3a04f01b235e5ce951d251 f691a748bb892b048cd42b84c975af49a458c8b9b3c406b4b69c070b735931b7
SERVER_HANDSHAKE_TRAFFIC_SECRET fe5e35cac19462354adad5a5c27dc0c198420ff88f3a04f01b235e5ce951d251 d006852249b2f2cbd2c00421e98d3273c7a248b96a850e55d1cf61e1756edddc
CLIENT_TRAFFIC_SECRET_0 fe5e35cac19462354adad5a5c27dc0c198420ff88f3a04f01b235e5ce951d251 5f9de4d3448b3c0992b845f18288a2f8adf2d24f2dd601f63f5a7f96f3f7db9b
SERVER_TRAFFIC_SECRET_0 fe5e35cac19462354adad5a5c27dc0c198420ff88f3a04f01b235e5ce951d251 2dade77e89631609c71444b72523476290b1770920cf7aa590b566e455d1a906
EXPORTER_SECRET fe5e35cac19462354adad5a5c27dc0c198420ff88f3a04f01b235e5ce951d251 8d9547281f52da94fa4d320459aea9f6e6f992cfd371a2c4468a7a3be742b92b
CLIENT_HANDSHAKE_TRAFFIC_SECRET 397ce4a0a2862e2ba98661045028f09f4fc7f874d9d4389fbf7007e4654ce9de 5b89521421b3e1f6cc0e5d4f6c6c30b91b6f249a3a713e16f834045f56d7fb34
SERVER_HANDSHAKE_TRAFFIC_SECRET 397ce4a0a2862e2ba98661045028f09f4fc7f874d9d4389fbf7007e4654ce9de 9a1700f74b3c8f9e6553462e416639b8014833ea1cec61030a2e857b14ae62aa
CLIENT_TRAFFIC_SECRET_0 397ce4a0a2862e2ba98661045028f09f4fc7f874d9d4389fbf7007e4654ce9de e11e02fa8975650b115a5fa89fca0794f10c20c90eb30914ff2d26567acdaa3c
SERVER_TRAFFIC_SECRET_0 397ce4a0a2862e2ba98661045028f09f4fc7f874d9d4389fbf7007e4654ce9de 5074e2f4611028aed91182ec0535762c405a76316d46364de901e6cd46cab232
EXPORTER_SECRET 397ce4a0a2862e2ba98661045028f09f4fc7f874d9d4389fbf7007e4654ce9de 9728a760fd329068c546ce297b2f7c211166fa8f0cb737452bc35f38cd587204
CLIENT_HANDSHAKE_TRAFFIC_SECRET 803350b6a92d0515743ab7d1dabbb15dc9ccc07427cf729f29319aefcbb11005 a7a64ad2e9ca13dcc5802f60957d7db5d68f03c087ae2528bc1560379ea41610
SERVER_HANDSHAKE_TRAFFIC_SECRET 803350b6a92d0515743ab7d1dabbb15dc9ccc07427cf729f29319aefcbb11005 bfdc852ce3d176882a7d5550b637a142c4bc074da987c55a069185c629087131
CLIENT_TRAFFIC_SECRET_0 803350b6a92d0515743ab7d1dabbb15dc9ccc07427cf729f29319aefcbb11005 4e47aecf697f275d341c434341abf107258141d3f7a25fb2f272a92aba13f8c1
SERVER_TRAFFIC_SECRET_0 803350b6a92d0515743ab7d1dabbb15dc9ccc07427cf729f29319aefcbb11005 f592b8d4af8795ab345efbf3d6b813173bd0fe0542318f8d05d1a8ff18221151
EXPORTER_SECRET 803350b6a92d0515743ab7d1dabbb15dc9ccc07427cf729f29319aefcbb11005 b2877e77349242bb984d9757c66ae0154ad555e3b5e68c42dd6de04e1c0318b1
CLIENT_HANDSHAKE_TRAFFIC_SECRET 88df70589005a4e8238bae88083c8407eb5f8359a100c55def78611461e4ae66 16229fdc9c186fdf0ab223d744feb16b6efe22b7120e09edcdad260f88b0f255
SERVER_HANDSHAKE_TRAFFIC_SECRET 88df70589005a4e8238bae88083c8407eb5f8359a100c55def78611461e4ae66 b3184be5b8215756daf6611f3c59b2087cbb3c34892721293074790a2b93b861
CLIENT_TRAFFIC_SECRET_0 88df70589005a4e8238bae88083c8407eb5f8359a100c55def78611461e4ae66 39c6da18316848b57a2e332b8586e02d430657663c83b40a65fba3c71a1357f7
SERVER_TRAFFIC_SECRET_0 88df70589005a4e8238bae88083c8407eb5f8359a100c55def78611461e4ae66 626d1d5b00797a1de409e4916982d41af859956b9eff65d0980934daef635157
EXPORTER_SECRET 88df70589005a4e8238bae88083c8407eb5f8359a100c55def78611461e4ae66 dbf6b8dc40fc43132dd3cc1757dc7dfe850e09350c4ff0861bb21d9e531054d9
CLIENT_HANDSHAKE_TRAFFIC_SECRET 9ffabc24b8bef427b647876bfc624ed7cef9ce55f71cc40a7375dcff830963d1 9f94ff2a5e4f3c0887df6dc5909449f470e9432b39b305a6649fc77fe6e775bc
SERVER_HANDSHAKE_TRAFFIC_SECRET 9ffabc24b8bef427b647876bfc624ed7cef9ce55f71cc40a7375dcff830963d1 ca1e7fd7f5890af007834a6d7121d557779af78d8fd174542500b13a9c4556e1
CLIENT_TRAFFIC_SECRET_0 9ffabc24b8bef427b647876bfc624ed7cef9ce55f71cc40a7375dcff830963d1 ce171f16ae427257f9f4b2690b3012206c7298709b6daa2d26c0f0389eca873a
SERVER_TRAFFIC_SECRET_0 9ffabc24b8bef427b647876bfc624ed7cef9ce55f71cc40a7375dcff830963d1 92a76665a47cacf0461aa89b0fd6285cb60d04be7869f393a1bb1dcebbbf6453
EXPORTER_SECRET 9ffabc24b8bef427b647876bfc624ed7cef9ce55f71cc40a7375dcff830963d1 e7d9dccf58434790615f2e3ed21bf5d0216c7ba9e9f92b694495708191f52dcd
CLIENT_HANDSHAKE_TRAFFIC_SECRET 52b1f4187a67f035350470a4bc4670def3e8357edbc0857c109627eba7292137 b798efce727c15a89f693049da0871043a9fae284759f668b184c8f9a8a1bd04
SERVER_HANDSHAKE_TRAFFIC_SECRET 52b1f4187a67f035350470a4bc4670def3e8357edbc0857c109627eba7292137 59e53a347c1e5cfe363f390c6af41447327dda1fc3c3743535275bc1a378a997
CLIENT_TRAFFIC_SECRET_0 52b1f4187a67f035350470a4bc4670def3e8357edbc0857c109627eba7292137 e1d8f3c18aff73c993f4674506c217f412a84edea06db1314e4c197028b2c630
SERVER_TRAFFIC_SECRET_0 52b1f4187a67f035350470a4bc4670def3e8357edbc0857c109627eba7292137 99f0c5b7a7d7934734f8702dc51c3a562f3a6f942a7aab4c3092165aacf57b30
EXPORTER_SECRET 52b1f4187a67f035350470a4bc4670def3e8357edbc0857c109627eba7292137 4a8e81edd0807e2dafa7a0e234cbe31ca93dfaefb7cf384b929b88eb4b7a2503
CLIENT_HANDSHAKE_TRAFFIC_SECRET d9a65c0b19ab936f04fc129d111a1449fb9bb5863f092bf8ad53b76fbf939c75 4e4d78cc6e022f1cd4a06d1bd9094acb85f6baeb1b9c551e9c2909f2085c7db3
SERVER_HANDSHAKE_TRAFFIC_SECRET d9a65c0b19ab936f04fc129d111a1449fb9bb5863f092bf8ad53b76fbf939c75 bba68d97f39647c92f93568f193032df8a13d6b010f8cc17b10fb8faf0644076
CLIENT_TRAFFIC_SECRET_0 d9a65c0b19ab936f04fc129d111a1449fb9bb5863f092bf8ad53b76fbf939c75 f6a8804bd6ced048e14eb0034fd459ca208bdcfa73c564ac416689921ab3a3ca
SERVER_TRAFFIC_SECRET_0 d9a65c0b19ab936f04fc129d111a1449fb9bb5863f092bf8ad53b76fbf939c75 9f7d7ed3eb0f5e444deb8f99d4e51dad79e7b4700036d351f0dca2f17bb56b41
EXPORTER_SECRET d9a65c0b19ab936f04fc129d111a1449fb9bb5863f092bf8ad53b76fbf939c75 a1feaf0a28ce649bbb2cdb64fe3342fb8450ae35f7a0a648c953e8d0728bc58f
CLIENT_HANDSHAKE_TRAFFIC_SECRET efbc9aee657deafce955610419a84d5725a58f112650a07f6797fca301bb913a 97a94e44d2114f2e40f3cbadccb1fe85b6fc82a9abc2f03a68c2902c3424406d
SERVER_HANDSHAKE_TRAFFIC_SECRET efbc9aee657deafce955610419a84d5725a58f112650a07f6797fca301bb913a 169c7405cb39289e8b7a698c7fac34d21d1c53b5f0ea2dfa523b1f5fea6dfc1c
CLIENT_TRAFFIC_SECRET_0 efbc9aee657deafce955610419a84d5725a58f112650a07f6797fca301bb913a d55503d20ca918484fdeb9145580a8936869e81eafa837ea3120a303af8b8922
SERVER_TRAFFIC_SECRET_0 efbc9aee657deafce955610419a84d5725a58f112650a07f6797fca301bb913a 3083131628e8f97dc10f0b5eeb6f700ff7acb5e0a7d6d692fc3aec3bc90ff1f7
EXPORTER_SECRET efbc9aee657deafce955610419a84d5725a58f112650a07f6797fca301bb913a dbf2ba7f35ef1a8f39b2f9a125d1c348cd45c21706f8d8065519d0b16fc106c8
CLIENT_HANDSHAKE_TRAFFIC_SECRET 9ae2ba44240d3d4d2392f26976eb4a717f9eea3f63d9e9aed908b1d457c1ea53 8e5c206b952dfd87ed5a0252e2fc251f43bee09108e082357a987a4b3c5263d1
SERVER_HANDSHAKE_TRAFFIC_SECRET 9ae2ba44240d3d4d2392f26976eb4a717f9eea3f63d9e9aed908b1d457c1ea53 b67758ce25d7c5c9184f3536a08bb1136a925cf961a6d8bc0b91a517474b718d
CLIENT_TRAFFIC_SECRET_0 9ae2ba44240d3d4d2392f26976eb4a717f9eea3f63d9e9aed908b1d457c1ea53 4f02bb4d90c2ce2526bf7c33b347412cdbd78907f41e8574ed3685c4985fd479
SERVER_TRAFFIC_SECRET_0 9ae2ba44240d3d4d2392f26976eb4a717f9eea3f63d9e9aed908b1d457c1ea53 0157aa59ffa895da6e2eb89cfdd7e264455076c69b0fc101fffd9c7f237e53f8
EXPORTER_SECRET 9ae2ba44240d3d4d2392f26976eb4a717f9eea3f63d9e9aed908b1d457c1ea53 4f3523b0d58808e590a1ac0d5b7ec78e3688db0c902d203e5bb1e2743cd66421
CLIENT_EARLY_TRAFFIC_SECRET 23b8ffbf8bdc20192723b69c6baaaa29f2761d118011380d4c96d91cc0a916e4 de0003de0792cb1f35035b835b4c965c33d56623f4f667764b25bb5a61dd47e2
CLIENT_HANDSHAKE_TRAFFIC_SECRET 23b8ffbf8bdc20192723b69c6baaaa29f2761d118011380d4c96d91cc0a916e4 d3da2310b1228fc1e492bdd8dbb1db972be2cf3cf25ab7af7bb763ea0ab7fb6d
SERVER_HANDSHAKE_TRAFFIC_SECRET 23b8ffbf8bdc20192723b69c6baaaa29f2761d118011380d4c96d91cc0a916e4 412637901dc473a1ebee746780ff7eec7b76a5b5eee0702f64bb2aea57e9a59e
CLIENT_TRAFFIC_SECRET_0 23b8ffbf8bdc20192723b69c6baaaa29f2761d118011380d4c96d91cc0a916e4 1b2eaa84681da6b1c87e25d2f8ba00f4fba27eabf52c8bc1e2234e62583e49ec
SERVER_TRAFFIC_SECRET_0 23b8ffbf8bdc20192723b69c6baaaa29f2761d118011380d4c96d91cc0a916e4 f4bde434876cc87097a0dcb0f0597dffe22d3d079147662581e1bad09c492788
EXPORTER_SECRET 23b8ffbf8bdc20192723b69c6baaaa29f2761d118011380d4c96d91cc0a916e4 859315ccc1897326d7145db7473db716cb060f42b892c104bdd132e8d6ae9848
CLIENT_EARLY_TRAFFIC_SECRET b70565d25f3853b435b68731777ddbfa53147527e2ca91bd73179a50c5945441 fe7f3af3252c7e8978543064596b970343f6ae397ebb73e4a5b40849e514ecbe
CLIENT_HANDSHAKE_TRAFFIC_SECRET b70565d25f3853b435b68731777ddbfa53147527e2ca91bd73179a50c5945441 136393c0bcd45afd454f521fec933e4a40a0ad869241f2be066d75d8f19fc294
SERVER_HANDSHAKE_TRAFFIC_SECRET b70565d25f3853b435b68731777ddbfa53147527e2ca91bd73179a50c5945441 6a21186cee359d2e43d35a374ae3cba1a49bd680222c9c8bfd03fe77c5f7498b
CLIENT_TRAFFIC_SECRET_0 b70565d25f3853b435b68731777ddbfa53147527e2ca91bd73179a50c5945441 d9a70cc40cb0e3d74a798b07f39dbe201461fde9cbb91c677e7b807393b7821a
SERVER_TRAFFIC_SECRET_0 b70565d25f3853b435b68731777ddbfa53147527e2ca91bd73179a50c5945441 201b3ad95e00ad4df019f6d2ac64429e0420ba1bfe78dff642d87de7ab045203
EXPORTER_SECRET b70565d25f3853b435b68731777ddbfa53147527e2ca91bd73179a50c5945441 0a026ed360240b15f467e9679d2d33ccea82341178e9522e294ad674281e6115
CLIENT_HANDSHAKE_TRAFFIC_SECRET 533c7ca2c1aa20cbb67aba50ac7ee3355c4d46cfc815533b6821dd74a5d96993 62b676b6ceb2c419ad30c9b3509e321cd8040975056d01f358797ee7cad7c3fb
SERVER_HANDSHAKE_TRAFFIC_SECRET 533c7ca2c1aa20cbb67aba50ac7ee3355c4d46cfc815533b6821dd74a5d96993 12513e620d9afc92abee84121e0712766f509d6df9a23fc2995ae0eafcff0ac6
CLIENT_TRAFFIC_SECRET_0 533c7ca2c1aa20cbb67aba50ac7ee3355c4d46cfc815533b6821dd74a5d96993 26b0040d350ae25f0ee497c2e5d2e13d9f380790702c2cfcf9093864db7bc95b
SERVER_TRAFFIC_SECRET_0 533c7ca2c1aa20cbb67aba50ac7ee3355c4d46cfc815533b6821dd74a5d96993 4e22644319206ec5d67c73272c6823d47c9f13896f57121eb2ca88108e51b206
EXPORTER_SECRET 533c7ca2c1aa20cbb67aba50ac7ee3355c4d46cfc815533b6821dd74a5d96993 61b3371297f5b536f203cc70eff6549be6d82f871e6e21dfc0573cc17df94e45
CLIENT_HANDSHAKE_TRAFFIC_SECRET 622a694d8bd01de73f156268c6c7ae700d94e203e771d23384c888b43e38ceac 9f0afc90f2b74d30bc490c483328652d331575a0ebdde4f699d0dd231d49f89f
SERVER_HANDSHAKE_TRAFFIC_SECRET 622a694d8bd01de73f156268c6c7ae700d94e203e771d23384c888b43e38ceac fd01004da60deab334b38c6543b345500b0d564104c0f4bf6742e9f69500f0ed
CLIENT_TRAFFIC_SECRET_0 622a694d8bd01de73f156268c6c7ae700d94e203e771d23384c888b43e38ceac 0f28d19c3ba17fe415f17e6460cdaab43c15790450ab0a3f531bc317c987f05d
SERVER_TRAFFIC_SECRET_0 622a694d8bd01de73f156268c6c7ae700d94e203e771d23384c888b43e38ceac eb5a7f9a424aabafb8498deb144dd743eaf586e5811574aa24dc89e98a9f93eb
EXPORTER_SECRET 622a694d8bd01de73f156268c6c7ae700d94e203e771d23384c888b43e38ceac ade2caa64c0dc7037b84a63805d7eac7460858c236941d6abe741c7813a34c3d
CLIENT_HANDSHAKE_TRAFFIC_SECRET 4843c947281c3b80848847ebb1fde1ecf7c44056bb6fd60af39cae7392c3d180 ed7b8131a40192b29a514108ada5aa86c92cb2d30ffedfd07f43675664971424
SERVER_HANDSHAKE_TRAFFIC_SECRET 4843c947281c3b80848847ebb1fde1ecf7c44056bb6fd60af39cae7392c3d180 8e22052aaf1bed04e874f70813e923b2e47a004b8a974fb1820d83a7d51bf4bb
CLIENT_TRAFFIC_SECRET_0 4843c947281c3b80848847ebb1fde1ecf7c44056bb6fd60af39cae7392c3d180 6d7277c52dc51f73ea19413f4cf3bf0e85775d839eb4556ae5b6e33acea9e9e4
SERVER_TRAFFIC_SECRET_0 4843c947281c3b80848847ebb1fde1ecf7c44056bb6fd60af39cae7392c3d180 99ae3d6f81246d7b6a9c72214bd63a2723beaf3078038dcf23941d2b15f2bbb4
EXPORTER_SECRET 4843c947281c3b80848847ebb1fde1ecf7c44056bb6fd60af39cae7392c3d180 fbf47ec833e958e24e7c567f87e7c7a708ee358e9e7c1e11ad0230f807649a41
CLIENT_HANDSHAKE_TRAFFIC_SECRET 754a9029a289557b1bf9b1f92857e67f2cb0c986cdf86c10803bfe35774437b4 76cdd8edfad533f0a5fc0bfdd6e9a8e285b8093ab84ef4b4b0352df28ead83d6
SERVER_HANDSHAKE_TRAFFIC_SECRET 754a9029a289557b1bf9b1f92857e67f2cb0c986cdf86c10803bfe35774437b4 ce6d000b05190a24c7844f4ad003dfec4dc3adeeaf72407140fb7d23b74ff860
CLIENT_TRAFFIC_SECRET_0 754a9029a289557b1bf9b1f92857e67f2cb0c986cdf86c10803bfe35774437b4 66cab8e2d69c87baad5f876df5d5d60856c3b052a264e13c0f673e6232cdb44c
SERVER_TRAFFIC_SECRET_0 754a9029a289557b1bf9b1f92857e67f2cb0c986cdf86c10803bfe35774437b4 51127c193c4ceabfedcc8663c8dfb55039ccc4025f67d268ef7fbebfef33d1fc
EXPORTER_SECRET 754a9029a289557b1bf9b1f92857e67f2cb0c986cdf86c10803bfe35774437b4 57f9ce77c8ee8b011e1b2ff8d4b582a127593915c5ed1feda2f8d45e87ee4907
CLIENT_HANDSHAKE_TRAFFIC_SECRET 0a9648958a95ff50fa35ef55ac586185aaeb954ad6cd5b0c2969a5efc935e697 e76e7d3d7954ad4833e6cf0cf98f979827aab310b50bd00a94de75f4f83e620d461cdd4a29718a0c01fd8ce3a546b4ca
SERVER_HANDSHAKE_TRAFFIC_SECRET 0a9648958a95ff50fa35ef55ac586185aaeb954ad6cd5b0c2969a5efc935e697 6e40024b85b4ff6312a2008db2e74beaf34a125bd5098589489615b838951e4ad91368a91ac7626d00b2d9e918b74728
CLIENT_TRAFFIC_SECRET_0 0a9648958a95ff50fa35ef55ac586185aaeb954ad6cd5b0c2969a5efc935e697 b6667c3e8de5395003f9fd5fbd8fbe45fb19c40839038e72053c63a4c2a8a2835badbd4e1056f7b44899c5c0f8323457
SERVER_TRAFFIC_SECRET_0 0a9648958a95ff50fa35ef55ac586185aaeb954ad6cd5b0c2969a5efc935e697 9748690225af9d1ad648244dba1b6bf5e8858f97ed3037a5a5bb3ac76c923d2ab3770a20e985cd4db8f3cfa3690d0a1e
EXPORTER_SECRET 0a9648958a95ff50fa35ef55ac586185aaeb954ad6cd5b0c2969a5efc935e697 29342077d7e1a8a9a77613ae6d3173601b4e6ba6d4be63adff51906d0dbdb81a0f6b9d49ab0e3778342ab40bd55a7124
CLIENT_HANDSHAKE_TRAFFIC_SECRET 9c066a2324dfe88b29035a807c7db29460a179ad17c7e8e897f50b7fdf8a420e e0620c8c5c6011bfe6e1afda8dd4efcb2b3e43a11b112a8d7ccf5a758f298d7a36d2037b0542f35e4928ba339902c463
SERVER_HANDSHAKE_TRAFFIC_SECRET 9c066a2324dfe88b29035a807c7db29460a179ad17c7e8e897f50b7fdf8a420e da3d3a718fffcb9839213014f8ca8cf71a7b64a9610075e082b04c28973e8ec3df10f357321759c27b18531b82a8fb56
CLIENT_TRAFFIC_SECRET_0 9c066a2324dfe88b29035a807c7db29460a179ad17c7e8e897f50b7fdf8a420e 5b62503504dfaa178dafc343a56f6ab3f80572b84ba9c538817ccb214027478b316af50ec3ceb69ecd0a69db8d2d8e1d
SERVER_TRAFFIC_SECRET_0 9c066a2324dfe88b29035a807c7db29460a179ad17c7e8e897f50b7fdf8a420e f57b41199fa2be56307972bafee20fb3e982ba8b6af2a6a490a4f3cd2d6af90a5d09f24ec57d05b0da4cfb6ee999f01d
EXPORTER_SECRET 9c066a2324dfe88b29035a807c7db29460a179ad17c7e8e897f50b7fdf8a420e db446359d57488815fe745aa04805beabe913940540f80bb624aeea8e01d925e7cccbbc3e494cfafb3a127a850a79e6e
CLIENT_HANDSHAKE_TRAFFIC_SECRET 9d54437c5651c4d90da6a7b51de7925c22d2440d40e85194a2010d23828e529f 1d2bc4a8c67a4529716c09367cabc7b2348c704021ec9b8fb3fd20ecf8e91add
SERVER_HANDSHAKE_TRAFFIC_SECRET 9d54437c5651c4d90da6a7b51de7925c22d2440d40e85194a2010d23828e529f e80f5e16aee05d5464d797537c5986fe40253d30e174428d4596e75ecc9bd6c8
CLIENT_TRAFFIC_SECRET_0 9d54437c5651c4d90da6a7b51de7925c22d2440d40e85194a2010d23828e529f 7e138fd1b608a7f6f15afed85bc0e3af54cafd512e0dc17d38f4730b8ad068f8
SERVER_TRAFFIC_SECRET_0 9d54437c5651c4d90da6a7b51de7925c22d2440d40e85194a2010d23828e529f 8aa9a7d821fd0b94b4fe135fde98d962d29ff1ae3d6927e959353fd2f3009d93
EXPORTER_SECRET 9d54437c5651c4d90da6a7b51de7925c22d2440d40e85194a2010d23828e529f 40926ba788a7f4a752d2e36a61b67491c3a4eb4c8a8db2f095cf96807004191b
CLIENT_EARLY_TRAFFIC_SECRET 7aefa7200d335acfdf55bc0c979e319d3ffa34bcb6330525d0c49bf27da4cc18 fb19268264a3f9b624f5e43802795ba0a1fb1974edaf23d1c0cf4784a0b1f62c
CLIENT_HANDSHAKE_TRAFFIC_SECRET 7aefa7200d335acfdf55bc0c979e319d3ffa34bcb6330525d0c49bf27da4cc18 0e1a1d5e56e6e02334857331ca335ea7b349b0cdf2d1185023fe6f6663bf1697
SERVER_HANDSHAKE_TRAFFIC_SECRET 7aefa7200d335acfdf55bc0c979e319d3ffa34bcb6330525d0c49bf27da4cc18 cb31fa631dcd327f45a44e1093ce01ac0b357a89590eb1a92ffeb16d89b848f2
CLIENT_TRAFFIC_SECRET_0 7aefa7200d335acfdf55bc0c979e319d3ffa34bcb6330525d0c49bf27da4cc18 0cf9aeed80c1baaa5c7be8dcbe798d5e950a138dd4e4114244e95ce16af290f3
SERVER_TRAFFIC_SECRET_0 7aefa7200d335acfdf55bc0c979e319d3ffa34bcb6330525d0c49bf27da4cc18 9fc7ff1058cc1520e35abae0a0e9a78e0f82cda7d49f4e7f385d1511a37a0b87
EXPORTER_SECRET 7aefa7200d335acfdf55bc0c979e319d3ffa34bcb6330525d0c49bf27da4cc18 1c4b4c25524bf0d8d9dcbf01d6cc6f8a36763ffca069ba130694ee71cc141c2b
CLIENT_HANDSHAKE_TRAFFIC_SECRET 3c042c832537c630e5bd63537cebc700c9befd8d10d0e1f8e80d8b74557e8228 90a802d61f4e73c191c915a47c74967fd93f757fcaed94f03c7a6c54cc7ce7d2
SERVER_HANDSHAKE_TRAFFIC_SECRET 3c042c832537c630e5bd63537cebc700c9befd8d10d0e1f8e80d8b74557e8228 cc5d72bf657d35b0cf64695ef601e58cb8f1e142d5ae1607dfbfece55890a296
CLIENT_TRAFFIC_SECRET_0 3c042c832537c630e5bd63537cebc700c9befd8d10d0e1f8e80d8b74557e8228 9fe5b4ef1e2e4f74dc3f9878d33706ccf6b1ca9c65a0b7e257bc541fae6d2ddb
SERVER_TRAFFIC_SECRET_0 3c042c832537c630e5bd63537cebc700c9befd8d10d0e1f8e80d8b74557e8228 95fe0d7669cd9701aecb002bdb9609b56cfc088b7372d51d38d1cf2122d3deef
EXPORTER_SECRET 3c042c832537c630e5bd63537cebc700c9befd8d10d0e1f8e80d8b74557e8228 5734eb21bc32c44e92dcf2a12632ad5df87c22bf71bc71dfafef71d8e223f1ac
CLIENT_HANDSHAKE_TRAFFIC_SECRET 356db8ff3018df2dafcc5f9ef9118969514230ed2174a54cd6ed9fc20db24e71 1b6d040f106c55cf02d2f7a43a913a8836c0353aae57d12ebcce9664d74e8d98
SERVER_HANDSHAKE_TRAFFIC_SECRET 356db8ff3018df2dafcc5f9ef9118969514230ed2174a54cd6ed9fc20db24e71 378fe6a2d007cfef95f686a1503ecc97017fcaa817127586654f5c67f90ad43b
CLIENT_TRAFFIC_SECRET_0 356db8ff3018df2dafcc5f9ef9118969514230ed2174a54cd6ed9fc20db24e71 c25217913d00716299b411d173fc5b068c9efee2bd8df822e552501401ddcb1e
SERVER_TRAFFIC_SECRET_0 356db8ff3018df2dafcc5f9ef9118969514230ed2174a54cd6ed9fc20db24e71 df69ae2cb4830e2eae9823bdb7f9820dda28ef91b1017db9f54933ed9de967a8
EXPORTER_SECRET 356db8ff3018df2dafcc5f9ef9118969514230ed2174a54cd6ed9fc20db24e71 585f70e8a9f132bf4720ba45ee926994c0972b40aef1d8da8155895ad2f4f26d
CLIENT_HANDSHAKE_TRAFFIC_SECRET b425058ae916bd9b2f5b877640b8615ad78e3320bc658232b12e2d0f84f565ff edab6ff6fc52176d166900aa6d091e3e05ce311b462735e4dbe5ff77f3f5e3e1
SERVER_HANDSHAKE_TRAFFIC_SECRET b425058ae916bd9b2f5b877640b8615ad78e3320bc658232b12e2d0f84f565ff 8012d325e61afdb752b5c0724b99b95e6946a7c4e99eebb077f014434b508140
CLIENT_TRAFFIC_SECRET_0 b425058ae916bd9b2f5b877640b8615ad78e3320bc658232b12e2d0f84f565ff 434a1925cdf32ae4ab6cd8cd1f7e0485ca83c8eb20ea86aa8b946d5d33c99499
SERVER_TRAFFIC_SECRET_0 b425058ae916bd9b2f5b877640b8615ad78e3320bc658232b12e2d0f84f565ff c6a41e6f500303e3a0965dd0ba6c7153cff3118857bc9b254501b153d70d12d1
EXPORTER_SECRET b425058ae916bd9b2f5b877640b8615ad78e3320bc658232b12e2d0f84f565ff 55691ee1a32190fd2de46bdcf87d2a4031866a9e491bb05860555aeaa65c3840
CLIENT_HANDSHAKE_TRAFFIC_SECRET 28e11f633a4c7b5c29614c601062402e18f620d444c052f2885610df1fd6bf6b ff041014b33d5099f2ab4c08a3f467015ef72bd332305b5803d22954326df006
SERVER_HANDSHAKE_TRAFFIC_SECRET 28e11f633a4c7b5c29614c601062402e18f620d444c052f2885610df1fd6bf6b 50a497f12f6ef25c73a4caa56312b638d0b6ac700668e2110b2d56e5edac72f4
CLIENT_TRAFFIC_SECRET_0 28e11f633a4c7b5c29614c601062402e18f620d444c052f2885610df1fd6bf6b 1100b679d66c9104ac97a580f513ca7953b10e3b2bd60c8c24b754045c3b5a06
SERVER_TRAFFIC_SECRET_0 28e11f633a4c7b5c29614c601062402e18f620d444c052f2885610df1fd6bf6b eaa92c6f19a8f73515cacc3b399e470dbb8a2d784387b381217e5a0d4befd756
EXPORTER_SECRET 28e11f633a4c7b5c29614c601062402e18f620d444c052f2885610df1fd6bf6b 816f0f0e2735709ceb58307589586608553a54cb99e7b9f549efc707b1db121e
CLIENT_EARLY_TRAFFIC_SECRET a9a7d054e36185fdeededbb136ff8080a3fd46800593f401ba779bb3fe292af7 7af2279d87f5c7599548498b46c17f61c14ebedce7538d6486e162574bf9c793
CLIENT_HANDSHAKE_TRAFFIC_SECRET a9a7d054e36185fdeededbb136ff8080a3fd46800593f401ba779bb3fe292af7 8d60b18ed4dc6eb066a32708b7f2877d3b31c0a6d73d3bae0c7c7d2515d1f201
SERVER_HANDSHAKE_TRAFFIC_SECRET a9a7d054e36185fdeededbb136ff8080a3fd46800593f401ba779bb3fe292af7 fa996fd2691ec30dd35f97181c8ed8159f054265cdedaaf0073ff93ba3f6100f
CLIENT_TRAFFIC_SECRET_0 a9a7d054e36185fdeededbb136ff8080a3fd46800593f401ba779bb3fe292af7 a4639e0b35f82c1366aa1115b06582e38469c24c9fcb68a7776636527c342b6b
SERVER_TRAFFIC_SECRET_0 a9a7d054e36185fdeededbb136ff8080a3fd46800593f401ba779bb3fe292af7 b579d25bc1f802d48eb6f8b22d81f1101e810130d86b7dc107fee495629c881b
EXPORTER_SECRET a9a7d054e36185fdeededbb136ff8080a3fd46800593f401ba779bb3fe292af7 f8af7746700bfb0926165a6d4b24a446d76063a5d7fd4e9502fe190b0413fc94
CLIENT_EARLY_TRAFFIC_SECRET 32e0be8132a1199f9ef00f4bf222b0d14a6be71f90d277d9623452463137b250 d19a5f92ba3d60ed3e2b47afe6bd3dbd8159edd36a3416bf6d111e6022d06e32
CLIENT_HANDSHAKE_TRAFFIC_SECRET 32e0be8132a1199f9ef00f4bf222b0d14a6be71f90d277d9623452463137b250 d1d843971a6b47f04675c781d7b40ee41cbcfaaf465c65a99382bcbc565e9b69
SERVER_HANDSHAKE_TRAFFIC_SECRET 32e0be8132a1199f9ef00f4bf222b0d14a6be71f90d277d9623452463137b250 2edf89113f3e562ba461f036020f3cf4db3d97f4d91498f8cfb55be9c51a82c1
CLIENT_TRAFFIC_SECRET_0 32e0be8132a1199f9ef00f4bf222b0d14a6be71f90d277d9623452463137b250 0234e1ad87cc8e14380a4de399644ba0c60429f553c35ec5b914b3550f8cecda
SERVER_TRAFFIC_SECRET_0 32e0be8132a1199f9ef00f4bf222b0d14a6be71f90d277d9623452463137b250 39308da5943146a3096e78b30ba9a4b28489e3803d01ad789c5a78228bf9f9aa
EXPORTER_SECRET 32e0be8132a1199f9ef00f4bf222b0d14a6be71f90d277d9623452463137b250 d14a23280e3743ea8da439d381f0f2f602b2463fe92e3884428b35dcc7f55802
CLIENT_HANDSHAKE_TRAFFIC_SECRET a72d850876fdc6717148dd645ac5caa0468b2efa9b921414caed3a74c2f62f0e e0e4f56744c1caf3fec8f6c4647fdf19aedd13059fa85449f6c2fb970463cde4
SERVER_HANDSHAKE_TRAFFIC_SECRET a72d850876fdc6717148dd645ac5caa0468b2efa9b921414caed3a74c2f62f0e 779d678fdd15ce6d2371b0e4e109660dec22beb889449d260e4a2751d9fffb35
CLIENT_TRAFFIC_SECRET_0 a72d850876fdc6717148dd645ac5caa0468b2efa9b921414caed3a74c2f62f0e 2d8c72be467c1dfb5a436065297b050423dd28c6211a13049d25eea0c58ff576
SERVER_TRAFFIC_SECRET_0 a72d850876fdc6717148dd645ac5caa0468b2efa9b921414caed3a74c2f62f0e 432001e2efc6357920ba01b33b9e17670999cefbb33fe8fd57e6d09ff92e07c8
EXPORTER_SECRET a72d850876fdc6717148dd645ac5caa0468b2efa9b921414caed3a74c2f62f0e 6277fd23d9a5775a1775d881e64f9e66d500438befcadd18253e49b36ee66599
CLIENT_HANDSHAKE_TRAFFIC_SECRET f62f4a1cc03b2d18610493b83ef41371f905b408d24b8210d2fdcd4f0ca9eb27 63bbe7d1cd52c617ef76c85a1ec6a5aa639e274df9990e0a9fdb589e140f268c
SERVER_HANDSHAKE_TRAFFIC_SECRET f62f4a1cc03b2d18610493b83ef41371f905b408d24b8210d2fdcd4f0ca9eb27 605616b0268f99073010774a984390166d4117c3ee54bdac9f0b4e100f7e6f0a
CLIENT_TRAFFIC_SECRET_0 f62f4a1cc03b2d18610493b83ef41371f905b408d24b8210d2fdcd4f0ca9eb27 479ea3ee7636b4f3b7f8f4ddb783e3b29846a67d63456e7cbdd69fc0e21c83d4
SERVER_TRAFFIC_SECRET_0 f62f4a1cc03b2d18610493b83ef41371f905b408d24b8210d2fdcd4f0ca9eb27 241a87681201fa03e052f8e9dd4de662a3f559c76f7959c9bdd6f4683abeb41d
EXPORTER_SECRET f62f4a1cc03b2d18610493b83ef41371f905b408d24b8210d2fdcd4f0ca9eb27 19e97a2af2d67f165d6b2681ae5f9515e77f55e65eb0125fbd878d5edd7cffa7
CLIENT_HANDSHAKE_TRAFFIC_SECRET aec8060a3e03898a843b660f6b0e8cbd2834f794da3d4731f0cc468de0848d80 485d90df388f77d652992e129d2411ec743e9a4896c1e6dd0bbc2530d5ea4774
SERVER_HANDSHAKE_TRAFFIC_SECRET aec8060a3e03898a843b660f6b0e8cbd2834f794da3d4731f0cc468de0848d80 d04f83b4021a828d47aea8a9916e7b9e6fa9bc2191741662a9e8e1ff988b6b38
CLIENT_TRAFFIC_SECRET_0 aec8060a3e03898a843b660f6b0e8cbd2834f794da3d4731f0cc468de0848d80 bafcc127e1cad16eb87d30b1db1467c4277eecc408a6aa7991ba050201480aa1
SERVER_TRAFFIC_SECRET_0 aec8060a3e03898a843b660f6b0e8cbd2834f794da3d4731f0cc468de0848d80 7c53d99149e08703a739ba2da7468fa2742391a56f3c97a2274972208028c532
EXPORTER_SECRET aec8060a3e03898a843b660f6b0e8cbd2834f794da3d4731f0cc468de0848d80 f6232871541a608ae1d70206a675dc57de7715d5b4a086d3305608e8aa3369e7
CLIENT_EARLY_TRAFFIC_SECRET 9fc15a15b72eb9f93014d2bc8edbadabe04bf16ce27a608606d61ef2eef8e8a4 8b97349a00f6d944c1abb57f6ca8ff6fcd05e3973e795d26a6309e5dc2df029a
CLIENT_HANDSHAKE_TRAFFIC_SECRET 9fc15a15b72eb9f93014d2bc8edbadabe04bf16ce27a608606d61ef2eef8e8a4 d854a008d68e51aabf856474ed830775081965d07314f3ace9cdbca6bdbef8b7
SERVER_HANDSHAKE_TRAFFIC_SECRET 9fc15a15b72eb9f93014d2bc8edbadabe04bf16ce27a608606d61ef2eef8e8a4 7ab706c99f7518b1e9745759b15c461b9b6169307bf663a31cc2f198c34188bf
CLIENT_TRAFFIC_SECRET_0 9fc15a15b72eb9f93014d2bc8edbadabe04bf16ce27a608606d61ef2eef8e8a4 16d438a689e08f6bf7b97dab7131f70b4e4aa4db15ecbe9cab3ab1c93d70f318
SERVER_TRAFFIC_SECRET_0 9fc15a15b72eb9f93014d2bc8edbadabe04bf16ce27a608606d61ef2eef8e8a4 9082bb8fd65e96f3ac7a7db80dc9bd51883bc96131b3769c25b1c10aa3a56abb
EXPORTER_SECRET 9fc15a15b72eb9f93014d2bc8edbadabe04bf16ce27a608606d61ef2eef8e8a4 7a7fd411a4f41977315a75a035893e49bc9da6620cd872690c8ac30a3a8e3d4c
CLIENT_HANDSHAKE_TRAFFIC_SECRET 882e0834b7199040869a0e6ac3aede8bc2734f1a130f19766af006f6bff31db6 afd2890cfdcec3e1651a64826e50b0c32411a8b23baf8e462d9eb128ef54534b
SERVER_HANDSHAKE_TRAFFIC_SECRET 882e0834b7199040869a0e6ac3aede8bc2734f1a130f19766af006f6bff31db6 6cc76380d00c138b1b4c8553f6a58d67511e99b4713ccba94975c3d5f5e5583c
CLIENT_TRAFFIC_SECRET_0 882e0834b7199040869a0e6ac3aede8bc2734f1a130f19766af006f6bff31db6 6b576e5273d218d0d93227b741c6b96ba4439199e9c263252632012731fa6fa8
SERVER_TRAFFIC_SECRET_0 882e0834b7199040869a0e6ac3aede8bc2734f1a130f19766af006f6bff31db6 66f630846e5f9f45bd2fbf0770eefd21c962f9d04fabede6c1b9bb41d21384c7
EXPORTER_SECRET 882e0834b7199040869a0e6ac3aede8bc2734f1a130f19766af006f6bff31db6 c8c370aaf8a69b4857605ea73cc1ab9951b42339b0685e3d578fdc14c2ec9bd9
CLIENT_EARLY_TRAFFIC_SECRET 38247ffcced6585318968ad25ac52d3cb82eac3ef8a1128b5ae8580730b37545 e135c469af06226acea7f0266c9bde10339be2bf1a9bcc769232c7276e5b2933
CLIENT_HANDSHAKE_TRAFFIC_SECRET 38247ffcced6585318968ad25ac52d3cb82eac3ef8a1128b5ae8580730b37545 7dfae525f0a81a920d346ec64eba233a3f6204672b18073ec61986d37b5a5876
SERVER_HANDSHAKE_TRAFFIC_SECRET 38247ffcced6585318968ad25ac52d3cb82eac3ef8a1128b5ae8580730b37545 ef6297af2902e5c73d3ecd1bc89c29634b2aa01566945c715130a515ea7151c8
CLIENT_TRAFFIC_SECRET_0 38247ffcced6585318968ad25ac52d3cb82eac3ef8a1128b5ae8580730b37545 3e25f1e0a33412e121e5d5cce2e21503b037865f2df0d851083ca9dfc87528cd
SERVER_TRAFFIC_SECRET_0 38247ffcced6585318968ad25ac52d3cb82eac3ef8a1128b5ae8580730b37545 fa02fc37b86457c6836f3f4e5f2e358664407e07667cd9c6ed34a3e5716fb6d3
EXPORTER_SECRET 38247ffcced6585318968ad25ac52d3cb82eac3ef8a1128b5ae8580730b37545 d95fb1ff98a79eb347dea139a0c2b905ccb0ace23f2aaf2823fac40beabfd289
CLIENT_EARLY_TRAFFIC_SECRET 437d783fb3dc3030cfe09098c4a46b0e2d79f0c8698694181a59e4c70c41695b 19127208920ccaf1f9f79a2fda9e3c68e5544e8ac58f486cec518724b919a53a
CLIENT_EARLY_TRAFFIC_SECRET 88038612349ca503a37c462b997256de2a1ee47be998efe540aa8f21d2fa3ec4 546a93a9e8700060b67530aa811c3bbec5892ae5c33ba3b7a742ebd07c59ebdb
CLIENT_HANDSHAKE_TRAFFIC_SECRET 437d783fb3dc3030cfe09098c4a46b0e2d79f0c8698694181a59e4c70c41695b 6110669dff3092486050b2cc7e6790f07832084a7ad984f6d0ec36071f63a39f
SERVER_HANDSHAKE_TRAFFIC_SECRET 437d783fb3dc3030cfe09098c4a46b0e2d79f0c8698694181a59e4c70c41695b 242f278e4b8ca08d800a2a478a97b9d7860fcc9873e62511f8bf8c5a35ac9ecf
CLIENT_TRAFFIC_SECRET_0 437d783fb3dc3030cfe09098c4a46b0e2d79f0c8698694181a59e4c70c41695b 927aa070c7cf824cba75f9ef7e429841e21f26d29ac3132d555acede2ca765b2
SERVER_TRAFFIC_SECRET_0 437d783fb3dc3030cfe09098c4a46b0e2d79f0c8698694181a59e4c70c41695b 94e93ea24f0e1124d9974ce3faa21972e2bc028dc587425dce8d354fd246da09
EXPORTER_SECRET 437d783fb3dc3030cfe09098c4a46b0e2d79f0c8698694181a59e4c70c41695b 68fd4d8272906ffdd45e29013507b203615aad386e1535061fed7f9d5cf89482
CLIENT_HANDSHAKE_TRAFFIC_SECRET 88038612349ca503a37c462b997256de2a1ee47be998efe540aa8f21d2fa3ec4 db504b679c66ac8a3aaad554b0b74b9f8fe29dade32b223ddfc60628dde17b6a
SERVER_HANDSHAKE_TRAFFIC_SECRET 88038612349ca503a37c462b997256de2a1ee47be998efe540aa8f21d2fa3ec4 c24ddb1e68c27585f436d7561a41a91ce7559d06004d6c3a3a843e79dade6947
CLIENT_TRAFFIC_SECRET_0 88038612349ca503a37c462b997256de2a1ee47be998efe540aa8f21d2fa3ec4 d95f2d56da7c1c2fdf7ae33f981d5871a5b88ad84760207da48b400d9cdc2467
SERVER_TRAFFIC_SECRET_0 88038612349ca503a37c462b997256de2a1ee47be998efe540aa8f21d2fa3ec4 71a41f9c72a50eb0fd2def6326b5637c5233957e99be0441af906a4777682b4a
EXPORTER_SECRET 88038612349ca503a37c462b997256de2a1ee47be998efe540aa8f21d2fa3ec4 086dece39ea7f9d808d024b81adc56eae0dbb4b2b19fcf555e16b24d7258f53e
