CLIENT_HANDSHAKE_TRAFFIC_SECRET 5385888616e3031ed89e83b12cafb3c9d144a73338fa049c4fd9e39c67897089 e118b8391417e282dce4ab27ef0310b407f4948fc0c5ea9e4b52fbb398507bdd
SERVER_HANDSHAKE_TRAFFIC_SECRET 5385888616e3031ed89e83b12cafb3c9d144a73338fa049c4fd9e39c67897089 9c6ec889c776bd328c98179c5fd4e2fe48ccf77089073f3a2622ba62816c89a6
CLIENT_TRAFFIC_SECRET_0 5385888616e3031ed89e83b12cafb3c9d144a73338fa049c4fd9e39c67897089 776cb72018aedd1f8f68e29e020d61f903b735c93a2f0b548837ac58e2f6532b
SERVER_TRAFFIC_SECRET_0 5385888616e3031ed89e83b12cafb3c9d144a73338fa049c4fd9e39c67897089 a456d70ab7713b458fa70d683d90e37e5811e380c54ac66b7fb3d543add2f19b
EXPORTER_SECRET 5385888616e3031ed89e83b12cafb3c9d144a73338fa049c4fd9e39c67897089 c97265b0359787d668d2004f9cc8c9fc63cc3b9ff52c1e38a376d969bab1be65
CLIENT_HANDSHAKE_TRAFFIC_SECRET 210a03331e0938d6be6de470a72fb2e9e5f58f82f654fbf09b0eb04901cd75aa 1776eb2d6e3060551ae9e03380ee88188e8741e92a7a716f5a27e01b94d9ceaf
SERVER_HANDSHAKE_TRAFFIC_SECRET 210a03331e0938d6be6de470a72fb2e9e5f58f82f654fbf09b0eb04901cd75aa ceb2e947257747a9e395dc051aad3aa0d9001f9e17eb29bf464000c1b6f49ca6
CLIENT_TRAFFIC_SECRET_0 210a03331e0938d6be6de470a72fb2e9e5f58f82f654fbf09b0eb04901cd75aa 37bacb4cd9c22831d73228a042107c06364af2b56d291c05ff703dc011e4afdc
SERVER_TRAFFIC_SECRET_0 210a03331e0938d6be6de470a72fb2e9e5f58f82f654fbf09b0eb04901cd75aa c09afc8def42c755f28803af3a4904dd71e9e72a7754ed88ffe42e0eef3fa6c7
EXPORTER_SECRET 210a03331e0938d6be6de470a72fb2e9e5f58f82f654fbf09b0eb04901cd75aa 99b6db1c926284aedbb671ac178d22674c273cba691b6d69b0ff1d78b0d8c83a
CLIENT_HANDSHAKE_TRAFFIC_SECRET 16ba091db6e7863161fc832915ec087453dcd60f9f18c13a6f103a7c8194dfeb eb6dc3c0e7c9f61a284e68c3230b17b5c396079df28f26efb85eef3e9e54399167ea39a7776d157ab09d17f89325ae30
SERVER_HANDSHAKE_TRAFFIC_SECRET 16ba091db6e7863161fc832915ec087453dcd60f9f18c13a6f103a7c8194dfeb fa5937694b54dd9c2d453e993cc77c0a2352daff0c2965dc89a93d598ff579fbc729a0e78eb4b149bda315d8825dd1ad
CLIENT_TRAFFIC_SECRET_0 16ba091db6e7863161fc832915ec087453dcd60f9f18c13a6f103a7c8194dfeb 681f7aa7a2982f8a3cffbda1fe6b2d2ad6a70f94c9c97d0f9dca860529738fc87b9912e38ee16a88ce85509cc0b64d56
SERVER_TRAFFIC_SECRET_0 16ba091db6e7863161fc832915ec087453dcd60f9f18c13a6f103a7c8194dfeb fb01b0efbba87565854e72964959fe64e6904d0227e57ab040721ffd103063d22258af4f480d18d14ad7e8f1e03bd860
EXPORTER_SECRET 16ba091db6e7863161fc832915ec087453dcd60f9f18c13a6f103a7c8194dfeb 2d61d3909061bf3d64b6640e4c13bb9f57db95a8ed96086eca85abbd6e692f43fa689437ef760086e153cc2aee007ca9
CLIENT_HANDSHAKE_TRAFFIC_SECRET 1c619ad4e9038010c447c7c48c0b3bef416b37a47dd6a5b4f6063b0925e7ebcd cd5235808be3d006fec246191adf9143d583ec5f651a743a88b33890b2c221eb
SERVER_HANDSHAKE_TRAFFIC_SECRET 1c619ad4e9038010c447c7c48c0b3bef416b37a47dd6a5b4f6063b0925e7ebcd 12a97feab604e7e60fd110ec138ba44dfdfef3b43796e0f62e8c8974b0b24ce5
CLIENT_HANDSHAKE_TRAFFIC_SECRET bf62dd0c4de268790bb78e96a23a5f6663e6fa71e4fa3940cfc13d662365b1f8 01fefcadbaa37ef871444f80c227a359c94ffc52287396b9656d5cd581e80532
SERVER_HANDSHAKE_TRAFFIC_SECRET bf62dd0c4de268790bb78e96a23a5f6663e6fa71e4fa3940cfc13d662365b1f8 9472c63fe8891a87d0b82add56c6c360444376e2e18a24f87a667ccf16765828
CLIENT_TRAFFIC_SECRET_0 1c619ad4e9038010c447c7c48c0b3bef416b37a47dd6a5b4f6063b0925e7ebcd c2dd898266f263408666633040e188c5d07b5c33aa00bf7e5b7f7b388ecae5d5
SERVER_TRAFFIC_SECRET_0 1c619ad4e9038010c447c7c48c0b3bef416b37a47dd6a5b4f6063b0925e7ebcd d4cfa012ee2ebb56695b4b219096d4e7839890ed814550051c6c7c47fa5dbd4d
EXPORTER_SECRET 1c619ad4e9038010c447c7c48c0b3bef416b37a47dd6a5b4f6063b0925e7ebcd 818c305f7342d8328ae62a3f96cc9e0bb78df0f698339fab36667d359e034d4d
CLIENT_TRAFFIC_SECRET_0 bf62dd0c4de268790bb78e96a23a5f6663e6fa71e4fa3940cfc13d662365b1f8 fb8719db79048abf396d9f41a7f3f8fd8b489e030d4e1559a35c74b6a942c5d0
SERVER_TRAFFIC_SECRET_0 bf62dd0c4de268790bb78e96a23a5f6663e6fa71e4fa3940cfc13d662365b1f8 e1fa029fc4daf4d1a319dff79c9522cdb611d38a9a86b14a3468c08f18eb2623
EXPORTER_SECRET bf62dd0c4de268790bb78e96a23a5f6663e6fa71e4fa3940cfc13d662365b1f8 3cd7ad1f4d92c0e31161a5a70badaf027e26eea69673eb8bc21bafbcddbefee3
CLIENT_HANDSHAKE_TRAFFIC_SECRET d183d5455f60f3f8e79edc1bcb3ee6f8809a28eb9ae9cd018ecd66839561daf7 12e654ec24c918488820e37ada0cef3e1e04ceeff17653f0d075bab0ccbaaee2
SERVER_HANDSHAKE_TRAFFIC_SECRET d183d5455f60f3f8e79edc1bcb3ee6f8809a28eb9ae9cd018ecd66839561daf7 5b2fd88393e95462bd86d465a6b2ad131e7e21f6faa84230818b3a430a575b45
CLIENT_TRAFFIC_SECRET_0 d183d5455f60f3f8e79edc1bcb3ee6f8809a28eb9ae9cd018ecd66839561daf7 b3b6da2cfd8a3e163b570e626fe3440ddb95bbd1662ba9892219eb054cd559cc
SERVER_TRAFFIC_SECRET_0 d183d5455f60f3f8e79edc1bcb3ee6f8809a28eb9ae9cd018ecd66839561daf7 9da43d9ada899646dfa08af0b5e144a9e19a96b6cc6258b258ec9bd76adc78ca
EXPORTER_SECRET d183d5455f60f3f8e79edc1bcb3ee6f8809a28eb9ae9cd018ecd66839561daf7 a00410382bcf276c14b530e1fd567e20dadfe11c5eb66ab7b07e080f70685b64
CLIENT_HANDSHAKE_TRAFFIC_SECRET 639612a3d673788c373b51bd963119944665a343a7e7d5816ec6f112b89bd83a 43ea3860e9191e7740d159522a8f06d1b34cbb76eecfa7bd083d785ac2da15b0
SERVER_HANDSHAKE_TRAFFIC_SECRET 639612a3d673788c373b51bd963119944665a343a7e7d5816ec6f112b89bd83a 806651fad7eeffcd2f9c2af9bc2fe17b05544e3b354d81a05fef2113eb2a0394
CLIENT_TRAFFIC_SECRET_0 639612a3d673788c373b51bd963119944665a343a7e7d5816ec6f112b89bd83a cff1c4bd52958bdfb5e870cf3f4aea50ff4bc71a9b516a48017904b53d9a9cd6
SERVER_TRAFFIC_SECRET_0 639612a3d673788c373b51bd963119944665a343a7e7d5816ec6f112b89bd83a 8e500747b8405ec32d713fcfc0925c3409dc93c3d5883e1d4280b5d480b3d563
EXPORTER_SECRET 639612a3d673788c373b51bd963119944665a343a7e7d5816ec6f112b89bd83a 7ad8dbafa5c6c0c2144979e69562777ef76b80b44efa5f3e33818e13d545fe56
CLIENT_EARLY_TRAFFIC_SECRET 6cc72987d23ac6ba3abf5347880a102e14b0e54cd3f8e9b38920ffad9645e650 1048f6b69f82f1f09cb1fbb9ddd49431bcc3dc33e15f426d31450f4eb2bd7f0d
CLIENT_HANDSHAKE_TRAFFIC_SECRET 6cc72987d23ac6ba3abf5347880a102e14b0e54cd3f8e9b38920ffad9645e650 8cb82148fcf80054f7a7f8a5517f68a4c9d075403171c91f42ddd46c80f2789f
SERVER_HANDSHAKE_TRAFFIC_SECRET 6cc72987d23ac6ba3abf5347880a102e14b0e54cd3f8e9b38920ffad9645e650 af7d06f397998d6e12939130a234eab3091e7a7320c9365a1e921e46280d15f0
CLIENT_TRAFFIC_SECRET_0 6cc72987d23ac6ba3abf5347880a102e14b0e54cd3f8e9b38920ffad9645e650 85818d918918920493d9b8d45b17d436006c47aa29d7a4166c50267b60e1ea64
SERVER_TRAFFIC_SECRET_0 6cc72987d23ac6ba3abf5347880a102e14b0e54cd3f8e9b38920ffad9645e650 d83f3a39298be7da00ec0265e52dae0b6e61e974bc97d5bdae62b1a401c7b5b6
EXPORTER_SECRET 6cc72987d23ac6ba3abf5347880a102e14b0e54cd3f8e9b38920ffad9645e650 da6d0735f38f71e624f5a6169d05f06e164dc53700bf149926974b50ed6fe7fa
CLIENT_HANDSHAKE_TRAFFIC_SECRET b73d5ce418713b0211eadcbef5382a2b5a42d574d1b424b50c6f34f9facb90eb 8cf0d793db9908be99efd9df21456c612a40e39a1c7a34229a17ecce53131d57
SERVER_HANDSHAKE_TRAFFIC_SECRET b73d5ce418713b0211eadcbef5382a2b5a42d574d1b424b50c6f34f9facb90eb b93ff0eadc237f803da17197d41792cdf37a8e659aa521a5399d80252f93d83d
CLIENT_TRAFFIC_SECRET_0 b73d5ce418713b0211eadcbef5382a2b5a42d574d1b424b50c6f34f9facb90eb cf8b5846d20fc916a2d2c2406ec07a9144ce6fb7ee50185db99f0cabb0e57c5f
SERVER_TRAFFIC_SECRET_0 b73d5ce418713b0211eadcbef5382a2b5a42d574d1b424b50c6f34f9facb90eb 95762842860fc9615bf02d01580dd35801e1dc7dc15e970606cd8e26b1fb2527
EXPORTER_SECRET b73d5ce418713b0211eadcbef5382a2b5a42d574d1b424b50c6f34f9facb90eb bcb96570a71131005b8d045beb62e86e44fba08593872e59621169a3e01f6ca0
CLIENT_HANDSHAKE_TRAFFIC_SECRET fc5a938421387bc43a5e9939c5dc6d8a1b00b620ec2c056d2002ab8d9178c482 dd36e576a1ee5497b1c828ea63f9546b2fce2ea80b3b66ee13975e63fc89671740943f2c56ce93154b3c444ee737b8b2
SERVER_HANDSHAKE_TRAFFIC_SECRET fc5a938421387bc43a5e9939c5dc6d8a1b00b620ec2c056d2002ab8d9178c482 5c04319d046971096e413c4bd9416373765e092735c43c52bc16f55fc71c0f36435d451220b47dd9d34b3c926ee35000
CLIENT_TRAFFIC_SECRET_0 fc5a938421387bc43a5e9939c5dc6d8a1b00b620ec2c056d2002ab8d9178c482 e82a6f4b8360e7cb03a192ba2974067ccdae9faad8e99910f1c667a63b83c27bc0d4cac0fca062b65f8a650266320747
SERVER_TRAFFIC_SECRET_0 fc5a938421387bc43a5e9939c5dc6d8a1b00b620ec2c056d2002ab8d9178c482 a62da6c5ad8b4d99089f293e11a690de1aa41f60eb1fba3eff784ab591af9b31951ebae28e9f34a4410577dfcde876a7
EXPORTER_SECRET fc5a938421387bc43a5e9939c5dc6d8a1b00b620ec2c056d2002ab8d9178c482 89e39804a8c2a27cb692959ca75d9116d9254c10296996f96058b252995c6e7f5572f97ca1bacfb90b12a581a75fa01a
CLIENT_HANDSHAKE_TRAFFIC_SECRET 0b7951efa75350cf20ec2f6e5da0deba18eb917bfde4bf42ce3b664cb4971b94 15ed4ef244e18a220df01d631c569d281359b935b0280c710e4616298e850578
SERVER_HANDSHAKE_TRAFFIC_SECRET 0b7951efa75350cf20ec2f6e5da0deba18eb917bfde4bf42ce3b664cb4971b94 65474caf85a407b36d0c986e02680f69cc0d64b5fd2c501974f43cd9cd8567f4
CLIENT_TRAFFIC_SECRET_0 0b7951efa75350cf20ec2f6e5da0deba18eb917bfde4bf42ce3b664cb4971b94 41a4fe8669986c6abbf0ead6c0f357e7ee41b3cc2a047e5238fea95b78bb5950
SERVER_TRAFFIC_SECRET_0 0b7951efa75350cf20ec2f6e5da0deba18eb917bfde4bf42ce3b664cb4971b94 9882278ce5ef67be713b5a3217d41d9d630c75c4db8c5e8c354024f4330f58c9
EXPORTER_SECRET 0b7951efa75350cf20ec2f6e5da0deba18eb917bfde4bf42ce3b664cb4971b94 af0c9acb566be03b1cfd50c7ea5c159e2e904e87a6c1ebd5139c9d0828e33cb3
CLIENT_HANDSHAKE_TRAFFIC_SECRET c0131bb0d9654d0c198c400eae4be996dcadb69a94c3996657645ffa2e81e7a2 e74160d4975845cf978333503a8f17bbfe5bb1f7ea713131fb269389bb5f2fd0
SERVER_HANDSHAKE_TRAFFIC_SECRET c0131bb0d9654d0c198c400eae4be996dcadb69a94c3996657645ffa2e81e7a2 6c2c65a700a46556f00adaa5b027c16c22653dc3a6a5a1eae583dd1a58092f57
CLIENT_EARLY_TRAFFIC_SECRET 62c724225d14fffd04fdf88fd823c2fc1b4634c50692d0a662c9e0ec8aab5bad 48b17c7afee72cf1d317483335798b61bf71417e2e85b83bc79d29da167f9c18
CLIENT_HANDSHAKE_TRAFFIC_SECRET 62c724225d14fffd04fdf88fd823c2fc1b4634c50692d0a662c9e0ec8aab5bad 577a339f54756888c01658a18622bf0c0200400cdb116753f2d25f31903cdb38
SERVER_HANDSHAKE_TRAFFIC_SECRET 62c724225d14fffd04fdf88fd823c2fc1b4634c50692d0a662c9e0ec8aab5bad 379a85524b7d81b8097047ff3bc86f271c0f01a3f2ee07bf19d7b7775e2f5aa3
CLIENT_TRAFFIC_SECRET_0 62c724225d14fffd04fdf88fd823c2fc1b4634c50692d0a662c9e0ec8aab5bad 3d2275b560f0aa6b40d493216fbab7dabbfa3f876e879f621e7e9a7c64e60d16
SERVER_TRAFFIC_SECRET_0 62c724225d14fffd04fdf88fd823c2fc1b4634c50692d0a662c9e0ec8aab5bad a328d157b21823056c16d930f8ced77123ecde87796584a0d8d465d913cfd0c4
EXPORTER_SECRET 62c724225d14fffd04fdf88fd823c2fc1b4634c50692d0a662c9e0ec8aab5bad 4567a28ba5bfb4adb26d87588c0d605ebfe3ea0095b476eaf4c3ec4b6262404f
CLIENT_TRAFFIC_SECRET_0 c0131bb0d9654d0c198c400eae4be996dcadb69a94c3996657645ffa2e81e7a2 027f4f79db5ccb2116efbce9ea8906abb43f33a8db7d15ea3f6c44f3d6d8adae
SERVER_TRAFFIC_SECRET_0 c0131bb0d9654d0c198c400eae4be996dcadb69a94c3996657645ffa2e81e7a2 e075c730be85143534907744008868b7d5eb3ae6a75b168fdda54de65abde24a
EXPORTER_SECRET c0131bb0d9654d0c198c400eae4be996dcadb69a94c3996657645ffa2e81e7a2 bddccf15f4d170170f39bfa03ef1b98ebfcd7b8ab56ae63ba0818c46b3e4251e
CLIENT_HANDSHAKE_TRAFFIC_SECRET 8dfc1a88940c6415c6a98f29386914aa4ab81cbd94ff5460f72a18e94d4c66d1 a4d79049e7cb7615a62bc2f4ebcfacc5b81a0d153c75c75ae1760549cf9801d0df4e396c3d11f2398f5a2881059c0a90
SERVER_HANDSHAKE_TRAFFIC_SECRET 8dfc1a88940c6415c6a98f29386914aa4ab81cbd94ff5460f72a18e94d4c66d1 144aa193842b1459da277248bbff0bffae3dec0287ec9e5eaeecf08f8fd62429c9d5b8dba7ab1644021fc4d56eb98262
CLIENT_HANDSHAKE_TRAFFIC_SECRET 3762e94cbb6393f7927825aa36a861919291dc90cb2e0e1eee86a1b1e1d561c1 25a62f86422c6729344384c750e48347093cb47965bc1a25a76d49b1674ad302
SERVER_HANDSHAKE_TRAFFIC_SECRET 3762e94cbb6393f7927825aa36a861919291dc90cb2e0e1eee86a1b1e1d561c1 3b16b523ddaf39943a9e51428649dcfdc850f3b0cf540dc8b6831e536f73dc62
CLIENT_TRAFFIC_SECRET_0 8dfc1a88940c6415c6a98f29386914aa4ab81cbd94ff5460f72a18e94d4c66d1 ede4b0130b8cfefa03c12784474bbc8a1241aa0795f25ac353e55c1fc487cd8bfa536815061bd83f01a1b1537e905c8b
SERVER_TRAFFIC_SECRET_0 8dfc1a88940c6415c6a98f29386914aa4ab81cbd94ff5460f72a18e94d4c66d1 b2af5cfa9eec5c2058090ec81b4802b304d81dcf26deb76ac5ab05ecf360e7b1edff4b2187bd0fee53859ca31d9d4ede
EXPORTER_SECRET 8dfc1a88940c6415c6a98f29386914aa4ab81cbd94ff5460f72a18e94d4c66d1 92e6d39dfce133ba209f91ad6b362646936b67ddc2caa7483853c7d71a516c69540b42e44c2ce7317297f435dfa249a3
CLIENT_TRAFFIC_SECRET_0 3762e94cbb6393f7927825aa36a861919291dc90cb2e0e1eee86a1b1e1d561c1 76e1e22b6d77b3d12c8d514405ac08b55c0b2451190bdeabd29ae49730aafd26
SERVER_TRAFFIC_SECRET_0 3762e94cbb6393f7927825aa36a861919291dc90cb2e0e1eee86a1b1e1d561c1 3e712bb2dc499665f8c1c13131ce0260f4926df21e4cfdaaa06514ae73a16646
EXPORTER_SECRET 3762e94cbb6393f7927825aa36a861919291dc90cb2e0e1eee86a1b1e1d561c1 94448080c032b9988514728aaa92659a7ccab50aaf91bd1f0084700eb150f660
CLIENT_HANDSHAKE_TRAFFIC_SECRET 16b414908699855fb87c6a7c8a4e7437220fa9e5434fa6b77f9e400074a077a6 a5e65a85b46dac8ccc57c9fedbb4672c91673da9ff06e80f148984cff5f98552
SERVER_HANDSHAKE_TRAFFIC_SECRET 16b414908699855fb87c6a7c8a4e7437220fa9e5434fa6b77f9e400074a077a6 70dbfc9b770ec67be575944c6313d74ca9724f4f7e886ba6272f77099b49342d
CLIENT_TRAFFIC_SECRET_0 16b414908699855fb87c6a7c8a4e7437220fa9e5434fa6b77f9e400074a077a6 81ca90077df3013ac103de35a2c9c2b9f19b33b23abd842979820ac2aca0fa94
SERVER_TRAFFIC_SECRET_0 16b414908699855fb87c6a7c8a4e7437220fa9e5434fa6b77f9e400074a077a6 ee71bb1d9edc73adfa6610c29a0930c66b59c1f1d711ad536fe1ec40b8f0da26
EXPORTER_SECRET 16b414908699855fb87c6a7c8a4e7437220fa9e5434fa6b77f9e400074a077a6 4403a9c69e13e5eac22fefb4353748b48e19e16d39e9b965441fd8e397d17547
CLIENT_HANDSHAKE_TRAFFIC_SECRET 1bf96a85715962fb8a642c2be15b9d5ba7b990434d428dfd1b2013b84bc8d599 eca2c982ba245f9281f596d99b235582b6ab48d68c2f77048b813d94247d6b83
SERVER_HANDSHAKE_TRAFFIC_SECRET 1bf96a85715962fb8a642c2be15b9d5ba7b990434d428dfd1b2013b84bc8d599 ce450ef1ddff5d29436ba38b7f898c0198da5e9769213860c3a25e7ba834b3f2
CLIENT_TRAFFIC_SECRET_0 1bf96a85715962fb8a642c2be15b9d5ba7b990434d428dfd1b2013b84bc8d599 6c5a5d04f3b35ea753299cdecf1ef5dad807db3c3b9568e2e5532b78a228c4f9
SERVER_TRAFFIC_SECRET_0 1bf96a85715962fb8a642c2be15b9d5ba7b990434d428dfd1b2013b84bc8d599 c5c232175995ddf7d4095a974d274fea0683f69af4c60c303a0d7300acad87aa
EXPORTER_SECRET 1bf96a85715962fb8a642c2be15b9d5ba7b990434d428dfd1b2013b84bc8d599 10aa31388045206cd3cdcf792a18148df0ceaf087b75a2e72b733be78283d1f1
CLIENT_HANDSHAKE_TRAFFIC_SECRET aa880a531849b8a9483dc70f132c1f3845a74042f0fffba4ec63a58bf54e7efb eeac3b46505ad5374501c296f1274986f7a802dc6de6775a3282729c7708a878
SERVER_HANDSHAKE_TRAFFIC_SECRET aa880a531849b8a9483dc70f132c1f3845a74042f0fffba4ec63a58bf54e7efb 67bebb0c2da90b72ef639d33fde041baf076f70e550e133c19fe75d608078313
CLIENT_TRAFFIC_SECRET_0 aa880a531849b8a9483dc70f132c1f3845a74042f0fffba4ec63a58bf54e7efb 30fa315d7979a04de21d594f516c27665a50227b574b4fb5006d9e811dce9e06
SERVER_TRAFFIC_SECRET_0 aa880a531849b8a9483dc70f132c1f3845a74042f0fffba4ec63a58bf54e7efb badfc2711c2f52650355e798b297419b7a87fbcbe79e041d23e33dfcaddf1b9c
EXPORTER_SECRET aa880a531849b8a9483dc70f132c1f3845a74042f0fffba4ec63a58bf54e7efb 57bbe1bb52835a9a3cabd1256260520942c5f7fa948f8283bd7c61a527143978
CLIENT_EARLY_TRAFFIC_SECRET c5c2412e5bea26adbb90d8d70dfce33ef86d31de08f6731120d12678abed6c96 30d53b78d194a78562dc1d952ebf92467989c3cf3e21e1445de57447c53b38ad
CLIENT_HANDSHAKE_TRAFFIC_SECRET c5c2412e5bea26adbb90d8d70dfce33ef86d31de08f6731120d12678abed6c96 443800648511d46b1452bf2b0f665d6567825fe194b2a22b16ceb090033edae5
SERVER_HANDSHAKE_TRAFFIC_SECRET c5c2412e5bea26adbb90d8d70dfce33ef86d31de08f6731120d12678abed6c96 0efa0ae88424cc39daa243bd23ef67bf2702905cb42cb52f27096bfac8283cec
CLIENT_TRAFFIC_SECRET_0 c5c2412e5bea26adbb90d8d70dfce33ef86d31de08f6731120d12678abed6c96 d873307344a4d125bb7ace68870aa8ca807a53fdf24fa6f73247ae3c90308ec8
SERVER_TRAFFIC_SECRET_0 c5c2412e5bea26adbb90d8d70dfce33ef86d31de08f6731120d12678abed6c96 4ac810e2b63e24501d75ab8f8e6416fbfb038bd355ffd7f462cf4d5a352926d8
EXPORTER_SECRET c5c2412e5bea26adbb90d8d70dfce33ef86d31de08f6731120d12678abed6c96 423b7fe88ef94faaee1fa378f74aaa1251c956f9722c5c9ffb8c2689d5c01be1
CLIENT_HANDSHAKE_TRAFFIC_SECRET 24696c891fe237c9bf9d91043831b7fbd91d035f680c55caa5effa9b246dea7a 6ca696c8af16b374a1d8036012df31b43eec4ffc832c5a5e0a9b66ecd8180561
SERVER_HANDSHAKE_TRAFFIC_SECRET 24696c891fe237c9bf9d91043831b7fbd91d035f680c55caa5effa9b246dea7a 816a0e8e8118ea5f5dcd2e6fc8636acfe451b8a65d0abdb8bf0117a181a4bddc
CLIENT_TRAFFIC_SECRET_0 24696c891fe237c9bf9d91043831b7fbd91d035f680c55caa5effa9b246dea7a 82e5cfe27d1999f6afca71b32fbb1c374d10fbd62d50e22af7b3d2c596660847
SERVER_TRAFFIC_SECRET_0 24696c891fe237c9bf9d91043831b7fbd91d035f680c55caa5effa9b246dea7a a000f23b949e92714e6773cc1afe40bfe5cc0cfa898155ba802f66cf8214500f
EXPORTER_SECRET 24696c891fe237c9bf9d91043831b7fbd91d035f680c55caa5effa9b246dea7a 2870c27995fab8fb10f936d6b6bf1d8d5803f4b13e5163309dff2e0d6af68bea
CLIENT_EARLY_TRAFFIC_SECRET ab66d1926e4abc4c08b9dec9fab5ddcd9e6f1772fc778a78770039597d8706cb 521939e5dd7e061b1775235f3fc117525171e37d9c9e3794beaae73e5132695d
CLIENT_HANDSHAKE_TRAFFIC_SECRET ab66d1926e4abc4c08b9dec9fab5ddcd9e6f1772fc778a78770039597d8706cb 715788870ec528eb1b72c36a0c51575ef6aa4a7d8a3b1dfc1cd6cdacc0bbb994
SERVER_HANDSHAKE_TRAFFIC_SECRET ab66d1926e4abc4c08b9dec9fab5ddcd9e6f1772fc778a78770039597d8706cb 1f2c93b553f17d8b223789f4a6a24f3a9aa85504d66dff1b56bb32137f5cc490
CLIENT_TRAFFIC_SECRET_0 ab66d1926e4abc4c08b9dec9fab5ddcd9e6f1772fc778a78770039597d8706cb f9a225222b634411715ef2600e428ab2f3513ae45cc541c0451a538f5bc94088
SERVER_TRAFFIC_SECRET_0 ab66d1926e4abc4c08b9dec9fab5ddcd9e6f1772fc778a78770039597d8706cb 374af1880315262f24b58e49b228b2e4e763d9c61996db740979c1076ecc7499
EXPORTER_SECRET ab66d1926e4abc4c08b9dec9fab5ddcd9e6f1772fc778a78770039597d8706cb efe034b6cad319d4d8d2db3a3ce952f5ddd0327bae6c38c76f78f370a9fdb5c3
CLIENT_EARLY_TRAFFIC_SECRET d7521fd428d70b7c385b509c5fb9f4a17bc2dace4b0e39ed001c2ab617bb48fd a79bc584d65d0ea695b18031236cfee491d1f754d1877b77da2e517c68f069de
CLIENT_HANDSHAKE_TRAFFIC_SECRET d7521fd428d70b7c385b509c5fb9f4a17bc2dace4b0e39ed001c2ab617bb48fd e0212faef7a93ee1eb8941c2756c9267ed7a1d8200fb846e381f09aa5347f1f6
SERVER_HANDSHAKE_TRAFFIC_SECRET d7521fd428d70b7c385b509c5fb9f4a17bc2dace4b0e39ed001c2ab617bb48fd fd8efb8d79712b8eba6044048822f508d5e87733fd35fb897f98207b4e6eac61
CLIENT_TRAFFIC_SECRET_0 d7521fd428d70b7c385b509c5fb9f4a17bc2dace4b0e39ed001c2ab617bb48fd 3a022d1b07530c7c3a52ebfbe882db89b9f88d551d748295a536194e8086ed20
SERVER_TRAFFIC_SECRET_0 d7521fd428d70b7c385b509c5fb9f4a17bc2dace4b0e39ed001c2ab617bb48fd 397d55ec88cbb459940ddce220b18698fbd7c470495542c9c92f77b25607937d
EXPORTER_SECRET d7521fd428d70b7c385b509c5fb9f4a17bc2dace4b0e39ed001c2ab617bb48fd ba398333c7b6b534f17c5aae30e358f4bbccaaa17a68df83f3f02223ddf735c1
CLIENT_HANDSHAKE_TRAFFIC_SECRET b8d207395541a5174aa46386e75f6ddbb79efe9fdae84965432320fc8fd6226c 9d68046b8f2da3ffc09a7dfd7026c3b01d8704cab873dbf7f45777c5ec1d1fcf
SERVER_HANDSHAKE_TRAFFIC_SECRET b8d207395541a5174aa46386e75f6ddbb79efe9fdae84965432320fc8fd6226c 285b2cadc684b6aa7da0cf4db7465f703d12ee288f0fbf7a736d46712a5b6e54
CLIENT_TRAFFIC_SECRET_0 b8d207395541a5174aa46386e75f6ddbb79efe9fdae84965432320fc8fd6226c 23db0565c703a7a9e3a407881bef31bccf46a21e4e4b3b9e6e079fc0a15b5a80
SERVER_TRAFFIC_SECRET_0 b8d207395541a5174aa46386e75f6ddbb79efe9fdae84965432320fc8fd6226c a4c908eb9b580102f2d3b184b954424bb02c69836894d7ec69cfd16cd220a7c4
EXPORTER_SECRET b8d207395541a5174aa46386e75f6ddbb79efe9fdae84965432320fc8fd6226c 9533a75c0d6f0c0e88fdd716841b5be6f1984d604d5320111f4ec302f4667483
CLIENT_HANDSHAKE_TRAFFIC_SECRET 9b6c87608f9c288ddb83f2161a5da0e224e010ef018ae658000e007d4b4895c9 0072abf6fca7517507bf05801272d6dbd6cd4ada61ceb025ffdb5c76c9de9946
SERVER_HANDSHAKE_TRAFFIC_SECRET 9b6c87608f9c288ddb83f2161a5da0e224e010ef018ae658000e007d4b4895c9 c5bb3ff9b34ffac4707464bb80000d4863482578e10470934138e4e41b31f9ea
CLIENT_TRAFFIC_SECRET_0 9b6c87608f9c288ddb83f2161a5da0e224e010ef018ae658000e007d4b4895c9 75d5719fdac06a47a848c0921929e7297968f1ec34b02ec69a7dd7a51c396d8c
SERVER_TRAFFIC_SECRET_0 9b6c87608f9c288ddb83f2161a5da0e224e010ef018ae658000e007d4b4895c9 ab2957d0ac148cfe5ed2becea99dd7935aea89f7625e53fab294f4e41c2dda11
EXPORTER_SECRET 9b6c87608f9c288ddb83f2161a5da0e224e010ef018ae658000e007d4b4895c9 da3cd69408876e50bb7992be10e6fcbe978c8700b3a548f1912609854d62276d
CLIENT_HANDSHAKE_TRAFFIC_SECRET e39a7ccf5244e02c6416011543aeffbd2df178e35c53b1e1b6edecec0ca32445 1c6f14e095015116bcc45748aac3704f31c4cea7bcebbf893259dddf1079faf31807c610491111d0babd4d8b8135aaee
SERVER_HANDSHAKE_TRAFFIC_SECRET e39a7ccf5244e02c6416011543aeffbd2df178e35c53b1e1b6edecec0ca32445 1e053b880eb69e61823f94413ec3f9a654db2410f006b885ef2c3626f6acc799e8c6b523f82b5fb1a1e1e4112c8128bc
CLIENT_TRAFFIC_SECRET_0 e39a7ccf5244e02c6416011543aeffbd2df178e35c53b1e1b6edecec0ca32445 575ee64e974d8c012a69eee3c5d9e70f285caa7c5adcf834f8b4a7fde67258b6e6f3c9c903e9fb0b72ade5c4be78f38a
SERVER_TRAFFIC_SECRET_0 e39a7ccf5244e02c6416011543aeffbd2df178e35c53b1e1b6edecec0ca32445 1e5b8daa21982c9d939396891b63db8226d610bffcba726ce9e1054caff4da62ef39c959af0c0530ed03ef18acda4884
EXPORTER_SECRET e39a7ccf5244e02c6416011543aeffbd2df178e35c53b1e1b6edecec0ca32445 308934f35df0747a04929d6e74c19fba72411c7c76329ae335c239e2f33c7e7fbb2374417fddd014b0075c0746a26a3b
CLIENT_HANDSHAKE_TRAFFIC_SECRET aaedfd214868f6b719a0f7886b0cf73294d1a718668620fd280c4c56065acb0e 060ec96ddd806705da60e2469cb43cb7f34c0630b5a5aa2f4f408a3dbf07b2a7
SERVER_HANDSHAKE_TRAFFIC_SECRET aaedfd214868f6b719a0f7886b0cf73294d1a718668620fd280c4c56065acb0e 6caa0cd44a4b6d0d3a8437cd5c00cd3c2646057be7296c00ba3309c8cb60d61e
CLIENT_TRAFFIC_SECRET_0 aaedfd214868f6b719a0f7886b0cf73294d1a718668620fd280c4c56065acb0e 7a17a0c2a75cdc6e8113e37bbfdc34e7b535e2f264f0a2f583dff51013214fdc
SERVER_TRAFFIC_SECRET_0 aaedfd214868f6b719a0f7886b0cf73294d1a718668620fd280c4c56065acb0e f6cd735c97a4c312ab77ec4d79a51676d08dc67fb55d7caf0de5c555a93226da
EXPORTER_SECRET aaedfd214868f6b719a0f7886b0cf73294d1a718668620fd280c4c56065acb0e 110f9df9bc2f0cb2674658e3c5ba067ecda1a1089d3beee2e2610672a4479444
CLIENT_HANDSHAKE_TRAFFIC_SECRET 016cfa5b289d03a7e0bda054ada830d094e5b7731410fa62eb10a1743a3f568b 274a13a3e540a6bb920ba591a5b2ea3a6db1f6daddf4485de8436afcce8fbd2633c1cfa7cf20614b7bb69015806fc6a2
SERVER_HANDSHAKE_TRAFFIC_SECRET 016cfa5b289d03a7e0bda054ada830d094e5b7731410fa62eb10a1743a3f568b c408f08ebdf0a64ff7d441621db2af1b2a3a4ef8117954248565fb8b656c22ca5a88b5b444037429e79c0e6b33be8a92
CLIENT_TRAFFIC_SECRET_0 016cfa5b289d03a7e0bda054ada830d094e5b7731410fa62eb10a1743a3f568b 7dd7910d99a8429ca8047e993e693cbc757f8000c30d8d78df39b85eefffb0c0d51601ca47d22dc6b1d73fa05e41c646
SERVER_TRAFFIC_SECRET_0 016cfa5b289d03a7e0bda054ada830d094e5b7731410fa62eb10a1743a3f568b a19be5aa9b686e0940938fc5893cec2c03aba849c81bf5eca9f940d8f0f64abdd2620fce924a81b435f7cd0c2afaac15
EXPORTER_SECRET 016cfa5b289d03a7e0bda054ada830d094e5b7731410fa62eb10a1743a3f568b 106a99c7527002a550a0404139c4a633cb453d03249fd2a250ac9c1687e5a374843730a4e34a552b18794bd2f941d6e9
CLIENT_HANDSHAKE_TRAFFIC_SECRET 2a0fc8ebb384af64b17b0394c138666ed2699c802cd37eaacdde14eab8de6d28 19250867d70e79f2ac4689c87d623ddc4361473203d49c6b8d25ac61b1332b78
SERVER_HANDSHAKE_TRAFFIC_SECRET 2a0fc8ebb384af64b17b0394c138666ed2699c802cd37eaacdde14eab8de6d28 4f5f31c6b18c639e5e32996d9e873fc2b38b7f55e1cc6aca9dc66f6a75a71706
CLIENT_TRAFFIC_SECRET_0 2a0fc8ebb384af64b17b0394c138666ed2699c802cd37eaacdde14eab8de6d28 b17e956eb3f675d3c4e9f48125cb53686c0458d4de5b5dc16de7e4fdcb94875a
SERVER_TRAFFIC_SECRET_0 2a0fc8ebb384af64b17b0394c138666ed2699c802cd37eaacdde14eab8de6d28 c027f8b2dcbf5925f3008ece7ff53d5af73727f7f43979861828ae95bc4e7826
EXPORTER_SECRET 2a0fc8ebb384af64b17b0394c138666ed2699c802cd37eaacdde14eab8de6d28 cbdd9dfd4655b55b00245e6c709ea22d21dbbd421044de91d566d360344c9d2b
CLIENT_HANDSHAKE_TRAFFIC_SECRET 801b1f6019f6ce0b024e56ecc1ae8aea773a34c4be55fe71aae9c4fb5f8f2258 1ee4d6821bf6053e8aafb7fac249c699317da39967db7e11b1011ebc9d890381
SERVER_HANDSHAKE_TRAFFIC_SECRET 801b1f6019f6ce0b024e56ecc1ae8aea773a34c4be55fe71aae9c4fb5f8f2258 8fc9d9fa2c7ca68dda63a1be86676e5ff856eb7dee4940fb6f1df2daaf68b994
CLIENT_TRAFFIC_SECRET_0 801b1f6019f6ce0b024e56ecc1ae8aea773a34c4be55fe71aae9c4fb5f8f2258 d860ea810c830cb588dbb275fb11c2c1b2b79a8ef31136d26ad770931d61d69c
SERVER_TRAFFIC_SECRET_0 801b1f6019f6ce0b024e56ecc1ae8aea773a34c4be55fe71aae9c4fb5f8f2258 706d529509f41455f87d50594f034ae70f2263186e912db5a094c83e9b18a9b0
EXPORTER_SECRET 801b1f6019f6ce0b024e56ecc1ae8aea773a34c4be55fe71aae9c4fb5f8f2258 f2a42ddc8fee8c50e7d7ba575d19cf9b3eb218f6c6aa1458d9a32d71493181ad
CLIENT_HANDSHAKE_TRAFFIC_SECRET d01860243a6d6b1ac79083be6002431a0fd55cd0daa9ab37c887cb79ab77cc5c fdfdadc4dd1a2fb91bc2d6f106fbd21ad17376c9d6fe8a021836ec0a704e47a0
SERVER_HANDSHAKE_TRAFFIC_SECRET d01860243a6d6b1ac79083be6002431a0fd55cd0daa9ab37c887cb79ab77cc5c 8154b39890e12144b19d0616098313bd6b56eecc68363b36019f587c9e608a25
CLIENT_TRAFFIC_SECRET_0 d01860243a6d6b1ac79083be6002431a0fd55cd0daa9ab37c887cb79ab77cc5c 66d965a953ec9222cf8c6f4b0ed0789ad83934262a44894fe257194a699e6487
SERVER_TRAFFIC_SECRET_0 d01860243a6d6b1ac79083be6002431a0fd55cd0daa9ab37c887cb79ab77cc5c 4b204fc9a69f27214087aea1c3a92bdbe35633d5e4e32a7478559a9675638ebd
EXPORTER_SECRET d01860243a6d6b1ac79083be6002431a0fd55cd0daa9ab37c887cb79ab77cc5c 083ee085e2ba05aaa8c26168487984782fb5d75407d1a6fec76e68fb976703cc
CLIENT_HANDSHAKE_TRAFFIC_SECRET 71cb2a0dde91dd1f03c1e88bdb4d15ffad9740044c86c4d300003b22a6916985 5ca7d22613971f3a2dbfd91701fc4b42df0592808f2fe9462534a1938729ad2a
SERVER_HANDSHAKE_TRAFFIC_SECRET 71cb2a0dde91dd1f03c1e88bdb4d15ffad9740044c86c4d300003b22a6916985 4528d36ffe28b30a733d4864a26642dbf48cd45cd1ae9705be6f1ccc455f35eb
CLIENT_TRAFFIC_SECRET_0 71cb2a0dde91dd1f03c1e88bdb4d15ffad9740044c86c4d300003b22a6916985 36e295307c8f32be9bc8a7946c2d0b60d4b1c675fd3d2837b34566b08ce2e9c6
SERVER_TRAFFIC_SECRET_0 71cb2a0dde91dd1f03c1e88bdb4d15ffad9740044c86c4d300003b22a6916985 87d03da333906f381d4cdec03710b4425eefa1ec0499242659e42e48b706bdbc
EXPORTER_SECRET 71cb2a0dde91dd1f03c1e88bdb4d15ffad9740044c86c4d300003b22a6916985 2dc0019a07f11e0f0d591c954bbb329c04987f09920d5ff66174d37ad725404d
CLIENT_EARLY_TRAFFIC_SECRET c3ba0c3fcd2c430d57ad48d74e029d184d66aab7ff776dc4ab2aa066d091e710 b030da0b51fdbc5e96aeb0f9e3faaf8e4ebd3ac062813c87847d80bfbeeadd47
CLIENT_HANDSHAKE_TRAFFIC_SECRET c3ba0c3fcd2c430d57ad48d74e029d184d66aab7ff776dc4ab2aa066d091e710 1857e413796c64cc228a11e1c3d51e1269b2d9913b157f250722576981badb08
SERVER_HANDSHAKE_TRAFFIC_SECRET c3ba0c3fcd2c430d57ad48d74e029d184d66aab7ff776dc4ab2aa066d091e710 ad5aaaa63e98dfd92e42b43afa2355bc54874384bad552fd7580533902028a20
CLIENT_TRAFFIC_SECRET_0 c3ba0c3fcd2c430d57ad48d74e029d184d66aab7ff776dc4ab2aa066d091e710 0637f7d067bab3c53d936648968a35b236668a1840d2a78bd7f7a3a88977e8af
SERVER_TRAFFIC_SECRET_0 c3ba0c3fcd2c430d57ad48d74e029d184d66aab7ff776dc4ab2aa066d091e710 62200d1cb374493235275e315a0d1f21e1a19bdf671c2d9bbb65a8936932f9e5
EXPORTER_SECRET c3ba0c3fcd2c430d57ad48d74e029d184d66aab7ff776dc4ab2aa066d091e710 1b8fced5c69d619221ddc254a8f28ab886bc3a4b69edfb9e1d98ac913b1583af
CLIENT_HANDSHAKE_TRAFFIC_SECRET e3e3d8a858550a377af5bc823c9fc2749467403a96cb8fa4439c3bdba91265ad 9d32d13f91fe493c470da841e1db0fef1de261ce15348205191af9543c404ffb
SERVER_HANDSHAKE_TRAFFIC_SECRET e3e3d8a858550a377af5bc823c9fc2749467403a96cb8fa4439c3bdba91265ad e6de3449dd2b51643aa6be9c9e75180350173636f7ffb8e45e989a51ce815257
CLIENT_HANDSHAKE_TRAFFIC_SECRET d9e0de2515f945cd0045d3a7ae6527443b0cd26b4750c236d54410e33a5072cc edb2e1ccd9c1f39f66cd94b594886684cecbb097a818287a16d6825d7e695efc
SERVER_HANDSHAKE_TRAFFIC_SECRET d9e0de2515f945cd0045d3a7ae6527443b0cd26b4750c236d54410e33a5072cc cb3faa80c2c705cda8f5ad700f53ee68923696abb24d81bd7c4222d18c9acc46
CLIENT_TRAFFIC_SECRET_0 e3e3d8a858550a377af5bc823c9fc2749467403a96cb8fa4439c3bdba91265ad 116abf968fe44ffd7faafd8965e10cb8d8c608b2c909bf7c1a095ea93a0ef9e9
SERVER_TRAFFIC_SECRET_0 e3e3d8a858550a377af5bc823c9fc2749467403a96cb8fa4439c3bdba91265ad 95d90d7d64c3ae9bc9a68056b6c04c17693917d7744fea72b19dacd672da8c4a
EXPORTER_SECRET e3e3d8a858550a377af5bc823c9fc2749467403a96cb8fa4439c3bdba91265ad d5f2dabfe2013a7c90515ca41b04ecfb565cbf9b9c67b2b5542d1e7a39faf7b0
CLIENT_TRAFFIC_SECRET_0 d9e0de2515f945cd0045d3a7ae6527443b0cd26b4750c236d54410e33a5072cc 331cf5d38cce9006fa0abbf50aa092c8b7ad777451eac61cc4043e44793bf55b
SERVER_TRAFFIC_SECRET_0 d9e0de2515f945cd0045d3a7ae6527443b0cd26b4750c236d54410e33a5072cc 352ffc59c95cd17d2651c64ffbf079280dac8ed262c784e394449f2b93efcb89
EXPORTER_SECRET d9e0de2515f945cd0045d3a7ae6527443b0cd26b4750c236d54410e33a5072cc 6bad7359bcefdada574345734f70bd7504d4b7170e3d434256bf5186ef1e393d
CLIENT_HANDSHAKE_TRAFFIC_SECRET 434829d545d5f3296c35cc04bb3a67261188056a265d55b84b5374acdaae31cc b7a60989368ac5b6b5062f0e491cc4c451f4219ef8a8475327d03fc372901585
SERVER_HANDSHAKE_TRAFFIC_SECRET 434829d545d5f3296c35cc04bb3a67261188056a265d55b84b5374acdaae31cc 4cd67e33bb22f50d9de5de546f69c63763f3ed93720576440c4e9c73ce399279
CLIENT_TRAFFIC_SECRET_0 434829d545d5f3296c35cc04bb3a67261188056a265d55b84b5374acdaae31cc 63d14ac93b5f43f6ce27cb2059ee3a1d49d5c5a380cdf07d211b1b2d301d0dd2
SERVER_TRAFFIC_SECRET_0 434829d545d5f3296c35cc04bb3a67261188056a265d55b84b5374acdaae31cc 85a55c37d927b4941d79b5f5fdaf31ef0e033234471506ab14eb7cee822cf2f1
EXPORTER_SECRET 434829d545d5f3296c35cc04bb3a67261188056a265d55b84b5374acdaae31cc 16ed345f4bab7357d508ab3886d3324897777dce0cb09ae2d3959377c67e8603
CLIENT_HANDSHAKE_TRAFFIC_SECRET f2a6c1d40a9a5dd2a9d6be5d6d4d4df360cbf2811a053d2d88c006874e920eea a4c1930b2857e707f7f3078664ff4faae1d8c0529afa90bb4095d14440edfe72
SERVER_HANDSHAKE_TRAFFIC_SECRET f2a6c1d40a9a5dd2a9d6be5d6d4d4df360cbf2811a053d2d88c006874e920eea 2d3a15e79807cc3c859e2515c269bd5b68d3568b9921c546e1b64a7cd5d7e11c
CLIENT_TRAFFIC_SECRET_0 f2a6c1d40a9a5dd2a9d6be5d6d4d4df360cbf2811a053d2d88c006874e920eea 9d0755767f15192cc04acb0c80d0f19c47aea617b4f4d83ec78b52fffe976ce5
SERVER_TRAFFIC_SECRET_0 f2a6c1d40a9a5dd2a9d6be5d6d4d4df360cbf2811a053d2d88c006874e920eea f0ee155490aefaac417641989989514fae85737876b453220c48796d0edbf687
EXPORTER_SECRET f2a6c1d40a9a5dd2a9d6be5d6d4d4df360cbf2811a053d2d88c006874e920eea bf7fd7c840a593b8acb03c8a48963009b290ed8754cd743621d21467c2771a0f
CLIENT_HANDSHAKE_TRAFFIC_SECRET d20089ff6ba4271524e8da324e72e79e3b2bac41c89ddc124ba36b21ecbbbf61 2a751591406e0427e747177e4b306af36a2245e89abbf7d4ab5770d2b93d4bd2
SERVER_HANDSHAKE_TRAFFIC_SECRET d20089ff6ba4271524e8da324e72e79e3b2bac41c89ddc124ba36b21ecbbbf61 4da9c541346d6b2366b4a50cb163467985e45edcdf7a2310d3f7b6f29d271ee2
CLIENT_TRAFFIC_SECRET_0 d20089ff6ba4271524e8da324e72e79e3b2bac41c89ddc124ba36b21ecbbbf61 486edbd32b96b202dbdab6470a56fb5bbc697a8ff70c8ecef819da10e8a70775
SERVER_TRAFFIC_SECRET_0 d20089ff6ba4271524e8da324e72e79e3b2bac41c89ddc124ba36b21ecbbbf61 5652872f362de440a471b26af071748e6d9b73a8c7447a62128b28f1618ce79c
EXPORTER_SECRET d20089ff6ba4271524e8da324e72e79e3b2bac41c89ddc124ba36b21ecbbbf61 1fdbe2333cb036310c561a81f72e8c552913181fc5bc2a35eee921b7d1e0e23c
CLIENT_EARLY_TRAFFIC_SECRET 0f2e61a708ae94844080414534be1e1c8aeb167aae1d626e3fcdcaea01b55920 460ba798278994ddc10a70c38b8d9d51cced47728344bcb782750bcbf0d11c6d
CLIENT_HANDSHAKE_TRAFFIC_SECRET 0f2e61a708ae94844080414534be1e1c8aeb167aae1d626e3fcdcaea01b55920 2ee3fdad36ca69be8a88fddcbea892e9b57599dd150aa0922da9967cd967904a
SERVER_HANDSHAKE_TRAFFIC_SECRET 0f2e61a708ae94844080414534be1e1c8aeb167aae1d626e3fcdcaea01b55920 3bb4a93f1cf299a43ac8db3f5cf92c233e6dbf72564679ca7be285a279158377
CLIENT_TRAFFIC_SECRET_0 0f2e61a708ae94844080414534be1e1c8aeb167aae1d626e3fcdcaea01b55920 cc73d5e2821a7fafc8cfd59ff7773c0d3eff0943294144d170ed8e7d25fbb495
SERVER_TRAFFIC_SECRET_0 0f2e61a708ae94844080414534be1e1c8aeb167aae1d626e3fcdcaea01b55920 3df0af7117bd84991e3dae8717c1df4d57349a1daf3d824ea284a7917fa89ce6
EXPORTER_SECRET 0f2e61a708ae94844080414534be1e1c8aeb167aae1d626e3fcdcaea01b55920 ae01d538537465e02867d7930e589b46d981271f3373659f648926b475ac3237
CLIENT_HANDSHAKE_TRAFFIC_SECRET 4c343ff90a076c35df13a2a1b36a778910ce6ad7f2c119c12f6314923fd34509 b806a9756fe648b32663f4b373aa0be441f7f84ac9d330572553d5caa52b1958
SERVER_HANDSHAKE_TRAFFIC_SECRET 4c343ff90a076c35df13a2a1b36a778910ce6ad7f2c119c12f6314923fd34509 8c9f0ae0c09e9bc79737b0be109775f749b5fc1d1b72a16de623ee5e004986ca
CLIENT_HANDSHAKE_TRAFFIC_SECRET 0d08f0b3f2a6a1da7e4587618b7d32db9b7ea2bfc1e49c4b8cd663d354faf0ff c7ea3558695b1f2ffecd0e188aadf11dd72eb21132232b60d9c124e31273cf39
SERVER_HANDSHAKE_TRAFFIC_SECRET 0d08f0b3f2a6a1da7e4587618b7d32db9b7ea2bfc1e49c4b8cd663d354faf0ff 229780a71f3966c179a74dd02ce1267b22d4f8bac0ec522494614bca4518be35
CLIENT_TRAFFIC_SECRET_0 4c343ff90a076c35df13a2a1b36a778910ce6ad7f2c119c12f6314923fd34509 29649cffc0dc4e463228ba3446fe004fa7e43922554027795233f99fb573f9de
SERVER_TRAFFIC_SECRET_0 4c343ff90a076c35df13a2a1b36a778910ce6ad7f2c119c12f6314923fd34509 aee609b54bce44c29073f54ed126bef57e47a2a1feea1496d37b8b2b80ff7c15
EXPORTER_SECRET 4c343ff90a076c35df13a2a1b36a778910ce6ad7f2c119c12f6314923fd34509 64383df4c4ad40a0a153ec19a0d77f1411eeeb442d0366fc32aacb724d27060c
CLIENT_HANDSHAKE_TRAFFIC_SECRET dead7496b7f73fce4c8d100aca598aad56ed1607c45a6145add4ed2855bec709 fccea0800d5344a95b6bdee9ff465028da368ab655b2a24b0c7521d9d3e1dd4d
SERVER_HANDSHAKE_TRAFFIC_SECRET dead7496b7f73fce4c8d100aca598aad56ed1607c45a6145add4ed2855bec709 7ea637497406d593d9a3b6d6c932cc4c7b4212f06d5394113b3e924495fce85d
CLIENT_TRAFFIC_SECRET_0 dead7496b7f73fce4c8d100aca598aad56ed1607c45a6145add4ed2855bec709 a977b5bea8a9587f3162e49aedf21e3f27ed1ff28e20d0debf3e233bc7d959f6
SERVER_TRAFFIC_SECRET_0 dead7496b7f73fce4c8d100aca598aad56ed1607c45a6145add4ed2855bec709 4c817aa242747e86b67a51747a1c12d67c24c0c20e05edf7a4e37134aaf8eefb
EXPORTER_SECRET dead7496b7f73fce4c8d100aca598aad56ed1607c45a6145add4ed2855bec709 a32fdacebdcb3fe08cb0ac0f1c247b9284a4e608405c7e4170681ab4c4431957
CLIENT_HANDSHAKE_TRAFFIC_SECRET bee3784cffc7d0a8cb93ff3524d78052966bd7d7ea434fbb0fa16741da4d6768 4d540438c9af200539d53cb4980a4f878e1c06580888dde8fb32af42fe8fead2
SERVER_HANDSHAKE_TRAFFIC_SECRET bee3784cffc7d0a8cb93ff3524d78052966bd7d7ea434fbb0fa16741da4d6768 d310e9197024b3cfcca6476181414551e1e74f1f7d0950ec42e81efc3d6f24a8
CLIENT_TRAFFIC_SECRET_0 bee3784cffc7d0a8cb93ff3524d78052966bd7d7ea434fbb0fa16741da4d6768 72324da0485c43ce8202b1db1f04d502f82346111f89a1d347a6d64c855ed23b
SERVER_TRAFFIC_SECRET_0 bee3784cffc7d0a8cb93ff3524d78052966bd7d7ea434fbb0fa16741da4d6768 211a5ff4c7184f60b4493dd3c8adc6e751cdd76be3c51ea49eab35b6d2c92ce4
EXPORTER_SECRET bee3784cffc7d0a8cb93ff3524d78052966bd7d7ea434fbb0fa16741da4d6768 fabe8fe2d4b1fae2c3548bd7a8673fa20c98f10e474a03e894751a473b3b1b5b
CLIENT_HANDSHAKE_TRAFFIC_SECRET 7f914f37c8268c1f18936af3b54fd9130fd3f68e3af7dadddc45d69d38ecee5f 8d8a9b78be23027b0a2a2ed427f1369556c9fa59a3c55341da9e5fa2f6c61bf9
SERVER_HANDSHAKE_TRAFFIC_SECRET 7f914f37c8268c1f18936af3b54fd9130fd3f68e3af7dadddc45d69d38ecee5f b3d56340f4345c823a2f8fd34a9815c5a99c8668fbe4f30e86bfc0a7e28144f0
CLIENT_TRAFFIC_SECRET_0 7f914f37c8268c1f18936af3b54fd9130fd3f68e3af7dadddc45d69d38ecee5f 1cd2017f64d2027176fad7bbd5d581d2fc1dc37ffb1981708219f3c7853838de
SERVER_TRAFFIC_SECRET_0 7f914f37c8268c1f18936af3b54fd9130fd3f68e3af7dadddc45d69d38ecee5f e446e835b7ca019f684610c1cf9d56cd3354c81596646abff32648497b6c8932
EXPORTER_SECRET 7f914f37c8268c1f18936af3b54fd9130fd3f68e3af7dadddc45d69d38ecee5f 416fd53680e7ce2207168b9222e4cc76ef92d085a3c8d739b2f00a1e62574250
CLIENT_HANDSHAKE_TRAFFIC_SECRET ec599e46546174ce2938e723c706c5e16814e0cee5a23623161dbe2b9c111a7e 82a45a178ae03b0add3f2e2b20d71d0353a52fddc29d477811fcfae5ee773470
SERVER_HANDSHAKE_TRAFFIC_SECRET ec599e46546174ce2938e723c706c5e16814e0cee5a23623161dbe2b9c111a7e 0599e4f3f078252fa21bc34c2de8821e7dadf7f0adf7c35ee0e04ce26f8cd7be
CLIENT_TRAFFIC_SECRET_0 ec599e46546174ce2938e723c706c5e16814e0cee5a23623161dbe2b9c111a7e 198e26885b49967b410b4629ac6880aa5ee517e373afcd9a3ab84c6116f356ac
SERVER_TRAFFIC_SECRET_0 ec599e46546174ce2938e723c706c5e16814e0cee5a23623161dbe2b9c111a7e 710918e8f5c5259c4c011d90e52b681df3d31a3497d783dfe2fac57039b04568
EXPORTER_SECRET ec599e46546174ce2938e723c706c5e16814e0cee5a23623161dbe2b9c111a7e 5717920386451f87b9063d603a43db23215084a16dd32c2d043aa16c4598a0c0
CLIENT_HANDSHAKE_TRAFFIC_SECRET 355556b0c95dceda153f2d689652cc65c6b5b09749cb18b26b79916a22b6addd fcfb5c32f761cf776cd83af6f66765f0586fcc1311f960943ce1207cb5258c36
SERVER_HANDSHAKE_TRAFFIC_SECRET 355556b0c95dceda153f2d689652cc65c6b5b09749cb18b26b79916a22b6addd f6946a93e3a5c1886a27ac8e93dd4b9924e19177b44992286726a5a6a10d59c4
CLIENT_TRAFFIC_SECRET_0 355556b0c95dceda153f2d689652cc65c6b5b09749cb18b26b79916a22b6addd 9d6941351ebdd09f0e2d33fb68021dfcc50c6b6c9917f866104ec9c7f4033743
SERVER_TRAFFIC_SECRET_0 355556b0c95dceda153f2d689652cc65c6b5b09749cb18b26b79916a22b6addd fffc597a7b88292fd175392543148fc117a53a2334c49b27ebcf3334363f2aaf
EXPORTER_SECRET 355556b0c95dceda153f2d689652cc65c6b5b09749cb18b26b79916a22b6addd eb534cdee03cd18d7dbf60fd1afb04841d03fec314672f79fafb5face0790a42
CLIENT_HANDSHAKE_TRAFFIC_SECRET 87c2f582bf094dbb2ace27064277d2df3a05c093cecb6a2831b8c287d126d193 9fce721f8b0d856ba902e87301301d57ce71fe099f928b32e1f7af3227f2d0c5514c5c87a60841141b4390c2129d890e
SERVER_HANDSHAKE_TRAFFIC_SECRET 87c2f582bf094dbb2ace27064277d2df3a05c093cecb6a2831b8c287d126d193 2e3cc55b6de6e0c48d248fa9cb833e444d3420452ae10666d8dc7f6d08dabf3b6ae57a8aad58d341eec41a775dd65ad2
CLIENT_TRAFFIC_SECRET_0 87c2f582bf094dbb2ace27064277d2df3a05c093cecb6a2831b8c287d126d193 6def9b1f1918e505bd799ddcf63b96d17f185a8519be01bde61ddd6c7b3f0688c79a7007b113c1d06058a9d797a0492e
SERVER_TRAFFIC_SECRET_0 87c2f582bf094dbb2ace27064277d2df3a05c093cecb6a2831b8c287d126d193 e92c15512c46cfd2eaf734db136b915b7a239add3270186271b49431211ab4a8445845b9e986ca2acf14f3a3ded0fc64
EXPORTER_SECRET 87c2f582bf094dbb2ace27064277d2df3a05c093cecb6a2831b8c287d126d193 dee65f88b43d670e3e2989d46df4d1a4314f99715f5a99db6b6a7668e283d6a147d26427f7f8a6b03fd32790c8e421fc
CLIENT_HANDSHAKE_TRAFFIC_SECRET e90287e977f1c53b71848c70d4b7785683835a9ad9ec9e755356eccaa63c4c7a c947c71a98769d6238863fee441d6147ee75443a1affe385df88a2ab0af7c7dd
SERVER_HANDSHAKE_TRAFFIC_SECRET e90287e977f1c53b71848c70d4b7785683835a9ad9ec9e755356eccaa63c4c7a e30df0213bd39871855e98e8a111253f73e707a0dca3c2c1c3e80fa6883c363d
CLIENT_TRAFFIC_SECRET_0 e90287e977f1c53b71848c70d4b7785683835a9ad9ec9e755356eccaa63c4c7a c33efb9c0f8d3529acdf6c9e474f7d8ef5d7add0bc8d25d2b25e699f384d1df5
SERVER_TRAFFIC_SECRET_0 e90287e977f1c53b71848c70d4b7785683835a9ad9ec9e755356eccaa63c4c7a 3a7c88ed440d733b95d1478aa2660dc02fefadfbcd7f4ec4891e6b73b6371f76
EXPORTER_SECRET e90287e977f1c53b71848c70d4b7785683835a9ad9ec9e755356eccaa63c4c7a 4f30505ff17660aad8f7d396c14f55508829f75596e6827ca09c9a4f61757f3a
CLIENT_HANDSHAKE_TRAFFIC_SECRET fa4b7ed32887ca4d6f730300a0abf486036de7b3810c9f14d43e728af844fb8e aafa46b88571cdf66aad5341b0de6ef90b35feaa0ac14fd109924224e3664c20
SERVER_HANDSHAKE_TRAFFIC_SECRET fa4b7ed32887ca4d6f730300a0abf486036de7b3810c9f14d43e728af844fb8e f9dff854ad6023b43abb58569e6c474471ea99d2be6847fe8b63cc96d7e94088
CLIENT_TRAFFIC_SECRET_0 fa4b7ed32887ca4d6f730300a0abf486036de7b3810c9f14d43e728af844fb8e 3ec49b8433f3041faac8e665a82b18e12c8c65000a02be7acb9d2e4592bf03a2
SERVER_TRAFFIC_SECRET_0 fa4b7ed32887ca4d6f730300a0abf486036de7b3810c9f14d43e728af844fb8e 58bf7c81e2a49b661ccbcc1a1be9a1bc29732ffcd2ac1baa8399d88bcbcc1dc6
EXPORTER_SECRET fa4b7ed32887ca4d6f730300a0abf486036de7b3810c9f14d43e728af844fb8e f8dfb413b0408a8b96e874505eb57379302667d24315dabcf5f0ed42b297302c
CLIENT_EARLY_TRAFFIC_SECRET e231106f59e1d6407b088e52989f1d604d4943de22c71deaffdb4425f4918415 a35602ffcfdd88e9dbfbcf779b1f8a2ca1423bf36bbad9d88c2f1e6b3bf73179
CLIENT_HANDSHAKE_TRAFFIC_SECRET e231106f59e1d6407b088e52989f1d604d4943de22c71deaffdb4425f4918415 149e8106f58a5ce8df3ea3fb216df510a466d8e183a7fe0d0d29f7184a1a8c1f
SERVER_HANDSHAKE_TRAFFIC_SECRET e231106f59e1d6407b088e52989f1d604d4943de22c71deaffdb4425f4918415 aed0d75a371aeffa4515de3f1f32d63edd0e16d72ffef906846e904af2759ea5
CLIENT_TRAFFIC_SECRET_0 e231106f59e1d6407b088e52989f1d604d4943de22c71deaffdb4425f4918415 0f7f42d41a5cfd5f3e4284d3803f6a5964230b8d34a0038e16865de257b51a7e
SERVER_TRAFFIC_SECRET_0 e231106f59e1d6407b088e52989f1d604d4943de22c71deaffdb4425f4918415 ffdb49e74f47e97a724fbed79986758832b5b6e5a8dcc72c91b60bb2c37dbd7d
EXPORTER_SECRET e231106f59e1d6407b088e52989f1d604d4943de22c71deaffdb4425f4918415 62c7f0df3ee1d1f660cf904e4c0b38b2408a8a31a8529ee48193d97877bbaf72
CLIENT_EARLY_TRAFFIC_SECRET 0bd29b43667ab8f444cb86ccd09809425840915fd912881d1d1f38613c13cd73 c92cf0a6c332ba7c4592a0fd48d2b241d8c1e60c6de0470174b9274a3417c7fe
CLIENT_HANDSHAKE_TRAFFIC_SECRET a0f1ffe3d42a17a6836f7419a87fa825b1a529b7789a2135cee9f67eb851ae69 830e84c2060a455d4ea330a360e4da6581e3baf00e1f55ef75bd158d485a3ef2
SERVER_HANDSHAKE_TRAFFIC_SECRET a0f1ffe3d42a17a6836f7419a87fa825b1a529b7789a2135cee9f67eb851ae69 95ae200cb20e80dd3307dbcd862d7c67c41350e5a803de912d96249aa00a1f0d
CLIENT_HANDSHAKE_TRAFFIC_SECRET 0bd29b43667ab8f444cb86ccd09809425840915fd912881d1d1f38613c13cd73 6725b55c620fc0acb1bbe7414a074a27547a14d869b40f36d9755d98fd44d03a
SERVER_HANDSHAKE_TRAFFIC_SECRET 0bd29b43667ab8f444cb86ccd09809425840915fd912881d1d1f38613c13cd73 1dd28cce6b194d79f26709f8eae1dcb7fec015e3b741efe6ad7f3dcc01d26f79
CLIENT_TRAFFIC_SECRET_0 0bd29b43667ab8f444cb86ccd09809425840915fd912881d1d1f38613c13cd73 3644d18d3b5498129945b52c67a474bb2c442bd6cf5c0ba205d0009161a20ecd
SERVER_TRAFFIC_SECRET_0 0bd29b43667ab8f444cb86ccd09809425840915fd912881d1d1f38613c13cd73 f21c60c0a369220413166bd6e3e32d23861fe1e7bddaf7fd09056b7274b7171e
EXPORTER_SECRET 0bd29b43667ab8f444cb86ccd09809425840915fd912881d1d1f38613c13cd73 09ff88cc0e07ffdc94296057bdf761eb71b176d996670816042b3453a74abeac
CLIENT_HANDSHAKE_TRAFFIC_SECRET 1d425d83b4a2f33bf32ba6504156c198c3debbadfa0435b8e2f98f7a0c38e6fe 94d27feb9ca64d69f69a94a7829b0b92a0aa0d8c7c10138f3a60af2a628da457
SERVER_HANDSHAKE_TRAFFIC_SECRET 1d425d83b4a2f33bf32ba6504156c198c3debbadfa0435b8e2f98f7a0c38e6fe 90e6e404ad7f555d83b1d30962400f8a01254717a45f2020f940b39627ad8cf9
CLIENT_TRAFFIC_SECRET_0 a0f1ffe3d42a17a6836f7419a87fa825b1a529b7789a2135cee9f67eb851ae69 0210e820dbd17ce53ca8e7bbbc9f177c850df5627a51de03b4887ec1d851d018
SERVER_TRAFFIC_SECRET_0 a0f1ffe3d42a17a6836f7419a87fa825b1a529b7789a2135cee9f67eb851ae69 f7e7bece88031320ce1630b62449a6dc2bbf2c5b5bbc833045e07a8cfb61d7ea
EXPORTER_SECRET a0f1ffe3d42a17a6836f7419a87fa825b1a529b7789a2135cee9f67eb851ae69 b0dca31113da259ac8de96dc65259f5520dfa67dac1a7a4b169de04e1c0806a1
CLIENT_EARLY_TRAFFIC_SECRET 336fd690fd6a835b939c077d619d2c03eee4d90c2618287979fa71222ebdd021 907a0737c15f907304932fc0d7e6f09dbcdd1d0dbd11d134e41a3ea15948a42a
CLIENT_HANDSHAKE_TRAFFIC_SECRET 336fd690fd6a835b939c077d619d2c03eee4d90c2618287979fa71222ebdd021 c0ad27c610b38b1af8e62ce08caac972e29284c27cb046c5b59121707f2f1dbc
SERVER_HANDSHAKE_TRAFFIC_SECRET 336fd690fd6a835b939c077d619d2c03eee4d90c2618287979fa71222ebdd021 c8290273a2db5967e6a128b9c182711c32689eda5aa2bcf9677bc1742ea1d4cc
CLIENT_TRAFFIC_SECRET_0 336fd690fd6a835b939c077d619d2c03eee4d90c2618287979fa71222ebdd021 472cdfc1018950e2f0fb34cf31ad84babb552adf1da5f66e51230a79e2b8ec18
SERVER_TRAFFIC_SECRET_0 336fd690fd6a835b939c077d619d2c03eee4d90c2618287979fa71222ebdd021 ccbc48e188a9dc6f014555b0c0611203a086183bb24b74312cd100e84f191bc7
EXPORTER_SECRET 336fd690fd6a835b939c077d619d2c03eee4d90c2618287979fa71222ebdd021 45a164248e88ddd4468b10749e49a8aedb6d06c834fa87561d726b7ca6152f31
CLIENT_EARLY_TRAFFIC_SECRET 9482e0451515e80ee13f197836dbb641d96f303634178759bd7602edbb71e25f 1c05fe3204684f304460837c94f72ca0a9683d5b53a8b0153f74913efc04f7a4
CLIENT_HANDSHAKE_TRAFFIC_SECRET 9482e0451515e80ee13f197836dbb641d96f303634178759bd7602edbb71e25f 1c759147d212feca560e54a5c04e869094c24d7f7737244eb702c2b9b3086ea8
SERVER_HANDSHAKE_TRAFFIC_SECRET 9482e0451515e80ee13f197836dbb641d96f303634178759bd7602edbb71e25f d5be5af0e19171541bd0e506acc1adf5c77e78858cfb3a36938374d3999648aa
CLIENT_TRAFFIC_SECRET_0 9482e0451515e80ee13f197836dbb641d96f303634178759bd7602edbb71e25f 941d4680ff14b3111a134f11c121e955be74cdb8cad4b21fa8f1ec54579398e4
SERVER_TRAFFIC_SECRET_0 9482e0451515e80ee13f197836dbb641d96f303634178759bd7602edbb71e25f fb0be1de7178874c79552500efe21ab94dc624d37710013c9f60001c2d5a1e77
EXPORTER_SECRET 9482e0451515e80ee13f197836dbb641d96f303634178759bd7602edbb71e25f 993061fe2fbbd4989505b19ad9c2850b1f9867f880a93f6a370fd69b5ec8dda1
CLIENT_EARLY_TRAFFIC_SECRET 487365e294c173a70da60b9d57b36e53b3cc6c5a22c6d0e772429e9ff90234a2 54eb98b4962324e8c424cc66b631a14ef0fb2689a2ec948dd3ecd52a532d7182
CLIENT_HANDSHAKE_TRAFFIC_SECRET 487365e294c173a70da60b9d57b36e53b3cc6c5a22c6d0e772429e9ff90234a2 26b15d079776f509e0d0a8371f6284254d4bf06dfb671aa152c5b5c57f217d29
SERVER_HANDSHAKE_TRAFFIC_SECRET 487365e294c173a70da60b9d57b36e53b3cc6c5a22c6d0e772429e9ff90234a2 a17d26a863368c3883baad8c088303e2bd05ec3c52253f9af09e1cb34b038674
CLIENT_TRAFFIC_SECRET_0 487365e294c173a70da60b9d57b36e53b3cc6c5a22c6d0e772429e9ff90234a2 d3c10049730b8ca97f9f182a33df46de135e1206878e6bf1baaeef5d32c1d917
SERVER_TRAFFIC_SECRET_0 487365e294c173a70da60b9d57b36e53b3cc6c5a22c6d0e772429e9ff90234a2 54df1fcf27fda0aa56bd0f1c640815e97575b3f232e3a8a52a25af5da6c86170
EXPORTER_SECRET 487365e294c173a70da60b9d57b36e53b3cc6c5a22c6d0e772429e9ff90234a2 976bd60e94ee71a6b710e40ab29bf44e5070290f03bf7dbfb1b60b6c3c5b5a8c
CLIENT_HANDSHAKE_TRAFFIC_SECRET 8af8e31edb1f347119018ada019fbb48fe098e0f3b53cb23f6b60fa45823dfd8 a39bb595a785f7247ef60dc6a201cdf838c9b34bf95749fc7bc9d48e00910d45e1f41febbaf6586a6c0024ccdd6953d4
SERVER_HANDSHAKE_TRAFFIC_SECRET 8af8e31edb1f347119018ada019fbb48fe098e0f3b53cb23f6b60fa45823dfd8 7ea9fcfb63fb8a402c702c0e7574fd2ce81071f9c5a9b6c4e91423d3e595a76d5517038f3506436e2b2c5b6f91220758
CLIENT_TRAFFIC_SECRET_0 8af8e31edb1f347119018ada019fbb48fe098e0f3b53cb23f6b60fa45823dfd8 07942a17f16b6790e95c904078d1d45ceabe46f1028f1b03d752b5b09123f7d1c9aa1154899f6e0e6e7ba316f6cd6758
SERVER_TRAFFIC_SECRET_0 8af8e31edb1f347119018ada019fbb48fe098e0f3b53cb23f6b60fa45823dfd8 84f1606717a1ab014e04f2f34683ade062fcf444a210332507d7b3b3ad2eb523ed778dc04fb620552347b03ccc73f824
EXPORTER_SECRET 8af8e31edb1f347119018ada019fbb48fe098e0f3b53cb23f6b60fa45823dfd8 a230e28c1d03cb9038b2febe8a13f479b2b13963c3dc4a56040e487a43df759d84abee147564acb6a88c166dbf358de0
CLIENT_EARLY_TRAFFIC_SECRET bff090e8af4ca50eb0788064bf0eb33198b03904b346b6a48ff2d0b7b0b857e7 658c267da92241c29283b1bc8b0d1b00454eca2d5829d77dbd4dfe7fdff04e65
CLIENT_HANDSHAKE_TRAFFIC_SECRET bff090e8af4ca50eb0788064bf0eb33198b03904b346b6a48ff2d0b7b0b857e7 690243a8c70799da6b55e2b9b1ac894fad2f4d6b4f3a93c1c7d2918fbaa7b6de
SERVER_HANDSHAKE_TRAFFIC_SECRET bff090e8af4ca50eb0788064bf0eb33198b03904b346b6a48ff2d0b7b0b857e7 0ef221c5c11100208deb3997c813a00984d399b930f2cdf6bbac04221a56b4ab
CLIENT_TRAFFIC_SECRET_0 bff090e8af4ca50eb0788064bf0eb33198b03904b346b6a48ff2d0b7b0b857e7 36cd63b732ccc93b178f7446aa02884ae530c434309525b57c4885ed8d41ae5d
SERVER_TRAFFIC_SECRET_0 bff090e8af4ca50eb0788064bf0eb33198b03904b346b6a48ff2d0b7b0b857e7 c1d6c1c50bb84b0bfd93951c3db4ef179f06dec782bf1e381b2cb9025970b60d
EXPORTER_SECRET bff090e8af4ca50eb0788064bf0eb33198b03904b346b6a48ff2d0b7b0b857e7 deb30917deb5b3f8c58883d22453b569bef63af7366e8df7c200a5a072b5361a
CLIENT_HANDSHAKE_TRAFFIC_SECRET e56d2517085deff074a3d54eb46e135558ba41ca5459a5f8fd9b07642a51ff79 b320fbc0ab5550453fb9ee9d83c561e7a9a21676c20cac61a02e68ed9a794612
SERVER_HANDSHAKE_TRAFFIC_SECRET e56d2517085deff074a3d54eb46e135558ba41ca5459a5f8fd9b07642a51ff79 51ffc0c10921f7be121d5259cf09fdf70802f3e5538946508fd36f58763a9015
CLIENT_TRAFFIC_SECRET_0 e56d2517085deff074a3d54eb46e135558ba41ca5459a5f8fd9b07642a51ff79 8b07956fb04552d25d854543832979983599b78493ed59573e51f9384f702260
SERVER_TRAFFIC_SECRET_0 e56d2517085deff074a3d54eb46e135558ba41ca5459a5f8fd9b07642a51ff79 7e410762eef1bbf13ae4abe8fb1b4069ef0f87a7b4164ef7176f96e756a2756b
EXPORTER_SECRET e56d2517085deff074a3d54eb46e135558ba41ca5459a5f8fd9b07642a51ff79 d814cd70b972b7e89a5067fef12df9ccbc9c540fdcc9802ba3e86ce7ed2f2fe5
CLIENT_EARLY_TRAFFIC_SECRET 52a5dd7b72f40fef861a7fa571a14dee183e9ee3db1799fb97bf7be2b10c0cb7 c15b74aef2ab48f621a9747313bc4dad7ca3c609371e7501b0cf5b9692831955
CLIENT_HANDSHAKE_TRAFFIC_SECRET 52a5dd7b72f40fef861a7fa571a14dee183e9ee3db1799fb97bf7be2b10c0cb7 2a6219dd818110c5f1543d7a680aff4fe23564e7db646bf7abfad6af5caea41b
SERVER_HANDSHAKE_TRAFFIC_SECRET 52a5dd7b72f40fef861a7fa571a14dee183e9ee3db1799fb97bf7be2b10c0cb7 982955ff9af1d25f1201a5661bdfbfd0af2125d35cb19f76abe036cf3777f9f7
CLIENT_TRAFFIC_SECRET_0 52a5dd7b72f40fef861a7fa571a14dee183e9ee3db1799fb97bf7be2b10c0cb7 dc5a87f0890226b3285f8508e8cf21a879b9eb98a0c60f2ae75430229c4a8f73
SERVER_TRAFFIC_SECRET_0 52a5dd7b72f40fef861a7fa571a14dee183e9ee3db1799fb97bf7be2b10c0cb7 ec77fadd98c0e7371ded3424279df2bc8b3da316dbd33b06c59964fc8e23e975
EXPORTER_SECRET 52a5dd7b72f40fef861a7fa571a14dee183e9ee3db1799fb97bf7be2b10c0cb7 fe1c58e9ef6df82c23f7bfbccb0869f1eb9f5b9a2bbf23f8ed7ad9120e2a0fc7
CLIENT_EARLY_TRAFFIC_SECRET 2cd4b2642d9e2184fbd52a1e69eb376e00e0ec40a267fa1fb22e821866d9f8a1 b45bd3933eac8a82ebe287493a4b4f1b9fd500e131404345ba7b4f649e8cf566
CLIENT_EARLY_TRAFFIC_SECRET 8f1a086e0ad62083d3b7a8bd745c18eb45a9dd5006bfa5b94681dd1a2fac9166 69006aef7cfaaeb1275a7c3bfed5b4683fd182107036de658d0363b185cad692
CLIENT_HANDSHAKE_TRAFFIC_SECRET 2cd4b2642d9e2184fbd52a1e69eb376e00e0ec40a267fa1fb22e821866d9f8a1 c9c1a04aa9b6c7437654d7defa789ba07db7f653a397a031d79d777065015ef7
SERVER_HANDSHAKE_TRAFFIC_SECRET 2cd4b2642d9e2184fbd52a1e69eb376e00e0ec40a267fa1fb22e821866d9f8a1 cf2c4597ee8fbe3f9876a562270b03594a06c1bc1786e5504dcb0a2200164823
CLIENT_TRAFFIC_SECRET_0 2cd4b2642d9e2184fbd52a1e69eb376e00e0ec40a267fa1fb22e821866d9f8a1 ec80c0875deed611c6de97387a5eaf3f8969d96cd136afc3707786c2a61d4cac
SERVER_TRAFFIC_SECRET_0 2cd4b2642d9e2184fbd52a1e69eb376e00e0ec40a267fa1fb22e821866d9f8a1 0255d7c49f62e3c4fcb110416530289911a3c6e63d7a1e1bbfe9fdae19f9d7ae
EXPORTER_SECRET 2cd4b2642d9e2184fbd52a1e69eb376e00e0ec40a267fa1fb22e821866d9f8a1 bb2210fc3e0ca1ca964de5d68b547ac79c5a5a931e0a5996c6779bda576a4cf4
CLIENT_HANDSHAKE_TRAFFIC_SECRET 8f1a086e0ad62083d3b7a8bd745c18eb45a9dd5006bfa5b94681dd1a2fac9166 f096039230f90385a20d92ceb0651f9bbe3532341ba1b3e37f81dac331c322bb
SERVER_HANDSHAKE_TRAFFIC_SECRET 8f1a086e0ad62083d3b7a8bd745c18eb45a9dd5006bfa5b94681dd1a2fac9166 9c64b3ffdd9654de8050b4fdc9fe87adfe00bf3ed62a97b081dd03cf3700961c
CLIENT_TRAFFIC_SECRET_0 8f1a086e0ad62083d3b7a8bd745c18eb45a9dd5006bfa5b94681dd1a2fac9166 1bb3431c2167563647f9584ba5f21b932a950c71c165f92d7c4abb68df8b3ce9
SERVER_TRAFFIC_SECRET_0 8f1a086e0ad62083d3b7a8bd745c18eb45a9dd5006bfa5b94681dd1a2fac9166 53fe551af5a21e2c3718eb23c00fb7d6fbbf57ba1a89ee178918c0291b2a2f7d
EXPORTER_SECRET 8f1a086e0ad62083d3b7a8bd745c18eb45a9dd5006bfa5b94681dd1a2fac9166 f08e87fa8e43462e6ba793946a449fe68837b475fe9cd6d60f74c705cf1ebe53
CLIENT_EARLY_TRAFFIC_SECRET 4f50d876cf1a408a3398db0212d95897aa7f4b28b76c534a9d222fa864d38adc cad4ff4fa1d0e1ffb1068113529befc310927eea1b8d0fa576c07084d55c809a
CLIENT_HANDSHAKE_TRAFFIC_SECRET 4f50d876cf1a408a3398db0212d95897aa7f4b28b76c534a9d222fa864d38adc e2cfe2c4994750ec61447bdeac0dc11368a6f993f0faf528d2253c328b4a8ac1
SERVER_HANDSHAKE_TRAFFIC_SECRET 4f50d876cf1a408a3398db0212d95897aa7f4b28b76c534a9d222fa864d38adc c24dc7ac9c9777f6a98b8ee64ab859461c5b59f88932b00ebae091e7528373c2
CLIENT_TRAFFIC_SECRET_0 4f50d876cf1a408a3398db0212d95897aa7f4b28b76c534a9d222fa864d38adc 6184450c7e7795f349a7922e0e48737a7f71caaff42b4c28a0264be41581199b
SERVER_TRAFFIC_SECRET_0 4f50d876cf1a408a3398db0212d95897aa7f4b28b76c534a9d222fa864d38adc 91bedb41056b47242208fad4ccac165ddebcab139458e47e9def12e5a140b572
EXPORTER_SECRET 4f50d876cf1a408a3398db0212d95897aa7f4b28b76c534a9d222fa864d38adc ef7dc8f30a154ea828ee02c65d6662b165cf1a7ad08b2b0310d733c663a8536f
CLIENT_EARLY_TRAFFIC_SECRET e623bcb07098077b86ad898fd608ee0f63f3c04d6b1f75980f0dd07b72277ce3 027a5fc459a9ce7a27b6467e4f411c673b0aab8949c0612f2a6f1e9cef7f1c2b
CLIENT_HANDSHAKE_TRAFFIC_SECRET e623bcb07098077b86ad898fd608ee0f63f3c04d6b1f75980f0dd07b72277ce3 ee778397019b4a113e2e957fd4e8b055c7aa45cdcb5528f69395f9b53b14d091
SERVER_HANDSHAKE_TRAFFIC_SECRET e623bcb07098077b86ad898fd608ee0f63f3c04d6b1f75980f0dd07b72277ce3 4e17a6020eea4c534b8a43c263e75fa019887c49cc4d94bbf6e05f1b195dd8fd
CLIENT_TRAFFIC_SECRET_0 e623bcb07098077b86ad898fd608ee0f63f3c04d6b1f75980f0dd07b72277ce3 df90da888b31bd7ea54c7bda7b0fee43094c43de05056a32ea4897a3db83e668
SERVER_TRAFFIC_SECRET_0 e623bcb07098077b86ad898fd608ee0f63f3c04d6b1f75980f0dd07b72277ce3 0bf5a1d28cd91f97b6d2d4cbd7a3ebb36962245d18d597befb07e6406e8e6da5
EXPORTER_SECRET e623bcb07098077b86ad898fd608ee0f63f3c04d6b1f75980f0dd07b72277ce3 4016572d1336921fadb90014dd668a7235974d45d48135d1c0001a75a121b836
CLIENT_EARLY_TRAFFIC_SECRET d10bea25912b96d4e490f18aa5eb59895c19ae4786726e1c1c3a517fff15aa58 bf897d81d32765627b3674551ae1f1384f9188f03a0c898e3dbaae7f0933e259
CLIENT_HANDSHAKE_TRAFFIC_SECRET d10bea25912b96d4e490f18aa5eb59895c19ae4786726e1c1c3a517fff15aa58 7546afa0d1ae3dca11da025eeeeccfc721ddb5d0e8bd167db3bbe350a4515e6d
SERVER_HANDSHAKE_TRAFFIC_SECRET d10bea25912b96d4e490f18aa5eb59895c19ae4786726e1c1c3a517fff15aa58 2ccb4f69eef7c296de00e28a0617690edb0e4421bfda5d35cd320ae9fd15bbe4
CLIENT_TRAFFIC_SECRET_0 d10bea25912b96d4e490f18aa5eb59895c19ae4786726e1c1c3a517fff15aa58 f8d0f19e00ebb476b4477b4aec9f1afdb467747a21be0f3a8bf6d6bc9996e6ab
SERVER_TRAFFIC_SECRET_0 d10bea25912b96d4e490f18aa5eb59895c19ae4786726e1c1c3a517fff15aa58 34e0d2f10c733bcee96d2dfb390327565f35718a7e9bfd42dcefe64dffad6801
EXPORTER_SECRET d10bea25912b96d4e490f18aa5eb59895c19ae4786726e1c1c3a517fff15aa58 659d4a4851ca0312237de01ce69f9de38cb52ce69a12ae5672bfd5fbfb4e53fc
CLIENT_EARLY_TRAFFIC_SECRET 79fb3d8341a7ec05a25abd98b309dc60bf9f946e2daf365e436dc66adbd273fb 2b7335e7627cb4e8845a68332cc75becd08a2d63741a7dd6a3f4ee227fa414c6
CLIENT_HANDSHAKE_TRAFFIC_SECRET 79fb3d8341a7ec05a25abd98b309dc60bf9f946e2daf365e436dc66adbd273fb 709ff53473492a77e33ce8d9997e624eadd38020c6297695f370ef292d3bc429
SERVER_HANDSHAKE_TRAFFIC_SECRET 79fb3d8341a7ec05a25abd98b309dc60bf9f946e2daf365e436dc66adbd273fb eb89b9f6a721d3a94aa8cee9c41ccc4c04ebb1598817d98de89f928dfdaf4df8
CLIENT_TRAFFIC_SECRET_0 79fb3d8341a7ec05a25abd98b309dc60bf9f946e2daf365e436dc66adbd273fb 2ba53574f44becd94182954116abb3dd8035204e1c36d3ad25f8d1586a4498e1
SERVER_TRAFFIC_SECRET_0 79fb3d8341a7ec05a25abd98b309dc60bf9f946e2daf365e436dc66adbd273fb c34bc71d4d81fb582ab920f9bf54f1043ebad1c401bd6ab3c472fc309a025863
EXPORTER_SECRET 79fb3d8341a7ec05a25abd98b309dc60bf9f946e2daf365e436dc66adbd273fb 4020304503375c9d5e2627f9476f0be3b9a78c2638635547cf52eb5654c35bfb
CLIENT_EARLY_TRAFFIC_SECRET f4cce43213c98515b41bbf64fa1c7695d9657a1e4e503ecf4c358319c13b0ef1 40cc89a6cae8dc455208f490a08addc203059d5ee0ee26a4f4142c22d4640730
CLIENT_HANDSHAKE_TRAFFIC_SECRET f4cce43213c98515b41bbf64fa1c7695d9657a1e4e503ecf4c358319c13b0ef1 5ac2e44e597845bea93c1c8735177a340269dc1c75074549b30162025c699e76
SERVER_HANDSHAKE_TRAFFIC_SECRET f4cce43213c98515b41bbf64fa1c7695d9657a1e4e503ecf4c358319c13b0ef1 74550afb0eefc0e500eefed322f519175db008b2c37cbe1eacd8825027af1048
CLIENT_TRAFFIC_SECRET_0 f4cce43213c98515b41bbf64fa1c7695d9657a1e4e503ecf4c358319c13b0ef1 52d3508d9eca44f783c6c909740ab81420e18220536020c43d2c4f59862a69a0
SERVER_TRAFFIC_SECRET_0 f4cce43213c98515b41bbf64fa1c7695d9657a1e4e503ecf4c358319c13b0ef1 6b712542d35b090c8c52bd992c79acc14bdef23aad442b45a00d04be607b6cef
EXPORTER_SECRET f4cce43213c98515b41bbf64fa1c7695d9657a1e4e503ecf4c358319c13b0ef1 966d390283225f329ff8277e9e2bee260c521c510f392eb4cbeef24bce07e41b
CLIENT_EARLY_TRAFFIC_SECRET 62d8dd83adfe2f1c1bb1b2e1fab4413dc0ac2f76d738ae33220c3166e1643fe6 95d0485c22a3b1cc552c880911e164e2937df118fc26c38dbafa9dce1a22248d
CLIENT_HANDSHAKE_TRAFFIC_SECRET 62d8dd83adfe2f1c1bb1b2e1fab4413dc0ac2f76d738ae33220c3166e1643fe6 a67a28c640de2b5da325b0fc3104afeabd7a2c4cba8c439d6f98a2849a582d12
SERVER_HANDSHAKE_TRAFFIC_SECRET 62d8dd83adfe2f1c1bb1b2e1fab4413dc0ac2f76d738ae33220c3166e1643fe6 e810acce3bdaaa1e94ef2c35d727740d3a131236cf77d8531ca4dbf21907d97c
CLIENT_TRAFFIC_SECRET_0 62d8dd83adfe2f1c1bb1b2e1fab4413dc0ac2f76d738ae33220c3166e1643fe6 68e4de36da86f39a21c729f5b48e4abc91d8739feef572c419039e4140ae53d4
SERVER_TRAFFIC_SECRET_0 62d8dd83adfe2f1c1bb1b2e1fab4413dc0ac2f76d738ae33220c3166e1643fe6 1291e84a6af71c26f869216174ea3a0ae9b36ebec8e02b24ad5523d48888ae85
EXPORTER_SECRET 62d8dd83adfe2f1c1bb1b2e1fab4413dc0ac2f76d738ae33220c3166e1643fe6 ff6a4ab097d7fd88906b83efdb627fec6a27eaafd382cbc8cbb5462324450d45
