CLIENT_HANDSHAKE_TRAFFIC_SECRET 58d2241b9b1a2b85faaede3f44e3317de6e43fa3ff9313dca7c5974150a818fd a3ff5e759f9f15a7d440abdc34d45a01506d937cdcf7d0017b8038a27bbe9133
SERVER_HANDSHAKE_TRAFFIC_SECRET 58d2241b9b1a2b85faaede3f44e3317de6e43fa3ff9313dca7c5974150a818fd 256c2f44222402201a611de5d87740293442f70ca68c403cbb65d61839c01b7d
CLIENT_HANDSHAKE_TRAFFIC_SECRET b0c8bfb0136937b3b0ffc382f29a9ad4eebc0469ebcc4bd78d9c3465df76c797 a4cf47d48b06fbcbe7446483192200bcaee8ed93c2008469ababf9e31c2ed9ff3b92dd1be2dcf1a60045d02542f29b6b
SERVER_HANDSHAKE_TRAFFIC_SECRET b0c8bfb0136937b3b0ffc382f29a9ad4eebc0469ebcc4bd78d9c3465df76c797 35ef6a615f5af8db498551442dddfbee04798561e5ddbd3836cc5a81392bd3efdfdf77be42fc555376a953fda013af87
CLIENT_HANDSHAKE_TRAFFIC_SECRET 8797c9ee038d41222fa124d1b88600fcef5f408d96393286d444417a9540a24c bf2778ea7e272cb14c34e7e3dd025f68410d2d76d81be83f02d4c6abfe5342c7
SERVER_HANDSHAKE_TRAFFIC_SECRET 8797c9ee038d41222fa124d1b88600fcef5f408d96393286d444417a9540a24c 906a87efa84c6846db141cec12e75cee0cf0b555d4401df6f03a86b1ee6b24f8
CLIENT_HANDSHAKE_TRAFFIC_SECRET 13c863ba997f34314a37c7e4b15707a6d289fda7524b106f2b73acb3b6028934 8f893494c0698c28d295d2193318d7760976332a553d92496c53357ff87c6f58
SERVER_HANDSHAKE_TRAFFIC_SECRET 13c863ba997f34314a37c7e4b15707a6d289fda7524b106f2b73acb3b6028934 3e45a50531e9fe955232e9e4406f674ed968d1dfe746bcd1216a167cb0a67fdd
CLIENT_TRAFFIC_SECRET_0 b0c8bfb0136937b3b0ffc382f29a9ad4eebc0469ebcc4bd78d9c3465df76c797 f6586485875700e5727f7be3274a093474c48c6aa9b39c8ab3da4413ce8566783f45ff6f7395caba12167a3192edcffb
SERVER_TRAFFIC_SECRET_0 b0c8bfb0136937b3b0ffc382f29a9ad4eebc0469ebcc4bd78d9c3465df76c797 54b37f5863bc8e73908d9e4ab6cec58e66d6ea8141b61af8cd896ca9122770c2894ca9104631e26d61ba004884e05d87
EXPORTER_SECRET b0c8bfb0136937b3b0ffc382f29a9ad4eebc0469ebcc4bd78d9c3465df76c797 d1ed9f90a742831ad03de059540d4538876c39f2612d60a2adae3b228702dc66050adb0b2652142e6dcba78355073a9f
CLIENT_HANDSHAKE_TRAFFIC_SECRET 326c1c9dee55dc236b9ab03160ecf87f5ca876fb1fdf22d859df19d1ce11df7e 4f16159848f343179c59470690893199110ae7666b503fab828adee16a8eb17a
SERVER_HANDSHAKE_TRAFFIC_SECRET 326c1c9dee55dc236b9ab03160ecf87f5ca876fb1fdf22d859df19d1ce11df7e 3aadb74e681f14b89cc49c626d2eb90575bc66f056d7773fd629a191cb9cf01f
CLIENT_TRAFFIC_SECRET_0 58d2241b9b1a2b85faaede3f44e3317de6e43fa3ff9313dca7c5974150a818fd 3f82cb1e7cef283fc895b275df403f1a5f0c18d667f37f5f423839da13ddfda3
SERVER_TRAFFIC_SECRET_0 58d2241b9b1a2b85faaede3f44e3317de6e43fa3ff9313dca7c5974150a818fd 16608bfe957b6156619292780a239e1a1bb44637c9235354bef6d956411d28cf
EXPORTER_SECRET 58d2241b9b1a2b85faaede3f44e3317de6e43fa3ff9313dca7c5974150a818fd 2f567b6fe53927dcda46980273790d0eee80769939e6754478969b4a4524e29b
CLIENT_TRAFFIC_SECRET_0 8797c9ee038d41222fa124d1b88600fcef5f408d96393286d444417a9540a24c c8624d5b2ffd92e14780c1db8b70816ab45b957b3ceaee6656f50582bd5f8e80
SERVER_TRAFFIC_SECRET_0 8797c9ee038d41222fa124d1b88600fcef5f408d96393286d444417a9540a24c e96f2b00f5ed2cc07242554f240033845f825420fe58d2ea2c681056f8108d2b
EXPORTER_SECRET 8797c9ee038d41222fa124d1b88600fcef5f408d96393286d444417a9540a24c f883f533c06452ff578d264a8c930d96bdf6d49974a5322e75663828e05e375f
CLIENT_HANDSHAKE_TRAFFIC_SECRET 7882319a8312bb91cd6fec8bb8ba5a5280c2ba054a50eb038e34ba4921d57d80 2e85c4e7fbcc73dedc65713474423b9c0ce5e47ba98677d9791da1b80993162c
SERVER_HANDSHAKE_TRAFFIC_SECRET 7882319a8312bb91cd6fec8bb8ba5a5280c2ba054a50eb038e34ba4921d57d80 6a896b5ca561e1295229bceffce4d77978a1ade442b24fdb099722dc106eb4bf
CLIENT_TRAFFIC_SECRET_0 13c863ba997f34314a37c7e4b15707a6d289fda7524b106f2b73acb3b6028934 500b81706069f93b3fe890aa9094ab4fcf7c91e8ea59e474b7a3eafa8bc44931
SERVER_TRAFFIC_SECRET_0 13c863ba997f34314a37c7e4b15707a6d289fda7524b106f2b73acb3b6028934 16a8428f501cd8e8a1945aefb89e2c06de47b9f5c038966f25d777da142357f6
EXPORTER_SECRET 13c863ba997f34314a37c7e4b15707a6d289fda7524b106f2b73acb3b6028934 2509ecec5d3c2cddd90ebe1fa74519543275eafefb4f5a5ce02e6c0df2e27418
CLIENT_TRAFFIC_SECRET_0 7882319a8312bb91cd6fec8bb8ba5a5280c2ba054a50eb038e34ba4921d57d80 e90cf2533c3b89476ccbefd4146e923c650b31b5d765f4fed289c0ea9c4526a8
SERVER_TRAFFIC_SECRET_0 7882319a8312bb91cd6fec8bb8ba5a5280c2ba054a50eb038e34ba4921d57d80 66f72c13db4a69b5878f5523a2dc5d93c6839b816a1a73dc32a3d1dd6e42278a
EXPORTER_SECRET 7882319a8312bb91cd6fec8bb8ba5a5280c2ba054a50eb038e34ba4921d57d80 bf886e5cfae46ea08a5fec624c6458bc4e58dda2ebbae7ebdfb3f5e5cfee69b7
CLIENT_TRAFFIC_SECRET_0 326c1c9dee55dc236b9ab03160ecf87f5ca876fb1fdf22d859df19d1ce11df7e d83d5abf1c46680b8cd66c64527a7beb2c8b9eb9c7a8324764cb20032d07dba8
SERVER_TRAFFIC_SECRET_0 326c1c9dee55dc236b9ab03160ecf87f5ca876fb1fdf22d859df19d1ce11df7e 1e4e79198ea52d55365a070c9a16abbf067cd3ef36cf60488f49688fe330a211
EXPORTER_SECRET 326c1c9dee55dc236b9ab03160ecf87f5ca876fb1fdf22d859df19d1ce11df7e ac7e87eb55d2e8393d06a62cdd6385b0d706b83e14620c20960dae396461ab5d
CLIENT_HANDSHAKE_TRAFFIC_SECRET fbb7b9e46582dc7aa00ad95c9acf06fd6d89ed68635180ea6f432052e4fb153b 743694d3420115f84cb5f900fb598cb5c0c56560aff50e201cc6114654bfb163
SERVER_HANDSHAKE_TRAFFIC_SECRET fbb7b9e46582dc7aa00ad95c9acf06fd6d89ed68635180ea6f432052e4fb153b 35ab94ed1bc9e6b596d0f2a0b5191ec0e418ac17ee783c9a49cfa6f6919f34ee
CLIENT_TRAFFIC_SECRET_0 fbb7b9e46582dc7aa00ad95c9acf06fd6d89ed68635180ea6f432052e4fb153b c11015a4422719176cded8612cbee0c62d4fd4d3445878356c30df3f01d1dadc
SERVER_TRAFFIC_SECRET_0 fbb7b9e46582dc7aa00ad95c9acf06fd6d89ed68635180ea6f432052e4fb153b cf12ec68e0dc1c6acc98921a26c04498be26e22c72b0042f8222d0fa7c1d9d9b
EXPORTER_SECRET fbb7b9e46582dc7aa00ad95c9acf06fd6d89ed68635180ea6f432052e4fb153b 1f270faf806c77eedacef4f26f5bbf873b9db4b1daccb1ab52ebcdf786910585
CLIENT_HANDSHAKE_TRAFFIC_SECRET 43e85ef5d6df64f098ec3b7679a7432b65cc2863c294a498a4828061021759af e9460a08c11e2d2dc1a7f37ed221a84c99f978d99f718081fdc2c3714c594800
SERVER_HANDSHAKE_TRAFFIC_SECRET 43e85ef5d6df64f098ec3b7679a7432b65cc2863c294a498a4828061021759af 38fb70c2cd9f6846ae15a5a0a0f638d0e47e666485b7e59cd69b1ee182e866bc
CLIENT_TRAFFIC_SECRET_0 43e85ef5d6df64f098ec3b7679a7432b65cc2863c294a498a4828061021759af 7d5e5f081342b5715ddd3a41db78b9ffe8043669def9577e70c916ac6d23d345
SERVER_TRAFFIC_SECRET_0 43e85ef5d6df64f098ec3b7679a7432b65cc2863c294a498a4828061021759af 0c707038ba35070c38627076bd7a4c99b2874524ee585b51e299eb2c5abf3f2c
EXPORTER_SECRET 43e85ef5d6df64f098ec3b7679a7432b65cc2863c294a498a4828061021759af d4c9a64124191e0f5148fe29b270249bbb330bed4f15d35f402d5c4af0e72a63
CLIENT_HANDSHAKE_TRAFFIC_SECRET f3de2b1703737e565fe0e5ac02ad5ddd6d534e7b508a33abd62ec58a9eed7eae 08e1f56c6b72135c0c4900b5c7985abce9e17a3da65affc79b3eb315a01a3826d1330bc6efb7596e5706b875c79b3dd4
SERVER_HANDSHAKE_TRAFFIC_SECRET f3de2b1703737e565fe0e5ac02ad5ddd6d534e7b508a33abd62ec58a9eed7eae 19c9014e081654b42ebe77790ac901e067c682d9d7aa5e43be4b0410e351fc86ac94a9ad06fa971163281b5d1e5069d8
CLIENT_TRAFFIC_SECRET_0 f3de2b1703737e565fe0e5ac02ad5ddd6d534e7b508a33abd62ec58a9eed7eae 9f5bd1e15fa1b9e01b44313e8703a7a8e699ccd455b46bfee3488b0d2bd40e6f1481da9e5c2061fd6728cc5bb5b5763c
SERVER_TRAFFIC_SECRET_0 f3de2b1703737e565fe0e5ac02ad5ddd6d534e7b508a33abd62ec58a9eed7eae d8b84676ae8a80082eb4c2f952ec0b8655d7721100204aaf4c756cbebae98f3e0fd8b7d2d22ed6ffd9161519066e4989
EXPORTER_SECRET f3de2b1703737e565fe0e5ac02ad5ddd6d534e7b508a33abd62ec58a9eed7eae 68a317cfefdffbed021aa286521f7325dbd9ae7f6c0bad3a348548245d8141fec759e7680c21592b58eafe76d17d582d
CLIENT_HANDSHAKE_TRAFFIC_SECRET 5837820df1dbf5cb40fbec88a2d203c3eb96ee3770aab629dfe9070544a768e8 191aa32b3d3a328e2e6ca6c89f4c4583cb22c4b9b57706a0e403865d14273e5d
SERVER_HANDSHAKE_TRAFFIC_SECRET 5837820df1dbf5cb40fbec88a2d203c3eb96ee3770aab629dfe9070544a768e8 c090f7ab7baddc311ddd549776953c793a9e29dc6954c8dd1434e830cab5a985
CLIENT_TRAFFIC_SECRET_0 5837820df1dbf5cb40fbec88a2d203c3eb96ee3770aab629dfe9070544a768e8 5fb7bde601c769cc2bd3e3f5954ca2d699bde19009a80309e3db04daa3bc55da
SERVER_TRAFFIC_SECRET_0 5837820df1dbf5cb40fbec88a2d203c3eb96ee3770aab629dfe9070544a768e8 cb39c4f361102e0c8411a32587fa9916e492fdd1c00d6ddc86496685ca7f2622
EXPORTER_SECRET 5837820df1dbf5cb40fbec88a2d203c3eb96ee3770aab629dfe9070544a768e8 a43f4435cfc23b679ce123793c456cc953040bf859d4c0461b76f24baa24837f
CLIENT_HANDSHAKE_TRAFFIC_SECRET 016d5c4fe2a1976ac3487ab8b7f9a52ef3e2c216603538d18987e32ecff3b8c3 1f63168e2c86af10dc21daaa07b6cb9a1ef9f956becde2c12f2c6b20513ad652
SERVER_HANDSHAKE_TRAFFIC_SECRET 016d5c4fe2a1976ac3487ab8b7f9a52ef3e2c216603538d18987e32ecff3b8c3 38f3343ceb31961344e6f057bf622b7436e042d403e3039b261ec24ebf24ff6d
CLIENT_TRAFFIC_SECRET_0 016d5c4fe2a1976ac3487ab8b7f9a52ef3e2c216603538d18987e32ecff3b8c3 2ec5d2590e8aa6773fc2215402b00c2ee99a2ef97530dfe78159809a875a865b
SERVER_TRAFFIC_SECRET_0 016d5c4fe2a1976ac3487ab8b7f9a52ef3e2c216603538d18987e32ecff3b8c3 12f91c188f5b697c94ba09e3efad5c2d231a9b9ff6d3bbf232baba6fd2c36e2d
EXPORTER_SECRET 016d5c4fe2a1976ac3487ab8b7f9a52ef3e2c216603538d18987e32ecff3b8c3 f0fc5ed31a30a0ccd879df1140d6092528acfd2d33c913a3132ada7c4e5acd8c
CLIENT_HANDSHAKE_TRAFFIC_SECRET a6c49c6d3e060f43e4d3c95d2e2a5c9b525af8e2d71379b03b541c07da4b703e 2cfa6e82dcad7ddfc185d6a6528634b06e4b939532629621ddadf8389b76a5bf
SERVER_HANDSHAKE_TRAFFIC_SECRET a6c49c6d3e060f43e4d3c95d2e2a5c9b525af8e2d71379b03b541c07da4b703e c8a3ce6e6281fa24dbc92333a6d7c9e2646b1541c0f125d0efe24179af9c2a04
CLIENT_TRAFFIC_SECRET_0 a6c49c6d3e060f43e4d3c95d2e2a5c9b525af8e2d71379b03b541c07da4b703e c3fa8f95bb54cecb4881abc260c91ef1a64063ba94ab6d93392a20d6c4b95438
SERVER_TRAFFIC_SECRET_0 a6c49c6d3e060f43e4d3c95d2e2a5c9b525af8e2d71379b03b541c07da4b703e 9d5512406dccd22083b0bef10090252ba2b0b11f888c3f6a5cb9bdfd5cdba4a6
EXPORTER_SECRET a6c49c6d3e060f43e4d3c95d2e2a5c9b525af8e2d71379b03b541c07da4b703e f86c161d2085f5251ec31eba14090b34e1d4b01e6cb8aa9889bf0d0c2dbe2b10
CLIENT_EARLY_TRAFFIC_SECRET fa092604c9102f140390581089f0904aa689a15fc54c2d27187d368701781a6f 6314236301acdb66c2fbc7b06444016c8e975adfb91db95a80d0136da40d491a
CLIENT_HANDSHAKE_TRAFFIC_SECRET 174eff90ec1615e563bc296e478baa2e589d597d529e1a077b15b7054fafbe17 6585f21655a36caa4660d6dadb12794eefe3ad65daa7d3de59525d0bdf13d42d
SERVER_HANDSHAKE_TRAFFIC_SECRET 174eff90ec1615e563bc296e478baa2e589d597d529e1a077b15b7054fafbe17 dca77e3701c442b5952435c8c197e152ca19c7287e37dc5130e2d97a4399ea89
CLIENT_HANDSHAKE_TRAFFIC_SECRET fa092604c9102f140390581089f0904aa689a15fc54c2d27187d368701781a6f 69c6747178bb2cc595c6773bdd9e1c8688eca39464270a1bd9a7ff369ccc9b43
SERVER_HANDSHAKE_TRAFFIC_SECRET fa092604c9102f140390581089f0904aa689a15fc54c2d27187d368701781a6f 4ca4d341d1220d5e312f4ae66dca3e3eaf0b505c697847028388207bc0b78971
CLIENT_TRAFFIC_SECRET_0 fa092604c9102f140390581089f0904aa689a15fc54c2d27187d368701781a6f 229eaa27be0d776ef79b482c7dd5d99fff9a9c7bc8626d20a321028671a87fc6
SERVER_TRAFFIC_SECRET_0 fa092604c9102f140390581089f0904aa689a15fc54c2d27187d368701781a6f 3636364ed870e502ce3999c2513bdbb6015dd69fa4657aa772b23bacc851b47d
EXPORTER_SECRET fa092604c9102f140390581089f0904aa689a15fc54c2d27187d368701781a6f 32a2c0f71ac3b36fb90a94566f7ae665c826c35dc0fbf07c4d825468d1ad5e91
CLIENT_TRAFFIC_SECRET_0 174eff90ec1615e563bc296e478baa2e589d597d529e1a077b15b7054fafbe17 5151b0b8799e57f0a0a0a4121e0ab07779e5d684bdc0867aba73360e4bc46ee3
SERVER_TRAFFIC_SECRET_0 174eff90ec1615e563bc296e478baa2e589d597d529e1a077b15b7054fafbe17 d1b4c5811594c3098ffb4843572362e9d29afa9ee303a93505f2a9d32d8d3fd4
EXPORTER_SECRET 174eff90ec1615e563bc296e478baa2e589d597d529e1a077b15b7054fafbe17 88ade5f311ae2a4e4960d25d75030f35c123a59e715d7b2f86ecf2d3a753ebd5
CLIENT_HANDSHAKE_TRAFFIC_SECRET c02a4b8e7729731f6cf24a2b6ee59533d593e29ad8203f2b563f36ada252952f 4f09670618841c2eaba59cd8944c7a01abe1381dc67aa62acc63926ae345ede6
SERVER_HANDSHAKE_TRAFFIC_SECRET c02a4b8e7729731f6cf24a2b6ee59533d593e29ad8203f2b563f36ada252952f 9ef730f781f680e231bc066adcc5aaf9e1fe9809722b14be9f397f567499b72b
CLIENT_TRAFFIC_SECRET_0 c02a4b8e7729731f6cf24a2b6ee59533d593e29ad8203f2b563f36ada252952f 9b50ca8b2bcc7c7645ad36f2d045ba40adc24fd037a8b44fa83694f19091844e
SERVER_TRAFFIC_SECRET_0 c02a4b8e7729731f6cf24a2b6ee59533d593e29ad8203f2b563f36ada252952f 44b04893b2cf96b63971210a497bfd6a47fb293fdaf11e5e1e9e07d2fbf2ec5b
EXPORTER_SECRET c02a4b8e7729731f6cf24a2b6ee59533d593e29ad8203f2b563f36ada252952f 95d80a3cea335d75ea79c7f41ccbf7564d8e56a56278f9e6fb36e67a44aa5f09
CLIENT_HANDSHAKE_TRAFFIC_SECRET 3a4b6d253634aafae406f695a78e091e96a59201794536598b5137b0140acc61 e607ab8911dd8856a6edcca94f9eb9d92e96570e67b5bf7e50244eef0d538cfa
SERVER_HANDSHAKE_TRAFFIC_SECRET 3a4b6d253634aafae406f695a78e091e96a59201794536598b5137b0140acc61 75049ed0cc730bf1ecc572485feed21f64e03b20d39852c552cddfd04bd30978
CLIENT_HANDSHAKE_TRAFFIC_SECRET afc2197c62b63fa688a850b1f43293d5b3f09e398e0559079c8913b729b55f24 23701972204b36b8fcb6f9ee8e2a663727b92756b86a2f0735e8d7b7088d9458
SERVER_HANDSHAKE_TRAFFIC_SECRET afc2197c62b63fa688a850b1f43293d5b3f09e398e0559079c8913b729b55f24 f266a785a4aebd557c42bc5dcd3404d5a6f7b682a3b5cee0c0a054af264b778e
CLIENT_TRAFFIC_SECRET_0 3a4b6d253634aafae406f695a78e091e96a59201794536598b5137b0140acc61 1e5590d58352fb8a860ef9662487f41a4973e8f3ca0da17d509c5975ff657e93
SERVER_TRAFFIC_SECRET_0 3a4b6d253634aafae406f695a78e091e96a59201794536598b5137b0140acc61 3d7179728918924629cfdd45991a07c8e265d337b4b10a8f52f2fe0b2d498b20
EXPORTER_SECRET 3a4b6d253634aafae406f695a78e091e96a59201794536598b5137b0140acc61 81ca68c61fa9bd72e148de66ed0a050a62af2b1dce236c56d077799edab0b559
CLIENT_TRAFFIC_SECRET_0 afc2197c62b63fa688a850b1f43293d5b3f09e398e0559079c8913b729b55f24 4882af38825c7fc0fc192c7689b7848eb5400cec588b0ed9003d32341f34775c
SERVER_TRAFFIC_SECRET_0 afc2197c62b63fa688a850b1f43293d5b3f09e398e0559079c8913b729b55f24 96007cf5d9b1cd484cb7bfc4e774cbd3db047c5b55a4f9e0cd6c450b9702f19b
EXPORTER_SECRET afc2197c62b63fa688a850b1f43293d5b3f09e398e0559079c8913b729b55f24 f50ec5398551104aab534ba7e50a6738fabcb2310b9871cf4fa84c3bccbb13fb
CLIENT_HANDSHAKE_TRAFFIC_SECRET d60dc4dc794f7f562d443cf337a5cd9e5b013023e38d8630eccf1ed64c4e06f4 1db7c06c6fcc9c4156a39173dace26eb9665deb3dc44598af71bcaec141de23d
SERVER_HANDSHAKE_TRAFFIC_SECRET d60dc4dc794f7f562d443cf337a5cd9e5b013023e38d8630eccf1ed64c4e06f4 708f36729d0c25347dab15594d6ab39a134a216fa20dfb9c83b62dd6618cf8f1
CLIENT_HANDSHAKE_TRAFFIC_SECRET a792c939c641dafca7736b75e39b49ac61d11485c687ed7daafae7a9ad9009d5 52647b6701280dc4cb36137b19833b39256c4736ececbf9401b1a8b9ac53be7f
SERVER_HANDSHAKE_TRAFFIC_SECRET a792c939c641dafca7736b75e39b49ac61d11485c687ed7daafae7a9ad9009d5 291858cf069bafd9f11a6ef16b6fa092af6306531774a06c92ffd17d780de7a4
CLIENT_TRAFFIC_SECRET_0 a792c939c641dafca7736b75e39b49ac61d11485c687ed7daafae7a9ad9009d5 f305a2005321bfd9148badfe6f026ded63b73f738a486b3a88ba8d7bb40d6762
SERVER_TRAFFIC_SECRET_0 a792c939c641dafca7736b75e39b49ac61d11485c687ed7daafae7a9ad9009d5 947da6d1796c84124be5123f2fb8f4c784fcb3cb96e98a3451aa5531d9974b4f
EXPORTER_SECRET a792c939c641dafca7736b75e39b49ac61d11485c687ed7daafae7a9ad9009d5 df5cee3ac3d08935810755709b194bfd46ddb3c1c666013406c401b50c15d718
CLIENT_HANDSHAKE_TRAFFIC_SECRET 4d00442c043b02516fa9454b0c28c758abf8e0b10caf0ae0ec98fa72a0d1dbf2 d39c8f40ce6443338570318535023f9ddc49d524f6d65378e4ca3d63e0b9e2f2
SERVER_HANDSHAKE_TRAFFIC_SECRET 4d00442c043b02516fa9454b0c28c758abf8e0b10caf0ae0ec98fa72a0d1dbf2 61208258b945de0f5dae806dd9dc0ed69f5d43a2f1a52503412a05fd11cd2305
CLIENT_TRAFFIC_SECRET_0 4d00442c043b02516fa9454b0c28c758abf8e0b10caf0ae0ec98fa72a0d1dbf2 becd2017f1559d545b82932ff4800c7e1048d00e961ff76cef8eac791b448f2e
SERVER_TRAFFIC_SECRET_0 4d00442c043b02516fa9454b0c28c758abf8e0b10caf0ae0ec98fa72a0d1dbf2 6058c8ef24c9e62a28d5c7519385ea22c11d2793b58ace36d5d71acf0e3bf6fc
EXPORTER_SECRET 4d00442c043b02516fa9454b0c28c758abf8e0b10caf0ae0ec98fa72a0d1dbf2 39b20d3a69e8ee19b51e52b75de78f789edc5e7830e63832b8980bfe45009ccb
CLIENT_HANDSHAKE_TRAFFIC_SECRET c4b1adb9a8b43b5c977d49d58f89b77af9d404bb4928dbe1aed78615e989e021 e66a9cac6f531ec478efe4f53b54445b08853fada660709eec720768be9c92d7
SERVER_HANDSHAKE_TRAFFIC_SECRET c4b1adb9a8b43b5c977d49d58f89b77af9d404bb4928dbe1aed78615e989e021 50353be09c17826daede44dbdb1a5581a15c3e5a32ab7dd8e59461fa9af94761
CLIENT_TRAFFIC_SECRET_0 c4b1adb9a8b43b5c977d49d58f89b77af9d404bb4928dbe1aed78615e989e021 9906d075eb09c9b53a601cb2a29f484ac4734afed4f2444318fa991158c0bbc9
SERVER_TRAFFIC_SECRET_0 c4b1adb9a8b43b5c977d49d58f89b77af9d404bb4928dbe1aed78615e989e021 7b8930bdd9375d2c3c99681ecaf6805def498bdd63a8b34894da1fc3bc77e509
EXPORTER_SECRET c4b1adb9a8b43b5c977d49d58f89b77af9d404bb4928dbe1aed78615e989e021 017c60005223f0cb44a27f0aed54dadedcb97cca562b905d14fb573919f044ae
CLIENT_HANDSHAKE_TRAFFIC_SECRET ef3fc2bacb94d49aa957308b924e7f135be036c79345b6ed495b1b5315de8f7a edb6ca75852083efef54d96d4d1782a8936877a56eac49f277fe10ff41bcc56f
SERVER_HANDSHAKE_TRAFFIC_SECRET ef3fc2bacb94d49aa957308b924e7f135be036c79345b6ed495b1b5315de8f7a cc8dd9fcf1303b6abb1ff0aa7de14cd3ba1370695e0e85e9457ed6b3114d775c
CLIENT_TRAFFIC_SECRET_0 ef3fc2bacb94d49aa957308b924e7f135be036c79345b6ed495b1b5315de8f7a b14aaba9d5e63191a83c64514f69e9c818d2b4de5631490a8d9ea84791e88d96
SERVER_TRAFFIC_SECRET_0 ef3fc2bacb94d49aa957308b924e7f135be036c79345b6ed495b1b5315de8f7a 77375118ade4baa22189a061483b3ffb5f840eef44a441af41a85ddba63c3ef3
EXPORTER_SECRET ef3fc2bacb94d49aa957308b924e7f135be036c79345b6ed495b1b5315de8f7a 6d92d6214c0b47fbb2544561add055fa25bb8367273a72fc08278d88fafd5926
CLIENT_HANDSHAKE_TRAFFIC_SECRET 46246a8b738bcb2e5c63517c01e1c30516edb811855c251496a898e9caf92828 4bcca8b9215da9994a7b825a213319620d670bf921e159fa9928d920e20220a2e36ea5840c54cb5e8cc6e0dd9c5b3537
SERVER_HANDSHAKE_TRAFFIC_SECRET 46246a8b738bcb2e5c63517c01e1c30516edb811855c251496a898e9caf92828 8a2f37994fc8f9c635161b2539ed27199f18c8a28edebe74706455169a70a2fab44399464fa943eeb5c51ef14777ce5b
CLIENT_TRAFFIC_SECRET_0 46246a8b738bcb2e5c63517c01e1c30516edb811855c251496a898e9caf92828 f12b38901b1717916f641b46d80f39a9df9a4efa3385b6205088e2baea3240d4085a08b86de55ef414c5d76ec66f4f69
SERVER_TRAFFIC_SECRET_0 46246a8b738bcb2e5c63517c01e1c30516edb811855c251496a898e9caf92828 cd38748021b330ba691dda319212a291224f9d49ce261c5f44cff4542a411ca293e49f4870b3e10c40b472e48932fea9
EXPORTER_SECRET 46246a8b738bcb2e5c63517c01e1c30516edb811855c251496a898e9caf92828 fa8e75fd3386cb52d862a480063a1a4411df14774d9f58ac4114ab775ca45abde6613d17fcadc7c2ff201535245c00e0
CLIENT_HANDSHAKE_TRAFFIC_SECRET 6ca483430b68035fa9f2c22261c6ee1e438fa3ec962756b522e22d022bdd98f0 418333b30213e321f25fe3fa362349e6e26effaf81a3076820926ae995469330
SERVER_HANDSHAKE_TRAFFIC_SECRET 6ca483430b68035fa9f2c22261c6ee1e438fa3ec962756b522e22d022bdd98f0 131d728747295e5784ee0eec7c1f4e2c603e1aa3cf8c60cec5cdc3d6175468a0
CLIENT_TRAFFIC_SECRET_0 6ca483430b68035fa9f2c22261c6ee1e438fa3ec962756b522e22d022bdd98f0 f0ed49187be34add6d44669641590f8dfc537d463194155cf0de3156c4e3fd87
SERVER_TRAFFIC_SECRET_0 6ca483430b68035fa9f2c22261c6ee1e438fa3ec962756b522e22d022bdd98f0 6451d4787412d2030b95a56388394d83e6aa4b2100a52750a97150e7b5aad308
EXPORTER_SECRET 6ca483430b68035fa9f2c22261c6ee1e438fa3ec962756b522e22d022bdd98f0 0911f7e4fa7f4d97ba8ac72e68cc38a20943fc9a0187b322213f1ad191fb2d53
CLIENT_HANDSHAKE_TRAFFIC_SECRET b5d59f97f99c90bb6d130dceb516c30ffdc21af9c27c06437b8996707d76b9e4 776c87a1c167c5800a30c4637791d1753011eafbc2ec664e5b412e9cc1f7931f
SERVER_HANDSHAKE_TRAFFIC_SECRET b5d59f97f99c90bb6d130dceb516c30ffdc21af9c27c06437b8996707d76b9e4 066b77825434f95450746f3991a2ee3e4f210d14c315402358ee71d41bd4b644
CLIENT_TRAFFIC_SECRET_0 b5d59f97f99c90bb6d130dceb516c30ffdc21af9c27c06437b8996707d76b9e4 29ea12c88131536d113e8813f84bc8bbd4a0c986f2ff7eccb8cb45d83cd065bf
SERVER_TRAFFIC_SECRET_0 b5d59f97f99c90bb6d130dceb516c30ffdc21af9c27c06437b8996707d76b9e4 06c96f3ec769997480cd4350c3c647ad2ba85838678fb45bca809ebf1a969c02
EXPORTER_SECRET b5d59f97f99c90bb6d130dceb516c30ffdc21af9c27c06437b8996707d76b9e4 780c364fbc774b37541259f4cb911efd641f0ce34f4df22020945c3d99cfb9a6
CLIENT_HANDSHAKE_TRAFFIC_SECRET 1bb92eba9456bd7345c7535428f791e5d405868cc0821c1b0dc9c1e2fc31bb94 f8a7dbc9637241e9fd327d2597b650099434076dff83b7c75df65df2014ba4cfd192289557d8053906f7a2bfc7f688cb
SERVER_HANDSHAKE_TRAFFIC_SECRET 1bb92eba9456bd7345c7535428f791e5d405868cc0821c1b0dc9c1e2fc31bb94 6f7170f177ce7ecbe411d153b5fdadc95feb75d9a3cadc14c31176a67d3c467847bf9c5f2ebdfdd18d20dfa9658262cf
CLIENT_TRAFFIC_SECRET_0 1bb92eba9456bd7345c7535428f791e5d405868cc0821c1b0dc9c1e2fc31bb94 b72e2b43a78a976ea6a87b7f1d80122bce78d6b91d6a0280eb7cf82ce2cdd169a0976716b9b2e99c262f5e552071fcf9
SERVER_TRAFFIC_SECRET_0 1bb92eba9456bd7345c7535428f791e5d405868cc0821c1b0dc9c1e2fc31bb94 3bd2224b5bd38283f773a0e9da11ca5766489a266ace0535306a3f7ae66755413efa31a36f5326024a6ed67a84da00e6
EXPORTER_SECRET 1bb92eba9456bd7345c7535428f791e5d405868cc0821c1b0dc9c1e2fc31bb94 883e1fcbb3be84a06fd89192df911328b4ec0fd64584ae5930548238fcbb0c15469fb27ed2e8cf542cb51ae073c5f00b
CLIENT_HANDSHAKE_TRAFFIC_SECRET 0ca35c56a88d166f7c437f13a1724e0aafc0b5b7db47c74eb8ff549cf3da0440 cbae54ca2b5b13292207b5056361d277979c4822ee9c0e65b963560b608dcc3c
SERVER_HANDSHAKE_TRAFFIC_SECRET 0ca35c56a88d166f7c437f13a1724e0aafc0b5b7db47c74eb8ff549cf3da0440 7574ec94fe42ba1dfa3a4819507607982d55c235e7aa7278f17b2773157cbebd
CLIENT_TRAFFIC_SECRET_0 0ca35c56a88d166f7c437f13a1724e0aafc0b5b7db47c74eb8ff549cf3da0440 55cd3c5915eb6a032c43c665fb0d91d58f982c0e3df0a970368024b61c18a2d9
SERVER_TRAFFIC_SECRET_0 0ca35c56a88d166f7c437f13a1724e0aafc0b5b7db47c74eb8ff549cf3da0440 c67ef7f0d56e937769778718dee0b75fd7cf19515eb553562c7ce3ae7101aefc
EXPORTER_SECRET 0ca35c56a88d166f7c437f13a1724e0aafc0b5b7db47c74eb8ff549cf3da0440 fa501105ab9051bb4cb97c229196aa1160ac9b7b4bae979200f914604e2ee43a
CLIENT_EARLY_TRAFFIC_SECRET 8f79249f821e39239d542776da620cc261f87b8acaf16c670b72e855c8cb9fd5 16873ecc256ab71db2375dd74af6127bb9c84f71229cf76be55e84b3841a9c32
CLIENT_HANDSHAKE_TRAFFIC_SECRET 8f79249f821e39239d542776da620cc261f87b8acaf16c670b72e855c8cb9fd5 64b38a05a9b778dd0f764541f9c3c36becb2a15255ad8c5a823b340e9f4b4ede
SERVER_HANDSHAKE_TRAFFIC_SECRET 8f79249f821e39239d542776da620cc261f87b8acaf16c670b72e855c8cb9fd5 ef28a8b0f836b91ba103254ced8a71e1fb3f164d036dde46ac260d61081a531f
CLIENT_TRAFFIC_SECRET_0 8f79249f821e39239d542776da620cc261f87b8acaf16c670b72e855c8cb9fd5 cef7d0e88c9c72ae561f5b21342c03244e072646f3467e906c98a468cde3d5c4
SERVER_TRAFFIC_SECRET_0 8f79249f821e39239d542776da620cc261f87b8acaf16c670b72e855c8cb9fd5 3f4486df210d35fb6a11b675d080cbc9bfa99cf621b72f7925ba4eeece1dd615
EXPORTER_SECRET 8f79249f821e39239d542776da620cc261f87b8acaf16c670b72e855c8cb9fd5 8f157c358cadfcefeb28e1671ef86a5444bb9bfe54cad9a8159004094531bbe6
CLIENT_HANDSHAKE_TRAFFIC_SECRET fea224b7e9b39d635a1b1e819788a77327b6cd679ee73d9393d2af8ed3ef8a32 24a9f5d9fcb871baf173d5231566fa435464f1c50b4a970d15d15416c6664b33
SERVER_HANDSHAKE_TRAFFIC_SECRET fea224b7e9b39d635a1b1e819788a77327b6cd679ee73d9393d2af8ed3ef8a32 732297b5d654722ccc5095bfcd2e9632a9adc42bc9bde9b3ec55d697428602ce
CLIENT_TRAFFIC_SECRET_0 fea224b7e9b39d635a1b1e819788a77327b6cd679ee73d9393d2af8ed3ef8a32 b722d91935c2aa8b833e03562d2d5aba104ac520f8b8c1b84106051548b09c10
SERVER_TRAFFIC_SECRET_0 fea224b7e9b39d635a1b1e819788a77327b6cd679ee73d9393d2af8ed3ef8a32 b2aba374809f1c20cd08bef90cedb4496e395f942ab9c5d675eaec52653dacdd
EXPORTER_SECRET fea224b7e9b39d635a1b1e819788a77327b6cd679ee73d9393d2af8ed3ef8a32 153fb4e41007c126eddfea49c52b629ebe3d403f89d3fbab0a53081983355bba
CLIENT_HANDSHAKE_TRAFFIC_SECRET 842470e22af66eeb6c3d83c22131b2a68db3a447cd97f10636625dbda2288b02 fa6ae6a8893542e7b279ef98d51157bab1483016467c7359678bf40a4c8dc7ae
SERVER_HANDSHAKE_TRAFFIC_SECRET 842470e22af66eeb6c3d83c22131b2a68db3a447cd97f10636625dbda2288b02 09a34d56a44912ff75f301d4d02b4aa8e68b1af76a874d9c4a8284f05f7c32ef
CLIENT_HANDSHAKE_TRAFFIC_SECRET a27fbf62ff3e70c99759610d3309e152da6f0d77f1dea0e9f6690bb0b2728cbf 24f0c7829e2edd04a4946896986cf56713abb0d4b59a1824c3a25f1e15da33ee
SERVER_HANDSHAKE_TRAFFIC_SECRET a27fbf62ff3e70c99759610d3309e152da6f0d77f1dea0e9f6690bb0b2728cbf d3b8316926ccf05c1b2fa2cac84cd6bfac6c55ca4e67cd69bf12a7d04cd37357
CLIENT_TRAFFIC_SECRET_0 a27fbf62ff3e70c99759610d3309e152da6f0d77f1dea0e9f6690bb0b2728cbf f44fa325664156f87ad07482964b75527f3b6d1408caa91834862fc090bb457c
SERVER_TRAFFIC_SECRET_0 a27fbf62ff3e70c99759610d3309e152da6f0d77f1dea0e9f6690bb0b2728cbf 0bc90fb2c6bf5be49e41649b3fd88fbefd5cabb778b841beac73d756ff5ca807
EXPORTER_SECRET a27fbf62ff3e70c99759610d3309e152da6f0d77f1dea0e9f6690bb0b2728cbf 1f1dbbc0150c7dd5834149706c2d149be0cf67f0b9029144a7b4852a428e1fe2
CLIENT_TRAFFIC_SECRET_0 842470e22af66eeb6c3d83c22131b2a68db3a447cd97f10636625dbda2288b02 d3af1f5e6f917a52bcbfca95ce0cafdc08890d142cc8277693dd0bdfc8faf867
SERVER_TRAFFIC_SECRET_0 842470e22af66eeb6c3d83c22131b2a68db3a447cd97f10636625dbda2288b02 f00db1482c8a86ea8bf6f88509b0498217659b51d54cc5fc58da9a240fd9a5e1
EXPORTER_SECRET 842470e22af66eeb6c3d83c22131b2a68db3a447cd97f10636625dbda2288b02 d25f1ec6ff38a48dcd7d18c2f525343a8c6e2ca99f693056fec91f6b83f489af
CLIENT_HANDSHAKE_TRAFFIC_SECRET 080e34bb97fb19cdab9bc1dbb4731ddd528f90320ee36ae7b57d42a5ef260ce9 73ab0c8cf10dc039fec98decace3950299855721d2ea22b10b08d9ccb6428f87
SERVER_HANDSHAKE_TRAFFIC_SECRET 080e34bb97fb19cdab9bc1dbb4731ddd528f90320ee36ae7b57d42a5ef260ce9 38e8a2e40b303a901fbe41789338ba811b819886f8b82ad694accd8152042a73
CLIENT_TRAFFIC_SECRET_0 080e34bb97fb19cdab9bc1dbb4731ddd528f90320ee36ae7b57d42a5ef260ce9 751717a690de1cb7eaf9e07edcba32bf019d56578655a0dd58fe25323ef49359
SERVER_TRAFFIC_SECRET_0 080e34bb97fb19cdab9bc1dbb4731ddd528f90320ee36ae7b57d42a5ef260ce9 559ed702e1eb56a4bb1a13f1c2c88ce6064bf7fcc06edf1379072fb9f067b114
EXPORTER_SECRET 080e34bb97fb19cdab9bc1dbb4731ddd528f90320ee36ae7b57d42a5ef260ce9 e55ae34d683d2fadc34f48cf749695bbe69a1b2ef43ac680694a6c48e42c0bf5
CLIENT_HANDSHAKE_TRAFFIC_SECRET c9a5a3531472d6db669ae8b5e485ccba87bdb3e6021f8c2fa1a10d3c39ba917c 624693795a79140b0e542e14c5bc3ea937a49d615516badc8cc2ddffdf379e3c
SERVER_HANDSHAKE_TRAFFIC_SECRET c9a5a3531472d6db669ae8b5e485ccba87bdb3e6021f8c2fa1a10d3c39ba917c 77930c2f2e525783ea25a1c71aa193d31ea1a84342fe8d0eadf97e988704333f
CLIENT_TRAFFIC_SECRET_0 c9a5a3531472d6db669ae8b5e485ccba87bdb3e6021f8c2fa1a10d3c39ba917c a47593cf39d9dc226b6854b7a5943decf5d920a91fc003694eb29e01ea0acf94
SERVER_TRAFFIC_SECRET_0 c9a5a3531472d6db669ae8b5e485ccba87bdb3e6021f8c2fa1a10d3c39ba917c 6d51702528a1bdebfef262a543835d6e1ac2e6dd876123f82582f91589031637
EXPORTER_SECRET c9a5a3531472d6db669ae8b5e485ccba87bdb3e6021f8c2fa1a10d3c39ba917c b94ec377ab034658467d749a352b0862c6cfe946fcbfd98b52c4f840305b5d3a
CLIENT_HANDSHAKE_TRAFFIC_SECRET 6a8c884507447b6a679ea8c29c7303d302a4129776cf6c02a1f4bb3b8e0ca38f b0731fad0a4b68bb1ccb36534a920ca178d2a71e0dae4148541103b181b60631
SERVER_HANDSHAKE_TRAFFIC_SECRET 6a8c884507447b6a679ea8c29c7303d302a4129776cf6c02a1f4bb3b8e0ca38f 3dbf049e8568927d1e92c629e59cab39a96ecec9685a76ff89205fe24886484e
CLIENT_TRAFFIC_SECRET_0 6a8c884507447b6a679ea8c29c7303d302a4129776cf6c02a1f4bb3b8e0ca38f 73e456c5c0130aea29af0b27530d13ac09a04c653f3975eab601907b1beec50f
SERVER_TRAFFIC_SECRET_0 6a8c884507447b6a679ea8c29c7303d302a4129776cf6c02a1f4bb3b8e0ca38f a06fd7cdcc995a32eba1812f92eca22ccc7cfd163609ccaa5a108b4aca9bb7dc
EXPORTER_SECRET 6a8c884507447b6a679ea8c29c7303d302a4129776cf6c02a1f4bb3b8e0ca38f 0799339a70f06f948851b562759c09fece66ced9a842e1aa75c2147928795312
CLIENT_HANDSHAKE_TRAFFIC_SECRET 55ad9a961cbd2a01bb591863e4e97d6261113f86b8691ae7b1777e188d157d53 6db807f6ede2055416feb7b33a3da748c36036e9068238ab9c261a57a89f777a
SERVER_HANDSHAKE_TRAFFIC_SECRET 55ad9a961cbd2a01bb591863e4e97d6261113f86b8691ae7b1777e188d157d53 98d6e64e602027ea5066db29a11dfdd133825a36c63b1216771aa79ad38657ed
CLIENT_TRAFFIC_SECRET_0 55ad9a961cbd2a01bb591863e4e97d6261113f86b8691ae7b1777e188d157d53 426def3cec5724a796e87a0b779ed2b34ecdc38e9dc3abf2e7ab2922742780cc
SERVER_TRAFFIC_SECRET_0 55ad9a961cbd2a01bb591863e4e97d6261113f86b8691ae7b1777e188d157d53 76350c87e1ce1f9fa0485ddddf8ebfe803b672b292b5671835b495c26c756d26
EXPORTER_SECRET 55ad9a961cbd2a01bb591863e4e97d6261113f86b8691ae7b1777e188d157d53 d8611aaec9fda3282c2698f76e147714b5c6c400f5862fa61ff5c37882d3338e
CLIENT_HANDSHAKE_TRAFFIC_SECRET cabd2790689cc39640fddf3b154dbb19d71a69ec4352d7d30802ac20ec8c9f0d 9f5de5b2651fd5f3ca469e1d492e9ba374ce6e787a9372e64fb628d45187475b
SERVER_HANDSHAKE_TRAFFIC_SECRET cabd2790689cc39640fddf3b154dbb19d71a69ec4352d7d30802ac20ec8c9f0d 8c903e6147ef2a9a461158972cd17c41fdc6d9e4cb93d25b4698b9ac3ee3b2db
CLIENT_HANDSHAKE_TRAFFIC_SECRET 2bc3579f24a665245252ee5089c1f3788a72590f6cc64514428fd5b6957931f9 163036d620c02dc36f99ca777d00a0a718a6cb9866b0d6af18e93561eb946885
SERVER_HANDSHAKE_TRAFFIC_SECRET 2bc3579f24a665245252ee5089c1f3788a72590f6cc64514428fd5b6957931f9 5b1b562e49b4b384f178375b64f40b281535ed95164be6123654d77d953ad5dc
CLIENT_TRAFFIC_SECRET_0 2bc3579f24a665245252ee5089c1f3788a72590f6cc64514428fd5b6957931f9 a3057c76977955ecd7b6878fb11001fa8e76592ae8fb2ade76af2eb868322bb2
SERVER_TRAFFIC_SECRET_0 2bc3579f24a665245252ee5089c1f3788a72590f6cc64514428fd5b6957931f9 2d32c1bde30b05ce81cfc1e2ee7a2ce7f782e8cb1f335ae958a37bf5f17b7eac
EXPORTER_SECRET 2bc3579f24a665245252ee5089c1f3788a72590f6cc64514428fd5b6957931f9 13a26ad8064a9628cd3dfbf9e9ae5e53c8bb27320be50c3aabd5e928d73a609e
CLIENT_TRAFFIC_SECRET_0 cabd2790689cc39640fddf3b154dbb19d71a69ec4352d7d30802ac20ec8c9f0d ac619668c7be528b97f4fc8d6a914046bdd6b39a108a402fe5ffde02c7ecfb7a
SERVER_TRAFFIC_SECRET_0 cabd2790689cc39640fddf3b154dbb19d71a69ec4352d7d30802ac20ec8c9f0d 7528409edaa7e0487ba645e894298ebd51ce95d8072f5864f5f328f9712bd351
EXPORTER_SECRET cabd2790689cc39640fddf3b154dbb19d71a69ec4352d7d30802ac20ec8c9f0d 363f7e43ab4e2e58cf32a0c9305ce14b18f81a4512022cd7a196b1a195dab73c
CLIENT_RANDOM f3f71f0ffc43da96a563dc7b316bb5fd70b4c5dc5dc01181419b42b84c5b8483 860d329113969d67678bc7da243afca8f0707764fe697117f0861516b0f693495f9fa3ec6bb65021a9c2d27a33cb7b2a
CLIENT_HANDSHAKE_TRAFFIC_SECRET cd1c195a31cd12eed1ed6b2e8771bc4eb0f025f1421c486b0d028da0e72395e7 8ebf3c6796142d3acab85d1c04918e61d0fe2a0ca552266511804fbf3449ce8b
SERVER_HANDSHAKE_TRAFFIC_SECRET cd1c195a31cd12eed1ed6b2e8771bc4eb0f025f1421c486b0d028da0e72395e7 d72c96d2c0fc544be18e3f3b98a821f16374a36dc68096b59aa1c1648332842a
CLIENT_TRAFFIC_SECRET_0 cd1c195a31cd12eed1ed6b2e8771bc4eb0f025f1421c486b0d028da0e72395e7 ec0239b439be37bad2e7be3a6360c1e4005a4a237befe76ffc23ca190c50236e
SERVER_TRAFFIC_SECRET_0 cd1c195a31cd12eed1ed6b2e8771bc4eb0f025f1421c486b0d028da0e72395e7 16993b88c3b3974d1aae7e1296c10992be2aee9af253cf3152b7eb10983308d7
EXPORTER_SECRET cd1c195a31cd12eed1ed6b2e8771bc4eb0f025f1421c486b0d028da0e72395e7 63aa42c5f43bd23a6e967c0a44bce2c68290bcec914538cabbf493177c6b17f4
CLIENT_RANDOM 9fac0acb097e7faf53c412585e87120d78b1cf3c69f59d5289f61995e1abca4e 4042aa013ff93c31e339f93b8ef05c5fd4c082ad67b6e153bf9aa3d4bdf15ee96e1690da834049b74ccaae4286aac8a6
CLIENT_HANDSHAKE_TRAFFIC_SECRET 9ad565bbd941501bc058b664fafd2f62e5338ce4e1145294e98507856829fd13 f340fdc8899267155117921d9cb38a70773e95aba864eb28feb9da6c9b36b389
SERVER_HANDSHAKE_TRAFFIC_SECRET 9ad565bbd941501bc058b664fafd2f62e5338ce4e1145294e98507856829fd13 055bbb9e7365b04c1f51b60eaa950ad973f4d4fa45e860fb38ecf95d7979cdf6
CLIENT_TRAFFIC_SECRET_0 9ad565bbd941501bc058b664fafd2f62e5338ce4e1145294e98507856829fd13 dda67ca353f1a5c12dfd077eff869d29eb79daff239cdbe982ee69e9ccf94ee9
SERVER_TRAFFIC_SECRET_0 9ad565bbd941501bc058b664fafd2f62e5338ce4e1145294e98507856829fd13 3404ea23284100e07f9f6eb7cb36c7acc486d80c6bd8f6477fc326ec0867804c
EXPORTER_SECRET 9ad565bbd941501bc058b664fafd2f62e5338ce4e1145294e98507856829fd13 26009fa436c390eeb4f5f623ed67ff500902c851f4c96009528825c9f1ee0f59
CLIENT_HANDSHAKE_TRAFFIC_SECRET 82f371e2dedfa68d54d9e48f81c2a6285043b58eff4ff18c901d750c37f20944 8c6f201f195a624ef38a20259f070bcd76a61bb922a35c4728ba39d1421d32dc
SERVER_HANDSHAKE_TRAFFIC_SECRET 82f371e2dedfa68d54d9e48f81c2a6285043b58eff4ff18c901d750c37f20944 ba7070237a96081653137520a1053090ff0d4c07f219dc08298c434bcc1049e7
CLIENT_TRAFFIC_SECRET_0 82f371e2dedfa68d54d9e48f81c2a6285043b58eff4ff18c901d750c37f20944 3c38f9639127354dea90abd46bb0dbd37de7adee01997db63d87f631c44bd7d9
SERVER_TRAFFIC_SECRET_0 82f371e2dedfa68d54d9e48f81c2a6285043b58eff4ff18c901d750c37f20944 33c7518d60b4cbbb61cfb68a6d1507c63209b32e28d23617c7a89420f4852bc7
EXPORTER_SECRET 82f371e2dedfa68d54d9e48f81c2a6285043b58eff4ff18c901d750c37f20944 24b1139a444cb992b415212fd64752cd9d78e74192d1d92620fbf08ace9adc17
CLIENT_HANDSHAKE_TRAFFIC_SECRET 018b3004fa3bb1b7b5b187ed5c53fa929fcc0ee387b66dd5ebecb90bd1be1cd5 1fedfbc84f63ab33cb390a64f0b020e5dbccb1b986e90b70a375f9fec39e0729
SERVER_HANDSHAKE_TRAFFIC_SECRET 018b3004fa3bb1b7b5b187ed5c53fa929fcc0ee387b66dd5ebecb90bd1be1cd5 ca54b726587de5a038bdeff925746705e2abd94bfeddc2fd06b781f42bba1036
CLIENT_TRAFFIC_SECRET_0 018b3004fa3bb1b7b5b187ed5c53fa929fcc0ee387b66dd5ebecb90bd1be1cd5 b072eae1a8dd87e78764fa699a3118f39af3d89555de6da012ecdf3cf2180c0a
SERVER_TRAFFIC_SECRET_0 018b3004fa3bb1b7b5b187ed5c53fa929fcc0ee387b66dd5ebecb90bd1be1cd5 8c286da76cbaa363200e64a1ae4f9a2737cb8d424c6315e56b6caaa37456cab2
EXPORTER_SECRET 018b3004fa3bb1b7b5b187ed5c53fa929fcc0ee387b66dd5ebecb90bd1be1cd5 5c5a95ed67d515f6377326acd63c0a61e103471ab73bcc04f3396de0e1466066
CLIENT_HANDSHAKE_TRAFFIC_SECRET 80c4015f16bf680ce34f41adb338aeba6bf400d554048a8ff11dd0b84990527e 589d2affd4cf50755cc52ee108e23252517ba9959830a3f84b78ee2ac8bd8ce6
SERVER_HANDSHAKE_TRAFFIC_SECRET 80c4015f16bf680ce34f41adb338aeba6bf400d554048a8ff11dd0b84990527e 8f29e118628d48b7ccdf3c4289eb68bd3db44f044ecae1a26accd8c1a10e1e92
CLIENT_TRAFFIC_SECRET_0 80c4015f16bf680ce34f41adb338aeba6bf400d554048a8ff11dd0b84990527e f1e2db6c03da4196380aff7a13d76e1126ea28ecd75360ad9bf56cb66148dda9
SERVER_TRAFFIC_SECRET_0 80c4015f16bf680ce34f41adb338aeba6bf400d554048a8ff11dd0b84990527e 7e7060b249e7f2426018e63949e45056888de7a7139e954a7a28744dc61e6d1d
EXPORTER_SECRET 80c4015f16bf680ce34f41adb338aeba6bf400d554048a8ff11dd0b84990527e 2cee2e648d8aa9802e9395111e1b94e18f28baf23852c0330ac5be41cab37abd
CLIENT_HANDSHAKE_TRAFFIC_SECRET f14f1706eee47a37cbb58624ab45173ee21815cc6c9983e2e65817f050cc6529 199bc3a6a3b349edec01cdc544ffa6addb68add52c9c76d0a293945e48ba4e79
SERVER_HANDSHAKE_TRAFFIC_SECRET f14f1706eee47a37cbb58624ab45173ee21815cc6c9983e2e65817f050cc6529 6a9120b6562e0d33f7628a357ceb9cf588273c5fedc16c4521d5ce71d45eaa70
CLIENT_HANDSHAKE_TRAFFIC_SECRET 759bd12a729628ab486cd11e577045cafa23af56434006fe36d2eeee572ae986 b9462ec54edd6f6c0f95953580f285e482c3ce57f8c3e6a6f1e20ca0b871b7c2
SERVER_HANDSHAKE_TRAFFIC_SECRET 759bd12a729628ab486cd11e577045cafa23af56434006fe36d2eeee572ae986 ef359878f841aedc314f1697f53c966fa5e262717b5e3a14317420687139e9d2
CLIENT_TRAFFIC_SECRET_0 f14f1706eee47a37cbb58624ab45173ee21815cc6c9983e2e65817f050cc6529 013cb1fdb4d804a712a7436a2e90677b8943b918d6570c962efa6aa6d46eb87c
SERVER_TRAFFIC_SECRET_0 f14f1706eee47a37cbb58624ab45173ee21815cc6c9983e2e65817f050cc6529 ade391655ef4de548b2c59c9b7c3c40ab8c456bf238d5fbdee4a0b66b6e6090a
EXPORTER_SECRET f14f1706eee47a37cbb58624ab45173ee21815cc6c9983e2e65817f050cc6529 afe428704f2938bc835478617c75c75c12a2f9d23213f9bf039a231b28817014
CLIENT_TRAFFIC_SECRET_0 759bd12a729628ab486cd11e577045cafa23af56434006fe36d2eeee572ae986 6f4927b8c3e48c848016eed7851215c53c2a1b76b91d3e33f42b9cbd85ab7f2a
SERVER_TRAFFIC_SECRET_0 759bd12a729628ab486cd11e577045cafa23af56434006fe36d2eeee572ae986 dc83bfce22ebfbee043340647fa7e9beae2ae15bf3427cbe49af19050b6979c7
EXPORTER_SECRET 759bd12a729628ab486cd11e577045cafa23af56434006fe36d2eeee572ae986 3e1f7ed9125711a1e853658ed0fd4af1e530d08d0cccefba94c047a81ca99c93
CLIENT_HANDSHAKE_TRAFFIC_SECRET 1a9fbbc186af219af374b033c933dee88a48071d7ca65d5ef309defa0c993bb4 4dc519908b0bcc93795212b53422ae47ab4e3c619c5b4b38070a6781b87fca6d
SERVER_HANDSHAKE_TRAFFIC_SECRET 1a9fbbc186af219af374b033c933dee88a48071d7ca65d5ef309defa0c993bb4 324e17408f22743a9ab0ead158f8abcd71e8d45e6a2fd4f276b4f65c31014d1b
CLIENT_TRAFFIC_SECRET_0 1a9fbbc186af219af374b033c933dee88a48071d7ca65d5ef309defa0c993bb4 374e56888151ec5af216682bef06923c34475e89f6c3cc9ecafb57c2ece309b2
SERVER_TRAFFIC_SECRET_0 1a9fbbc186af219af374b033c933dee88a48071d7ca65d5ef309defa0c993bb4 dd0171f29f161ee0185521ca1f0ad76d0cd11227de565565dba43a3e6625ddf1
EXPORTER_SECRET 1a9fbbc186af219af374b033c933dee88a48071d7ca65d5ef309defa0c993bb4 e645b4d22e4374de8ee67edc4639c239aac33c735242baee39d08ddde5e48bb7
CLIENT_HANDSHAKE_TRAFFIC_SECRET a309350d7cc913f5f2e39fde01809c04ecdad18500db2babe74fb7317d7a8ad9 f1fa53ad1055d30f334820ebf199a92f9c0236abf2cb249dc6a0049b6cc46d49
SERVER_HANDSHAKE_TRAFFIC_SECRET a309350d7cc913f5f2e39fde01809c04ecdad18500db2babe74fb7317d7a8ad9 29799e1dfe23d68f2e5033269a11f169462ca91c21f5b8d4993797b8422813e8
CLIENT_HANDSHAKE_TRAFFIC_SECRET 59545631ea6a3356247e7d128cd86b94e4ba5960887bdfbfdd8cbce3d0079445 0caeed6a58b2ac3373a42931a2f86593aa8d9c85d2647be501372dab266fd7a6
SERVER_HANDSHAKE_TRAFFIC_SECRET 59545631ea6a3356247e7d128cd86b94e4ba5960887bdfbfdd8cbce3d0079445 bb54d4906c6415bd42afe985e9dd29f073f1a5349e86e98d0643a98a5665f700
CLIENT_HANDSHAKE_TRAFFIC_SECRET b162b42e7a6d8484eec71053ea67d9aa347dec36d365dd5fef0f4a2e88786712 9ccdc68ecaa9e167e0b709165c1fb09e5241c207441648cf1f755d3364c71b8b
SERVER_HANDSHAKE_TRAFFIC_SECRET b162b42e7a6d8484eec71053ea67d9aa347dec36d365dd5fef0f4a2e88786712 9ee949a9af3c298ab788f706ae1df8b08515463805dd8b3ad44d86c5540be3ea
CLIENT_TRAFFIC_SECRET_0 59545631ea6a3356247e7d128cd86b94e4ba5960887bdfbfdd8cbce3d0079445 e649f25dd3e16252d8b7b0e03ff53ab6c27c5cd51734975d5dcbdca22cfece85
SERVER_TRAFFIC_SECRET_0 59545631ea6a3356247e7d128cd86b94e4ba5960887bdfbfdd8cbce3d0079445 94610b518638af8daa22417e96260e457201eaf55cdca151b2ba90393b20482d
EXPORTER_SECRET 59545631ea6a3356247e7d128cd86b94e4ba5960887bdfbfdd8cbce3d0079445 7bf9d446c5227e2d76e015561bdc351bd1c0db83fd03cf149223298d624ebbb7
CLIENT_TRAFFIC_SECRET_0 a309350d7cc913f5f2e39fde01809c04ecdad18500db2babe74fb7317d7a8ad9 e02061e6b44fc3ac7af3db9055879be884240b6ac90796ffe34b1f618f5b7d22
SERVER_TRAFFIC_SECRET_0 a309350d7cc913f5f2e39fde01809c04ecdad18500db2babe74fb7317d7a8ad9 ff41c2030a983a814ae87730ee1153e8c690a3ac876b8ef54bd06f3a5ffa8b00
EXPORTER_SECRET a309350d7cc913f5f2e39fde01809c04ecdad18500db2babe74fb7317d7a8ad9 98409ccae5315a5fd013dbb6d85060b0ebff78a3d2300e804251f071ccacedc0
CLIENT_TRAFFIC_SECRET_0 b162b42e7a6d8484eec71053ea67d9aa347dec36d365dd5fef0f4a2e88786712 6d7a0f005a72e7b4eafa7e39f4bed81212ecaeefc1d57cd41cd7ab6656028ffd
SERVER_TRAFFIC_SECRET_0 b162b42e7a6d8484eec71053ea67d9aa347dec36d365dd5fef0f4a2e88786712 9d2b181ca8f76a19b4a0abfcba3d29ef7b9aac19fac806ccdcb8f67d4ee57da5
EXPORTER_SECRET b162b42e7a6d8484eec71053ea67d9aa347dec36d365dd5fef0f4a2e88786712 e03096919b85584c4f779dde6599d39f690a3e2a7afdf85952b09c93765ed147
CLIENT_HANDSHAKE_TRAFFIC_SECRET 43ded90c19cb5b8998847739a011f9eb04042dfd9d7e319c3bd6135a5e873de4 17484888b71204b31901f7ee1adf7d02e190dc320ac76fdb9256c07642181f00
SERVER_HANDSHAKE_TRAFFIC_SECRET 43ded90c19cb5b8998847739a011f9eb04042dfd9d7e319c3bd6135a5e873de4 a48098ecbeb3a0e99bd649fad296d7769f61888d4e4b1ad4d34fc85c6607f6e2
CLIENT_EARLY_TRAFFIC_SECRET ba610a4430a5e56a43dcc231146c8e79b80c53748b48c499763ecc098088f4ec a27bc5fce2aea17eecf897e1cb4696d7085d65b48a045760e456f939dd3b150d
CLIENT_TRAFFIC_SECRET_0 43ded90c19cb5b8998847739a011f9eb04042dfd9d7e319c3bd6135a5e873de4 31df8351b83dfe19560425e786220557d0cfa4d20997785d86e4e504120780e7
SERVER_TRAFFIC_SECRET_0 43ded90c19cb5b8998847739a011f9eb04042dfd9d7e319c3bd6135a5e873de4 5a6b31b0f869e50638b416cea4a34bdba8a2fe76259070e46504d7fb17461502
EXPORTER_SECRET 43ded90c19cb5b8998847739a011f9eb04042dfd9d7e319c3bd6135a5e873de4 c8f1b05e16df9c6ab561e74076dd77f3ffa5b07940316325878323bb0f2d7851
CLIENT_HANDSHAKE_TRAFFIC_SECRET ba610a4430a5e56a43dcc231146c8e79b80c53748b48c499763ecc098088f4ec 85eef22552448565ef4dc4c098a449cd243438ec27209ea42be3c891a8d73f5e
SERVER_HANDSHAKE_TRAFFIC_SECRET ba610a4430a5e56a43dcc231146c8e79b80c53748b48c499763ecc098088f4ec b3ae91cbd12c3a8bd6d8320ccc7ce2002184da961093284e8d307d5bb73e872d
CLIENT_TRAFFIC_SECRET_0 ba610a4430a5e56a43dcc231146c8e79b80c53748b48c499763ecc098088f4ec 8d8e4a863fb963b3d73b093afead4fcc656f244f2c9538eb799a7e4b84803663
SERVER_TRAFFIC_SECRET_0 ba610a4430a5e56a43dcc231146c8e79b80c53748b48c499763ecc098088f4ec b3d9fd0f7e52690a5ad0ce82e663f108604d2dcea44fef215f7b13bd82ed86cc
EXPORTER_SECRET ba610a4430a5e56a43dcc231146c8e79b80c53748b48c499763ecc098088f4ec 9565a16751260a991e2310ea4b8c97f4cd03dde21dba4255126d6870e2a6979b
CLIENT_HANDSHAKE_TRAFFIC_SECRET 5ae1afd1deadb993ea9617466c2b7de4ca1633c8bbded14e239c53087d86627a c0cf1d05b10916a49e97616b98751267f599586ebd786a428c1935c96e034c35
SERVER_HANDSHAKE_TRAFFIC_SECRET 5ae1afd1deadb993ea9617466c2b7de4ca1633c8bbded14e239c53087d86627a d3580202faa8ede3857dbd87e440ecf3eb560cede5a1e74fddcc3c5635de73b7
CLIENT_TRAFFIC_SECRET_0 5ae1afd1deadb993ea9617466c2b7de4ca1633c8bbded14e239c53087d86627a 3ebd4f437665482e330d40b2e6d213088e1372c31b82446d5bf0d020b8d1fe6d
SERVER_TRAFFIC_SECRET_0 5ae1afd1deadb993ea9617466c2b7de4ca1633c8bbded14e239c53087d86627a bc6e8471a09bdf034824df7894b70b61d111f7314c4840f6f373ec8846132be5
EXPORTER_SECRET 5ae1afd1deadb993ea9617466c2b7de4ca1633c8bbded14e239c53087d86627a 7cf01424e3d0331e8f8665add64577e4430a22f01507b9eb2941db04355af1b5
CLIENT_HANDSHAKE_TRAFFIC_SECRET d1613129e3cfe6e98045f88f73c3494d519e695be4ca1b652a8c7ca3ca960d4b 2ab19d1b797788906a6455268241fc0c6131daebf24299d0ec2167da10cd3589
SERVER_HANDSHAKE_TRAFFIC_SECRET d1613129e3cfe6e98045f88f73c3494d519e695be4ca1b652a8c7ca3ca960d4b e8ab7f6cc9cfb670b15c5b832c2f9da616aa86cce4115e9f7b44e1d77028be53
CLIENT_TRAFFIC_SECRET_0 d1613129e3cfe6e98045f88f73c3494d519e695be4ca1b652a8c7ca3ca960d4b d65cf78c1f63d24457c29d468b5005bef415f279f28345dd6316743d56024b66
SERVER_TRAFFIC_SECRET_0 d1613129e3cfe6e98045f88f73c3494d519e695be4ca1b652a8c7ca3ca960d4b 0a25c7c1c2af0e80f504c716b999a52f319673ca6c24081dc141352824474e37
EXPORTER_SECRET d1613129e3cfe6e98045f88f73c3494d519e695be4ca1b652a8c7ca3ca960d4b 969a5ef59c30408b29a3b65e6d70723cfd6f8f0e2742f5b435bc0319021443ab
CLIENT_HANDSHAKE_TRAFFIC_SECRET 1f0614b83a7bca632b7402728b4f9dea0547172a46208e137b0dd3a0e2084b73 3bd662ce7ee3d70d86d1cdc5b663a7ca957be75e6c7265a71fda88a68ffb9d69
SERVER_HANDSHAKE_TRAFFIC_SECRET 1f0614b83a7bca632b7402728b4f9dea0547172a46208e137b0dd3a0e2084b73 c7593c4e54d5c1c3f271e9adf94a45eaa0433b975ce35bc5a538f89547e7d5e7
CLIENT_TRAFFIC_SECRET_0 1f0614b83a7bca632b7402728b4f9dea0547172a46208e137b0dd3a0e2084b73 fb5c5b5199f0d84e5fec8c5744425701a1c217a99fbf46cc6528985ad15ed143
SERVER_TRAFFIC_SECRET_0 1f0614b83a7bca632b7402728b4f9dea0547172a46208e137b0dd3a0e2084b73 e4c1f1f10072351da1cf7b2c2accbbbfd20e64e51803a0bbf9c14247a7e4c072
EXPORTER_SECRET 1f0614b83a7bca632b7402728b4f9dea0547172a46208e137b0dd3a0e2084b73 8fd6fefc183f31b447f08b2228f41241a256ede5a7e24a1cc9e1519dcb3363b6
CLIENT_HANDSHAKE_TRAFFIC_SECRET c2e2f04932b017ebb509f8bfdcacd82f30d125aac264dcb0b147b60710f8d876 b22d1a2c37f0694ea77ad67786bfe262d9257de3b85a44be39bfce763ca3aa99
SERVER_HANDSHAKE_TRAFFIC_SECRET c2e2f04932b017ebb509f8bfdcacd82f30d125aac264dcb0b147b60710f8d876 4bca4307ae8c944c0ac3a119afbaf57e8d86c374eee2ea568cb9766c8a7a0964
CLIENT_TRAFFIC_SECRET_0 c2e2f04932b017ebb509f8bfdcacd82f30d125aac264dcb0b147b60710f8d876 fa3c4499911135b6108634b5151ead96081edaac039246f7a29561c131ddb732
SERVER_TRAFFIC_SECRET_0 c2e2f04932b017ebb509f8bfdcacd82f30d125aac264dcb0b147b60710f8d876 f33bcf95f9eb33a572bc78e947328b7f3fdcb0f6723dd249e5ffcf7d189ff46c
EXPORTER_SECRET c2e2f04932b017ebb509f8bfdcacd82f30d125aac264dcb0b147b60710f8d876 ac5da43e0b29d9455a0d0b66afc60b15220fac06ff873d96f6a7fe0ef842af1b
CLIENT_HANDSHAKE_TRAFFIC_SECRET 281b993ed32356a99bdd457d70c2eecf28838a023cae0f194a7ed5be9162c704 5c8cfa6037e258c68537f33af95f720b869a92aa71939e3c534fdfb22dad780c
SERVER_HANDSHAKE_TRAFFIC_SECRET 281b993ed32356a99bdd457d70c2eecf28838a023cae0f194a7ed5be9162c704 239955f84afc6ebe0d8483235f791064ac625b877ea05ff2ea41a3769046dc4b
CLIENT_TRAFFIC_SECRET_0 281b993ed32356a99bdd457d70c2eecf28838a023cae0f194a7ed5be9162c704 eca3cda1cc1e741ca3346ceebbe453a05623b35e2346957aaadbb4880af224ff
SERVER_TRAFFIC_SECRET_0 281b993ed32356a99bdd457d70c2eecf28838a023cae0f194a7ed5be9162c704 f75070100dd255117d01cea149ee1b05aba9fff8fbe852b51245edf04b1830c3
EXPORTER_SECRET 281b993ed32356a99bdd457d70c2eecf28838a023cae0f194a7ed5be9162c704 22a97226c0679a54dff9c870ee46bf8409ed66185152c47aeeef13f44403835b
CLIENT_HANDSHAKE_TRAFFIC_SECRET 9c3f96d5d037670cf303a2a601db111007432955dcedb96ffab96fc0a210bdb9 8555c984aa5e0a56160e8b022f3be99dc55a0754949b59b1d5b42f9ef6f796c2
SERVER_HANDSHAKE_TRAFFIC_SECRET 9c3f96d5d037670cf303a2a601db111007432955dcedb96ffab96fc0a210bdb9 26ccdf4c339d1696ffad9e8e43c925a4327c92d26de9ce886d3a5b400b82d29e
CLIENT_TRAFFIC_SECRET_0 9c3f96d5d037670cf303a2a601db111007432955dcedb96ffab96fc0a210bdb9 5d528665aa770e3b24edabf7cfd1ce59190f8a1b9c6e57945bbe00e847ae7d79
SERVER_TRAFFIC_SECRET_0 9c3f96d5d037670cf303a2a601db111007432955dcedb96ffab96fc0a210bdb9 3b016a2b0acde185180fc1f1fdb5ce66fdd86715c25133477ba87a275d2a97d2
EXPORTER_SECRET 9c3f96d5d037670cf303a2a601db111007432955dcedb96ffab96fc0a210bdb9 d6196fa4ab025f55506990abca49d44cc1f96966b8fdc33da4be8968d48b0a1a
CLIENT_HANDSHAKE_TRAFFIC_SECRET 218842aea4ef9ea5135d3e9ae86c61fce11f6ea918e95f95f1829e94c06c63b9 55b4eb64fa33f1c69898248a3e1ab8dec83b3251b399062328a3e59773294506
SERVER_HANDSHAKE_TRAFFIC_SECRET 218842aea4ef9ea5135d3e9ae86c61fce11f6ea918e95f95f1829e94c06c63b9 5888fcad33b0857ad7e3914460aa79970fcaffdc99d1000c9f053426a4e1c0bf
CLIENT_TRAFFIC_SECRET_0 218842aea4ef9ea5135d3e9ae86c61fce11f6ea918e95f95f1829e94c06c63b9 bdd7b968def306aaab5b9c5520a08d06662f4b09c7ffaa0854ace9540106f2a6
SERVER_TRAFFIC_SECRET_0 218842aea4ef9ea5135d3e9ae86c61fce11f6ea918e95f95f1829e94c06c63b9 70531082d689aa5c4972b4d4a2d17026ddf3284b9ace7d30970d8b10202a4009
EXPORTER_SECRET 218842aea4ef9ea5135d3e9ae86c61fce11f6ea918e95f95f1829e94c06c63b9 e671089f947f5753d5daca244a4216cda99e766ed0596c3666c485535f2131af
CLIENT_HANDSHAKE_TRAFFIC_SECRET cc656f0377cbde854b5f47e05001f98b2b86308d8f4d8ac8892a12369b10cf88 b1fab367ac62e92104d61282967f379b4242146af01caa7b38ee4add114c8b3e
SERVER_HANDSHAKE_TRAFFIC_SECRET cc656f0377cbde854b5f47e05001f98b2b86308d8f4d8ac8892a12369b10cf88 47c8074a9e56f544009947f837e8283202ed6243c6f0edd641489d37891b0b37
CLIENT_HANDSHAKE_TRAFFIC_SECRET f14448b43cdc2e2a1b044fa1240e946a34c16ec260fee94fd4ce51bd9a352390 690e4528c63ab26b0780e17024243274162d8883bc5cbd0b51b56e5070d4f7d8
SERVER_HANDSHAKE_TRAFFIC_SECRET f14448b43cdc2e2a1b044fa1240e946a34c16ec260fee94fd4ce51bd9a352390 97eb155dcf941f753021245837e89569165b56c51cc79705b5302de8aec08f76
CLIENT_HANDSHAKE_TRAFFIC_SECRET 925fc02fa8f56ec700a221578e966998a1c77c398ea291830892e392ff312eb4 2c601063ac93f4f94113d3ba7121a585ad91f795598463291c396ae54953fdf3
SERVER_HANDSHAKE_TRAFFIC_SECRET 925fc02fa8f56ec700a221578e966998a1c77c398ea291830892e392ff312eb4 21e18199b45273b10f20c7f28a0df641e17799835471810d21e6904bbe2637a5
CLIENT_TRAFFIC_SECRET_0 cc656f0377cbde854b5f47e05001f98b2b86308d8f4d8ac8892a12369b10cf88 ec4ad0c8ce5fd9bbff89f10022c29ff76a83ae9bc06f30ed969e1b6868e4e80b
SERVER_TRAFFIC_SECRET_0 cc656f0377cbde854b5f47e05001f98b2b86308d8f4d8ac8892a12369b10cf88 e5e58bc1f57a8953d6a4857b1d133159a3ba6a904701de20feb81bef6a42f82b
EXPORTER_SECRET cc656f0377cbde854b5f47e05001f98b2b86308d8f4d8ac8892a12369b10cf88 9514763eabfef2e5964574113786db5a1031b187b724c6e390efae7c3687cbc7
CLIENT_TRAFFIC_SECRET_0 f14448b43cdc2e2a1b044fa1240e946a34c16ec260fee94fd4ce51bd9a352390 6b5610d061af60e61ddc561cd64fd0eabeede1fac356e03f3dbd5d54050a980c
SERVER_TRAFFIC_SECRET_0 f14448b43cdc2e2a1b044fa1240e946a34c16ec260fee94fd4ce51bd9a352390 9a3ae0efd0f39c61637512e640507174c1df0d59f0abe0de5488c948151dedc1
EXPORTER_SECRET f14448b43cdc2e2a1b044fa1240e946a34c16ec260fee94fd4ce51bd9a352390 41ee8d8139021556ecde53b29b74fc8f2ba2a08349fb63ba0f54627b8d47ffd3
CLIENT_HANDSHAKE_TRAFFIC_SECRET 7e941ba133c033108187a6beb0be50f5ef1388f6ecde6a9adc8ddb0468241ef5 6a0d41ef534eeab4e759d5aeb7265ab0cde38e6e7723f68989fdf29468260d2a
SERVER_HANDSHAKE_TRAFFIC_SECRET 7e941ba133c033108187a6beb0be50f5ef1388f6ecde6a9adc8ddb0468241ef5 d54d9be9a4467fe52a954fd4dc8a1a9194bc387982d92e4f07572296216c5e19
CLIENT_TRAFFIC_SECRET_0 7e941ba133c033108187a6beb0be50f5ef1388f6ecde6a9adc8ddb0468241ef5 fa47bba094ab05c8c995cdd7b22fb6b0c6f78286fd2d5a0d58634e722688becb
SERVER_TRAFFIC_SECRET_0 7e941ba133c033108187a6beb0be50f5ef1388f6ecde6a9adc8ddb0468241ef5 56b351f68dd75e1497da96d04eb6649530dcf7df319ddf2ab331427127459d8d
EXPORTER_SECRET 7e941ba133c033108187a6beb0be50f5ef1388f6ecde6a9adc8ddb0468241ef5 a6221719ea251d5becb4008ded41d0605f5e20c8561ab44f8682530253c80f78
CLIENT_HANDSHAKE_TRAFFIC_SECRET 92dcb958e8dd355e3318c7d526a493bb73949fe3724be3921ce7d45f523d614f eec0bc2efd3cf3e6bcc955b4ef5a75373a3a01f9cacabd510d470fdc8cccab5c
SERVER_HANDSHAKE_TRAFFIC_SECRET 92dcb958e8dd355e3318c7d526a493bb73949fe3724be3921ce7d45f523d614f 813f21e0d83efca0803756241569dcb325cad6e148d72b4ebcbeeb7b76fd18ef
CLIENT_TRAFFIC_SECRET_0 92dcb958e8dd355e3318c7d526a493bb73949fe3724be3921ce7d45f523d614f 8a05fc0fa3f5d6c7db309526f7f4c0bdc115e05e0dad689498f6a1975e9335c4
SERVER_TRAFFIC_SECRET_0 92dcb958e8dd355e3318c7d526a493bb73949fe3724be3921ce7d45f523d614f 0a887fd0f75db91bb981d3eb8a30c91811a3fbd0af3e47f4dc4e3f9758fd2e79
EXPORTER_SECRET 92dcb958e8dd355e3318c7d526a493bb73949fe3724be3921ce7d45f523d614f 5087391deae5be36d3b365a044100fc5ec650db4c846cdab0b5aa373c7e03a65
CLIENT_HANDSHAKE_TRAFFIC_SECRET 011378c0a06983ffb741e14c6840e79ec58dc4273b0f6f0e07ca5975dd3db34c bb2c1c31208b4fb32b6ea07bd1b9ad3d43e74ae901891dacd715f6d838489cbd
SERVER_HANDSHAKE_TRAFFIC_SECRET 011378c0a06983ffb741e14c6840e79ec58dc4273b0f6f0e07ca5975dd3db34c efc6e2b57f07977bd37d6e5195212240aad0f9dcac760577f6e9095aacbe4622
CLIENT_TRAFFIC_SECRET_0 011378c0a06983ffb741e14c6840e79ec58dc4273b0f6f0e07ca5975dd3db34c 55fb5d54d773a469153aa3f00d4d16a21d40c6640eaab6b72a21bd91c410b557
SERVER_TRAFFIC_SECRET_0 011378c0a06983ffb741e14c6840e79ec58dc4273b0f6f0e07ca5975dd3db34c 6c5580f800dca68aa2f017551719aae2f7cb2c236e609818d250b13cdda066b9
EXPORTER_SECRET 011378c0a06983ffb741e14c6840e79ec58dc4273b0f6f0e07ca5975dd3db34c 68b1e2a754644cf69c9b6e7ffad6d0772a30357deddb7f754be7e6411d508307
CLIENT_HANDSHAKE_TRAFFIC_SECRET 7832ef7274ac5c75701dfa0ae932fc48820533b4d025024f601a772da9bb236d cdb23bf261aff63716e69c668f48b6ee905d66f4021cc19e1e8e50b5b69848b2
SERVER_HANDSHAKE_TRAFFIC_SECRET 7832ef7274ac5c75701dfa0ae932fc48820533b4d025024f601a772da9bb236d b064a9a4d9432079b04d84f10f2661cb47de7a12cca21ed432fbc8b8dee11331
CLIENT_TRAFFIC_SECRET_0 7832ef7274ac5c75701dfa0ae932fc48820533b4d025024f601a772da9bb236d 148e01af6c9a12c96b507e805cf4a2c50e429891bb39a03381a89293f4bd544a
SERVER_TRAFFIC_SECRET_0 7832ef7274ac5c75701dfa0ae932fc48820533b4d025024f601a772da9bb236d 21e34a90c7a7626c525db6a0c706e030633f6b3be7b4a117a787e0e740148045
EXPORTER_SECRET 7832ef7274ac5c75701dfa0ae932fc48820533b4d025024f601a772da9bb236d 9f4a064dbe7cba75c2446a42aa00ca26e67c00eb472d4962415dae2b67ff1481
CLIENT_HANDSHAKE_TRAFFIC_SECRET 5241477d7421958bc3286301480f17af5ffb50ddccd5b1ebabb2a99323a17779 0c56b47f1f8c48015b68f831bed4a7c901571e271fe89e27a581a3b9e53f782f
SERVER_HANDSHAKE_TRAFFIC_SECRET 5241477d7421958bc3286301480f17af5ffb50ddccd5b1ebabb2a99323a17779 152d31eb5590465f520d0ad03e5d78ca7b844d1ac9594da91a1d59efcc9ecd0a
CLIENT_TRAFFIC_SECRET_0 5241477d7421958bc3286301480f17af5ffb50ddccd5b1ebabb2a99323a17779 d0c9f89f702e1a833e66d5c516cabca823145d4c6ab9cc3f4d704339df25063f
SERVER_TRAFFIC_SECRET_0 5241477d7421958bc3286301480f17af5ffb50ddccd5b1ebabb2a99323a17779 10dc65b51334536a65a2c8e6d0581826702c185cfdf613de352379d36c4d6512
EXPORTER_SECRET 5241477d7421958bc3286301480f17af5ffb50ddccd5b1ebabb2a99323a17779 9cf992f574c89749d985f6d15c439348eb562184ba4c000242b68a8ee07673a4
CLIENT_HANDSHAKE_TRAFFIC_SECRET fb2a1df9e217cd240cec4b994305893ced2236cbece0de84a2c88129bf824c65 c3a3df0e4ef408057c9edcdec302d4e55046fb856279a251a32dd978846976ea
SERVER_HANDSHAKE_TRAFFIC_SECRET fb2a1df9e217cd240cec4b994305893ced2236cbece0de84a2c88129bf824c65 daddef04a86d160d7648bb51ddbfbedb447c3e2e61086facf1b6f92e10605bb1
CLIENT_TRAFFIC_SECRET_0 fb2a1df9e217cd240cec4b994305893ced2236cbece0de84a2c88129bf824c65 f9ad4dbcf3f6b788f3dcbd20e990901c547a10eea47dae012479fe5308ce657b
SERVER_TRAFFIC_SECRET_0 fb2a1df9e217cd240cec4b994305893ced2236cbece0de84a2c88129bf824c65 395036b0ab94de244a5c2593cc6810965a483990713ec0d11768114d72714a5d
EXPORTER_SECRET fb2a1df9e217cd240cec4b994305893ced2236cbece0de84a2c88129bf824c65 fab1f6ff97786fa51c7eb8fccb2b81ebfa407fd6e2f8d8d1fa2901312ec3e3b3
CLIENT_HANDSHAKE_TRAFFIC_SECRET 85485f627b85299a812f0af61b1598b88a41416435fc9c740a5a3bf1e83ecd08 cdd53b83c58a4a5256c787ad567a4e7749a2afd804888edf94702a9140e49a4c
SERVER_HANDSHAKE_TRAFFIC_SECRET 85485f627b85299a812f0af61b1598b88a41416435fc9c740a5a3bf1e83ecd08 3dd4b0cf23a09fc6fc9edf9ca2a099436b65469541e32bd8e3af9eba8917a6d8
CLIENT_TRAFFIC_SECRET_0 85485f627b85299a812f0af61b1598b88a41416435fc9c740a5a3bf1e83ecd08 2ba001ff4260c1a04084f37723698ebb83bda81a3b12444d8a96986c0d1e7d37
SERVER_TRAFFIC_SECRET_0 85485f627b85299a812f0af61b1598b88a41416435fc9c740a5a3bf1e83ecd08 2f0e246682f7284a276b5c319e860f03d33ff855f003989e6ffd0015fb01b7a9
EXPORTER_SECRET 85485f627b85299a812f0af61b1598b88a41416435fc9c740a5a3bf1e83ecd08 9e7c81a58780647db69298370593bb4157f29948f10456a8e912047f979b272b
CLIENT_HANDSHAKE_TRAFFIC_SECRET c0fb3b33a6fbf8288ab0f0a81be83cfa29773829edd0ddea4627b95988a2a607 9833955b07ea5ef46dcf6e6e56c133cac2b4b17347712caa7cdb1e235c6c750c
SERVER_HANDSHAKE_TRAFFIC_SECRET c0fb3b33a6fbf8288ab0f0a81be83cfa29773829edd0ddea4627b95988a2a607 794403a5a955c44bd2f97d97d680122520927f3ed4d4aed7ff988e93876ea50b
CLIENT_TRAFFIC_SECRET_0 c0fb3b33a6fbf8288ab0f0a81be83cfa29773829edd0ddea4627b95988a2a607 3f13088cdaf53fab839eae6f54e3ed19fd3d14579a87c5d4a16e6c4db89343c7
SERVER_TRAFFIC_SECRET_0 c0fb3b33a6fbf8288ab0f0a81be83cfa29773829edd0ddea4627b95988a2a607 644ca1bb675d845cd58ef0e377b0a16168ddb027ac36d1e2933d53a68ee92211
EXPORTER_SECRET c0fb3b33a6fbf8288ab0f0a81be83cfa29773829edd0ddea4627b95988a2a607 67e627626336f15deab60ee3cba8967463f5560f57516496f9201c2072eab72c
CLIENT_HANDSHAKE_TRAFFIC_SECRET 3d70edbc63a78ab8e9ec6d852e6e47a858395519b4ba39ba45fa5f11b82db64a 35842802d79f8fc7c6608d8672cd16c4a354207b50cd9875523f5c959f709624
SERVER_HANDSHAKE_TRAFFIC_SECRET 3d70edbc63a78ab8e9ec6d852e6e47a858395519b4ba39ba45fa5f11b82db64a 3844099a2d157e6a83e7e8fc231f12dd6192d63ba6867fcb2b30a0bf85c3c46b
CLIENT_HANDSHAKE_TRAFFIC_SECRET 50e51d8b56572917c869cdcc7deb05d6c86d9cea5f8f4a17013045c85a61ed78 146cca83b6a1282d338d3fb94d5388b7540e635f7050e32ac1e284569375ec24
SERVER_HANDSHAKE_TRAFFIC_SECRET 50e51d8b56572917c869cdcc7deb05d6c86d9cea5f8f4a17013045c85a61ed78 7ed8f290c599f2796b2da7d1ae71d1822548d2ebd4e269505f81b076ed5c1c0b
CLIENT_TRAFFIC_SECRET_0 3d70edbc63a78ab8e9ec6d852e6e47a858395519b4ba39ba45fa5f11b82db64a 6b4d1a18f1e2ce582bc0badaabe5cfe0a3fb8aba07d7b51ea2b18d339570537d
SERVER_TRAFFIC_SECRET_0 3d70edbc63a78ab8e9ec6d852e6e47a858395519b4ba39ba45fa5f11b82db64a 19f0214bbf4c8a4de1ba7b885af4b40885f591c63c5abf964fbb4191a844ec17
EXPORTER_SECRET 3d70edbc63a78ab8e9ec6d852e6e47a858395519b4ba39ba45fa5f11b82db64a cec5a36aef428c5e12c94f9342cfde1e42f92da33c977e11624fcfa9c26a7fcf
CLIENT_TRAFFIC_SECRET_0 50e51d8b56572917c869cdcc7deb05d6c86d9cea5f8f4a17013045c85a61ed78 18005dd2d12f6ca075e8c426f63193c9c128bdae1b1cab25fc0716064d8405e2
SERVER_TRAFFIC_SECRET_0 50e51d8b56572917c869cdcc7deb05d6c86d9cea5f8f4a17013045c85a61ed78 d9ae2d9d739943fa8e27ab176af9f5fdcf01789c4c32851e841bdfe26bdf2f05
EXPORTER_SECRET 50e51d8b56572917c869cdcc7deb05d6c86d9cea5f8f4a17013045c85a61ed78 ce54a67b6ffe8012330ce67052b0e77f5b367d6cd8bfa76dd2f17792ddf9647f
CLIENT_HANDSHAKE_TRAFFIC_SECRET ce553f18f7fc971120a100c9bcd868bd5913b542fd8513828846509af105d791 bba2f5bf4da50ec251b21b684503e2e3d5345ea3f45f75c0798d77dd1ddc65f4
SERVER_HANDSHAKE_TRAFFIC_SECRET ce553f18f7fc971120a100c9bcd868bd5913b542fd8513828846509af105d791 b8e9dc01f297169415cc52ca0a10cb5361a774528f6269cfeb2ef3208454b7a6
CLIENT_TRAFFIC_SECRET_0 ce553f18f7fc971120a100c9bcd868bd5913b542fd8513828846509af105d791 1c21716e477c151cc5df8d51f479029ae48da1d098cffa161f61c6a0993de7a6
SERVER_TRAFFIC_SECRET_0 ce553f18f7fc971120a100c9bcd868bd5913b542fd8513828846509af105d791 8f2671967eb03a57950698235fbc43f9e1dffd51b31ea8956f1964ad0cd2d93f
EXPORTER_SECRET ce553f18f7fc971120a100c9bcd868bd5913b542fd8513828846509af105d791 9ab72789a08c7c40649d15d3bdecea26b4f61594cb06594875e53c4caf416dc2
CLIENT_HANDSHAKE_TRAFFIC_SECRET bd27d9ac3b9e64d7d1182b44cfb05d44d98334587de2dc7a2d90cc31ac20a716 43c2eca0e2ffdda1b69090207b1eabb2c99b7a727352269165208b6ba659f3de
SERVER_HANDSHAKE_TRAFFIC_SECRET bd27d9ac3b9e64d7d1182b44cfb05d44d98334587de2dc7a2d90cc31ac20a716 739c703ebb8b693e1159fa46672a4a8bbc8ba2dbfbe7285fe750770510fec6f2
CLIENT_HANDSHAKE_TRAFFIC_SECRET 0a819d69a08ad12599cd46f193ec85f1bf0c8596f12af4a55422e721f6b4bbb6 91e256e0706eda201bcd1510c6c2b15b4a2040cda6452c2fbe3364dc30202f7a
SERVER_HANDSHAKE_TRAFFIC_SECRET 0a819d69a08ad12599cd46f193ec85f1bf0c8596f12af4a55422e721f6b4bbb6 247538f1143c1d65d0103ddd0aa2867691702c8a7dbad406c24bc86ba855eae4
CLIENT_TRAFFIC_SECRET_0 bd27d9ac3b9e64d7d1182b44cfb05d44d98334587de2dc7a2d90cc31ac20a716 8798e24dcae0bbe0585d4953a63164299070583c3cd6efe6e86163130def1761
SERVER_TRAFFIC_SECRET_0 bd27d9ac3b9e64d7d1182b44cfb05d44d98334587de2dc7a2d90cc31ac20a716 a40707a0a29e296d7c06356c68667a8108ee053c13a2919513cc5f747d95713c
EXPORTER_SECRET bd27d9ac3b9e64d7d1182b44cfb05d44d98334587de2dc7a2d90cc31ac20a716 9103091758c21028c787774ad0b41c7e33e0a5b3b34d3d0e59383c363760ae8e
CLIENT_TRAFFIC_SECRET_0 0a819d69a08ad12599cd46f193ec85f1bf0c8596f12af4a55422e721f6b4bbb6 b5cffb02b8222e23e230448da95ae6863b40ad70bfa32b05d064f67cd474bf4d
SERVER_TRAFFIC_SECRET_0 0a819d69a08ad12599cd46f193ec85f1bf0c8596f12af4a55422e721f6b4bbb6 c93ac7a9f18dc50833fce0fd042f823bfe05d196cba79be1f40295172be1ba8c
EXPORTER_SECRET 0a819d69a08ad12599cd46f193ec85f1bf0c8596f12af4a55422e721f6b4bbb6 4b88c14b3eefb4f35fb442df5d8345d44a98b6eb7cda3f786e80a54b99384f39
CLIENT_HANDSHAKE_TRAFFIC_SECRET e84b80da24673f760d201663e9db2c9814e6374f9024aa7ac7567dcd4a0d31cd 8a760892c554b1686a0620fc0b6ae6d281712563a5b60e33ef33b03f1f3000a4
SERVER_HANDSHAKE_TRAFFIC_SECRET e84b80da24673f760d201663e9db2c9814e6374f9024aa7ac7567dcd4a0d31cd 7c6acc67166a771ce2305c49578b3945430809ea9a81c6c0cdd05dfade1ff1a9
CLIENT_TRAFFIC_SECRET_0 e84b80da24673f760d201663e9db2c9814e6374f9024aa7ac7567dcd4a0d31cd 30b95831a2cd0d568c1f83043b58aa277a8292296273bc44cf795cb5b8f6cc0c
SERVER_TRAFFIC_SECRET_0 e84b80da24673f760d201663e9db2c9814e6374f9024aa7ac7567dcd4a0d31cd 08d879557dce944c5f685ace514ede022324a8855e2a217bda045d4bb5b6025d
EXPORTER_SECRET e84b80da24673f760d201663e9db2c9814e6374f9024aa7ac7567dcd4a0d31cd 05781ad72e7e6a81d1692013e50ac12e82b3f4aec6828c082e183bc95cf3c7b4
CLIENT_HANDSHAKE_TRAFFIC_SECRET c68463b20cbe9693ccabc544f1452f2e8673bb012820e07d16d5bff4be36f987 b6e3c18294f29bd5149fc170ed889a4aaf76ae109e3742628bcc698f8a09b91b
SERVER_HANDSHAKE_TRAFFIC_SECRET c68463b20cbe9693ccabc544f1452f2e8673bb012820e07d16d5bff4be36f987 30880bd4a89bbf2a953e2b6386b2d7d86e1216aa7ba5fe0d699a6b2e88cb865f
CLIENT_HANDSHAKE_TRAFFIC_SECRET efbfdbb1845941963b3f2d19e89943754fbe91adc939c386796ee5dcb6de6bbc ef4fb7068b7b6330e74b5f853dd1d361e0c333757c974fab457e3033b07967f4
SERVER_HANDSHAKE_TRAFFIC_SECRET efbfdbb1845941963b3f2d19e89943754fbe91adc939c386796ee5dcb6de6bbc c24ac7074e04ac09da18e057a092d9d0ae9888f8cefd68912dcd3b520e619582
CLIENT_TRAFFIC_SECRET_0 c68463b20cbe9693ccabc544f1452f2e8673bb012820e07d16d5bff4be36f987 789edf4ddbf6bf4820b27c449fa2648e9d3973e29742fb323bc7094f02d618ed
SERVER_TRAFFIC_SECRET_0 c68463b20cbe9693ccabc544f1452f2e8673bb012820e07d16d5bff4be36f987 64ef5dcbb99065b5781bf967d036322604d47e76f089b90ac9938e8886c4a390
EXPORTER_SECRET c68463b20cbe9693ccabc544f1452f2e8673bb012820e07d16d5bff4be36f987 9f4a65760933af7e1d67cf8ab26fa2ed296d52a4dfe9bdcf375fd9985c7fa386
CLIENT_TRAFFIC_SECRET_0 efbfdbb1845941963b3f2d19e89943754fbe91adc939c386796ee5dcb6de6bbc 5643ee3ace49b11f86eb95de022548f4765cb9b1bc7ea445e0313b8a18311a4a
SERVER_TRAFFIC_SECRET_0 efbfdbb1845941963b3f2d19e89943754fbe91adc939c386796ee5dcb6de6bbc 97d18a5a399b8fb53341f255e74e56704a9e86c6af40c02bfcf3b707758ead0a
EXPORTER_SECRET efbfdbb1845941963b3f2d19e89943754fbe91adc939c386796ee5dcb6de6bbc 5a55a57402641d7a04bc7342f1e3cd5cefb7c212212aaf52515231a402ea9ba8
CLIENT_HANDSHAKE_TRAFFIC_SECRET 3ac90755b62e72ad1f5b314f4c0074089c8f195f427e49ce1763eba632ac2dc3 b5b07c569472bf2efe660bfafd8c66a7188ea50a767442f614ffe6d915cc4676
SERVER_HANDSHAKE_TRAFFIC_SECRET 3ac90755b62e72ad1f5b314f4c0074089c8f195f427e49ce1763eba632ac2dc3 0466a3a8ebbbeb32f0ce6ee79fec8c06dc436d3841d6829ff83066db764ccbf9
CLIENT_TRAFFIC_SECRET_0 3ac90755b62e72ad1f5b314f4c0074089c8f195f427e49ce1763eba632ac2dc3 c0cca5ba13a5597acac9a911c32c2c1ec9be2713813b36c1a01df6f4d3ece379
SERVER_TRAFFIC_SECRET_0 3ac90755b62e72ad1f5b314f4c0074089c8f195f427e49ce1763eba632ac2dc3 f15ac88dd4bd385f0b71282868ee4ef39369b0d3a4bd9e788074667b2d253762
EXPORTER_SECRET 3ac90755b62e72ad1f5b314f4c0074089c8f195f427e49ce1763eba632ac2dc3 210b62cf3820465511af451143f37ce31c847cda461666cec3896a06df465976
CLIENT_HANDSHAKE_TRAFFIC_SECRET 4a063304b740eaea33d4649d5093d9f61178e616c7ebff11d84d1fd9233fd474 2dc36b18c372718f67e23570673021cea8da7078d18e6af58ab7bc63122bc11e
SERVER_HANDSHAKE_TRAFFIC_SECRET 4a063304b740eaea33d4649d5093d9f61178e616c7ebff11d84d1fd9233fd474 457846d8f7866b220ff737755989944295a1c57c750c0b1ad2bdc022af8d4a05
CLIENT_TRAFFIC_SECRET_0 4a063304b740eaea33d4649d5093d9f61178e616c7ebff11d84d1fd9233fd474 72a4e2a995b3a16e362ff71c3dc93ade3d03182860db73ee0013c847c72d5d9c
SERVER_TRAFFIC_SECRET_0 4a063304b740eaea33d4649d5093d9f61178e616c7ebff11d84d1fd9233fd474 008421f625663591c17a590ff6a31bfe0d3872b4b6d98b6cae0452e6719186f0
EXPORTER_SECRET 4a063304b740eaea33d4649d5093d9f61178e616c7ebff11d84d1fd9233fd474 c3b61949183eec7f5cb4a3bd229670c69dc1afe4ab7cb5ac9a20fccb0bca55d9
CLIENT_HANDSHAKE_TRAFFIC_SECRET 12d4c5c01d7526640a8ec33bf6f0ae504c188528741e817f20dc6a022e0b767b c9185d295031afec0e05df3f8aa612f8cf61584c6f660fd1d0fc4797f27f4de6
SERVER_HANDSHAKE_TRAFFIC_SECRET 12d4c5c01d7526640a8ec33bf6f0ae504c188528741e817f20dc6a022e0b767b f326b0ebd993cf5d77dfadde394506874af962c4b452d209b6573c00e8303be3
CLIENT_TRAFFIC_SECRET_0 12d4c5c01d7526640a8ec33bf6f0ae504c188528741e817f20dc6a022e0b767b a8468d95305c04bd4cafc80752f33ea713ce28ba0398f74accab16261bec946e
SERVER_TRAFFIC_SECRET_0 12d4c5c01d7526640a8ec33bf6f0ae504c188528741e817f20dc6a022e0b767b 7e41a0ea87315aebf0a52d703ed4caad49f593126e86b29694548e46276b6b0d
EXPORTER_SECRET 12d4c5c01d7526640a8ec33bf6f0ae504c188528741e817f20dc6a022e0b767b ec993dd70c2e89165278022025a56f69275ea7bef55cc4135df1f35102c13cc2
CLIENT_HANDSHAKE_TRAFFIC_SECRET add9387263be4de46199b9cf17ce45d360ca583d999d4501dd1844f1c9b81a31 25e1952ee3101556acd27cecb7c2973ea4046ab872f105b08bf27d8b1e5b9ef1
SERVER_HANDSHAKE_TRAFFIC_SECRET add9387263be4de46199b9cf17ce45d360ca583d999d4501dd1844f1c9b81a31 79677c9ec4656c7f5146b112dec1daf7664ac9d0a64d40c53ff329673c66b73b
CLIENT_TRAFFIC_SECRET_0 add9387263be4de46199b9cf17ce45d360ca583d999d4501dd1844f1c9b81a31 6ce1b8b3f54f4ccc658c4e1a9d46623175142c6208f2f9f7d0babc5543e04af2
SERVER_TRAFFIC_SECRET_0 add9387263be4de46199b9cf17ce45d360ca583d999d4501dd1844f1c9b81a31 44482657192fc24a94437e91330e6c183db7a168dcc018242fc62f803f2ce670
EXPORTER_SECRET add9387263be4de46199b9cf17ce45d360ca583d999d4501dd1844f1c9b81a31 e79d1ba7417841f72deac2858f6213c09d99e6607ccb0b69084423ee43203f42
CLIENT_HANDSHAKE_TRAFFIC_SECRET dfd7ab43cf57a5b1daed00762696e5917c77cb64a414b8dc42b671a281a54bf6 0c46e2289901a534def162ab86258baca434354bd4ac70722298b7df3f872870
SERVER_HANDSHAKE_TRAFFIC_SECRET dfd7ab43cf57a5b1daed00762696e5917c77cb64a414b8dc42b671a281a54bf6 82e9f510748b2c29cda188b30f672917b19d1a739f62834014f4a22cdff7a115
CLIENT_TRAFFIC_SECRET_0 dfd7ab43cf57a5b1daed00762696e5917c77cb64a414b8dc42b671a281a54bf6 cece94d71d7724849b97c9b559e3c9cb85faad826d2536c992298df344e57c3a
SERVER_TRAFFIC_SECRET_0 dfd7ab43cf57a5b1daed00762696e5917c77cb64a414b8dc42b671a281a54bf6 17c5af4249285c1efad3eaa563282b8f72840bccf2976e9b1182aa76161e6c69
EXPORTER_SECRET dfd7ab43cf57a5b1daed00762696e5917c77cb64a414b8dc42b671a281a54bf6 364334968fd3fd33d2b7644b7176e90c7c62a40e5279c3e2311938cca6235c57
CLIENT_HANDSHAKE_TRAFFIC_SECRET 79c257e013a53daed8470e6fc440587e5de8894e8b895186a5737e0f1d8d661f 8184095caea87b0a58cf6d1def7024d14900bec71a32dd590d35ded88c1aff69
SERVER_HANDSHAKE_TRAFFIC_SECRET 79c257e013a53daed8470e6fc440587e5de8894e8b895186a5737e0f1d8d661f 959c1ea73427abd0993d6a3209febbc6d6583e729d1b6978a840da7d72271ff5
CLIENT_TRAFFIC_SECRET_0 79c257e013a53daed8470e6fc440587e5de8894e8b895186a5737e0f1d8d661f 4aa422aa349b07566918f41035ea5d4e3b832e627f4d712711295f41ac70f87a
SERVER_TRAFFIC_SECRET_0 79c257e013a53daed8470e6fc440587e5de8894e8b895186a5737e0f1d8d661f 48eaa5351ff5edb8dca380d6a8b4213f33b2a9697bc73f0c4aa6919661f81fe3
EXPORTER_SECRET 79c257e013a53daed8470e6fc440587e5de8894e8b895186a5737e0f1d8d661f 835ae3b86b8e7642a5b1827c1643fd0a7e7b347ab0e4a64892d369e4ee9197f3
CLIENT_HANDSHAKE_TRAFFIC_SECRET c3e191a21655c2c828f805aa3cba99d52abd1f0a8f6acf15f890bd0b4db5a956 850ec5795a369c231fa3e7f59b137232dbf2b170c5567add7eba0f7aeb68228d
SERVER_HANDSHAKE_TRAFFIC_SECRET c3e191a21655c2c828f805aa3cba99d52abd1f0a8f6acf15f890bd0b4db5a956 bc3624fed220c5d57a2966f5b9ef0222be58df67bee247cd3b67366ac4303a21
CLIENT_TRAFFIC_SECRET_0 c3e191a21655c2c828f805aa3cba99d52abd1f0a8f6acf15f890bd0b4db5a956 83c51d0ff8e3e83b37c0f3d16f890aba5eeedaf3166a26a78d78e2c9d239d557
SERVER_TRAFFIC_SECRET_0 c3e191a21655c2c828f805aa3cba99d52abd1f0a8f6acf15f890bd0b4db5a956 067f82267056631dcbb60e3eac5fb926f9b18c99377d3c091734d415ab73c2e9
EXPORTER_SECRET c3e191a21655c2c828f805aa3cba99d52abd1f0a8f6acf15f890bd0b4db5a956 b40ce7ba530bc2c99940f2e5f3ab29573ee6361e92af1d90cb53033e4ffc9d7b
CLIENT_HANDSHAKE_TRAFFIC_SECRET b85d8d61d07d07c9044b43d92d20aa98ebde01c5473cf7fe2e086e810c1fbca3 66304d8bd2e7f6b9eee25fd215fcd26f45c9b35e56333e56fac447c922b04501
SERVER_HANDSHAKE_TRAFFIC_SECRET b85d8d61d07d07c9044b43d92d20aa98ebde01c5473cf7fe2e086e810c1fbca3 eb16feded75c15e26adcc80f4a03ce049145732318539825b56e373ec0492431
CLIENT_TRAFFIC_SECRET_0 b85d8d61d07d07c9044b43d92d20aa98ebde01c5473cf7fe2e086e810c1fbca3 8dfdb84f5bfa805f1d156c282d6147797c63758bbfc27748f99b8acd8c144d92
SERVER_TRAFFIC_SECRET_0 b85d8d61d07d07c9044b43d92d20aa98ebde01c5473cf7fe2e086e810c1fbca3 b681f286f8bcb34070afa5f65de930ebb16149bd3f12de1fac694db9f13c9333
EXPORTER_SECRET b85d8d61d07d07c9044b43d92d20aa98ebde01c5473cf7fe2e086e810c1fbca3 a7e5f66453e46729eb1cf86893dea159560dc8a1a8f74bd688aaf6979e82ac50
CLIENT_HANDSHAKE_TRAFFIC_SECRET a5017f993f9525dfa506790d86bd0b2767a5e0738d3a675d4dbfee0363dd93eb a8d4bdb2a4a115605a940ab7c5aec7eb034fc3cdc23fcc000fa3ca15ed9f1c20
SERVER_HANDSHAKE_TRAFFIC_SECRET a5017f993f9525dfa506790d86bd0b2767a5e0738d3a675d4dbfee0363dd93eb 1d06f5a50beb501d12311de181c95e2c5f0b2b28208de4f23045f4c87e710320
CLIENT_TRAFFIC_SECRET_0 a5017f993f9525dfa506790d86bd0b2767a5e0738d3a675d4dbfee0363dd93eb a85e2c210cec8777fc198f8042bea627ab1460b2ff5f493ceeeb36232a704a7f
SERVER_TRAFFIC_SECRET_0 a5017f993f9525dfa506790d86bd0b2767a5e0738d3a675d4dbfee0363dd93eb cd05c2e34a1c0a6a87240d76d0992f0be38399f05db890151314eb021909c758
EXPORTER_SECRET a5017f993f9525dfa506790d86bd0b2767a5e0738d3a675d4dbfee0363dd93eb 21a034435a29b5828e736640b216377e5f44c2a019605531eb80a126d4713b1e
CLIENT_HANDSHAKE_TRAFFIC_SECRET 0ecd185bccaa3493054db9bde042fb46c498d45d4af20467b5f582ded9825039 cadb7e8fb9ba1299eacee8b5beea640c44288c5d238499c3b71d1fd23c8acba2
SERVER_HANDSHAKE_TRAFFIC_SECRET 0ecd185bccaa3493054db9bde042fb46c498d45d4af20467b5f582ded9825039 8fe6967440a083bb39811f99fa5277de82d21c7f13db05354f773e65b83f3a41
CLIENT_TRAFFIC_SECRET_0 0ecd185bccaa3493054db9bde042fb46c498d45d4af20467b5f582ded9825039 671d019408503ebc6d3943b0070efcaadff944b2a7f6da46b9be51c3ec87f057
SERVER_TRAFFIC_SECRET_0 0ecd185bccaa3493054db9bde042fb46c498d45d4af20467b5f582ded9825039 d8439d6dce5ab1125388c1bed028d52ec005bb7ae51fffb0cd4e945c04dff98d
EXPORTER_SECRET 0ecd185bccaa3493054db9bde042fb46c498d45d4af20467b5f582ded9825039 79a8d8d2fb1bdf622230cccdbed352e5ed64f980e5dba4ff614cd0cab06888a3
CLIENT_HANDSHAKE_TRAFFIC_SECRET c263947019c7cb2d199e23ad26bfc90dab87c5705b0fbbbbfded6ee69e329c63 d50e57511ebb7bb90e56057bcd2e323ec87192dd3802e5d6aea87b56391f9015
SERVER_HANDSHAKE_TRAFFIC_SECRET c263947019c7cb2d199e23ad26bfc90dab87c5705b0fbbbbfded6ee69e329c63 534c25596df14ae03bb541d992cc8201b921e852e51a1cf87f481603a882bcd8
CLIENT_HANDSHAKE_TRAFFIC_SECRET b1381ce24f246a92332582992b5a9f9adf09ecaf01e271cae72c29f72856eab6 8795d575f43808f4f54512f28919f4acdfbb0460c276fa154cb0fdaa1f526a79
SERVER_HANDSHAKE_TRAFFIC_SECRET b1381ce24f246a92332582992b5a9f9adf09ecaf01e271cae72c29f72856eab6 77bef651a355048bd86caa299c74e15f8c340f88ec64a8a40a2c22eb9f6ec243
CLIENT_TRAFFIC_SECRET_0 c263947019c7cb2d199e23ad26bfc90dab87c5705b0fbbbbfded6ee69e329c63 ceea5ec6eb4f356f7ad19fa6e34f0fc46d72a3911ba5956f2e1d9dc6be21c476
SERVER_TRAFFIC_SECRET_0 c263947019c7cb2d199e23ad26bfc90dab87c5705b0fbbbbfded6ee69e329c63 4e8a47660774f6bc64f484ba5e555e85c63c74b27ea9d7f87de63bd51fd7dc71
EXPORTER_SECRET c263947019c7cb2d199e23ad26bfc90dab87c5705b0fbbbbfded6ee69e329c63 857b6209a81a7e3a7ea55e0f27652fbd011d1b9e09df5378356c25a6606390e7
CLIENT_TRAFFIC_SECRET_0 b1381ce24f246a92332582992b5a9f9adf09ecaf01e271cae72c29f72856eab6 d7d7933fbfed20962624e7de25691057a9eb3cf3c6134f38a9afd8a7b8a906eb
SERVER_TRAFFIC_SECRET_0 b1381ce24f246a92332582992b5a9f9adf09ecaf01e271cae72c29f72856eab6 b81e20db92b1b04be961b99e0cd65f54c8bdf8e3e0619a1529c3bce1be8b548f
EXPORTER_SECRET b1381ce24f246a92332582992b5a9f9adf09ecaf01e271cae72c29f72856eab6 d4a50f5adfcc36f106458f5057491e933308912d85179f97361a85917562c484
CLIENT_RANDOM 0323d6b40b20404891f9c718fa641084986d3939939811385932438b2b66641c 82f67da41071aac6533ec35f9ce778c7cd40cab5368c17b396047d018f1d1069d34f8bdfea202c05e53f23656a55b782
CLIENT_HANDSHAKE_TRAFFIC_SECRET dc56be6a6d14d0ff61b172403b5acaf40a0d55ba493fa2c1f66ab398253c1ed0 b6bff6902075016f93dc940e0f8f8bd748d21b5c0dc6ee866a80f66ee44194e2
SERVER_HANDSHAKE_TRAFFIC_SECRET dc56be6a6d14d0ff61b172403b5acaf40a0d55ba493fa2c1f66ab398253c1ed0 3452502be37fe8fcd3e4fbf7a4eb386b05df9d43f39630952e30ae6e3138cdb0
CLIENT_TRAFFIC_SECRET_0 dc56be6a6d14d0ff61b172403b5acaf40a0d55ba493fa2c1f66ab398253c1ed0 7039828143e75c316ee79b1423c5a395da938b965ba691084df831b9eda52b85
SERVER_TRAFFIC_SECRET_0 dc56be6a6d14d0ff61b172403b5acaf40a0d55ba493fa2c1f66ab398253c1ed0 8219568c9bd1e913e4e025bb0fa5354fc4012f343b6be62e66f29841f8145320
EXPORTER_SECRET dc56be6a6d14d0ff61b172403b5acaf40a0d55ba493fa2c1f66ab398253c1ed0 52d0ac9a0812c055bb78e23a571ef75e653b82864c890e7e1bd801b84d4cf731
CLIENT_HANDSHAKE_TRAFFIC_SECRET aa8d5726cc20dfd93c3480a0bb1206349e7058a5327952ce9042c69171616774 ca6d9b68fb3afadb2c6e490a5fd5cbfdc0a82ab1f206e828d2c462d61bf57334
SERVER_HANDSHAKE_TRAFFIC_SECRET aa8d5726cc20dfd93c3480a0bb1206349e7058a5327952ce9042c69171616774 876fe62b2a4ac38ffdafd026c316cdcec6d1c5fd84a5b364c06253a36e64fbf8
CLIENT_TRAFFIC_SECRET_0 aa8d5726cc20dfd93c3480a0bb1206349e7058a5327952ce9042c69171616774 f4316520ef49477c923233c7b3625f008326206096e6cb6373be1a2314f9164c
SERVER_TRAFFIC_SECRET_0 aa8d5726cc20dfd93c3480a0bb1206349e7058a5327952ce9042c69171616774 bf69bf500c57666dd8edd12871a17c3353c1a8e120f1c0317bcf533f57cf8140
EXPORTER_SECRET aa8d5726cc20dfd93c3480a0bb1206349e7058a5327952ce9042c69171616774 4ad7a3fb2ddf77c84b715467b72c5b6ff4168489571dca83c770a26bd9e9cbbd
CLIENT_HANDSHAKE_TRAFFIC_SECRET 8f91e4a7cc1029177857412393cc7787906d73eec6ff84be785fcfe5e35aa66b c36c245e827ab38cd0ea6d005edefbdd806ebff9ffcc04a216bb169f7b8f803d
SERVER_HANDSHAKE_TRAFFIC_SECRET 8f91e4a7cc1029177857412393cc7787906d73eec6ff84be785fcfe5e35aa66b bac6cc45bbd041e6fa8886473a26a24c2197080af61b086b50c41e9d31df4a21
CLIENT_HANDSHAKE_TRAFFIC_SECRET b8c2491baf2beca989a75634120189bbba80b9bf3521eb6cdbff698b2534c06d f91d0acfa100f02fec97b3cff7be8e203372ff4f40dd630ba27cc2f258252083
SERVER_HANDSHAKE_TRAFFIC_SECRET b8c2491baf2beca989a75634120189bbba80b9bf3521eb6cdbff698b2534c06d ea8779449cd417d765fe21465ca47405e330fdeaeaa8dc6c6da4c968644de5f0
CLIENT_TRAFFIC_SECRET_0 b8c2491baf2beca989a75634120189bbba80b9bf3521eb6cdbff698b2534c06d 5285b8e8e6d058ec7b8b83534d9b335be7afe5415ab147711cf0cbd88d236bd9
SERVER_TRAFFIC_SECRET_0 b8c2491baf2beca989a75634120189bbba80b9bf3521eb6cdbff698b2534c06d 8f79fb6ea24268224d53ec8c4793eecc721bc0242e20a1572e25657e2398a336
EXPORTER_SECRET b8c2491baf2beca989a75634120189bbba80b9bf3521eb6cdbff698b2534c06d 2cf8852311a52e2b8df19b3306d7c9601d0819505f2046bc6e1774b2c9c57faf
CLIENT_HANDSHAKE_TRAFFIC_SECRET ec985656f0edda0ffe19a01e2f443fea91fc7c6cb3b3e50c8608115720e57c71 0ee79e2ba3727c98ceffa54744446567dcad2c8d4c389bab9bb3b2379ce911f9
SERVER_HANDSHAKE_TRAFFIC_SECRET ec985656f0edda0ffe19a01e2f443fea91fc7c6cb3b3e50c8608115720e57c71 139b68361940978f585649d8999357919f956b8065b52835f6dbab2207c25f26
CLIENT_TRAFFIC_SECRET_0 8f91e4a7cc1029177857412393cc7787906d73eec6ff84be785fcfe5e35aa66b 6bc9000100c8b2773355bab272827a8d806cbbbef6092e8863eb95bb2f47887c
SERVER_TRAFFIC_SECRET_0 8f91e4a7cc1029177857412393cc7787906d73eec6ff84be785fcfe5e35aa66b 64de3ceabc47b79e6dcc2bb3ef1a55e1eb7e945e57acf087becc0c9667ea43b2
EXPORTER_SECRET 8f91e4a7cc1029177857412393cc7787906d73eec6ff84be785fcfe5e35aa66b e0f551aa408d990c430073304b91145527898b2e886a00eac1d8c95bd451f6c8
CLIENT_HANDSHAKE_TRAFFIC_SECRET e0ddae006d8a4d2025216cba8a97beaace61f96ed5cbc0c4e24a859c5363b0fc 4a638b06a89a304ec4d07963f4fc8fda5f95196c283d20b9c94d335659ae5446
SERVER_HANDSHAKE_TRAFFIC_SECRET e0ddae006d8a4d2025216cba8a97beaace61f96ed5cbc0c4e24a859c5363b0fc b37111b3e88ee5aef8f22a5d0a6255c3cbe356de8743197f36993ca84731df19
CLIENT_TRAFFIC_SECRET_0 e0ddae006d8a4d2025216cba8a97beaace61f96ed5cbc0c4e24a859c5363b0fc 9a824a04833cfe67b4a9e214e6b4e4daa334d04fec58acbd9e274431ebff4124
SERVER_TRAFFIC_SECRET_0 e0ddae006d8a4d2025216cba8a97beaace61f96ed5cbc0c4e24a859c5363b0fc 99a57a2355fe66a10f099f1e78342125b129e189cce82b2a879284093d507fc6
EXPORTER_SECRET e0ddae006d8a4d2025216cba8a97beaace61f96ed5cbc0c4e24a859c5363b0fc 7d8934f9c031ba7617f333bb8fd16a806e3d28b969b6e24cb966f5d223701f8b
CLIENT_TRAFFIC_SECRET_0 ec985656f0edda0ffe19a01e2f443fea91fc7c6cb3b3e50c8608115720e57c71 3a43575efad754bcef73b8eff8235328aa620400ec6496eee6af6cb0cc41f14c
SERVER_TRAFFIC_SECRET_0 ec985656f0edda0ffe19a01e2f443fea91fc7c6cb3b3e50c8608115720e57c71 e416a5bcd6f674b8a2889dc0651e900fe8b68da5ccca3a82be550bd10221608e
EXPORTER_SECRET ec985656f0edda0ffe19a01e2f443fea91fc7c6cb3b3e50c8608115720e57c71 5a4f9bd1b98a48e33de1af461f9a63cb8f3dbfa37c64de3503053f419e254c16
CLIENT_HANDSHAKE_TRAFFIC_SECRET 9a0a9ee6bdf5df471da2b714cc1dda471ba98e5c0b7ab38a036be56926d6db11 f7466b78a0b7bc37eb6150efb7eb3da0208dbed79018d2138e8782453d16a8377af2207ee19709792c62d8ddb4ad0549
SERVER_HANDSHAKE_TRAFFIC_SECRET 9a0a9ee6bdf5df471da2b714cc1dda471ba98e5c0b7ab38a036be56926d6db11 c1970fd8c791ebb4ce04c4559c7a56e5a4668e2271d1a302998f2e97d7642a90206403d52114e95c5a4abe9305f12d4e
CLIENT_TRAFFIC_SECRET_0 9a0a9ee6bdf5df471da2b714cc1dda471ba98e5c0b7ab38a036be56926d6db11 68551715c7ee78349a31786afbb584bc0048290b9b55fcf8267546ad6f3321a63d910e64d8e83e6d7967dd2cb4a792f2
SERVER_TRAFFIC_SECRET_0 9a0a9ee6bdf5df471da2b714cc1dda471ba98e5c0b7ab38a036be56926d6db11 59a09390a287cbebbe18a5f87c407d9476766136cdda305d95034cc0ee0768a002b63e35f15b06eaa1392356b905e800
EXPORTER_SECRET 9a0a9ee6bdf5df471da2b714cc1dda471ba98e5c0b7ab38a036be56926d6db11 6a3e812292db569ccc8008ba43fce6e71bd1c7d97f6ebe46d3291d41e3a81bf492bfe590c024702fe0b382cc30e722ac
CLIENT_HANDSHAKE_TRAFFIC_SECRET 1e5abe1e326f20851a37f58d176f86b340d0eef0c678bedc06b7b13c9a53d7c2 8f4d5ef4fb179fcd3b8898508b7dd298b19b85bec34dd4fb0c2ac12b3dc29c37
SERVER_HANDSHAKE_TRAFFIC_SECRET 1e5abe1e326f20851a37f58d176f86b340d0eef0c678bedc06b7b13c9a53d7c2 375b6263fa60792718b66f87c89a9de3c1872a8fe82ad4cd40ec0bb6e014361a
CLIENT_TRAFFIC_SECRET_0 1e5abe1e326f20851a37f58d176f86b340d0eef0c678bedc06b7b13c9a53d7c2 b4af0d6d73ef5113875b3620d2a967b0f649228b3564cc058ff5029664499a2a
SERVER_TRAFFIC_SECRET_0 1e5abe1e326f20851a37f58d176f86b340d0eef0c678bedc06b7b13c9a53d7c2 e22ef359b886e13d1f8a5f3f2d211843b35b8d318ef7d72a61af0ecfdc9ea561
EXPORTER_SECRET 1e5abe1e326f20851a37f58d176f86b340d0eef0c678bedc06b7b13c9a53d7c2 d4aa50de05dfad86101abf21c1702bbc9de2ff83791b9607b6f58ce0a4e23bfa
CLIENT_HANDSHAKE_TRAFFIC_SECRET 67a3056f2f54683a1f222013b9d5f5121cb117577216386236bb4efc4ace40ed 80e9d3967e96e2c6fa18e59bce95784d27cc51bce013b5cefb7147bfccd3da65
SERVER_HANDSHAKE_TRAFFIC_SECRET 67a3056f2f54683a1f222013b9d5f5121cb117577216386236bb4efc4ace40ed 5535d270c069b170549a4e73320d8460aeb0b6fde2432468969dbd72de3ee4ae
CLIENT_TRAFFIC_SECRET_0 67a3056f2f54683a1f222013b9d5f5121cb117577216386236bb4efc4ace40ed d4cbc7986de307d1bc1abe6def35f951a5c95605ec144500fb460d10de8e28af
SERVER_TRAFFIC_SECRET_0 67a3056f2f54683a1f222013b9d5f5121cb117577216386236bb4efc4ace40ed ea024109521042b1132e34e72137bca3a7e7d34c5d62cd544aab4468e5aaf59a
EXPORTER_SECRET 67a3056f2f54683a1f222013b9d5f5121cb117577216386236bb4efc4ace40ed bf8667e3f3d262ec277f6a17add935af167c4ca09a8c24b69188dcda9f47736b
CLIENT_HANDSHAKE_TRAFFIC_SECRET f2594ddc86da1ce2ca95a7b0edadfe6d6967db27780a5dc240773dec2eac6dcd 3b68270cfa32857f929eadc912d828f23d8e75fe46821690f80eba431620636e
SERVER_HANDSHAKE_TRAFFIC_SECRET f2594ddc86da1ce2ca95a7b0edadfe6d6967db27780a5dc240773dec2eac6dcd 0dd146e358548247bfa2273f0af5e344f835e156c1af0cc94580180363014480
CLIENT_TRAFFIC_SECRET_0 f2594ddc86da1ce2ca95a7b0edadfe6d6967db27780a5dc240773dec2eac6dcd e0ce8ec84824b48ef4749b622f70a9c2026794e2f0316ab2e3fec5544c4343e4
SERVER_TRAFFIC_SECRET_0 f2594ddc86da1ce2ca95a7b0edadfe6d6967db27780a5dc240773dec2eac6dcd 567d0880f5354c1bdbf4de5959a197c2b5f407d0055f10a6f9e657cb802ec7c1
EXPORTER_SECRET f2594ddc86da1ce2ca95a7b0edadfe6d6967db27780a5dc240773dec2eac6dcd d89dcb0d46d63143d9a5986a8af2de4ee52103523b7670f48116451e920bae1a
CLIENT_HANDSHAKE_TRAFFIC_SECRET 4051dcaa186a589dc50bc58ca1bb13d6d13a17c34499d016db3345790c408c7b 76e12ad10369a40ed844ec8a82b2f42dfdde86d1594882fe7d5092edd360a12b
SERVER_HANDSHAKE_TRAFFIC_SECRET 4051dcaa186a589dc50bc58ca1bb13d6d13a17c34499d016db3345790c408c7b 0c868b17a3c7920e9a14eedde5a9bf2303f48ec09a5f1569d338264f7ae15497
CLIENT_TRAFFIC_SECRET_0 4051dcaa186a589dc50bc58ca1bb13d6d13a17c34499d016db3345790c408c7b f0c4ac7b9830a9b7797a2880adbb80febaa19b594ff9d89680add3a09ba591fc
SERVER_TRAFFIC_SECRET_0 4051dcaa186a589dc50bc58ca1bb13d6d13a17c34499d016db3345790c408c7b cab00ebc6654c1fa3ea6f3b5d28cfc215099eb00f1c67457b514801925124705
EXPORTER_SECRET 4051dcaa186a589dc50bc58ca1bb13d6d13a17c34499d016db3345790c408c7b ed079cff4d7a2add4e06b42f95803f0e3b95ee715ad20012498a2843d853c2bc
CLIENT_HANDSHAKE_TRAFFIC_SECRET a246510b9369e3e4afbfd6826e4c975e035725ce1884764cd1730fd699471995 215390ef40ea9c03c0c7d777819d7978e11110ab8977c9832dd582745065ff43
SERVER_HANDSHAKE_TRAFFIC_SECRET a246510b9369e3e4afbfd6826e4c975e035725ce1884764cd1730fd699471995 3184c910ecd3b407c3127414c18fc3e764f61573e2cf1b032d065c9049ee154b
CLIENT_TRAFFIC_SECRET_0 a246510b9369e3e4afbfd6826e4c975e035725ce1884764cd1730fd699471995 094271b15c2357644e8a57e27b89e1f3bd196b62d9a838e20bd6c5133573839e
SERVER_TRAFFIC_SECRET_0 a246510b9369e3e4afbfd6826e4c975e035725ce1884764cd1730fd699471995 fb6acc651b8a58a9c44d343efc0887dae3624e3612443f66b601eddc851e90ba
EXPORTER_SECRET a246510b9369e3e4afbfd6826e4c975e035725ce1884764cd1730fd699471995 78cdd9c585913db3aa0092947ba791a6d0be2bd9254057a03ad76049b5166389
CLIENT_EARLY_TRAFFIC_SECRET 5d8c4250e548f8511a08ac3b2801fcdd399c34e2943e550cac3cda26f346bded 6095b59fe6969681ea996281b0fa573db77c7cd56e15c928bbbd86563048a7b2
CLIENT_HANDSHAKE_TRAFFIC_SECRET 5d8c4250e548f8511a08ac3b2801fcdd399c34e2943e550cac3cda26f346bded 72b531754cb7e41055d9979d0be0c135033aa0ff56ef4aad1ffb4839b27376d4
SERVER_HANDSHAKE_TRAFFIC_SECRET 5d8c4250e548f8511a08ac3b2801fcdd399c34e2943e550cac3cda26f346bded be7cebd08cfc2056a0a831ab8ecff50b651bfd8a25a2623c57621a62f972c8d4
CLIENT_TRAFFIC_SECRET_0 5d8c4250e548f8511a08ac3b2801fcdd399c34e2943e550cac3cda26f346bded b3029ab6fb675f639dbbb91e93b41250bd8334dc1a5c0dd9be52b633eaa92ce6
SERVER_TRAFFIC_SECRET_0 5d8c4250e548f8511a08ac3b2801fcdd399c34e2943e550cac3cda26f346bded 33d90147a8de88bc9e548ebf6bb411210c9d54485e5a7336d7f44d7011f6458c
EXPORTER_SECRET 5d8c4250e548f8511a08ac3b2801fcdd399c34e2943e550cac3cda26f346bded 201302944e2db5c2fc13a191bcef0791fb68790422f0a3b4be4302d92e5c8def
CLIENT_HANDSHAKE_TRAFFIC_SECRET 7ed4f8a8a718b57b2d84d686777a38132731fea04ff4b031cfcd6b2fa2fb67ec 1fa2bd980ef2bb772cc39067ea63edd84551911edb8a36896ce94d1a4fc4aca5
SERVER_HANDSHAKE_TRAFFIC_SECRET 7ed4f8a8a718b57b2d84d686777a38132731fea04ff4b031cfcd6b2fa2fb67ec 0e85d4241b82805c8267c6f79b36506336d49ff16e11f94ba9033094b85ad1ee
CLIENT_TRAFFIC_SECRET_0 7ed4f8a8a718b57b2d84d686777a38132731fea04ff4b031cfcd6b2fa2fb67ec dad7962e6ef8f34dff08aeee55e89317eacd0d68c1be48d8e5aaf71cfaa832fd
SERVER_TRAFFIC_SECRET_0 7ed4f8a8a718b57b2d84d686777a38132731fea04ff4b031cfcd6b2fa2fb67ec 347e1a11be094f25c0f3d02ff53e90804d46658d5ba754bac807fa8c8d3f4350
EXPORTER_SECRET 7ed4f8a8a718b57b2d84d686777a38132731fea04ff4b031cfcd6b2fa2fb67ec 82f1dd440419a59295b37eafc593050ce077296060928c7945b692595ee41097
CLIENT_HANDSHAKE_TRAFFIC_SECRET da6f912e55090250129ab19483f5391c10f17a503e27ff9748b404116d84ef06 ab85a1b58901db098b00f0a49f48b93a835fd71225a75ac26814f6212ba282e7
SERVER_HANDSHAKE_TRAFFIC_SECRET da6f912e55090250129ab19483f5391c10f17a503e27ff9748b404116d84ef06 19f53a7381154ffc4e6a37562d205179175679e87d4d0efbbefcfef62073b701
CLIENT_TRAFFIC_SECRET_0 da6f912e55090250129ab19483f5391c10f17a503e27ff9748b404116d84ef06 437a564fa1f28c07f74e1ce92c505e72ccc0fd0652209241e110f5fc0a5b03c9
SERVER_TRAFFIC_SECRET_0 da6f912e55090250129ab19483f5391c10f17a503e27ff9748b404116d84ef06 013d0e664e4caf5c2545c39e0fedc36ce29b4a6cfbd171dbd49c39ea4ea61ff1
EXPORTER_SECRET da6f912e55090250129ab19483f5391c10f17a503e27ff9748b404116d84ef06 894b3fd5e6ba8ccb1e7c4ad62a101e51324618905ad6aff90f63ac760c7d015d
CLIENT_RANDOM b027bc7795eab567f77de5ee80d9a8b0bfcd59bebe8a377d0aacb41cea52e104 adb8dc739181c56c7fbd57cb13f18f115649a7201a1d2e8dcd29c287bcda1c331fed6d9db29252f9e926fe460f1951f7
CLIENT_HANDSHAKE_TRAFFIC_SECRET 29f4c9b07be6e14f13c2e8bb7725cff5a6113bd00bdf98e4fd904b70a9bcc74a 9d9f503d6f902ca5a32b9470ae42548c9bf497f9e9294291c17e0f2f5542bef8d96feeefaab1bef7a9f79b38ef9de0bc
SERVER_HANDSHAKE_TRAFFIC_SECRET 29f4c9b07be6e14f13c2e8bb7725cff5a6113bd00bdf98e4fd904b70a9bcc74a 7fc3608bb528efc709b73873db9de84d6ff762832c2081e55d82c63d4259be0db2b43ac27715090b1911b73d10bf2cf0
CLIENT_TRAFFIC_SECRET_0 29f4c9b07be6e14f13c2e8bb7725cff5a6113bd00bdf98e4fd904b70a9bcc74a e886c1888075ce93866efcfbbcda6cb62a93ff200f60318697daee3ceb43327b7849b35ca02675332a690542c2dbc61a
SERVER_TRAFFIC_SECRET_0 29f4c9b07be6e14f13c2e8bb7725cff5a6113bd00bdf98e4fd904b70a9bcc74a 01e9af5f7449341fb458eb476cf4cf9b643a8ce02ea4a79109bad61a3283bfbbe6836520aaeaff424c9e82a719e7a030
EXPORTER_SECRET 29f4c9b07be6e14f13c2e8bb7725cff5a6113bd00bdf98e4fd904b70a9bcc74a 389d46b24b46c912be3c14c99c205fe58f54edf4c72e9943d6647a47309fa05d779f24313ece287d3f50212b0b797cfd
CLIENT_HANDSHAKE_TRAFFIC_SECRET 1b65f21e69e6dd8baee89f324e33bf4b65841a149b62accfc030997accaf4d19 976a5ea7348ff24b40ad1b2e29e9334cb7f2b6ef32ba0d7b47bdf63083fe985f8c13b3a709d51aa9a6212090c2d1bfca
SERVER_HANDSHAKE_TRAFFIC_SECRET 1b65f21e69e6dd8baee89f324e33bf4b65841a149b62accfc030997accaf4d19 201781b4d6a19b3ae79739ac38a963575e3d178a9d617e6e0caf544c71919cbf8f36f3008911dbae3f798c021bbee51c
CLIENT_TRAFFIC_SECRET_0 1b65f21e69e6dd8baee89f324e33bf4b65841a149b62accfc030997accaf4d19 e3757aae6c4248219340a2bdbffb929b93c1ecc7ec79a8cfb9dc60f60d93a65d23545abcdebf70805b88194eb4e7b079
SERVER_TRAFFIC_SECRET_0 1b65f21e69e6dd8baee89f324e33bf4b65841a149b62accfc030997accaf4d19 57395dd0157d7de117d51cb56c8ab01625a62f93f1deca6823f37e63c65f52e54c7e2cae8c1d4b6b82fd499c2453d6c1
EXPORTER_SECRET 1b65f21e69e6dd8baee89f324e33bf4b65841a149b62accfc030997accaf4d19 8a3e80eb76de68864020cf3273a995b7fa5a99b18967687a0a54a3eb61c48dee08278bbcc8dc25977b72a9179c7dcb6f
CLIENT_HANDSHAKE_TRAFFIC_SECRET c19519205014472fc9b2b21f7903dd51bd35229dd5b51f47ae274e01de7c349a e1e650e5fd5b49724136e4da019f2486bd34b396dfa1b6f62f6d2c9ffc8cbe5b
SERVER_HANDSHAKE_TRAFFIC_SECRET c19519205014472fc9b2b21f7903dd51bd35229dd5b51f47ae274e01de7c349a 3b9cd9d12328ec025402e91676176fc39e4df152a1da0e20ae45c9e399d0a78d
CLIENT_TRAFFIC_SECRET_0 c19519205014472fc9b2b21f7903dd51bd35229dd5b51f47ae274e01de7c349a 8f5a1a39027591654f452236ac4db6dc617bd3f181dd77b19f14dda48dbc3248
SERVER_TRAFFIC_SECRET_0 c19519205014472fc9b2b21f7903dd51bd35229dd5b51f47ae274e01de7c349a 0b71f1f845403df2febb5ffad925ff8d3a2b15088e32b53f2c78d780a0e3eabc
EXPORTER_SECRET c19519205014472fc9b2b21f7903dd51bd35229dd5b51f47ae274e01de7c349a b20d8108c24f1ceb69734a84c7e76ca7963b4ceb16905a73efe42f1b3bc7b0a6
CLIENT_EARLY_TRAFFIC_SECRET 7c4773c03cf7a5574f3434feaed1e37fdbd502546b54b68b70cd10f60d44a2e5 6d2f9b6d81d73da8fc497411e8661011537788a069765754d1a95ce9855471cc
CLIENT_HANDSHAKE_TRAFFIC_SECRET 7c4773c03cf7a5574f3434feaed1e37fdbd502546b54b68b70cd10f60d44a2e5 511a1ff78ee2b78424f03ad638b45aa36ce3c7cb805bcaf7ad0f9d4b9510d1f8
SERVER_HANDSHAKE_TRAFFIC_SECRET 7c4773c03cf7a5574f3434feaed1e37fdbd502546b54b68b70cd10f60d44a2e5 40e8cc24a141fc536582c69be15dea2797b80719e4c5030f877fe488dcf7e03b
CLIENT_TRAFFIC_SECRET_0 7c4773c03cf7a5574f3434feaed1e37fdbd502546b54b68b70cd10f60d44a2e5 ef699a99b3ff7c43df32747ba2ed98bc62c44c7864664cd1ecf13f26322fdfd3
SERVER_TRAFFIC_SECRET_0 7c4773c03cf7a5574f3434feaed1e37fdbd502546b54b68b70cd10f60d44a2e5 cd8268a3c202b510d636da036c00e8ae6d40ea60d7f440a416a52b4d1ff6f143
EXPORTER_SECRET 7c4773c03cf7a5574f3434feaed1e37fdbd502546b54b68b70cd10f60d44a2e5 34940c4d4f005761f7d6c02511949aeb73f93673cb7bbbf27ff799f4a4abd69a
CLIENT_EARLY_TRAFFIC_SECRET 62acf9a309b8f88501c12dcdd2f7ebfcd046ec2d8cf63d31b6288c74ee8c7343 afb86c8f1940175780be4a49f960d5a4567e376b70a87b4256cc1267edbe11c2
CLIENT_HANDSHAKE_TRAFFIC_SECRET 62acf9a309b8f88501c12dcdd2f7ebfcd046ec2d8cf63d31b6288c74ee8c7343 a1be14bb03ab3d7e4ff8fc3216a57fd47629915953836f282c8ec94d381b396e
SERVER_HANDSHAKE_TRAFFIC_SECRET 62acf9a309b8f88501c12dcdd2f7ebfcd046ec2d8cf63d31b6288c74ee8c7343 0743749c2243662c1050e5de02ba12855093a28fb88bc7f0696f2b03e9fd145d
CLIENT_TRAFFIC_SECRET_0 62acf9a309b8f88501c12dcdd2f7ebfcd046ec2d8cf63d31b6288c74ee8c7343 b216d8742b6cffce64bd54859cef4030dd7c249bfd37cb91e0d3405ec75cde92
SERVER_TRAFFIC_SECRET_0 62acf9a309b8f88501c12dcdd2f7ebfcd046ec2d8cf63d31b6288c74ee8c7343 6979cc05f694b6d6ad17b8ca83bc96b8245345f9c657319fb6834660019f1931
EXPORTER_SECRET 62acf9a309b8f88501c12dcdd2f7ebfcd046ec2d8cf63d31b6288c74ee8c7343 f6ff26e8a702cd83db969501717f00e080b195567795f745f5038b2e5cb8df7e
CLIENT_HANDSHAKE_TRAFFIC_SECRET 3aaf2170dade43eccb2aeb8ffda9f7649e7558383fff88df8947637075a46046 918f4b84f777a98efcfd1ec62477be1f71bd78ba7408716276e296972e6ef639
SERVER_HANDSHAKE_TRAFFIC_SECRET 3aaf2170dade43eccb2aeb8ffda9f7649e7558383fff88df8947637075a46046 f65ef0ed725d7c8213a50e55c313e3812ce644f1d9ce2bc128fd89356427a513
CLIENT_HANDSHAKE_TRAFFIC_SECRET dc7fb8a4f1b45fb89dc19c855eeb87b4bb32bc438e5f257ffe152e386587a244 8495569f479b74597241b00242d3ce145f4f10042fa6eee09ec80afecc34073477d16d81a3477d7d1a071a493f214d31
SERVER_HANDSHAKE_TRAFFIC_SECRET dc7fb8a4f1b45fb89dc19c855eeb87b4bb32bc438e5f257ffe152e386587a244 859cbdbce03b6f496120acca641d0b726145f836ea2b4d06e5fea1b57c042072da38a9d3575876a004b460b32f906a85
CLIENT_TRAFFIC_SECRET_0 3aaf2170dade43eccb2aeb8ffda9f7649e7558383fff88df8947637075a46046 85e02d99ba18eee96247e0fbfbc45aba75c47f83841dcc48283552b0e6df302b
SERVER_TRAFFIC_SECRET_0 3aaf2170dade43eccb2aeb8ffda9f7649e7558383fff88df8947637075a46046 2b9bc02c70bf2fea154890cc44aa6196a3db0fca1ac73bd103d545a7b1ade884
EXPORTER_SECRET 3aaf2170dade43eccb2aeb8ffda9f7649e7558383fff88df8947637075a46046 d2a8983c372edfa291434628c0dc870ee783405ea52bae0cc4a8e638af706331
CLIENT_TRAFFIC_SECRET_0 dc7fb8a4f1b45fb89dc19c855eeb87b4bb32bc438e5f257ffe152e386587a244 e54135aea0f5edc304bf204fb557ea1a7d051373adf8cef149a5e48757be369c8b9fdb0422ccc30493deb0991a54f7e9
SERVER_TRAFFIC_SECRET_0 dc7fb8a4f1b45fb89dc19c855eeb87b4bb32bc438e5f257ffe152e386587a244 2d95eb5de6f73ab401ea67bfe5d59e2cc2918a0f4302af8f981ed70136a24444a265f60d7700a67a542b2ca0260597cc
EXPORTER_SECRET dc7fb8a4f1b45fb89dc19c855eeb87b4bb32bc438e5f257ffe152e386587a244 22489c16e8114bf46c4f03dd4a7b97ba88c794fd57d9f4268a4a1896fd9168b3d2a42778e98c5c9e2110992edfbc8565
CLIENT_HANDSHAKE_TRAFFIC_SECRET 911db6da9d67506f645b8136b6bd933224e737c6e3852609a6475fb1737688c2 1902cec952254fcd09b3a7c3bc6600fbf54b7d41f94c5f724c01c48cf3aa68bb250885db0875e30073651188b79b2520
SERVER_HANDSHAKE_TRAFFIC_SECRET 911db6da9d67506f645b8136b6bd933224e737c6e3852609a6475fb1737688c2 29cfb98723c1a523089fe3743dfcd102ee1163d58c36a4178f62efe2c3b36f293defd8debeb90c59dcec0c4f66d23f37
CLIENT_TRAFFIC_SECRET_0 911db6da9d67506f645b8136b6bd933224e737c6e3852609a6475fb1737688c2 bad27b933989c32404595081370081cbf9cba284baf241c23e522bf4ee3c547ae06f8a38878b97219f871e9d5b9374da
SERVER_TRAFFIC_SECRET_0 911db6da9d67506f645b8136b6bd933224e737c6e3852609a6475fb1737688c2 c89ae88a9ae0fbe6b9010fb89503d8b23da491ca1999c1e80f2209cb07b69629b562109ed68805ecf66b07b49f52146a
EXPORTER_SECRET 911db6da9d67506f645b8136b6bd933224e737c6e3852609a6475fb1737688c2 97afd9faedafa93d0b4be081140713844f8e9452a1ca52ebf84fc0735d6c653471ec903265f86a3b4be7f4835b2f8ebe
CLIENT_HANDSHAKE_TRAFFIC_SECRET d0b7fc1768d98799dc42a62548b53d3444cef34c5e45f6bd8ebad5f34b5f6b46 3071f34b72121f51552f1faaf7a92de6f665c8527e000c6aefde9c309394c5cb
SERVER_HANDSHAKE_TRAFFIC_SECRET d0b7fc1768d98799dc42a62548b53d3444cef34c5e45f6bd8ebad5f34b5f6b46 6e49eb6980f66eeb00f7f837802e358f1d3077ea6fffa388b6c2c8f828bb25d0
CLIENT_TRAFFIC_SECRET_0 d0b7fc1768d98799dc42a62548b53d3444cef34c5e45f6bd8ebad5f34b5f6b46 67e005a408638a624f1309aafcdea6c50bbc8c0b3af286b2f86626c31b6d7f2a
SERVER_TRAFFIC_SECRET_0 d0b7fc1768d98799dc42a62548b53d3444cef34c5e45f6bd8ebad5f34b5f6b46 313c1ed582ce832d16ed786a7ff2407d14cc033c6f08bb72ee21069f7068de11
EXPORTER_SECRET d0b7fc1768d98799dc42a62548b53d3444cef34c5e45f6bd8ebad5f34b5f6b46 b7bffae829fe10622ef0bcc2fbe28341e4edb7445a0743a09ede238149ef934b
CLIENT_EARLY_TRAFFIC_SECRET 6e37b9a5cb0c650b9e1b858bb62fedea687acfc106c2d39508610cc84e9bdbe3 6b2e55606fd949c1166434831e0714063a573fd9ea23fbb0e5bd60230f268bcf
CLIENT_HANDSHAKE_TRAFFIC_SECRET 6e37b9a5cb0c650b9e1b858bb62fedea687acfc106c2d39508610cc84e9bdbe3 eaee7eefbb5ee03f816dc56d16e64c28b788b6f517d11f2f762a346f3903fb1b
SERVER_HANDSHAKE_TRAFFIC_SECRET 6e37b9a5cb0c650b9e1b858bb62fedea687acfc106c2d39508610cc84e9bdbe3 cb7b2f78c4acda42e46011ba074e417231dd30d75f6a7673ebf63b56bcbabde1
CLIENT_TRAFFIC_SECRET_0 6e37b9a5cb0c650b9e1b858bb62fedea687acfc106c2d39508610cc84e9bdbe3 467b6b8c466a997898fb7087eff4fc9c6acc35c76dad0d45eae1694959c5679c
SERVER_TRAFFIC_SECRET_0 6e37b9a5cb0c650b9e1b858bb62fedea687acfc106c2d39508610cc84e9bdbe3 65d5878a6bac75b8569f2a7ab2f2b40041d94c0f419b2a096e2afd805f59a826
EXPORTER_SECRET 6e37b9a5cb0c650b9e1b858bb62fedea687acfc106c2d39508610cc84e9bdbe3 ebbb03ddfeaa32c44c9cc289bc3f5f566acea00e13038055cb78cd8eaf683235
