CLIENT_HANDSHAKE_TRAFFIC_SECRET fb6c5b45ac5802ea42a684a4301b70ccc903c562d1bd800c4d0d49b67a958d59 bb99668c2cc9ec93f677f9d24515c12631f1dbf45d39629a2199e5b63fa27f8d
SERVER_HANDSHAKE_TRAFFIC_SECRET fb6c5b45ac5802ea42a684a4301b70ccc903c562d1bd800c4d0d49b67a958d59 98dd077572449512b6a45c83fe648566b6a98044ca5dba37a8a7827a0316267f
CLIENT_HANDSHAKE_TRAFFIC_SECRET c5e27fbc29197cdf5f96aaa97524948873daef28f6a87881ccd36d0e35ca1583 0c13725d567c31ee3750faad8264845e28cf8c836f8e9e00a711f419f0f7519ab53ffb655511a95d63a535034d990b0b
SERVER_HANDSHAKE_TRAFFIC_SECRET c5e27fbc29197cdf5f96aaa97524948873daef28f6a87881ccd36d0e35ca1583 aa037f20b561378f98803de42750cc092b3d8dcd75853e7a7875732a9ecf976a33752a27321804f3150de4903164d6d6
CLIENT_HANDSHAKE_TRAFFIC_SECRET d6ca14ea18be167228927d1ccba1b582f69839b9a5707633c4423f85edcd2e24 52715d11fc5fe0dbd9eb39e840e9d5ec1ac2477af335ce4de54bf714132c09b4
SERVER_HANDSHAKE_TRAFFIC_SECRET d6ca14ea18be167228927d1ccba1b582f69839b9a5707633c4423f85edcd2e24 c237982bec2cc5ad5d76067603e9bd20a481e90638f5c31181b10a3ebbc9d450
CLIENT_HANDSHAKE_TRAFFIC_SECRET 138248eb2c425c308d6ef4f15bf6928944cf2aa5a2e424928843b9359b6ac4e9 723b7bf749673af3bf6b89ed3fc995f93ab771ac4ab5b4b42a0235cf41f4ce1f
SERVER_HANDSHAKE_TRAFFIC_SECRET 138248eb2c425c308d6ef4f15bf6928944cf2aa5a2e424928843b9359b6ac4e9 0e74b83e1c3d5d23196795630ce71f4a7b47dfd6ceaaaeb5474cca5ceacd48ac
CLIENT_TRAFFIC_SECRET_0 fb6c5b45ac5802ea42a684a4301b70ccc903c562d1bd800c4d0d49b67a958d59 c2a26866960e157b24aff481ebbc756c3e3292a911fa4d1dc60d41c6ca9ef9cf
SERVER_TRAFFIC_SECRET_0 fb6c5b45ac5802ea42a684a4301b70ccc903c562d1bd800c4d0d49b67a958d59 63cb3de80740d4c531a668cbe9344fc4b808d7844d71463b4c084d3894eb6f75
EXPORTER_SECRET fb6c5b45ac5802ea42a684a4301b70ccc903c562d1bd800c4d0d49b67a958d59 f3fa72814b9efd909d2538b25f4bab2e98f99417de5da253ecfca2f5a9b909bc
CLIENT_HANDSHAKE_TRAFFIC_SECRET c300285490d936e6b0e9c33e8ab17c2337f75b683d99455815f46a30a8990ce1 3deca5da964f6425cd80b322430483c789250034b669e4c52a04f2bf30b7860b
SERVER_HANDSHAKE_TRAFFIC_SECRET c300285490d936e6b0e9c33e8ab17c2337f75b683d99455815f46a30a8990ce1 80d1ebea1cfff33999131f71fc64034e6b18df2f68792585bf1b8137b2b02188
CLIENT_TRAFFIC_SECRET_0 c5e27fbc29197cdf5f96aaa97524948873daef28f6a87881ccd36d0e35ca1583 ba96096eaf54cdd330077dc550bb449ce3c67273deb982eeca648e7effd0ae73d1b8e00cc22eecc8df50c8bb09ade36e
SERVER_TRAFFIC_SECRET_0 c5e27fbc29197cdf5f96aaa97524948873daef28f6a87881ccd36d0e35ca1583 81e1df74507033e4224ecd04bc1744631f86e020a5d626f44f4944b32c6ad061979672c277914a07ed284517ca817630
EXPORTER_SECRET c5e27fbc29197cdf5f96aaa97524948873daef28f6a87881ccd36d0e35ca1583 a39097542821730d98e485e69397d6aa35ff11eeed1646a76a49434c55941c0e59e1c42e9ce03cc8b6ed7127e67b6d79
CLIENT_TRAFFIC_SECRET_0 c300285490d936e6b0e9c33e8ab17c2337f75b683d99455815f46a30a8990ce1 e1772ff42f819d7588c54cc9a91b7aced1ac29a7c5e9c0801421687b943ba2b0
SERVER_TRAFFIC_SECRET_0 c300285490d936e6b0e9c33e8ab17c2337f75b683d99455815f46a30a8990ce1 e0c5ad830a2c5f1943a03ff40726b1802d7da7ed79d7f7397a5382918594ff5c
EXPORTER_SECRET c300285490d936e6b0e9c33e8ab17c2337f75b683d99455815f46a30a8990ce1 4b0c50e463b76d2bc97ca0f2ec2d60f306a60151380f9feb4147b647114f259f
CLIENT_TRAFFIC_SECRET_0 d6ca14ea18be167228927d1ccba1b582f69839b9a5707633c4423f85edcd2e24 26b9700b8f85c5adc6fb95d3af031fcbbb5d779e14ca54acd210ee553ad99949
SERVER_TRAFFIC_SECRET_0 d6ca14ea18be167228927d1ccba1b582f69839b9a5707633c4423f85edcd2e24 b40e7b1c52e956f785816925d22623cc4136eb6bdbb0f539f110a3c0a45396d9
EXPORTER_SECRET d6ca14ea18be167228927d1ccba1b582f69839b9a5707633c4423f85edcd2e24 5fe8693a353947d0252b7b1e1bb1b31e5ac4e120870e3a63ac688ffba530aa91
CLIENT_TRAFFIC_SECRET_0 138248eb2c425c308d6ef4f15bf6928944cf2aa5a2e424928843b9359b6ac4e9 69b536d01aa0684cfff15ca6b052e5f1436961feaa58f0c3caecb188df840697
SERVER_TRAFFIC_SECRET_0 138248eb2c425c308d6ef4f15bf6928944cf2aa5a2e424928843b9359b6ac4e9 c3aedc50727a19ac5dd5786e0c608348b51a67b00cd39e5f6f10df72a624fd92
EXPORTER_SECRET 138248eb2c425c308d6ef4f15bf6928944cf2aa5a2e424928843b9359b6ac4e9 6a88347bc6c8043695425a54eab203294b138bd1a50b3b56c192217f84bce357
CLIENT_HANDSHAKE_TRAFFIC_SECRET d4505178a064be8ec22c680c48744d5402acf0b46ace81f243f4093504618c19 6a22f905462289ec011989e4735c27cf5d91d15f327ede4c8ef8b90979d03ad6
SERVER_HANDSHAKE_TRAFFIC_SECRET d4505178a064be8ec22c680c48744d5402acf0b46ace81f243f4093504618c19 97397afb347f653ad421850ec1dedaa13aabf6bd6d89a021d0fda0f2f88eaea9
CLIENT_TRAFFIC_SECRET_0 d4505178a064be8ec22c680c48744d5402acf0b46ace81f243f4093504618c19 08cd8c8e188072186862d3516cb6a4294b61459af9192c71118f46b5f5a0207e
SERVER_TRAFFIC_SECRET_0 d4505178a064be8ec22c680c48744d5402acf0b46ace81f243f4093504618c19 f88b6267545a9e1d448a76a7380121bf188493e0d278ba9bb61009f0887e0463
EXPORTER_SECRET d4505178a064be8ec22c680c48744d5402acf0b46ace81f243f4093504618c19 97835648aaa868902d85b4c163ccfc5c40b3a3cca60537011f6eac78a02fc3da
CLIENT_HANDSHAKE_TRAFFIC_SECRET d039dee53d7a4a68749cbc34f94749a026fd90a9edd2c37088d5a19849995e2b f06a8d1e649c6b63fc445e18bb256e8d67f03f12900a7a9cbcf9c321babecad4
SERVER_HANDSHAKE_TRAFFIC_SECRET d039dee53d7a4a68749cbc34f94749a026fd90a9edd2c37088d5a19849995e2b 0ece05655a5edc1ed464cba6727dcbade8847833d2693d22d76e5fc0ef60ccc1
CLIENT_TRAFFIC_SECRET_0 d039dee53d7a4a68749cbc34f94749a026fd90a9edd2c37088d5a19849995e2b 9e43bf9bb0e6445f2c75145c2a2c45aa941a02c6e30f827a38ff4ec02842bda4
SERVER_TRAFFIC_SECRET_0 d039dee53d7a4a68749cbc34f94749a026fd90a9edd2c37088d5a19849995e2b 7ffe040a858342efa1c65c7f05cbab8a4c2d1cfc14fc1b77555bfaf218bbf0f9
EXPORTER_SECRET d039dee53d7a4a68749cbc34f94749a026fd90a9edd2c37088d5a19849995e2b aac4ca48f6fef6b21c54791aaaa3d7ffb1268446b98de41f2027c94edc9ef857
CLIENT_HANDSHAKE_TRAFFIC_SECRET 8c97f2aff5ecfcd4a8d503822c1c3db2d6c2f4b59fc5bac0b959284563cd0a39 387882b36815aea4e3d1bb141d4c4fcac0aef2b1533f7c9eb11d90947f861a8a
SERVER_HANDSHAKE_TRAFFIC_SECRET 8c97f2aff5ecfcd4a8d503822c1c3db2d6c2f4b59fc5bac0b959284563cd0a39 76c4870fdf348bbb81a06731fb0bb944f76debed59266c0f76f477915eb7a05e
CLIENT_TRAFFIC_SECRET_0 8c97f2aff5ecfcd4a8d503822c1c3db2d6c2f4b59fc5bac0b959284563cd0a39 89a95df7dfbc57e58fdf1c695487e9abe5342931137031eb847c6bc759ae35ba
SERVER_TRAFFIC_SECRET_0 8c97f2aff5ecfcd4a8d503822c1c3db2d6c2f4b59fc5bac0b959284563cd0a39 c35e17fe85f8d9e8dbd6ffe4993ad03f86db3c40f221674d4eb7b9e3360bc7a8
EXPORTER_SECRET 8c97f2aff5ecfcd4a8d503822c1c3db2d6c2f4b59fc5bac0b959284563cd0a39 53861eeffb44656e773e693b581a818e9e6b5b24f7c88d55b377255042837fc1
CLIENT_HANDSHAKE_TRAFFIC_SECRET d47e37508e875f1b4e851b98327feed83e1d9923a2d7afa43c5a4d37c1ff015c 79f58cca9979ce3ad8a318e4c2ba46339f59456c9b9b1b50a49760383cb904f7cb64091f6816be79cbb597cc85d49cb5
SERVER_HANDSHAKE_TRAFFIC_SECRET d47e37508e875f1b4e851b98327feed83e1d9923a2d7afa43c5a4d37c1ff015c dc43a6998a4cc9d2d274462983477ec6417074ef712af1e32fbbb291c85213ce17dc0e3ae7b8dc0c8c8cd149da28b4c5
CLIENT_TRAFFIC_SECRET_0 d47e37508e875f1b4e851b98327feed83e1d9923a2d7afa43c5a4d37c1ff015c 257050540f831cb4115b244234e07c7bbf09692d2abc8e8d9440b8c7c62c0e5bac3919670950880ff5aca8c906d8194a
SERVER_TRAFFIC_SECRET_0 d47e37508e875f1b4e851b98327feed83e1d9923a2d7afa43c5a4d37c1ff015c dff1c5585c1475711afab94903da36de62175849a25002a17b04deee9b14eac35a994af51bda1d2bd3ad96d36988dac2
EXPORTER_SECRET d47e37508e875f1b4e851b98327feed83e1d9923a2d7afa43c5a4d37c1ff015c ec25dfedc035e06bef001263dafaa5d4401537d6170f594c4410910e8303150783d2a5afc62d82b841efe7d4eb03d25f
CLIENT_HANDSHAKE_TRAFFIC_SECRET bba4e5bb6bb26887d9770b5dda5e7043c629151b17c9b334c34f7899efe2ba98 96652132bf32f85c906d6387f5a03f1cc5d7dff879925966cb5ff21419d07d13
SERVER_HANDSHAKE_TRAFFIC_SECRET bba4e5bb6bb26887d9770b5dda5e7043c629151b17c9b334c34f7899efe2ba98 a9ad07287a5bcd077be30ec77e88128ee6e43a4c607f57a4ef547f5360d08108
CLIENT_TRAFFIC_SECRET_0 bba4e5bb6bb26887d9770b5dda5e7043c629151b17c9b334c34f7899efe2ba98 a4e8f82bfb8bc19d3fe5974cdecebcf156e319e985aac008f6c8e376eddaaa9f
SERVER_TRAFFIC_SECRET_0 bba4e5bb6bb26887d9770b5dda5e7043c629151b17c9b334c34f7899efe2ba98 0636994840c1c623c6de6ebe92418cb4ff48aa5eb5845eadb0cbef4c250dd55c
EXPORTER_SECRET bba4e5bb6bb26887d9770b5dda5e7043c629151b17c9b334c34f7899efe2ba98 3a2e69a2fb6a4f379e02aade3a67894c148c405e85cf057d325582a37a6c7f06
CLIENT_HANDSHAKE_TRAFFIC_SECRET b09085e9ed8b8a59948a52b3713bc8bfcda771fa5811a9074781856bbc20d522 88a891cae8095143eaff2f2b912c6daf35d05c0dddb1d2c0a81bf8a90f87df46
SERVER_HANDSHAKE_TRAFFIC_SECRET b09085e9ed8b8a59948a52b3713bc8bfcda771fa5811a9074781856bbc20d522 8ff54ebbc32eb31fe3b87f7308327e27d06d631416fb049e8bc15d72c8ed61b7
CLIENT_TRAFFIC_SECRET_0 b09085e9ed8b8a59948a52b3713bc8bfcda771fa5811a9074781856bbc20d522 4bdab1d8ca8682ca6c553e4e06d84bd244c38376868902af09d26777b9aaff91
SERVER_TRAFFIC_SECRET_0 b09085e9ed8b8a59948a52b3713bc8bfcda771fa5811a9074781856bbc20d522 bd004587259f45242fd0d547761086a2b5844c28ed6991416370b3697bd4d1cd
EXPORTER_SECRET b09085e9ed8b8a59948a52b3713bc8bfcda771fa5811a9074781856bbc20d522 e0460f305b79e101cccfbb189e1bfb4bb98494612aa632ab07d986227a015c3d
CLIENT_HANDSHAKE_TRAFFIC_SECRET adb902045ba96a425ad8a11f3bc48a63d6448ed03ec91c7aa0a2c92d77284506 eda091db0d4903e5f8bebd8c437bde15df577a5d1c5dc324c168accebfe2f36b
SERVER_HANDSHAKE_TRAFFIC_SECRET adb902045ba96a425ad8a11f3bc48a63d6448ed03ec91c7aa0a2c92d77284506 a084a701cddd49d316da35b6e3f274315860dfdc1a0960d463af690e06072b1e
CLIENT_TRAFFIC_SECRET_0 adb902045ba96a425ad8a11f3bc48a63d6448ed03ec91c7aa0a2c92d77284506 d63d6ae0b5a6d975e7746ab305e5f10f9aec4793e4d045dba0496048f8b1ad18
SERVER_TRAFFIC_SECRET_0 adb902045ba96a425ad8a11f3bc48a63d6448ed03ec91c7aa0a2c92d77284506 905fdd99390dbe45f79d13c194ef7c66300455b25f06844721ef4fedba5755df
EXPORTER_SECRET adb902045ba96a425ad8a11f3bc48a63d6448ed03ec91c7aa0a2c92d77284506 ed078cc39d5d7ce114816e0f99d219d44bed11fbb759a5b66ff0aca9788600b0
CLIENT_HANDSHAKE_TRAFFIC_SECRET 8c7386a27c0d1886d5871eb42a16743b9432e3f0aa76c1777c682bd638fce533 684853cad36f21e1d5f4d396c2a0444fe592014f1371d427bdee2c2e76933d49
SERVER_HANDSHAKE_TRAFFIC_SECRET 8c7386a27c0d1886d5871eb42a16743b9432e3f0aa76c1777c682bd638fce533 851c2b2897f2b021e01ea35bef311bcbe3700692b3f319063097887d07b6ef52
CLIENT_TRAFFIC_SECRET_0 8c7386a27c0d1886d5871eb42a16743b9432e3f0aa76c1777c682bd638fce533 171a5f3ee6fddec499a78ac0eb6675b1e3f70fd6562279078f001aaceb88c049
SERVER_TRAFFIC_SECRET_0 8c7386a27c0d1886d5871eb42a16743b9432e3f0aa76c1777c682bd638fce533 e068ad183028fb07fce3f9de955ff3d109b27134bc6753062730f9d68753f3bc
EXPORTER_SECRET 8c7386a27c0d1886d5871eb42a16743b9432e3f0aa76c1777c682bd638fce533 0a1a6afc1d0703edbecc32fb0a231c79cfd6c14a70fa407b7e813e892d225d84
CLIENT_EARLY_TRAFFIC_SECRET 1715ba95e718a8e546f95127ff3e47473c1ea766185dd622160177677b379231 ce33789d95f11c945ee1ee42efcd987640413eeb973fe012dd816897f6b88d1f
CLIENT_HANDSHAKE_TRAFFIC_SECRET 1715ba95e718a8e546f95127ff3e47473c1ea766185dd622160177677b379231 59902be66eeae4c7357d325fc45baae165bbcae010cdcb4eea1506b3cfc307fc
SERVER_HANDSHAKE_TRAFFIC_SECRET 1715ba95e718a8e546f95127ff3e47473c1ea766185dd622160177677b379231 86acf59f3f70452a51af635e506d81b829b5e3ccf8736d5a731d5cec058168ed
CLIENT_TRAFFIC_SECRET_0 1715ba95e718a8e546f95127ff3e47473c1ea766185dd622160177677b379231 4d43376432802071201cd4551d6677d583f61c2e3b3e2f6c9faa6258551470bf
SERVER_TRAFFIC_SECRET_0 1715ba95e718a8e546f95127ff3e47473c1ea766185dd622160177677b379231 5a54bf5dfb1bd202e2ba1a84384800eda6904c4980e3c99159bebf5bd901d7d7
EXPORTER_SECRET 1715ba95e718a8e546f95127ff3e47473c1ea766185dd622160177677b379231 177de80d5a3108b767c3a58890def1e322d9b474dffd03cba8bfb430796086f4
CLIENT_HANDSHAKE_TRAFFIC_SECRET 81dbd2e6f160aecee0d59ce9d290f960ace17ab5ad408d3fcd3b90905d5c81e5 7dc59bde3192df5baeaf68d23dcedddf0424598388b4d39887a05af9289f979f
SERVER_HANDSHAKE_TRAFFIC_SECRET 81dbd2e6f160aecee0d59ce9d290f960ace17ab5ad408d3fcd3b90905d5c81e5 d4e2ed165994853f589e02f0260ea560e18ca4e33739c386750eb64ea600f85c
CLIENT_TRAFFIC_SECRET_0 81dbd2e6f160aecee0d59ce9d290f960ace17ab5ad408d3fcd3b90905d5c81e5 e9b5aa6a3060bf285f3b5404ad281a4e7a63a0eaa923528bc5c3d74f1711c772
SERVER_TRAFFIC_SECRET_0 81dbd2e6f160aecee0d59ce9d290f960ace17ab5ad408d3fcd3b90905d5c81e5 96fda2c86bd76f988fa82af41933835ad6fa857c7041e898ba21ab50f8a181b5
EXPORTER_SECRET 81dbd2e6f160aecee0d59ce9d290f960ace17ab5ad408d3fcd3b90905d5c81e5 e6e055f0f539ea0eab1e5587a4f01df27c0e3aa705f080d7dede98ee821ce59e
CLIENT_HANDSHAKE_TRAFFIC_SECRET 5419761f0d5eae5b3c8b6da20859d29cd62bb925302c72e3a1c0f53351abae90 3b277dd85afcada3630c2ecbada3037d9e272b41608083b54255b8585f0a4332
SERVER_HANDSHAKE_TRAFFIC_SECRET 5419761f0d5eae5b3c8b6da20859d29cd62bb925302c72e3a1c0f53351abae90 679cacb63d9b5a01145a8a7b34e65353fbeefca3644a1e6b9c6201a7016871ba
CLIENT_HANDSHAKE_TRAFFIC_SECRET 977c8225f68907a942b4c5e8ad5b9fdee31691e10b626884378fd4f538c9e13d 0e2453976ee3cdf768ac9b65972a946d6dec14cf9366ce34f4e89f9394f494b6
SERVER_HANDSHAKE_TRAFFIC_SECRET 977c8225f68907a942b4c5e8ad5b9fdee31691e10b626884378fd4f538c9e13d 7ad34d0aa251c626b0e5fc22ab0e2854b094100d927d56ecf469f43de540be24
CLIENT_HANDSHAKE_TRAFFIC_SECRET 58dc0d1c528b53951733146523d0e391599600148d2948a661fc99ef664cc8fc da3e093c3187222fe58919eb4301d36b65f135b709ddec4693e2fe58f8be834d
SERVER_HANDSHAKE_TRAFFIC_SECRET 58dc0d1c528b53951733146523d0e391599600148d2948a661fc99ef664cc8fc f0bba69317b624f295f307bf4738c03c4ba85061309c3bd835591d30acb10ee5
CLIENT_TRAFFIC_SECRET_0 5419761f0d5eae5b3c8b6da20859d29cd62bb925302c72e3a1c0f53351abae90 2260e69d33c7aaad646a1d08b2462e1dfdeb967fab42445d55c138169398f9c7
SERVER_TRAFFIC_SECRET_0 5419761f0d5eae5b3c8b6da20859d29cd62bb925302c72e3a1c0f53351abae90 695d447887e63a92146f423876511ea96848f093facd72324edfd55720e8e649
EXPORTER_SECRET 5419761f0d5eae5b3c8b6da20859d29cd62bb925302c72e3a1c0f53351abae90 ca44f15df73739c5731b59aab64ccd21fb16a87154067130b08c73388a78ab37
CLIENT_TRAFFIC_SECRET_0 977c8225f68907a942b4c5e8ad5b9fdee31691e10b626884378fd4f538c9e13d 6aff13f15784cafe61e4c26d3f31a83021cb89f62cd9783f188aad4893b1813e
SERVER_TRAFFIC_SECRET_0 977c8225f68907a942b4c5e8ad5b9fdee31691e10b626884378fd4f538c9e13d e6e6f9c7073a3afa734192c189cbd4222dc8e8b0418f87c3d2ddf51a41811966
EXPORTER_SECRET 977c8225f68907a942b4c5e8ad5b9fdee31691e10b626884378fd4f538c9e13d 03aba43190d7df2352ddd4f23c7b9586952c451ae6943cb6900c154f6c3c4498
CLIENT_HANDSHAKE_TRAFFIC_SECRET 7029ad6e966bb8beb9b794c47fe801dc1e00b83819868fd59f0d3ff67c52c15b 5a2ed603aa3a2b1f6edbcec7db8cf45e7e738b387f156ac73390a8a34a774547
SERVER_HANDSHAKE_TRAFFIC_SECRET 7029ad6e966bb8beb9b794c47fe801dc1e00b83819868fd59f0d3ff67c52c15b 6efc8b88dba8e550fa134dcfec4b8c970afcef5919746bb0e9fc53e0fc3c569a
CLIENT_TRAFFIC_SECRET_0 58dc0d1c528b53951733146523d0e391599600148d2948a661fc99ef664cc8fc 2f845d16f538de2e547cbd05093e231ca60307e3392c08beaaaf0d75354e41eb
SERVER_TRAFFIC_SECRET_0 58dc0d1c528b53951733146523d0e391599600148d2948a661fc99ef664cc8fc b1ab7e0d11a062c23afca31b8669f618d2657515c9d4781a3b39b504af3e0f2b
EXPORTER_SECRET 58dc0d1c528b53951733146523d0e391599600148d2948a661fc99ef664cc8fc 98c57cca93d78d79c93a9e0bc7ce959b0ac0c6a79e5272a7a9c0520b52d5c71f
CLIENT_HANDSHAKE_TRAFFIC_SECRET 6ff7d6b8ebee4cab3833995b54cff9cd4a76fdf1a86f04f3579009fe7b4ec1ba b1f9b42cbbebce92599f100a84a0839ad39e17ecfdf8e23969d7ed29d14cc916
SERVER_HANDSHAKE_TRAFFIC_SECRET 6ff7d6b8ebee4cab3833995b54cff9cd4a76fdf1a86f04f3579009fe7b4ec1ba 60ec4a34a0d5f4d2bd8863e76ffa17e4017ce9d13f75064fc26cd7995a3caf8e
CLIENT_TRAFFIC_SECRET_0 6ff7d6b8ebee4cab3833995b54cff9cd4a76fdf1a86f04f3579009fe7b4ec1ba 23887241adb0f932f22122f85e75e7443e5b6545012f97c91f3ecd27d3a9dfb0
SERVER_TRAFFIC_SECRET_0 6ff7d6b8ebee4cab3833995b54cff9cd4a76fdf1a86f04f3579009fe7b4ec1ba 50d7fda451051a8aee27c92cde971bedfabb0f0163128929166d38683e4b63d3
EXPORTER_SECRET 6ff7d6b8ebee4cab3833995b54cff9cd4a76fdf1a86f04f3579009fe7b4ec1ba b162426410d45ae9869023b0e89c65d858769fb8d1c7472de52334bb58c3f4e7
CLIENT_HANDSHAKE_TRAFFIC_SECRET c7a5ca75a15b3ceeda25eb804b3c17ac42e0c46c98a132b4f6b2ab7c0a15c0b7 b8bce736caf6a1cf4b8ea14cf8f0339db2c6808fff55f528fb54b44f942be98b
SERVER_HANDSHAKE_TRAFFIC_SECRET c7a5ca75a15b3ceeda25eb804b3c17ac42e0c46c98a132b4f6b2ab7c0a15c0b7 b4a3060434c9fed176adf59b94c0535cfe4a888cc135f3f43b3f35256972a626
CLIENT_TRAFFIC_SECRET_0 c7a5ca75a15b3ceeda25eb804b3c17ac42e0c46c98a132b4f6b2ab7c0a15c0b7 a96084ce1bd07965f4d9d42287082846027164ec0e597a30556dba55a81b4de5
SERVER_TRAFFIC_SECRET_0 c7a5ca75a15b3ceeda25eb804b3c17ac42e0c46c98a132b4f6b2ab7c0a15c0b7 bb989de9eec1d80af8f183b46c8d054f03cc73649e35b78a4bfa648754f14080
EXPORTER_SECRET c7a5ca75a15b3ceeda25eb804b3c17ac42e0c46c98a132b4f6b2ab7c0a15c0b7 65403bacb7abbdc05f8c8ff6cf4e2652631198102357e4194e951b0f4d4eabe4
CLIENT_HANDSHAKE_TRAFFIC_SECRET 5e01156ceeaae12b6f486538f1265056a92cc3f78214e17630de97f76d109d72 1b00324350e28107b8ffb71221d09bdb666b3ff6da9e7c5feda3b48831ee084e
SERVER_HANDSHAKE_TRAFFIC_SECRET 5e01156ceeaae12b6f486538f1265056a92cc3f78214e17630de97f76d109d72 ef4ec0616167321568bdc16af19da15b2bf07b9307a814cd1322b915f3dcf28d
CLIENT_TRAFFIC_SECRET_0 5e01156ceeaae12b6f486538f1265056a92cc3f78214e17630de97f76d109d72 007b2126b0fd4d2995e309bc30448e8dbdcd91c8a52da4d503e195682e5572d0
SERVER_TRAFFIC_SECRET_0 5e01156ceeaae12b6f486538f1265056a92cc3f78214e17630de97f76d109d72 a29e760c7467b08c42f7a4e1ae95e0f626a82b8e76d40bda490a9dbddd71cd37
EXPORTER_SECRET 5e01156ceeaae12b6f486538f1265056a92cc3f78214e17630de97f76d109d72 40854cc6b1cdbada7efadb86045ab341842715975c3783fa4b147e2080186c2b
CLIENT_HANDSHAKE_TRAFFIC_SECRET 1854f773ea1d511ebbffd0cfdce63ae46ee91b5c4ddccff1b50def4f13541e15 f105bfa5e42a546a800d2e4632b7cd8c5d1ea6f6d9cb3d427b67b0cc97dca118
SERVER_HANDSHAKE_TRAFFIC_SECRET 1854f773ea1d511ebbffd0cfdce63ae46ee91b5c4ddccff1b50def4f13541e15 4aa22b7d401daef4e51d97eb7577243f151a0202f8f25513210ac6cf5dbff25e
CLIENT_TRAFFIC_SECRET_0 1854f773ea1d511ebbffd0cfdce63ae46ee91b5c4ddccff1b50def4f13541e15 2a06cb3a624729175d07a3f530c24460c9a6d43885fd157567cc7d56dd14b875
SERVER_TRAFFIC_SECRET_0 1854f773ea1d511ebbffd0cfdce63ae46ee91b5c4ddccff1b50def4f13541e15 fedb78f63e5bb326bb7c90e8bfc4c11d4ce91c300e92e3a0c0a80820219b09e9
EXPORTER_SECRET 1854f773ea1d511ebbffd0cfdce63ae46ee91b5c4ddccff1b50def4f13541e15 cdd5257d0ea3b0399f541c5cc21ea4c9ff794356c2ad5868b3f59c392a150dda
CLIENT_HANDSHAKE_TRAFFIC_SECRET 6e3db80bee74999945b9b4fdf840705aba0e492f2a4bec3c574492861b8501ee 958e0f274c26c1dbd761d5415736db6e224c9838b10b1dd994e7fca1fd30188b
SERVER_HANDSHAKE_TRAFFIC_SECRET 6e3db80bee74999945b9b4fdf840705aba0e492f2a4bec3c574492861b8501ee 8a11a634f8f97034269193bffa99bd9697b8c08bd23034458255a6142cf1691c
CLIENT_HANDSHAKE_TRAFFIC_SECRET ac8d7b3988687e8eb5268bdaef15c5b60f2ccb31249a1df307653fd8a5a91912 1643ea8f3777833f9aa969ec3332723e44bdf45f5e853a37c71bec39e7dea74d
SERVER_HANDSHAKE_TRAFFIC_SECRET ac8d7b3988687e8eb5268bdaef15c5b60f2ccb31249a1df307653fd8a5a91912 75fbd9f2f2dacd432e7bf35556ed9f1a9e3bb105e7a27135338de43c35ba4cfc
CLIENT_TRAFFIC_SECRET_0 ac8d7b3988687e8eb5268bdaef15c5b60f2ccb31249a1df307653fd8a5a91912 41519f69cf495444e658702f57f91b53b30d8c7e7e70d21515d13d8525397ca9
SERVER_TRAFFIC_SECRET_0 ac8d7b3988687e8eb5268bdaef15c5b60f2ccb31249a1df307653fd8a5a91912 3547f1deeeea8497175f7b83f3e2337f5b42de31c13a8833110e6f3d0268bc79
EXPORTER_SECRET ac8d7b3988687e8eb5268bdaef15c5b60f2ccb31249a1df307653fd8a5a91912 68ce5585c5e8b402af61b0e5a9857312d0f570f042dd7733fca05792ef151210
CLIENT_TRAFFIC_SECRET_0 6e3db80bee74999945b9b4fdf840705aba0e492f2a4bec3c574492861b8501ee 0f4d393080c412620aeabd8a24c08eb8355aa9d66f907f808c006ce933feba48
SERVER_TRAFFIC_SECRET_0 6e3db80bee74999945b9b4fdf840705aba0e492f2a4bec3c574492861b8501ee ca44bb4ee993033884708a424d6eea5d63477a510fca7baf2849436e091f5fcc
EXPORTER_SECRET 6e3db80bee74999945b9b4fdf840705aba0e492f2a4bec3c574492861b8501ee 36b5e69519638b0282b3cc6de7e88a08ad96b81e27a5d841dc3989ecae7ffd9b
CLIENT_HANDSHAKE_TRAFFIC_SECRET 2d913fb650b32a1b1cb21b712d03cce16e2e4876b70340ddec64796f939cfd64 2d833dc060557da0bd8396a00c8cf9d1cd9d586f9be750bbd3f15c34227d791a
SERVER_HANDSHAKE_TRAFFIC_SECRET 2d913fb650b32a1b1cb21b712d03cce16e2e4876b70340ddec64796f939cfd64 6678c5de290c7293d03b18197b2376544c7ac869edca0a7685865015ff396cee
CLIENT_TRAFFIC_SECRET_0 2d913fb650b32a1b1cb21b712d03cce16e2e4876b70340ddec64796f939cfd64 df8dfedf17986e1e76502550f2f5274b06f87b38245fefbb11c2b34c53c52a64
SERVER_TRAFFIC_SECRET_0 2d913fb650b32a1b1cb21b712d03cce16e2e4876b70340ddec64796f939cfd64 3322ec21a193b2e24116177c338f9af4cbdc57dd3a63b8696833aa051c21b4c9
EXPORTER_SECRET 2d913fb650b32a1b1cb21b712d03cce16e2e4876b70340ddec64796f939cfd64 63693a4af92d57c806a46eae6e902a7fb81c90689048f666f50d20329eeda61b
CLIENT_HANDSHAKE_TRAFFIC_SECRET db3002e953a9f67688a81834af6806ec2be67dd53cea386094ea114c286a4617 f18ffd6dee44e057eb5e42a2af0982877141b20005a943e0706952b77fea2537
SERVER_HANDSHAKE_TRAFFIC_SECRET db3002e953a9f67688a81834af6806ec2be67dd53cea386094ea114c286a4617 7738c13a48ddeed155ec310f18baab4e6f106e48183328322f42d08625abbc30
CLIENT_TRAFFIC_SECRET_0 db3002e953a9f67688a81834af6806ec2be67dd53cea386094ea114c286a4617 e96979bf7e957308d06c6425dfc666b71590212dfd8e2985ffbfef9b4fc49c0d
SERVER_TRAFFIC_SECRET_0 db3002e953a9f67688a81834af6806ec2be67dd53cea386094ea114c286a4617 edaf7f2a7cfff9ecc4be4b87d2d3f10da25fd57039f697f7b9e6b5b94b4a3e76
EXPORTER_SECRET db3002e953a9f67688a81834af6806ec2be67dd53cea386094ea114c286a4617 47598176d165fa6a73a08d1f2fb3f9eaba893ab1cffafac0d75ce5fe883b8332
CLIENT_EARLY_TRAFFIC_SECRET 230caeb9f1fd5ae25d2d8adb28abff1c633d87e55a20c632ab827d9dd3e2b115 42afb635fcde697920a1ac98004a7291035305701379345d9309cd4b15e39c0e
CLIENT_HANDSHAKE_TRAFFIC_SECRET 230caeb9f1fd5ae25d2d8adb28abff1c633d87e55a20c632ab827d9dd3e2b115 7586ba836cba5855a624c4881662815b380481d1a72385a78db5d52a0fda385d
SERVER_HANDSHAKE_TRAFFIC_SECRET 230caeb9f1fd5ae25d2d8adb28abff1c633d87e55a20c632ab827d9dd3e2b115 600441f9043235121865bdc50b45f39333d22d8de3740dbdfffc771494d8b889
CLIENT_TRAFFIC_SECRET_0 230caeb9f1fd5ae25d2d8adb28abff1c633d87e55a20c632ab827d9dd3e2b115 0cc20f88efcaf4c1cdd7d019930ca13abe0ed00f661fde672307c6eb5f5ced28
SERVER_TRAFFIC_SECRET_0 230caeb9f1fd5ae25d2d8adb28abff1c633d87e55a20c632ab827d9dd3e2b115 fdcb0daa529d16a6aa18158b919cdb4972f8cf3b28ebc7492bc1800446f94b82
EXPORTER_SECRET 230caeb9f1fd5ae25d2d8adb28abff1c633d87e55a20c632ab827d9dd3e2b115 3b016c6fe110969c453c31714277955995b33541be7a0d55aa4eb00c91a885ab
CLIENT_HANDSHAKE_TRAFFIC_SECRET 020ebdb51f1979987a54617d25b841019704819b9a295071c77d37803d1c9c38 bed3cf4b88f612470d83d684aa945b39c6806a7b77452110652e1a1a186c6b67
SERVER_HANDSHAKE_TRAFFIC_SECRET 020ebdb51f1979987a54617d25b841019704819b9a295071c77d37803d1c9c38 d75bd440fb027ab86cf9d89332d642830a1efc3011d8058cc29cf626bd3a7c51
CLIENT_HANDSHAKE_TRAFFIC_SECRET b859013b86a6dd69143adef99725a40184648160f98168fdbdf6a4dc136bbb8f 82953c5b0236887c942050fd9cb4336126d5e6579d532de39752a3fad78f75552fa8e7291925dcfa2b13057691b0da97
SERVER_HANDSHAKE_TRAFFIC_SECRET b859013b86a6dd69143adef99725a40184648160f98168fdbdf6a4dc136bbb8f f807097e982f984789d42ea18a48c8be9496c671ee96c1cab057822d6200d7762d3488329897267cba3dd292e4ac11b1
CLIENT_TRAFFIC_SECRET_0 020ebdb51f1979987a54617d25b841019704819b9a295071c77d37803d1c9c38 a3cb5c69900a68fe7828cce4d337d82a603c290e3ad8ded00a9dbe7f55b9560b
SERVER_TRAFFIC_SECRET_0 020ebdb51f1979987a54617d25b841019704819b9a295071c77d37803d1c9c38 88cee06d92b23d692d2abe293db8589570551670e50aef03255c50c0b085cf90
EXPORTER_SECRET 020ebdb51f1979987a54617d25b841019704819b9a295071c77d37803d1c9c38 85c37479a9ce8749d5087b703484051264f2dea2269d952790aee81330cf99d4
CLIENT_TRAFFIC_SECRET_0 b859013b86a6dd69143adef99725a40184648160f98168fdbdf6a4dc136bbb8f 47522c1588e4f97b97b297fb39f9c532cbaeefd8528d4c388295a1f3d1d4b17bc58553f4c57fef727061d0b6c14e633c
SERVER_TRAFFIC_SECRET_0 b859013b86a6dd69143adef99725a40184648160f98168fdbdf6a4dc136bbb8f 3c79a812a7ed7c605958f1b5436279ab96f69fbfb347933254ab47662ee8ae5a45c33736ea0fc75e0651304018efbc25
EXPORTER_SECRET b859013b86a6dd69143adef99725a40184648160f98168fdbdf6a4dc136bbb8f 25248f4df46c8f722323460f226d574ab73f7448893d0a264f8f3e165d8261f7406c53aa54e4d8cd0f2169518af95c9c
CLIENT_HANDSHAKE_TRAFFIC_SECRET dce95445f263f0bd4d3fe70c05dd6d2c4dc52f01d04d8f89c8365755674dba75 c4a6c797c810df3e7fb8e1463d565d4bfa926d1d88c229454e49994a4b168bc2
SERVER_HANDSHAKE_TRAFFIC_SECRET dce95445f263f0bd4d3fe70c05dd6d2c4dc52f01d04d8f89c8365755674dba75 e065b846cc9b50b785a4802c3101da83241c08eca3730d9d9428b639e8d9d78b
CLIENT_TRAFFIC_SECRET_0 dce95445f263f0bd4d3fe70c05dd6d2c4dc52f01d04d8f89c8365755674dba75 579ba1bbaf1ae43288e0292051383c17d6e1ee61092bdc451c762a680c7bfd50
SERVER_TRAFFIC_SECRET_0 dce95445f263f0bd4d3fe70c05dd6d2c4dc52f01d04d8f89c8365755674dba75 a93a16f04aae6521bf423a8630c2c5337788cc136390577a73117a0976f52bbf
EXPORTER_SECRET dce95445f263f0bd4d3fe70c05dd6d2c4dc52f01d04d8f89c8365755674dba75 1a3ede9cc1f67fcc39f64d9fed9202ec6a75e4ada3d3448c99794ef817786358
CLIENT_HANDSHAKE_TRAFFIC_SECRET a186438e2530bae8cf4d797116023052d6d7bce2077d0b09da357c129e17d4c1 64bcfaaeab40ede63bc4311a85fdb532ec78dcbe411706d3e396907f23ca65c4
SERVER_HANDSHAKE_TRAFFIC_SECRET a186438e2530bae8cf4d797116023052d6d7bce2077d0b09da357c129e17d4c1 801732148937114cbfa4fee96f02858b1abc36650b0ed9bfba094a2865b9bb74
CLIENT_TRAFFIC_SECRET_0 a186438e2530bae8cf4d797116023052d6d7bce2077d0b09da357c129e17d4c1 882d1031cc989863d294a54076e61e33b96ba93995efb478b183b73c9aee1939
SERVER_TRAFFIC_SECRET_0 a186438e2530bae8cf4d797116023052d6d7bce2077d0b09da357c129e17d4c1 b0af6201d45da89b835c1a57e03e577c19ebe121530e684a42de9e9b8b2107e1
EXPORTER_SECRET a186438e2530bae8cf4d797116023052d6d7bce2077d0b09da357c129e17d4c1 f1cbb5f3e4aebb8d73dda784264e6573698f1557b5f54aaad588f35f5aa75bb7
CLIENT_HANDSHAKE_TRAFFIC_SECRET 390f576e52144e5bfe5fc16b0834261f1e9ccf21003ebad1251f09aa40edad9a 0ee2456787f92578d02354c7f8b856dc987ef137f15ff994fedcda1df2c252af
SERVER_HANDSHAKE_TRAFFIC_SECRET 390f576e52144e5bfe5fc16b0834261f1e9ccf21003ebad1251f09aa40edad9a 9718c7e16bba112e6ee104c67e71304d5f26cf4059c422e19f53304d1d65226b
CLIENT_TRAFFIC_SECRET_0 390f576e52144e5bfe5fc16b0834261f1e9ccf21003ebad1251f09aa40edad9a 487e2b90421e0e40784eb6778896af9c86365d41616bdd9034569f40be25563a
SERVER_TRAFFIC_SECRET_0 390f576e52144e5bfe5fc16b0834261f1e9ccf21003ebad1251f09aa40edad9a 114774f48878ad49ff98fc8d9751972fe9e0c3500fa4b5e77f9e65fee90e5ae3
EXPORTER_SECRET 390f576e52144e5bfe5fc16b0834261f1e9ccf21003ebad1251f09aa40edad9a 8d892891126c8bed56a8a9247d1ebe991007bd867a6bb2fec7bdab40570144fe
CLIENT_HANDSHAKE_TRAFFIC_SECRET a1fa8629b7d6d4791fd6d282cfc1428c762132299e5f964e3a70295f227526aa 4ef3b42041b293f118cfbe809b938181f9238e39006dfc4ffd9d3d9a01b14aec
SERVER_HANDSHAKE_TRAFFIC_SECRET a1fa8629b7d6d4791fd6d282cfc1428c762132299e5f964e3a70295f227526aa 16be04e4a7eb40ecfd708bed24caf449a380bc3d0e13497cece21263403d9545
CLIENT_TRAFFIC_SECRET_0 a1fa8629b7d6d4791fd6d282cfc1428c762132299e5f964e3a70295f227526aa 2bcac3324da447e69c9c2085e9e198f3a0b7ba642557b9580df803573035cd8c
SERVER_TRAFFIC_SECRET_0 a1fa8629b7d6d4791fd6d282cfc1428c762132299e5f964e3a70295f227526aa 76bc3c130878a6699ff60b927ec6a5186d47472672eea5be634ec37855609074
EXPORTER_SECRET a1fa8629b7d6d4791fd6d282cfc1428c762132299e5f964e3a70295f227526aa 960887f4ffd4c4ffd227bc2efc9016dad9865f49e6290e7c7e6de812056c21c8
CLIENT_HANDSHAKE_TRAFFIC_SECRET be70230533577dbec09695f8a403122308d99aedbc419e97758fda9eb9588919 6487566adab6aed18591b44bf7a7ea55f814a7d2337b38e658e631bde45c5206
SERVER_HANDSHAKE_TRAFFIC_SECRET be70230533577dbec09695f8a403122308d99aedbc419e97758fda9eb9588919 520a30c769c35ab303fc224441f1f9bcf58f04233a489f36671027480dd16298
CLIENT_TRAFFIC_SECRET_0 be70230533577dbec09695f8a403122308d99aedbc419e97758fda9eb9588919 685d82edcebcbe059c3f7c01429d795eff50faaf5f5d17b1fd228b235ae4bae4
SERVER_TRAFFIC_SECRET_0 be70230533577dbec09695f8a403122308d99aedbc419e97758fda9eb9588919 8410f119e245b5960e80b5c6517c2ec3664756b871c88a524a6427c18e3c3470
EXPORTER_SECRET be70230533577dbec09695f8a403122308d99aedbc419e97758fda9eb9588919 8db9f1b2dc3aa2561715cececfa6875e147951884c13be0e74ef7a6ad1a4e996
CLIENT_HANDSHAKE_TRAFFIC_SECRET a35e99623a7c15b73c44492e41dc539fdb344b97040073c7c77b6b431b9e0ce9 3325601f60c10c4e0e0546d929abcd76b783b94c785e9815e86259adb50b04cb
SERVER_HANDSHAKE_TRAFFIC_SECRET a35e99623a7c15b73c44492e41dc539fdb344b97040073c7c77b6b431b9e0ce9 94e9ccf70f3676e495dede095852168b5e535faa5d29655c97336a08fcf61497
CLIENT_TRAFFIC_SECRET_0 a35e99623a7c15b73c44492e41dc539fdb344b97040073c7c77b6b431b9e0ce9 33425d3bce561267640c2bc22de1ba5415300edcd203ae233655ca3adbb32f10
SERVER_TRAFFIC_SECRET_0 a35e99623a7c15b73c44492e41dc539fdb344b97040073c7c77b6b431b9e0ce9 aa730464744a055089b8cc0aba1f0007045a928a8a380a90d7f3e345b0982fc7
EXPORTER_SECRET a35e99623a7c15b73c44492e41dc539fdb344b97040073c7c77b6b431b9e0ce9 8533b2bab614157e5217e8514ccb5ee2f31457c69224524035907530d149b0a2
CLIENT_HANDSHAKE_TRAFFIC_SECRET 8345de0fa119e963afd88a45eea38d073a23d2d1270d07326d2f72af62d23722 95a84dfb55cb74cca375b2623ce1465c6acf5dca4281cb44ad7360e84f5bc92b
SERVER_HANDSHAKE_TRAFFIC_SECRET 8345de0fa119e963afd88a45eea38d073a23d2d1270d07326d2f72af62d23722 fcdbde094fd08f3e477876ae0a685af1bd1c3d785b90316adbe959e1b7b6dce2
CLIENT_TRAFFIC_SECRET_0 8345de0fa119e963afd88a45eea38d073a23d2d1270d07326d2f72af62d23722 2a48adf753ca9eb5ee857cf5dbd9e4f2837491a6dae9a8a0320cd9ff3f220560
SERVER_TRAFFIC_SECRET_0 8345de0fa119e963afd88a45eea38d073a23d2d1270d07326d2f72af62d23722 7c3ba3982f2abaf92de11a37e0c61daea8da8d9f10219ef462ff60c83ccad384
EXPORTER_SECRET 8345de0fa119e963afd88a45eea38d073a23d2d1270d07326d2f72af62d23722 1ad9663ebd36912568033fbe6fecc22243fea45cbc2cf547555afae449911999
CLIENT_HANDSHAKE_TRAFFIC_SECRET 9b685e2ec0993feb85c7e534c8fa9f450143922cd7181ad34ba91125a04d20a1 39f3e14f7a046049c7cd1b5d0bbe7ac8074d6dd4ea93484f0fee97274fbd4dd8
SERVER_HANDSHAKE_TRAFFIC_SECRET 9b685e2ec0993feb85c7e534c8fa9f450143922cd7181ad34ba91125a04d20a1 58d7725adbe4da089c99be5f822ff4379c26c4c324149bea566a3a7b50e0ce9b
CLIENT_TRAFFIC_SECRET_0 9b685e2ec0993feb85c7e534c8fa9f450143922cd7181ad34ba91125a04d20a1 c73623649a87b49bb4cc92877931bd24670ca312bce8568a6a375062b7cae42b
SERVER_TRAFFIC_SECRET_0 9b685e2ec0993feb85c7e534c8fa9f450143922cd7181ad34ba91125a04d20a1 ce6fffda9944007ac6a400db9e65b3950692d8bdc6d1c1165474c696981f77f9
EXPORTER_SECRET 9b685e2ec0993feb85c7e534c8fa9f450143922cd7181ad34ba91125a04d20a1 bf96376c3c33022cdf910cd9eab13aed73ad3452ceea249b8134d37f8a8df437
CLIENT_HANDSHAKE_TRAFFIC_SECRET 9f13271716eeccd5e0c3fa8f29b44ca659985a1dec7a1efa0201406a191ca9eb 86273d577dcbb2b21069ef49b200209781ed4d44cc7d144a22cee6b6dcdfe5e2
SERVER_HANDSHAKE_TRAFFIC_SECRET 9f13271716eeccd5e0c3fa8f29b44ca659985a1dec7a1efa0201406a191ca9eb bfdb08785c7ab74c3fcd3e5d106b8ec754359f8c64e9a21eecb07fcfd22e5c08
CLIENT_HANDSHAKE_TRAFFIC_SECRET b4dac0ddd3c56471b509cc58660a69fe99376cdb076c64a41883bba0416a424c 8ad1f2784b20f7101db077f08aa1c42772c8f2212575a74ffac6da7358f9266b
SERVER_HANDSHAKE_TRAFFIC_SECRET b4dac0ddd3c56471b509cc58660a69fe99376cdb076c64a41883bba0416a424c 8b6771dfe3397633ee3a526a86c4ced30e9e8a2f6b3e9c1ebc1cf6c74bd0d001
CLIENT_TRAFFIC_SECRET_0 9f13271716eeccd5e0c3fa8f29b44ca659985a1dec7a1efa0201406a191ca9eb 1d3c54c9523de974d42105843f323f78ab53fd779d0481a09b9013930287bb43
SERVER_TRAFFIC_SECRET_0 9f13271716eeccd5e0c3fa8f29b44ca659985a1dec7a1efa0201406a191ca9eb 6b5636b5773c7cb42b981329b6414a066aadd66dbcc90ca98af58f525bf254e4
EXPORTER_SECRET 9f13271716eeccd5e0c3fa8f29b44ca659985a1dec7a1efa0201406a191ca9eb 1a05cbbdefcce0dd7c65a4890aae79ff5a6c22493a64055b22c17a620baf99d6
CLIENT_HANDSHAKE_TRAFFIC_SECRET 8fb32144f6af9cd0d23ed51fa5f323ab3b5306391e7d789acbe003e00035cb95 56b4eb230bd88ecba9107db937573d6ba6b0bc36b48171e5297669ab7c629592
SERVER_HANDSHAKE_TRAFFIC_SECRET 8fb32144f6af9cd0d23ed51fa5f323ab3b5306391e7d789acbe003e00035cb95 9e88b79b04ed107d06d0bb1869249207d54deba77cc3576cfa2fc13be6deed1a
CLIENT_TRAFFIC_SECRET_0 8fb32144f6af9cd0d23ed51fa5f323ab3b5306391e7d789acbe003e00035cb95 63f118398b3732c14f8f8a38e32798236143d4387ea6d3e3805e1222203d87de
SERVER_TRAFFIC_SECRET_0 8fb32144f6af9cd0d23ed51fa5f323ab3b5306391e7d789acbe003e00035cb95 11b0e4e42f70802869dc2dc93dc35ca12624316962363eda9fd263509b1af3a8
EXPORTER_SECRET 8fb32144f6af9cd0d23ed51fa5f323ab3b5306391e7d789acbe003e00035cb95 7430c32b46b3ed3692923144ea99839db522f058dad98e2875acc199d25df44d
CLIENT_RANDOM fabc0201b5a480a50065d1298bb2b480bd0ffd64d4e7f75ee7d43a1a96ddd2a7 5d6f79941fed5dd73f8e8f9b375b0ce8ff6e1028e3d3a656f5113c7c4f51bab458df2b4448fcf58a7d0dd54d14c6db49
CLIENT_RANDOM 0905580b140d5ba24a9bcba24d3a4f7f778700e8a52bb05ed6160a6e6eff2adb 1eb48aae0e117b4ea0e808ab4c7b7f42fb4dc16bb12e0bc9a7a1cb0df7c84d26d1d173c2754f1ab3f4807a937f91e4c7
CLIENT_HANDSHAKE_TRAFFIC_SECRET a64e836dcd837480f5ec8effd4ad60b6d5574ab5e72cb1f10f5cbd75b430a46c 6f8c84efbd63f86e7397f1b4d91f1ac622a1d18a9e62bea6aaa79ecfde6c763a
SERVER_HANDSHAKE_TRAFFIC_SECRET a64e836dcd837480f5ec8effd4ad60b6d5574ab5e72cb1f10f5cbd75b430a46c 2bf495dd0c9c02fccfcb66d444e3a22cc0e23c55a546bf9255d0f3916bd97d33
CLIENT_TRAFFIC_SECRET_0 a64e836dcd837480f5ec8effd4ad60b6d5574ab5e72cb1f10f5cbd75b430a46c 36141bb711f2538975dbb879f644ab61e83e3525e236bd8525ccf6fcf1710155
SERVER_TRAFFIC_SECRET_0 a64e836dcd837480f5ec8effd4ad60b6d5574ab5e72cb1f10f5cbd75b430a46c b7ad198f33fcec065f58c3ff6888ddb6ffaedc7c098472a55910717262b5a385
EXPORTER_SECRET a64e836dcd837480f5ec8effd4ad60b6d5574ab5e72cb1f10f5cbd75b430a46c 8f35b9fc31a56f4173079bdfc4ab5fb5cd1533e724e27091cc0f0e3a71ea4526
CLIENT_HANDSHAKE_TRAFFIC_SECRET f44277ddd82ff4b8a7df797481533f9dad6e516b5b09906500420130fc291ae5 43332c2413b370a29c53743623d6695b9f828888a91cb6c8a1828d5e77704004
SERVER_HANDSHAKE_TRAFFIC_SECRET f44277ddd82ff4b8a7df797481533f9dad6e516b5b09906500420130fc291ae5 2668416c292e5e886759422b5af89c7293f516aedcec31c8d6e401f8b2ad2402
CLIENT_HANDSHAKE_TRAFFIC_SECRET f2753721ddf62a433d7fefe4f5590385889502adf3da19287fb881b3bd589bac 55ee0f4a28f3a7481798b0148badefff08fab54435f6580699ae12db8d0cc7f5
SERVER_HANDSHAKE_TRAFFIC_SECRET f2753721ddf62a433d7fefe4f5590385889502adf3da19287fb881b3bd589bac 2cc69ae1fab23688907294749118b954ea9b55d7f91790ff1f9a508d3ef803bd
CLIENT_TRAFFIC_SECRET_0 f44277ddd82ff4b8a7df797481533f9dad6e516b5b09906500420130fc291ae5 aa27d7499eab295f92394f71356822c757d1eb8b1ebc5256a3bcd8eadb2c67df
SERVER_TRAFFIC_SECRET_0 f44277ddd82ff4b8a7df797481533f9dad6e516b5b09906500420130fc291ae5 63970270d816f366c446b92b84dd0737eee76868cdd32b7a2ee8f352cdaf8661
EXPORTER_SECRET f44277ddd82ff4b8a7df797481533f9dad6e516b5b09906500420130fc291ae5 7f79d8790709b336453fd70e66f111dda15b41de98788960b814591f4eec97b6
CLIENT_HANDSHAKE_TRAFFIC_SECRET dcbba40f7c06b595c3c44d0a8511206b7a23d44dc1d937b4461ca06d93cc4711 a645a3d6de8d776fb5fc7de1f41dd08cd8858dac5d14373058a6744f95f4c1e4
SERVER_HANDSHAKE_TRAFFIC_SECRET dcbba40f7c06b595c3c44d0a8511206b7a23d44dc1d937b4461ca06d93cc4711 cd8e12d6fee7e3c003cafb2807b697fc001bac0392732246f22b61c48a190ebb
CLIENT_TRAFFIC_SECRET_0 f2753721ddf62a433d7fefe4f5590385889502adf3da19287fb881b3bd589bac 907e9b52bbc4bc38599c597ad12ee97573a8e367a262693ab5f468e2884229bc
SERVER_TRAFFIC_SECRET_0 f2753721ddf62a433d7fefe4f5590385889502adf3da19287fb881b3bd589bac 62b9c6b29e11e2d2ac3c8df6e0d2979c0329cb67f13f497656e15d332f8515af
EXPORTER_SECRET f2753721ddf62a433d7fefe4f5590385889502adf3da19287fb881b3bd589bac 8209e5ca3bdaef868c71d1e1f8d9968fa21c2552d14fc6b31e2b5767004ff711
CLIENT_TRAFFIC_SECRET_0 dcbba40f7c06b595c3c44d0a8511206b7a23d44dc1d937b4461ca06d93cc4711 89b44ee6ec17a0a4ccdeac7402f2faf6e8bd688d49539a2920f5a6afe59ebb60
SERVER_TRAFFIC_SECRET_0 dcbba40f7c06b595c3c44d0a8511206b7a23d44dc1d937b4461ca06d93cc4711 d2fb2c7b19935a92b210db981a819167884487d9965043a6658972c3f188069f
EXPORTER_SECRET dcbba40f7c06b595c3c44d0a8511206b7a23d44dc1d937b4461ca06d93cc4711 0e31fa9cd9a81c43b9ae73856fca45f435e22555ac656d9ddf801fd0c4d5c3fe
CLIENT_HANDSHAKE_TRAFFIC_SECRET a039758f5b9a1240dcadacd6b8da9a42e8f3fdba0978ff4e3fc076c517667c17 bb7dd15e3b8e4a508d6ac486b753e865b73434d70974ab0d4dd150427e449c2b
SERVER_HANDSHAKE_TRAFFIC_SECRET a039758f5b9a1240dcadacd6b8da9a42e8f3fdba0978ff4e3fc076c517667c17 7891c249656688738a2a2fa22f60c618b0288ecc303e68cc63a0bb494981c0e6
CLIENT_TRAFFIC_SECRET_0 a039758f5b9a1240dcadacd6b8da9a42e8f3fdba0978ff4e3fc076c517667c17 aa0dba4ebd2b0eca0336753aefbe49c082d8c031bbc77b8eee66e6b85ce181d3
SERVER_TRAFFIC_SECRET_0 a039758f5b9a1240dcadacd6b8da9a42e8f3fdba0978ff4e3fc076c517667c17 2a7704e829de6741fd6c20e0412804291a9bf95b7e9f027c73d578904d40052a
EXPORTER_SECRET a039758f5b9a1240dcadacd6b8da9a42e8f3fdba0978ff4e3fc076c517667c17 1174e90f8b23d6b1082184ffabb8352f89174b3d2e25d03c5019e7d2cc814d57
CLIENT_HANDSHAKE_TRAFFIC_SECRET 3366c7f8ce31679629a75c359680437a4d8fc092c0ed33f3c8be7cc7d495f6c0 013fb1b533ac12e29c95aded5078596f045df860141a99b809d5f68858b372ae
SERVER_HANDSHAKE_TRAFFIC_SECRET 3366c7f8ce31679629a75c359680437a4d8fc092c0ed33f3c8be7cc7d495f6c0 d600a59bfc9d516b3eb6fe408952fe4ec22c16d3c40cc74e93a5590209f494a6
CLIENT_TRAFFIC_SECRET_0 3366c7f8ce31679629a75c359680437a4d8fc092c0ed33f3c8be7cc7d495f6c0 a34ed324140828f715cace2ef276dbc5dbdfcb7c14406fcb062f737a464e6a3c
SERVER_TRAFFIC_SECRET_0 3366c7f8ce31679629a75c359680437a4d8fc092c0ed33f3c8be7cc7d495f6c0 b35b8c8f0e807a8f26675a71bd85f49a3367e8320c63b1a160c35cfc0665b870
EXPORTER_SECRET 3366c7f8ce31679629a75c359680437a4d8fc092c0ed33f3c8be7cc7d495f6c0 1f68245ae16682b310ca323619c72e9fe41bd812152d57d2fce2b11fd9189f37
CLIENT_HANDSHAKE_TRAFFIC_SECRET 5269a806012afc2ceccbd87cb3f370bb718b2ce2e558330c82feb6878e511ed4 ab41686487c126b7c3004bfe3391b2b0ee5ec1609d900750399d5ec610724c03
SERVER_HANDSHAKE_TRAFFIC_SECRET 5269a806012afc2ceccbd87cb3f370bb718b2ce2e558330c82feb6878e511ed4 68d35c0040327527e2e707e94d3ffe28f4c72027877fd756078142d11d196c89
CLIENT_TRAFFIC_SECRET_0 5269a806012afc2ceccbd87cb3f370bb718b2ce2e558330c82feb6878e511ed4 7469327b7b369b70dcbd8c096c11d208f57f36c7a6ac1f980a15aa2182e86722
SERVER_TRAFFIC_SECRET_0 5269a806012afc2ceccbd87cb3f370bb718b2ce2e558330c82feb6878e511ed4 673126e50921cfd6c6e9179f4c57cae33824f8dabd1dfd05263be66d66094ff0
EXPORTER_SECRET 5269a806012afc2ceccbd87cb3f370bb718b2ce2e558330c82feb6878e511ed4 d1521117df78a34e563b169c3face4ec799ba11705ed038bb9a0f9182d7662a9
CLIENT_HANDSHAKE_TRAFFIC_SECRET d5f1b0be3b829af4225cb72002e561ea132c172a6a86dd1c0d928dadde25f0b7 3e1703569636a5f3b47c1e5339f12e788cd40553a195c07383d676b9edf8ce46
SERVER_HANDSHAKE_TRAFFIC_SECRET d5f1b0be3b829af4225cb72002e561ea132c172a6a86dd1c0d928dadde25f0b7 940e98fc42d6c3561c4c88333e7132d339c8f9537120d37e883e17cd0833ca73
CLIENT_TRAFFIC_SECRET_0 d5f1b0be3b829af4225cb72002e561ea132c172a6a86dd1c0d928dadde25f0b7 2dc2d108765ae81d41c82f95f0f91881446b142c740120241677a83feb97ea68
SERVER_TRAFFIC_SECRET_0 d5f1b0be3b829af4225cb72002e561ea132c172a6a86dd1c0d928dadde25f0b7 77109fdfe51d0169675de845afe3a88c759c5ac66c8e68859f529752ef9aeb8b
EXPORTER_SECRET d5f1b0be3b829af4225cb72002e561ea132c172a6a86dd1c0d928dadde25f0b7 7a68b74abd1434779520481be8e744a0f5d6473963eaa6468ea2b20c9a3eca5d
CLIENT_HANDSHAKE_TRAFFIC_SECRET 12a9c754dfe3bb3a39f757b82ec65fd4e756c4271bad277f9f79130a5fe02249 a755b8a049b2c39e8302cf9bc3845ab57b0277aa59a3e141a34a1518c72e77b0
SERVER_HANDSHAKE_TRAFFIC_SECRET 12a9c754dfe3bb3a39f757b82ec65fd4e756c4271bad277f9f79130a5fe02249 d1cf7beab3a60357c8e9ec4cd5e8c6c866a724198667553d2068ea49f9132e85
CLIENT_TRAFFIC_SECRET_0 12a9c754dfe3bb3a39f757b82ec65fd4e756c4271bad277f9f79130a5fe02249 1b725aafad214234dd786140c772f9b314a9b10ba12c3d867115db3cb8136f0b
SERVER_TRAFFIC_SECRET_0 12a9c754dfe3bb3a39f757b82ec65fd4e756c4271bad277f9f79130a5fe02249 2f4f2479865ba8f08e29da288edb8da6b018976999e935a4594304e359b7a570
EXPORTER_SECRET 12a9c754dfe3bb3a39f757b82ec65fd4e756c4271bad277f9f79130a5fe02249 379a958e40a8593d76babf57033855e5b9586fa12b79c055ba075f79d73ad4c3
CLIENT_HANDSHAKE_TRAFFIC_SECRET 0635327e09a504b86778d73c7222588f5d1da1dbe2126e6be524598f91069efa 5df88dbde12a82830240ed5d6c9708472dfa2f764c7934c60bb2ef7462405d8e
SERVER_HANDSHAKE_TRAFFIC_SECRET 0635327e09a504b86778d73c7222588f5d1da1dbe2126e6be524598f91069efa 413ea3ecbb3107968237627aecf4dab353ae804d8174371820bfdbf83c5b5fe1
CLIENT_TRAFFIC_SECRET_0 0635327e09a504b86778d73c7222588f5d1da1dbe2126e6be524598f91069efa 39288962776bd747135eb65c39c851c64923ca2d97278c93ff5afdac049e528d
SERVER_TRAFFIC_SECRET_0 0635327e09a504b86778d73c7222588f5d1da1dbe2126e6be524598f91069efa 87243d450ae781454a2a3f42a143507c35f18dd21a8c38e76af15249a5759d8a
EXPORTER_SECRET 0635327e09a504b86778d73c7222588f5d1da1dbe2126e6be524598f91069efa c13bffb26af7a3a52e1d088126659376da39411348c9dc7c02dda725f565fc63
CLIENT_HANDSHAKE_TRAFFIC_SECRET 656f98aab295bd95175163b2c73b79675c18c7717e3f741454a2febe1c20c52a 1393cd5ccbafee4f6a0ecd6527e56640d08cb64fb7ea922b98e8cd457fc93f76
SERVER_HANDSHAKE_TRAFFIC_SECRET 656f98aab295bd95175163b2c73b79675c18c7717e3f741454a2febe1c20c52a 3e5369ec00ce28a8c13be526981a35ad4fbbefe00a97ecbddd2ec12c53339daa
CLIENT_TRAFFIC_SECRET_0 656f98aab295bd95175163b2c73b79675c18c7717e3f741454a2febe1c20c52a 39e1ddcbeef08a0968fa5a056d1b5f76659d4343a4ebdcd23c8b0235620b4a45
SERVER_TRAFFIC_SECRET_0 656f98aab295bd95175163b2c73b79675c18c7717e3f741454a2febe1c20c52a ce02c9157b3c3f0b4beb71998f3ff46890d01c660c6cf3bebfd5bdbef8a20bcc
EXPORTER_SECRET 656f98aab295bd95175163b2c73b79675c18c7717e3f741454a2febe1c20c52a 5b5a1884ae160f71fb20aefa7d62fae93968ca5e732b33f10e26bc9f23da66a6
CLIENT_HANDSHAKE_TRAFFIC_SECRET 97aca77973e4ecb0295985c5bd90719479690e8947f90f0dd600cfa6de1473e1 150caefc09003599278faca26b6eb9681bd014602fc752c66326d1b83f90918e
SERVER_HANDSHAKE_TRAFFIC_SECRET 97aca77973e4ecb0295985c5bd90719479690e8947f90f0dd600cfa6de1473e1 0e6ebbcb688a9998371163972bc1c698e45f9af55ac9bc96a10a0da266f55e90
CLIENT_HANDSHAKE_TRAFFIC_SECRET 50648aee15520a8d2fae23dc4520bbd54d0c18667a07abc18a29c7ea61e2d66c 0fb8696562165cab73acc476b030bbd247dac4fd32c67d1fb6324865608ce17c
SERVER_HANDSHAKE_TRAFFIC_SECRET 50648aee15520a8d2fae23dc4520bbd54d0c18667a07abc18a29c7ea61e2d66c f6b08bb8c95ee27e0c50f65ae7d22de9883b2e00f61030c276db338fa469cba3
CLIENT_HANDSHAKE_TRAFFIC_SECRET b52a022a957a66146ede8b095f552c5610821b923c0c03d243aab76afa5a765f 8d8ce41231acce35529a7982aacfd947133929ecea9f3cf3c78a0eb1a4ca9d96
SERVER_HANDSHAKE_TRAFFIC_SECRET b52a022a957a66146ede8b095f552c5610821b923c0c03d243aab76afa5a765f ae4e94405e042e972eb9d9117168949c0892362f0f8a1cb748e4ba3e57c203d3
CLIENT_TRAFFIC_SECRET_0 97aca77973e4ecb0295985c5bd90719479690e8947f90f0dd600cfa6de1473e1 37907ed2be48a818fef3d503eacf145a0b5be954d996539e87d60634f5196f2a
SERVER_TRAFFIC_SECRET_0 97aca77973e4ecb0295985c5bd90719479690e8947f90f0dd600cfa6de1473e1 2855b0d99f2493550d6480fbb6bf3583e30f14f069e2188f371c7b8fb37e5e97
EXPORTER_SECRET 97aca77973e4ecb0295985c5bd90719479690e8947f90f0dd600cfa6de1473e1 efe9154ed9a806d5f3850ac7d0c466b81692bc7ff8b15587f021bbcc0f898990
CLIENT_TRAFFIC_SECRET_0 50648aee15520a8d2fae23dc4520bbd54d0c18667a07abc18a29c7ea61e2d66c e4218c0d210ad76f4053642dc8c73af4614a5a2d96a6759e9d430f542aee7d75
SERVER_TRAFFIC_SECRET_0 50648aee15520a8d2fae23dc4520bbd54d0c18667a07abc18a29c7ea61e2d66c 5c4c72e710e6149b1c697c169bd69b27656f1c6e5e229b6609540656ec3726d7
EXPORTER_SECRET 50648aee15520a8d2fae23dc4520bbd54d0c18667a07abc18a29c7ea61e2d66c 66b23cbda10aa137f88249fe7686bb593f9bcc2b52a0ae3107ca621ab7b376d5
CLIENT_TRAFFIC_SECRET_0 b52a022a957a66146ede8b095f552c5610821b923c0c03d243aab76afa5a765f 535f6bd8001533acc1fe439579aedb71a344bfb57a379b9db08ccff42e419eb7
SERVER_TRAFFIC_SECRET_0 b52a022a957a66146ede8b095f552c5610821b923c0c03d243aab76afa5a765f 50bf1e32255c44dcf44900837bdce272060ac9733fc9e97ac7fa3010cbb31c96
EXPORTER_SECRET b52a022a957a66146ede8b095f552c5610821b923c0c03d243aab76afa5a765f 4d624bb62e0d10c0b793d5016353ff8d659f3b1dcc7c8c3a5e9297a190102db4
CLIENT_HANDSHAKE_TRAFFIC_SECRET 6a7047b89673fa6466aeab8a2e4fec0d20b3f468245453b9945033aad4763dc5 8c3728109a9b3551c0fad3b15f5d62e7471dd7e6fe64fd8b3279e0ee22cabeaa
SERVER_HANDSHAKE_TRAFFIC_SECRET 6a7047b89673fa6466aeab8a2e4fec0d20b3f468245453b9945033aad4763dc5 b0690cbefcb060e595ba12da0ed2bb27e56ae4dbd12b8e4fed5cbe4a7718cde7
CLIENT_HANDSHAKE_TRAFFIC_SECRET 265eaaa44ad79b1b9255ecdfb99c84301639e7e3ed5014912dd4e2297ce5850c 5ca4168a2c462223333fe28c4ce4bc086e33c42e4d06fe359f00aeac364ab90bf4ebfae0c1c4d88242b9c7c0f9933e2d
SERVER_HANDSHAKE_TRAFFIC_SECRET 265eaaa44ad79b1b9255ecdfb99c84301639e7e3ed5014912dd4e2297ce5850c 3f369c2baa5a295769704c16f35141f45eb988b34c216d4d895050d191fddfede3f9baf6262322e132f9a4a92e8d4f97
CLIENT_TRAFFIC_SECRET_0 6a7047b89673fa6466aeab8a2e4fec0d20b3f468245453b9945033aad4763dc5 9b632fb6fd619207d4d34fb4155a0f892b8aca308300c703b8dd5a2ab1591b99
SERVER_TRAFFIC_SECRET_0 6a7047b89673fa6466aeab8a2e4fec0d20b3f468245453b9945033aad4763dc5 ba71dd34be274d75d1d36c7d12ea0119e1350705b58ace44b978e09bb7809171
EXPORTER_SECRET 6a7047b89673fa6466aeab8a2e4fec0d20b3f468245453b9945033aad4763dc5 a23600630060b57570d09dc5b7dd301805294fc7aa1cc393fb66bf01e04ee7b3
CLIENT_TRAFFIC_SECRET_0 265eaaa44ad79b1b9255ecdfb99c84301639e7e3ed5014912dd4e2297ce5850c 4f7cd875351bd29e3de1416cc522622ef7872994caabf0dac0999551cbf34b25cce3874d656446b5fe3a67321c22ad72
SERVER_TRAFFIC_SECRET_0 265eaaa44ad79b1b9255ecdfb99c84301639e7e3ed5014912dd4e2297ce5850c 52550111cf4980143c92a74282a9ad597d15df85d6deb0dd03f3d0dda89ab5fd1f5e809e65b9f47882482ca4f44cb8ba
EXPORTER_SECRET 265eaaa44ad79b1b9255ecdfb99c84301639e7e3ed5014912dd4e2297ce5850c c8a9bbc4ee5ade733de31b8892a936eee5c963185415652182405c80e4c2aa58fad788ed91a2a137b74016a06ca3f413
CLIENT_HANDSHAKE_TRAFFIC_SECRET 2c2fb1277892a92ad993ecd0da88b8b879723c19695dbee76a5b7575a6958968 b2f1601312e5f540d156c9a0d957d1a0912ac4523e7f94e242b8ba39c3044834
SERVER_HANDSHAKE_TRAFFIC_SECRET 2c2fb1277892a92ad993ecd0da88b8b879723c19695dbee76a5b7575a6958968 69b311a39b9b82486a3b0265a1ce9ff5302568dad52146ccd30e160da23d97a6
CLIENT_HANDSHAKE_TRAFFIC_SECRET 74f3df3641a838079830a71ad00c0e42e06f3289943ae67363900fca89e1552b 80077cbc1290767b56bb2f62a38f8607c7c52f293380210f9276636ccd8e5266
SERVER_HANDSHAKE_TRAFFIC_SECRET 74f3df3641a838079830a71ad00c0e42e06f3289943ae67363900fca89e1552b e17a25fa1e2677a0b2e257faa20aa98807e37ed856010f0879b33ea12afa629b
CLIENT_HANDSHAKE_TRAFFIC_SECRET 0b2855769bdb0cf9fd702c6b7f38a04ec2c65573bf4739b3c59d5133535ce0a1 7dfa298d69fe32989e09d9a574d24b3a860c6fbb1e850e203702d8ae4ef9697d
SERVER_HANDSHAKE_TRAFFIC_SECRET 0b2855769bdb0cf9fd702c6b7f38a04ec2c65573bf4739b3c59d5133535ce0a1 74bd371e2a5bef6762b2a5022e178637e167e2f606b432eb2296c517cd76997d
CLIENT_TRAFFIC_SECRET_0 2c2fb1277892a92ad993ecd0da88b8b879723c19695dbee76a5b7575a6958968 934135a0cbb927aede9ede66da8cd3945f6aca15cbdb5af3332b5767c67fe149
SERVER_TRAFFIC_SECRET_0 2c2fb1277892a92ad993ecd0da88b8b879723c19695dbee76a5b7575a6958968 d81c37d0c66ff5a6894c3be97a981d9d72df19598cbdb8ebb58c8c6d3a440e11
EXPORTER_SECRET 2c2fb1277892a92ad993ecd0da88b8b879723c19695dbee76a5b7575a6958968 ef1b3694b4d834ddcca8918247edb82b5163dbf12a193c8f493bbf23a6174463
CLIENT_TRAFFIC_SECRET_0 74f3df3641a838079830a71ad00c0e42e06f3289943ae67363900fca89e1552b 890e9066db575277c6e56619399a2264a579983c056ce0d9d8d7a2c26ed3f3fa
SERVER_TRAFFIC_SECRET_0 74f3df3641a838079830a71ad00c0e42e06f3289943ae67363900fca89e1552b 3767ef0419285ec0217b7979d72c48f37e14f94d77a28846b4e8b411e6ae265c
EXPORTER_SECRET 74f3df3641a838079830a71ad00c0e42e06f3289943ae67363900fca89e1552b 3924176c986631475db6b76ef8d9fc0aaef4ad3bf865ddd022d5fd8674fd6bef
CLIENT_TRAFFIC_SECRET_0 0b2855769bdb0cf9fd702c6b7f38a04ec2c65573bf4739b3c59d5133535ce0a1 18f68867f465269df479e624b939c01cec19fb20cf7b178bb2535eaa7a3b8d57
SERVER_TRAFFIC_SECRET_0 0b2855769bdb0cf9fd702c6b7f38a04ec2c65573bf4739b3c59d5133535ce0a1 a6a76d0101b58364be91166d28ee3f32e5df8e0f7d0c73eb516049921f643133
EXPORTER_SECRET 0b2855769bdb0cf9fd702c6b7f38a04ec2c65573bf4739b3c59d5133535ce0a1 94b8414114c0e4778932e79af054a4441670c421a1cd95cb09422f1065077ebd
CLIENT_HANDSHAKE_TRAFFIC_SECRET e43134e8fafdd3df73353be65d93408ddae8e988fb052bb5427611c5bb4e15b6 3e1936fc01d255bd613538cf4d8474b2f1cfdb9adaa7f6e235b1cce426626f7d
SERVER_HANDSHAKE_TRAFFIC_SECRET e43134e8fafdd3df73353be65d93408ddae8e988fb052bb5427611c5bb4e15b6 eec5bc7a66d6f209f452462bb71d823b406f609f2f34a5af60378a2d8b598f77
CLIENT_TRAFFIC_SECRET_0 e43134e8fafdd3df73353be65d93408ddae8e988fb052bb5427611c5bb4e15b6 ef0c0c125056edc0c25b0dac030e1cab8f6b73f4a3df99751b99a6cd0389ab09
SERVER_TRAFFIC_SECRET_0 e43134e8fafdd3df73353be65d93408ddae8e988fb052bb5427611c5bb4e15b6 20767dcb16f2663646b265156be18090755f8096a906de79ac55af9db3146d21
EXPORTER_SECRET e43134e8fafdd3df73353be65d93408ddae8e988fb052bb5427611c5bb4e15b6 a1821ecd0a24c962c8815614dde58aace9a9ced325f7a30039d806d09fd8e806
CLIENT_HANDSHAKE_TRAFFIC_SECRET 8c31a3657360d976c1ab21b97ec311a49ac8eba267379d49bae94176958e0f1c 19f23cbc1cc112e36ecd40e54c42cbff3547502769ca30a5ee1127bc30ab6456
SERVER_HANDSHAKE_TRAFFIC_SECRET 8c31a3657360d976c1ab21b97ec311a49ac8eba267379d49bae94176958e0f1c 0fc28907bfe55347ff673893717be90991a1f5d7456a13a9fa4f06c3066e73de
CLIENT_TRAFFIC_SECRET_0 8c31a3657360d976c1ab21b97ec311a49ac8eba267379d49bae94176958e0f1c 4cbd74e29cfcd7e8ba607aba6bdf1b1d941fc9d75f648293046691325a3545e7
SERVER_TRAFFIC_SECRET_0 8c31a3657360d976c1ab21b97ec311a49ac8eba267379d49bae94176958e0f1c 7dc42a1ea360245ee694240f61a7dc994121a3396fded80a041ef7cb3d242b9a
EXPORTER_SECRET 8c31a3657360d976c1ab21b97ec311a49ac8eba267379d49bae94176958e0f1c d5905e053b63b693538f631e841ec8661803369ffc42cf86b9a4d50b5fa83d7f
CLIENT_HANDSHAKE_TRAFFIC_SECRET 7eceb7526fc9754ef1fa1636abc6470b2ddcfffd6cb1253504ace59ea2b55b65 7a2d9946bc20f713406956c8cd6f083a4ca679b27a462361b31eab6e78c98fa9
SERVER_HANDSHAKE_TRAFFIC_SECRET 7eceb7526fc9754ef1fa1636abc6470b2ddcfffd6cb1253504ace59ea2b55b65 476eb7a5c12eaf4b874d63ac83bf2efc585061a1d03e4e4778e8af24cde5d040
CLIENT_HANDSHAKE_TRAFFIC_SECRET 2cb2c42d8a5b516d93654c6bc74eefb8f3b2a1dfeb2e8d96be07918836de3ea1 4bc76d794fd2411278a7abb783c30ba91536f15990f9ea0fc0ae5dc7a88d30c0
SERVER_HANDSHAKE_TRAFFIC_SECRET 2cb2c42d8a5b516d93654c6bc74eefb8f3b2a1dfeb2e8d96be07918836de3ea1 4b24bce0dccc6820ce6092c79796ab2016fac3e18c477ef9b83f7273869a93f9
CLIENT_TRAFFIC_SECRET_0 7eceb7526fc9754ef1fa1636abc6470b2ddcfffd6cb1253504ace59ea2b55b65 e12e122de4466c965e30d9101311cfe6aa204f8fc02626b727062695f03faa5a
SERVER_TRAFFIC_SECRET_0 7eceb7526fc9754ef1fa1636abc6470b2ddcfffd6cb1253504ace59ea2b55b65 53c0248a5d9b59c00e16648de17d196c0b7f51b706865785eab6820f506a587c
EXPORTER_SECRET 7eceb7526fc9754ef1fa1636abc6470b2ddcfffd6cb1253504ace59ea2b55b65 13a5e86543d8c90fbb7eabf31f0cf1ebefeb6b6ebac96c8fc725848720e240f0
CLIENT_TRAFFIC_SECRET_0 2cb2c42d8a5b516d93654c6bc74eefb8f3b2a1dfeb2e8d96be07918836de3ea1 43c6ab5c0c7c58aca4ee19df7df6f59a3048da0e0607a396e7d4c262c57155fd
SERVER_TRAFFIC_SECRET_0 2cb2c42d8a5b516d93654c6bc74eefb8f3b2a1dfeb2e8d96be07918836de3ea1 9493b1440e82a2c6e3676c71d7108c66ed1757f5c6ef54c2c75d21a39b749e3c
EXPORTER_SECRET 2cb2c42d8a5b516d93654c6bc74eefb8f3b2a1dfeb2e8d96be07918836de3ea1 908a1d620082695e902b8c817c2aceb60f23d76d14734daff4946dc99d0e81ec
CLIENT_HANDSHAKE_TRAFFIC_SECRET 1c54e693a1e1fa328807ff48c3e8899e52d5f366988be344cd85b62b3730a0df 904ae2f16855f7145fabcccc2856d2851d7c5e4a5105df458e54487ded1f8bd4
SERVER_HANDSHAKE_TRAFFIC_SECRET 1c54e693a1e1fa328807ff48c3e8899e52d5f366988be344cd85b62b3730a0df 42ff5c8abb51dd5d0adb32463d5148ef73327318a61846609244751307334894
CLIENT_TRAFFIC_SECRET_0 1c54e693a1e1fa328807ff48c3e8899e52d5f366988be344cd85b62b3730a0df ff71e382b65974c987bfeeb6f40c0fa31797db02a99e7a2903c3f71d97d5c659
SERVER_TRAFFIC_SECRET_0 1c54e693a1e1fa328807ff48c3e8899e52d5f366988be344cd85b62b3730a0df e037b62ec9c1f2db1a0936138d81604c2805f2f453061aab9cb3a889f696a8f9
EXPORTER_SECRET 1c54e693a1e1fa328807ff48c3e8899e52d5f366988be344cd85b62b3730a0df a0f35413f14012ac2bf1104b5c3eca8ceab25790426ec75aefc586cca418d556
CLIENT_HANDSHAKE_TRAFFIC_SECRET 1de0e078f8ae6193bb27ac1341d42f3b46a944c165806f59efd526c196dab3ab 87fb258c5d7e1f1b7526aca684a601a21be68d6c9a2ee39e4b62fe1408ee582d
SERVER_HANDSHAKE_TRAFFIC_SECRET 1de0e078f8ae6193bb27ac1341d42f3b46a944c165806f59efd526c196dab3ab 9a37204d556b744a5835c755808b7e3890337e7e7c4ecbb190321cd0b36f3e03
CLIENT_TRAFFIC_SECRET_0 1de0e078f8ae6193bb27ac1341d42f3b46a944c165806f59efd526c196dab3ab 28c10ba7cca20ecbe4142145bf4f98e6fc6643a7411f9f815eb0acc072e69ec8
SERVER_TRAFFIC_SECRET_0 1de0e078f8ae6193bb27ac1341d42f3b46a944c165806f59efd526c196dab3ab 3abcf1666f794c80f57030e4df7903e89399cbc67d5a49655746a553d108ce5b
EXPORTER_SECRET 1de0e078f8ae6193bb27ac1341d42f3b46a944c165806f59efd526c196dab3ab 2dcd5ba8506ddd3913a34199c7731d8cb7ed10f919e70e7cf9a4ffa0ffe2ffe6
CLIENT_HANDSHAKE_TRAFFIC_SECRET 200c5dcf09b5f0a7a0ea356afe16ecbaa4b78d792fce4aedb191412b0da30984 fb5a97580614a60cb0297c20e9a40b40eb277211ca2a2edbeeb90890f72326ae
SERVER_HANDSHAKE_TRAFFIC_SECRET 200c5dcf09b5f0a7a0ea356afe16ecbaa4b78d792fce4aedb191412b0da30984 8cdc3da917223a26a06db1203d853f117bdd79fc61c630dae88b4cb8b42f0ec8
CLIENT_TRAFFIC_SECRET_0 200c5dcf09b5f0a7a0ea356afe16ecbaa4b78d792fce4aedb191412b0da30984 1d569ec87f885baee38dae468cdc2be5a275d588375af651d980970b01d6590d
SERVER_TRAFFIC_SECRET_0 200c5dcf09b5f0a7a0ea356afe16ecbaa4b78d792fce4aedb191412b0da30984 9f23507f76153f9798b17d8c5637ca8f585258a3b3d96f7377869b80caa734cd
EXPORTER_SECRET 200c5dcf09b5f0a7a0ea356afe16ecbaa4b78d792fce4aedb191412b0da30984 2b9aea41a7a05c91a70ff6c63fd46575d150fdb37919b8a8799e072f94bae453
CLIENT_HANDSHAKE_TRAFFIC_SECRET 0e005ce4514f6f32a8a44a745af2157ccab732a29b74a8bd3374e714f322a57d c7cf6f04ddea795c13526310ac4005561d0b1316b17617ace62b17b35da90929
SERVER_HANDSHAKE_TRAFFIC_SECRET 0e005ce4514f6f32a8a44a745af2157ccab732a29b74a8bd3374e714f322a57d 338d2e97e2d646c42e6c49eb980dede48840b1d17e4c8fe84118a6695b06a779
CLIENT_HANDSHAKE_TRAFFIC_SECRET 725716f15a4d49eca3e1ae93843ab86ceaa34e4ca2eb47ea2e9d3d33117f0680 cc9ba2d1f588306e1b2a0496d2be818fe9b36548f8aa52848b3a6e9041f59b04
SERVER_HANDSHAKE_TRAFFIC_SECRET 725716f15a4d49eca3e1ae93843ab86ceaa34e4ca2eb47ea2e9d3d33117f0680 2cd1b6c39911a38e2185a1878fd204687084495e2b1cac7973088d985396e5ed
CLIENT_TRAFFIC_SECRET_0 0e005ce4514f6f32a8a44a745af2157ccab732a29b74a8bd3374e714f322a57d 48f7fea789449500965f18507cfc5b859b6f5e08d7fffc31bc3dc8d2f305ea9d
SERVER_TRAFFIC_SECRET_0 0e005ce4514f6f32a8a44a745af2157ccab732a29b74a8bd3374e714f322a57d 771d866f61debd4443e2795dff969d5c3dff1263c4bc8e880f760cb39f0c64c9
EXPORTER_SECRET 0e005ce4514f6f32a8a44a745af2157ccab732a29b74a8bd3374e714f322a57d f88968934af3f77243772b4f9f95d93b57105bbc4bf3631ac59a09196f0cab4d
CLIENT_TRAFFIC_SECRET_0 725716f15a4d49eca3e1ae93843ab86ceaa34e4ca2eb47ea2e9d3d33117f0680 fb9c8f8d6379521a18e4dd334d8c7b447d93b34689ed1f6c06763e643ef05309
SERVER_TRAFFIC_SECRET_0 725716f15a4d49eca3e1ae93843ab86ceaa34e4ca2eb47ea2e9d3d33117f0680 43c5f2e566d0dd13619aff082fd23e8a50b520e1ccacd12ce057a8ea8adedf0c
EXPORTER_SECRET 725716f15a4d49eca3e1ae93843ab86ceaa34e4ca2eb47ea2e9d3d33117f0680 9189b3472978139af38d7dbd21d2e3478925805dcf8c994034a2a3725d58fd4d
CLIENT_EARLY_TRAFFIC_SECRET 96b4aa33676c77d599c850d3de8735289f17e7b2b724845008023a79a1f15b26 d9773e8f4915d58f87d002d5c4272ae74702460bc512db7d950f5dd7b149ddb2
CLIENT_HANDSHAKE_TRAFFIC_SECRET 3cd2ba28e3708465d467f0f03e0d0d62f67e4017bd8f613cc7bb6bc03d3cd16b 094db1b2d01467cb778d79ff91659fc8fb386042382d5d8c1cf8714f8c096d47
SERVER_HANDSHAKE_TRAFFIC_SECRET 3cd2ba28e3708465d467f0f03e0d0d62f67e4017bd8f613cc7bb6bc03d3cd16b 16fb275678ee310cedf0f9e288a05065e035deda39dd2d182f81d811983ad32d
CLIENT_TRAFFIC_SECRET_0 3cd2ba28e3708465d467f0f03e0d0d62f67e4017bd8f613cc7bb6bc03d3cd16b b0a6128e30fcb836c0dba69062bccd72598581ce8fc6be09867895a6bdd8d24e
SERVER_TRAFFIC_SECRET_0 3cd2ba28e3708465d467f0f03e0d0d62f67e4017bd8f613cc7bb6bc03d3cd16b ba2f1fbb87b3fba0fa2daca2aa292a316abd511c1adb8bcb79b76d3dc3eb449f
EXPORTER_SECRET 3cd2ba28e3708465d467f0f03e0d0d62f67e4017bd8f613cc7bb6bc03d3cd16b 54308ac1d81ecc96a36f51b5ce7017aeae2931d133f76b7cd2a78e338027b0f3
CLIENT_HANDSHAKE_TRAFFIC_SECRET 96b4aa33676c77d599c850d3de8735289f17e7b2b724845008023a79a1f15b26 0bcf60d8f664b77fca59c30e1bfd039c61813d5f3ae52485c07c1e3727d596df
SERVER_HANDSHAKE_TRAFFIC_SECRET 96b4aa33676c77d599c850d3de8735289f17e7b2b724845008023a79a1f15b26 27eb03e4caed2225b073e0df98ab46fe2c27b7999c10e0de93f33575427fda87
CLIENT_TRAFFIC_SECRET_0 96b4aa33676c77d599c850d3de8735289f17e7b2b724845008023a79a1f15b26 0a070085dd843eea4c2e9fd1950f276495ab79d3c9571119716ae89ce1d2b8d7
SERVER_TRAFFIC_SECRET_0 96b4aa33676c77d599c850d3de8735289f17e7b2b724845008023a79a1f15b26 72d1591c1c1ab822410adcff7e2edaa1a133bfaa2f613e2e67908043eb203225
EXPORTER_SECRET 96b4aa33676c77d599c850d3de8735289f17e7b2b724845008023a79a1f15b26 ec02f423f405c9016c79f0a422195f7172e9e03881d9b6d7dd49321f3fc896dd
CLIENT_HANDSHAKE_TRAFFIC_SECRET 9cf62022ebec7c5337808e7edbfbe4870fef70aeb48d43b31e206925896be9b1 5e34bb76c949d7b2469cf206f7b6a08b338569c788de9f927f8aeec4222ecae3
SERVER_HANDSHAKE_TRAFFIC_SECRET 9cf62022ebec7c5337808e7edbfbe4870fef70aeb48d43b31e206925896be9b1 1d78f8970fc068bb4704f535e9b86e4945577d2925e486c55d12eb2c5628077a
CLIENT_TRAFFIC_SECRET_0 9cf62022ebec7c5337808e7edbfbe4870fef70aeb48d43b31e206925896be9b1 a1f561f80f57013b4a20ce9fb769ac12ba4c6d9ee0035098bbc0b7e952ffa2ae
SERVER_TRAFFIC_SECRET_0 9cf62022ebec7c5337808e7edbfbe4870fef70aeb48d43b31e206925896be9b1 6df8f2eab6551f73fbf6a005f6b59050016caa2bc65541a4718453385335bc1c
EXPORTER_SECRET 9cf62022ebec7c5337808e7edbfbe4870fef70aeb48d43b31e206925896be9b1 e7073d5e09487d664b3480b5e7f55434953fe28791060dadf64c10f12c437363
CLIENT_HANDSHAKE_TRAFFIC_SECRET d8a7c5d2ba47750dbd7ab1abfa6f9838e229156a965f2a89a847c5ecf3708512 7b89433664258343f5bb45c0c4e852c1e7599a5b0e8c1d770665ca2439762b16
SERVER_HANDSHAKE_TRAFFIC_SECRET d8a7c5d2ba47750dbd7ab1abfa6f9838e229156a965f2a89a847c5ecf3708512 b9755daa351709c49c50c152b695796094faf7dec86c117ca618cd484345f121
CLIENT_TRAFFIC_SECRET_0 d8a7c5d2ba47750dbd7ab1abfa6f9838e229156a965f2a89a847c5ecf3708512 b0f0c6cee5642f5d5eb049eec2adcc492df3d67b14ca82ad4a99484e2d15b643
SERVER_TRAFFIC_SECRET_0 d8a7c5d2ba47750dbd7ab1abfa6f9838e229156a965f2a89a847c5ecf3708512 c3b1e2c8066c31497de6bbbd9d11674a68476df6abf4b8753487290c0c8d7da7
EXPORTER_SECRET d8a7c5d2ba47750dbd7ab1abfa6f9838e229156a965f2a89a847c5ecf3708512 1996e2c6d90d07d02a1413995412acb6b41f85cc29af4ed1765f4aefd005e11c
CLIENT_HANDSHAKE_TRAFFIC_SECRET 19af0fe33b5d9a164db0962a86e02107b248e7b745c48db16e02504e87325503 2c7fb4b81ef4891347a95d379ffe15623dea529a84edbf005c8c0b5dbea9b076
SERVER_HANDSHAKE_TRAFFIC_SECRET 19af0fe33b5d9a164db0962a86e02107b248e7b745c48db16e02504e87325503 5ffe6cc6a8d5b4f63155c10907638a1a31978977a301ffe47e42716dd8103490
CLIENT_TRAFFIC_SECRET_0 19af0fe33b5d9a164db0962a86e02107b248e7b745c48db16e02504e87325503 48d2e078cbf1da9e63983ad96723b74fe4f7b3c3ead75ce4844017fe821300d1
SERVER_TRAFFIC_SECRET_0 19af0fe33b5d9a164db0962a86e02107b248e7b745c48db16e02504e87325503 4466a2fdc881307798e074ac1ddd062678a02b093aa5403fd780d3bacb8ad6ea
EXPORTER_SECRET 19af0fe33b5d9a164db0962a86e02107b248e7b745c48db16e02504e87325503 192d38eb6aca5fb9ddfeff2d80fb9d507885aa0ef85b5358b05b103818ef21cf
CLIENT_HANDSHAKE_TRAFFIC_SECRET ce49cf3930fda707d03fb018c7067fc4ef67767acfa25c53b7c9211ffb8f30be 99fa7d3c7ae2d0106ee724304bb6d9d82d78db2996db2acf14957676ea4768ab
SERVER_HANDSHAKE_TRAFFIC_SECRET ce49cf3930fda707d03fb018c7067fc4ef67767acfa25c53b7c9211ffb8f30be 77ea015ce8964650b3d1236be04308e82f06c6ff91ea931c9c5a1c7d0c444005
CLIENT_TRAFFIC_SECRET_0 ce49cf3930fda707d03fb018c7067fc4ef67767acfa25c53b7c9211ffb8f30be 06f48fea98e3f384edad08f56cbd7bafac6e2cebb7a20314506ef24de34c0756
SERVER_TRAFFIC_SECRET_0 ce49cf3930fda707d03fb018c7067fc4ef67767acfa25c53b7c9211ffb8f30be bccf702c222276ce0e99fd1edd34bfa0c4d9b4726a673a188a23b70e56cad336
EXPORTER_SECRET ce49cf3930fda707d03fb018c7067fc4ef67767acfa25c53b7c9211ffb8f30be 21ae3158f489b111baa6e681fdd4c3404ba1048c65a028e2ffa63a236ee61f2c
CLIENT_HANDSHAKE_TRAFFIC_SECRET a447c07c7f5e95157ab03a9063960e1b1e910344174d4df444c3501d0447c27d c6706513edb42f27879990c24cd907182163ce798fc2df885507ef3ee8a6ad31
SERVER_HANDSHAKE_TRAFFIC_SECRET a447c07c7f5e95157ab03a9063960e1b1e910344174d4df444c3501d0447c27d 3045e50bf7561c21b439a388025926d571f84780bf41563c68f5fc6863025d45
CLIENT_TRAFFIC_SECRET_0 a447c07c7f5e95157ab03a9063960e1b1e910344174d4df444c3501d0447c27d ce4debc11641d021126509046cd44c7ad4e26ea02e08a7c8ca58c7bbeb459332
SERVER_TRAFFIC_SECRET_0 a447c07c7f5e95157ab03a9063960e1b1e910344174d4df444c3501d0447c27d 2833dda7c32c7adf2c7293ede503ec303fcaf087c9823bee73ecc0ddd29288dd
EXPORTER_SECRET a447c07c7f5e95157ab03a9063960e1b1e910344174d4df444c3501d0447c27d f5806d2801d7702dcf67ef637e625f76fdf0bf235d30d4498c0dedfec3bb3d5b
CLIENT_HANDSHAKE_TRAFFIC_SECRET 75e4c86d44a8b4fa6770c7cb37cb259ed9b84f1d965a4c5b0ae4649162b940a6 6992f70d3441ec20536e302616134279927d737e01b9321197a0c5bb0ea00502
SERVER_HANDSHAKE_TRAFFIC_SECRET 75e4c86d44a8b4fa6770c7cb37cb259ed9b84f1d965a4c5b0ae4649162b940a6 f70ee2be2571ac70abac9c5bedab7b93b7ea1f78bb318bc5b2cfdd3bd2e029c2
CLIENT_HANDSHAKE_TRAFFIC_SECRET e6c0f8b6c434000b07c9764d7e6a5e4c4faff726d130f4e41fb2007859890d2d 1089781a4c54c4566b841be5e6d31c6f5b705ef64b460cd4b6311e39967af681
SERVER_HANDSHAKE_TRAFFIC_SECRET e6c0f8b6c434000b07c9764d7e6a5e4c4faff726d130f4e41fb2007859890d2d 2e5f3c532eaf9ff7356589b91e574ed5db7995ed70ec002d776fe8a6d65ec210
CLIENT_HANDSHAKE_TRAFFIC_SECRET 68b6a5eea27802eebbe996f6ffea88a2c2626e96b4df531b35eed6c2c980be55 3a824de16286afc4e6e2d5abbabaccc9bd7dc22736f5655b5466fe58b20224c4
SERVER_HANDSHAKE_TRAFFIC_SECRET 68b6a5eea27802eebbe996f6ffea88a2c2626e96b4df531b35eed6c2c980be55 8b2cf3d10d1dfad409d3491e08a37877f6f09b0e1eba0602d282c851c3ee7d8b
CLIENT_TRAFFIC_SECRET_0 75e4c86d44a8b4fa6770c7cb37cb259ed9b84f1d965a4c5b0ae4649162b940a6 322d98abd8054bdb691c0dbb8787c8b07652fd0fcbbb0d130cdef4b9119359a1
SERVER_TRAFFIC_SECRET_0 75e4c86d44a8b4fa6770c7cb37cb259ed9b84f1d965a4c5b0ae4649162b940a6 59569da23e394baccfcf50f8d8209b9af95a9e8de6c5a9ddf8891b9032b9609c
EXPORTER_SECRET 75e4c86d44a8b4fa6770c7cb37cb259ed9b84f1d965a4c5b0ae4649162b940a6 6010d91933a41481da851cc02418518ea4dc412762fa6c60d06225989c5a6726
CLIENT_TRAFFIC_SECRET_0 e6c0f8b6c434000b07c9764d7e6a5e4c4faff726d130f4e41fb2007859890d2d dd126af97c84010f47f8e4dfc945cbdc2d211a999f5fb38b8f254a8be1ef8647
SERVER_TRAFFIC_SECRET_0 e6c0f8b6c434000b07c9764d7e6a5e4c4faff726d130f4e41fb2007859890d2d 2949b45f6b3f16fac6a01b37e72cd3555711bbd4f979c19477209eef58cba1db
EXPORTER_SECRET e6c0f8b6c434000b07c9764d7e6a5e4c4faff726d130f4e41fb2007859890d2d b4e101e4f6b67e8106ef0c1ce4c27d4a1bfa66182223877f41714b6ac3406dca
CLIENT_TRAFFIC_SECRET_0 68b6a5eea27802eebbe996f6ffea88a2c2626e96b4df531b35eed6c2c980be55 495f6330927695f950f923bab3e4876f270d790d7a2611909d5fb567b8fb4e92
SERVER_TRAFFIC_SECRET_0 68b6a5eea27802eebbe996f6ffea88a2c2626e96b4df531b35eed6c2c980be55 0b9f75111d879b145df72e014a420ed4d8188663331f2ad5cb5d1cd4c5eaeecd
EXPORTER_SECRET 68b6a5eea27802eebbe996f6ffea88a2c2626e96b4df531b35eed6c2c980be55 809d070cfe146b6575fc095e10b15ed017843cc50e9af970ef3a3526b55d20cf
CLIENT_RANDOM 2aa2fdb4fbcd71f89267ea2aea68fbbc96359120677407c3f195c59bee5ad542 757439a4d0e00c3a73ca09cc063d385133b0fc1ce78d3376a3444cedb4ed3be60e748de47a36970e8e4af86e953d570c
CLIENT_HANDSHAKE_TRAFFIC_SECRET 11457681207d5989798f0ca4ff25a591511168c4047157c285456029cc2305fd 31a04ebb9f7475a7ebff6ca51ef9691ad02d64eebfa3612c21c3ceaac1294121
SERVER_HANDSHAKE_TRAFFIC_SECRET 11457681207d5989798f0ca4ff25a591511168c4047157c285456029cc2305fd 8fbdd1faa97d2332376eb252247cca76ca491279d5aa4c5f02d3a909e69c052d
CLIENT_TRAFFIC_SECRET_0 11457681207d5989798f0ca4ff25a591511168c4047157c285456029cc2305fd fe62c195a33e1a925a38784dfc9321f61d65f143a38b0aca08cdba2e3adc41ea
SERVER_TRAFFIC_SECRET_0 11457681207d5989798f0ca4ff25a591511168c4047157c285456029cc2305fd 3924aaa428ed1e0dabbe3322e50dd2cbfc909566dc1916a44ebfbe5ab59344d6
EXPORTER_SECRET 11457681207d5989798f0ca4ff25a591511168c4047157c285456029cc2305fd c0866a32a0a5859cedf7bd609d4e3bd8a46227b971350be4d37919f1c198ee3c
CLIENT_HANDSHAKE_TRAFFIC_SECRET bb3c2cfb586ac135fba474fff2725b46c055548f00b2c493e39f0ae51277168c 51b95e6735fec6f6a4bae652472a5144fa6d8c1729a675668d2fe1eb399f3eb8
SERVER_HANDSHAKE_TRAFFIC_SECRET bb3c2cfb586ac135fba474fff2725b46c055548f00b2c493e39f0ae51277168c d04a0d119d6bbb2153e5804f8c0c799ee0a14ae86e02886df00866a50231a240
CLIENT_TRAFFIC_SECRET_0 bb3c2cfb586ac135fba474fff2725b46c055548f00b2c493e39f0ae51277168c b59d69add0269f87819762b5d579bb3e08a938e97af62a7d34c4510f57b1391e
SERVER_TRAFFIC_SECRET_0 bb3c2cfb586ac135fba474fff2725b46c055548f00b2c493e39f0ae51277168c 68da654463f5d8d5131102c789de073145861a1e612d9674613840dbd75bab06
EXPORTER_SECRET bb3c2cfb586ac135fba474fff2725b46c055548f00b2c493e39f0ae51277168c 50c6fd139091fa258ec6d0bb43beaf81b2670da0cb66cc0da46cc79b77b6867f
CLIENT_HANDSHAKE_TRAFFIC_SECRET 52275370071359d5d214d173e6aa283bc88a2a4ed0294b0b8518957361a30b85 b359d09ca8eba9c8386b950e3d34030c9362525fa38c9758990ac6630db38e5e
SERVER_HANDSHAKE_TRAFFIC_SECRET 52275370071359d5d214d173e6aa283bc88a2a4ed0294b0b8518957361a30b85 c874caf97a42861b01d7c12cf915db7bbc636df38d9155397fc2df0b9590d398
CLIENT_TRAFFIC_SECRET_0 52275370071359d5d214d173e6aa283bc88a2a4ed0294b0b8518957361a30b85 180bd8f0ac9e7aa6c79966f6a67cf413587c8c3d52deab2cab7e89b765b59dd6
SERVER_TRAFFIC_SECRET_0 52275370071359d5d214d173e6aa283bc88a2a4ed0294b0b8518957361a30b85 e71564c1c10df30fcabcbb2d5579bc13b69a807754b2cb5fdd204cb95629fd93
EXPORTER_SECRET 52275370071359d5d214d173e6aa283bc88a2a4ed0294b0b8518957361a30b85 1b2ab895997670f125ef5bab740497505457e56fab9e17c9c1039440481b2067
CLIENT_HANDSHAKE_TRAFFIC_SECRET 259e40c4b01a56846fdd5f31b0fcb6a27ee67f960d2720920c21e9bc3ab80981 fc9a7fa9ceca03416de8fe99bf65827eefc708bc889b000f91b608a38467b476
SERVER_HANDSHAKE_TRAFFIC_SECRET 259e40c4b01a56846fdd5f31b0fcb6a27ee67f960d2720920c21e9bc3ab80981 7135fc018eb20b42ab6b4081924009f1e76115a94e4da1897a874bbe8a0511e8
CLIENT_TRAFFIC_SECRET_0 259e40c4b01a56846fdd5f31b0fcb6a27ee67f960d2720920c21e9bc3ab80981 2900d60a033f52ca11bfb9fcd39b353033e08c32b99d08983db11ced90928284
SERVER_TRAFFIC_SECRET_0 259e40c4b01a56846fdd5f31b0fcb6a27ee67f960d2720920c21e9bc3ab80981 d48509e61c77d247cc19cd3defcdcb1d30936b63cdc32400fad55bcdd83866a1
EXPORTER_SECRET 259e40c4b01a56846fdd5f31b0fcb6a27ee67f960d2720920c21e9bc3ab80981 b138094da7b5d40dbf2c51b8c4fa135adbaa5462d991d1b60780357cae0f8ca7
CLIENT_HANDSHAKE_TRAFFIC_SECRET 4680aefc8fcb468ec71ea7c6c0ce98867dfac38744639a0d5320c3a4d9bff6a0 791764f2ba656d88112eaf7d5eecf10540f6bff83c9e262f7da785adea027857
SERVER_HANDSHAKE_TRAFFIC_SECRET 4680aefc8fcb468ec71ea7c6c0ce98867dfac38744639a0d5320c3a4d9bff6a0 c4baddf5b0076785fcbf49c5005470506b7a37b538655ebd65a15d7495eb97f9
CLIENT_TRAFFIC_SECRET_0 4680aefc8fcb468ec71ea7c6c0ce98867dfac38744639a0d5320c3a4d9bff6a0 08b186c4e98c95c2566bade4724fcf51ecd56a1b0d9e857acd40be75e8e9dd97
SERVER_TRAFFIC_SECRET_0 4680aefc8fcb468ec71ea7c6c0ce98867dfac38744639a0d5320c3a4d9bff6a0 1efc89653467b13fef5ea28da1ae4a9897e1486fb29974bcf79fe0eb7283f29f
EXPORTER_SECRET 4680aefc8fcb468ec71ea7c6c0ce98867dfac38744639a0d5320c3a4d9bff6a0 2475342cef77264c2ac31186b4dcab804a908277a2707a661cee7a157e97fdbc
CLIENT_HANDSHAKE_TRAFFIC_SECRET 673b71e58a70b8077b46d96f01194160869735ee1e772c4eac6f71205e180efc 5471a86079eefd1eb207f8634f5dbc515b5faccc8785a9d7eaee273be05b7512
SERVER_HANDSHAKE_TRAFFIC_SECRET 673b71e58a70b8077b46d96f01194160869735ee1e772c4eac6f71205e180efc 946995ab648a794aba0d9c77da05bad43f2a2c27a25633b550c8e7deec346747
CLIENT_HANDSHAKE_TRAFFIC_SECRET 3716ebaab1e6fc10d2948145b9c12ec8e3b1445fde3f7a36c6e77720a137e25a 8b68ba1cd0c4c7473e1e1b28bcde170dee0a06b29e1e399cedd781d96231ce46ea705453cb67117e4c5dae7ac60cf636
SERVER_HANDSHAKE_TRAFFIC_SECRET 3716ebaab1e6fc10d2948145b9c12ec8e3b1445fde3f7a36c6e77720a137e25a 1cddcac53f891db0c0bd426a6160c8019f931292198c4ab77b8173c02bd9c8949b1b5ce59f1d5b3c2904fb0718f08c70
CLIENT_HANDSHAKE_TRAFFIC_SECRET 9976a97f97fecb35fdf15de6b8f012666ad718ff84a6da58b0fb67f6ecd12bb9 f09ab89f0b80def80859e9712f16a66316b0adef06d461082981394afd5ac8f4
SERVER_HANDSHAKE_TRAFFIC_SECRET 9976a97f97fecb35fdf15de6b8f012666ad718ff84a6da58b0fb67f6ecd12bb9 5fe61da4a2a3d6b77a90791cb917a7dc9e4147d240c92d084303ce1f3328414c
CLIENT_TRAFFIC_SECRET_0 673b71e58a70b8077b46d96f01194160869735ee1e772c4eac6f71205e180efc eed59c51d3d23c94ac7eb6db82928a3487655e43e6a6cac10a01d56bdbea18ec
SERVER_TRAFFIC_SECRET_0 673b71e58a70b8077b46d96f01194160869735ee1e772c4eac6f71205e180efc 06712cda1ecf7a98fcce365decf31b2988d11636469d25b3f50aa4ed0445d656
EXPORTER_SECRET 673b71e58a70b8077b46d96f01194160869735ee1e772c4eac6f71205e180efc f943ebc3243d251e7cbc11de4077e29bb7b2e4619ca815e629f21356fef308db
CLIENT_HANDSHAKE_TRAFFIC_SECRET d30e44e5e497475d8e95bb50fc17c7edec3c26292e6cb59cc9e0ab7d3bd55459 b7c969b370361597e07ddd92c4d0c8143c9759632da32fceec529bbf020c5ee2
SERVER_HANDSHAKE_TRAFFIC_SECRET d30e44e5e497475d8e95bb50fc17c7edec3c26292e6cb59cc9e0ab7d3bd55459 17014132ffee386642af8a51aba6e4c105ed12a8f7f0cef762c44ba3b4622adc
CLIENT_TRAFFIC_SECRET_0 9976a97f97fecb35fdf15de6b8f012666ad718ff84a6da58b0fb67f6ecd12bb9 748411c1e44e021c07bcb81f3fa50452a0764dc8baa6536942d285d7a2cdcdc1
SERVER_TRAFFIC_SECRET_0 9976a97f97fecb35fdf15de6b8f012666ad718ff84a6da58b0fb67f6ecd12bb9 8a0a2a15a14b639790a13b3e603d63647866231df96c493e03384c79f3fb3ae3
EXPORTER_SECRET 9976a97f97fecb35fdf15de6b8f012666ad718ff84a6da58b0fb67f6ecd12bb9 8f6e142cf1d28880daa337f3c10bc9da056556daefab4e61bd49efd59b4b6ed7
CLIENT_TRAFFIC_SECRET_0 d30e44e5e497475d8e95bb50fc17c7edec3c26292e6cb59cc9e0ab7d3bd55459 6f7c67faf610e89e62357a1b5efb15f55ea0d15355e711619706bbeb189bc77f
SERVER_TRAFFIC_SECRET_0 d30e44e5e497475d8e95bb50fc17c7edec3c26292e6cb59cc9e0ab7d3bd55459 7cfca2f4e2d33d22a5c456dfe0fa3aec18e0938be2ee8cac486b6446537f3054
EXPORTER_SECRET d30e44e5e497475d8e95bb50fc17c7edec3c26292e6cb59cc9e0ab7d3bd55459 a004658d128903b5cee10c3751efa64c800a16d26074eea809866aa54c99596a
CLIENT_TRAFFIC_SECRET_0 3716ebaab1e6fc10d2948145b9c12ec8e3b1445fde3f7a36c6e77720a137e25a 7f1c44735dbd0bd95e1299e55be3a662b994d63fa34178724c760455500abcaecc7003896fa58bca7d3a64a37b94c2e4
SERVER_TRAFFIC_SECRET_0 3716ebaab1e6fc10d2948145b9c12ec8e3b1445fde3f7a36c6e77720a137e25a fa428a93dfc3cbc8b74b8d45e24076e5b154c36a65675766b6d7943c0630089bc592c5a2118088e65730f770055b4c71
EXPORTER_SECRET 3716ebaab1e6fc10d2948145b9c12ec8e3b1445fde3f7a36c6e77720a137e25a 3a200dce12220637d264d06a14855209d5defd96001844f7d6f3b731ced79d77cbde38457595cec4c073a846d08850ca
CLIENT_HANDSHAKE_TRAFFIC_SECRET 0e0b90eebc0bb17da5ab70d056626953972759d51346b4b7cd790402fc45c1f1 1496e67a85e5bc194ad8336b83ef128a3660aa895684b62c6631e617d0ab0df1
SERVER_HANDSHAKE_TRAFFIC_SECRET 0e0b90eebc0bb17da5ab70d056626953972759d51346b4b7cd790402fc45c1f1 e208e91231c3ef2ca054fbbeb52c6fee7758b7eabeccda6b977a91cd2135efd5
CLIENT_TRAFFIC_SECRET_0 0e0b90eebc0bb17da5ab70d056626953972759d51346b4b7cd790402fc45c1f1 a2f68875510bf486f5d7cfc1b81bfa1d491d21cc2eab07f1c6610c4e7fa79b72
SERVER_TRAFFIC_SECRET_0 0e0b90eebc0bb17da5ab70d056626953972759d51346b4b7cd790402fc45c1f1 39407971a09cacb1224e8460f113f00ab4ebb051fbf9ee8ca091d2ecb6028341
EXPORTER_SECRET 0e0b90eebc0bb17da5ab70d056626953972759d51346b4b7cd790402fc45c1f1 7d569f1360392b2dca465987fe7a27751bd48163fcdafb28f27d9f22ebf427c4
CLIENT_HANDSHAKE_TRAFFIC_SECRET 29c920c3a9e01b6e0248c73f6e6d2d1516f47dce643e30fd2f6562769862e16e d7356916a4af686523436aa7ab82ea56e03e6883e01465b22143d3d65554ef34
SERVER_HANDSHAKE_TRAFFIC_SECRET 29c920c3a9e01b6e0248c73f6e6d2d1516f47dce643e30fd2f6562769862e16e 141a634420229dd8524283bb71338809d580e73ad792631932c9d9e40653d5c5
CLIENT_TRAFFIC_SECRET_0 29c920c3a9e01b6e0248c73f6e6d2d1516f47dce643e30fd2f6562769862e16e f62aeb6d5b5504be28205ba4f424d98b5a67560fd02203e038cb65d74ca04e8c
SERVER_TRAFFIC_SECRET_0 29c920c3a9e01b6e0248c73f6e6d2d1516f47dce643e30fd2f6562769862e16e 2422b395a237223a5401cf918dce0b7aae468e31e9fbc7c5d9de0a850adb1bbe
EXPORTER_SECRET 29c920c3a9e01b6e0248c73f6e6d2d1516f47dce643e30fd2f6562769862e16e 5b22e2268d1ec7929e0ac0a5e43435b64293ec393695daba2f17c485541afc4b
CLIENT_HANDSHAKE_TRAFFIC_SECRET 8a49908844089f7167ffcbf9703f442dcac409e93604e3c82f1cb5ba0ecefe73 a723a22d8e019c8c521cb9f8d97d02f7f5921fa86bb9c9f200ae4ab8d22861ef
SERVER_HANDSHAKE_TRAFFIC_SECRET 8a49908844089f7167ffcbf9703f442dcac409e93604e3c82f1cb5ba0ecefe73 a91cbb3ebaa3a9217c3ee291013a5466a69161f7123bd87ef5e92e1a906fb23c
CLIENT_TRAFFIC_SECRET_0 8a49908844089f7167ffcbf9703f442dcac409e93604e3c82f1cb5ba0ecefe73 16e02f9c256b02fdb333c4d586263f866f5616896c895d27bdde0d2c3ac6e345
SERVER_TRAFFIC_SECRET_0 8a49908844089f7167ffcbf9703f442dcac409e93604e3c82f1cb5ba0ecefe73 73ca97f5ec54a1111bf46314ba1be19267edc9a09c0bde6902f156ba4299b87b
EXPORTER_SECRET 8a49908844089f7167ffcbf9703f442dcac409e93604e3c82f1cb5ba0ecefe73 27ada24b221c1b6d0b4fc2c7ec11b1c2ccc5c9c87cf201f71d9efaee468d52be
CLIENT_HANDSHAKE_TRAFFIC_SECRET 29a5b67d96032d96ba792a0f6a5669a7b44eed91198f834ba9f11d83801181cd 068cae84770c1f2d049c6827d952ef18bba9f960d67d43022ddaa014411f8c91
SERVER_HANDSHAKE_TRAFFIC_SECRET 29a5b67d96032d96ba792a0f6a5669a7b44eed91198f834ba9f11d83801181cd f994b1bb70ddf7c20a3528aaa6a062f35582ccaf0dd569f6466242ed7ab6ee4d
CLIENT_TRAFFIC_SECRET_0 29a5b67d96032d96ba792a0f6a5669a7b44eed91198f834ba9f11d83801181cd 7302be8da8ee2ad93956077bbf37d9c54d140cee446b050777d6ff89a093b985
SERVER_TRAFFIC_SECRET_0 29a5b67d96032d96ba792a0f6a5669a7b44eed91198f834ba9f11d83801181cd d343d243484cf7cea9a0379ad597de8a6cfcc7448bda1afd4a86fdbcac460406
EXPORTER_SECRET 29a5b67d96032d96ba792a0f6a5669a7b44eed91198f834ba9f11d83801181cd 877ab3a23aa222d333c244bd012de08b6f1bfbac9ad6cb8bb350471bd47f55d2
CLIENT_HANDSHAKE_TRAFFIC_SECRET a4b8c262b8d5ff41ca8daa6ee1e34a1bae416ffa61c20ab33d1c87c68a614b87 8edfbfd2baf41b933add124458680415ababe114338af6b4f891a4bacd8ba3b6
SERVER_HANDSHAKE_TRAFFIC_SECRET a4b8c262b8d5ff41ca8daa6ee1e34a1bae416ffa61c20ab33d1c87c68a614b87 28f20e98ba9e017432f1428186ef62cb34a08a64b92220f43b333e776d683eaa
CLIENT_TRAFFIC_SECRET_0 a4b8c262b8d5ff41ca8daa6ee1e34a1bae416ffa61c20ab33d1c87c68a614b87 8bbf589d41980a842d6bbb989ce9d0e9030dbdc778182174def3d38afe956466
SERVER_TRAFFIC_SECRET_0 a4b8c262b8d5ff41ca8daa6ee1e34a1bae416ffa61c20ab33d1c87c68a614b87 d4e13658ef3d8ff110643976f07c40aed766477f2da721c0ff75fa84dd20726b
EXPORTER_SECRET a4b8c262b8d5ff41ca8daa6ee1e34a1bae416ffa61c20ab33d1c87c68a614b87 231c29c65e95f00a47bf4be8cc19838e9ec75e86e37dccef63771a890245419c
CLIENT_HANDSHAKE_TRAFFIC_SECRET 7a2e09b983a2b943046eca6af67cc6cb8796743d72a2a18266131cf063ca01aa 295a4c43c72d8c36b631115e71aff00eddbe982190e549ce0e895c548fcbfaf3
SERVER_HANDSHAKE_TRAFFIC_SECRET 7a2e09b983a2b943046eca6af67cc6cb8796743d72a2a18266131cf063ca01aa 4a541e062941c433c3492ecfc9774013f52f0e55e2b805cf482cee562f3ef7a6
CLIENT_TRAFFIC_SECRET_0 7a2e09b983a2b943046eca6af67cc6cb8796743d72a2a18266131cf063ca01aa 46c63bf8ded5668e585fe6225857bd79f761d3317fd503afd3d1c68e75a325fd
SERVER_TRAFFIC_SECRET_0 7a2e09b983a2b943046eca6af67cc6cb8796743d72a2a18266131cf063ca01aa 786f4ac015a11fefd0c1ee342aea7c2343f6eb2456c93cf3872d476aa5f07f8f
EXPORTER_SECRET 7a2e09b983a2b943046eca6af67cc6cb8796743d72a2a18266131cf063ca01aa 4ca606a1eff69796e35cedbc606ee8d7f0a5f9b0f7a78ab8584677738f1b4683
CLIENT_HANDSHAKE_TRAFFIC_SECRET 70106939fb5bfc1d1092c1efb96be67621db3a3218707af5607e650374e14921 0df14e87ee6c2c35476f78ff7f3eac8d8494a366c4598580da68290684032c0b
SERVER_HANDSHAKE_TRAFFIC_SECRET 70106939fb5bfc1d1092c1efb96be67621db3a3218707af5607e650374e14921 09b107bda8fc2a3d57d60e1bffc80b16a212f9461141772172c47e4d8c3509ba
CLIENT_TRAFFIC_SECRET_0 70106939fb5bfc1d1092c1efb96be67621db3a3218707af5607e650374e14921 6cca239dc0e0ea388699ed0603c7f68ffd13590d1baf42158e930e874377f0ea
SERVER_TRAFFIC_SECRET_0 70106939fb5bfc1d1092c1efb96be67621db3a3218707af5607e650374e14921 3f01c8f770c0f1d60639897d461464eb70dc15415afef4d69a25b770f7855b74
EXPORTER_SECRET 70106939fb5bfc1d1092c1efb96be67621db3a3218707af5607e650374e14921 c3ab0cb71e4ef97b593cba329fe53ee8052d2fa266054ae2ec3dd8a993adcd80
CLIENT_HANDSHAKE_TRAFFIC_SECRET e0c7a0512b79c96f24b4cd2dcaf5cb39c011cb25df1c5a1448c9517329c8d373 4e82dfb81b515a2717b9f2181155ffef1f78a8bfdf72c7be9f35ab61a1056057
SERVER_HANDSHAKE_TRAFFIC_SECRET e0c7a0512b79c96f24b4cd2dcaf5cb39c011cb25df1c5a1448c9517329c8d373 86f505a5fb8a11f230d4095c48c813a4b3a679dba9e8713421100b27947f9bfe
CLIENT_TRAFFIC_SECRET_0 e0c7a0512b79c96f24b4cd2dcaf5cb39c011cb25df1c5a1448c9517329c8d373 147abef5870401b717a832b6d9fb1737a5f6552ebf774bbac02cdfa13be507fe
SERVER_TRAFFIC_SECRET_0 e0c7a0512b79c96f24b4cd2dcaf5cb39c011cb25df1c5a1448c9517329c8d373 d5267d8b0bb0e0c8b183d580614278ab5564467a3c72e5dc7626ff8bc9db8912
EXPORTER_SECRET e0c7a0512b79c96f24b4cd2dcaf5cb39c011cb25df1c5a1448c9517329c8d373 6fd56448f6bdf598f9c22907d72dbc8969ed451b683236c045ee95f43744a425
CLIENT_HANDSHAKE_TRAFFIC_SECRET 5a73c20be0f3d196724db463a76300bbc677b13cabc7df982d88e686b22c1d08 51d54a6e76d51f73845fb02cff4f97d704c9ec51b43196e07fa1ac25927b9cc1
SERVER_HANDSHAKE_TRAFFIC_SECRET 5a73c20be0f3d196724db463a76300bbc677b13cabc7df982d88e686b22c1d08 cf3d7b7163a5e09b9fcdd66afb68f7b844d400f7259a8a8443bfd62cd204d36f
CLIENT_HANDSHAKE_TRAFFIC_SECRET aecbf2d61e775eab983c40cbfc25e86c3281a265dab85faf2ed35856dbcc09a7 eca426b42d7f99eb04f4989f8901474e073338690b03af1948c4187778302621
SERVER_HANDSHAKE_TRAFFIC_SECRET aecbf2d61e775eab983c40cbfc25e86c3281a265dab85faf2ed35856dbcc09a7 d733c6f863fe5d9ccfdc74b6027a6361fe3c4d4a22159eff91c2a183d988943e
CLIENT_TRAFFIC_SECRET_0 aecbf2d61e775eab983c40cbfc25e86c3281a265dab85faf2ed35856dbcc09a7 9fb192b9b83bcca02dc5321a2e6484c81875047060ec8dac341e5a93cfa67bdd
SERVER_TRAFFIC_SECRET_0 aecbf2d61e775eab983c40cbfc25e86c3281a265dab85faf2ed35856dbcc09a7 b10f2ba3f70e1d660bbe389841e7cd6a072334db36b1786b21b53f5ba733ee37
EXPORTER_SECRET aecbf2d61e775eab983c40cbfc25e86c3281a265dab85faf2ed35856dbcc09a7 f72108f38f6033808a6ee99d58e3c78d3acb8c96820f5ccbef32ade919c746d2
CLIENT_TRAFFIC_SECRET_0 5a73c20be0f3d196724db463a76300bbc677b13cabc7df982d88e686b22c1d08 7fa2aac317678dbf1e1b5a1965a98715ac8027300d68d61f2dd54722d72343fa
SERVER_TRAFFIC_SECRET_0 5a73c20be0f3d196724db463a76300bbc677b13cabc7df982d88e686b22c1d08 331eac633e98ad4b1bd72c5eabca0a44518b5ec20b69fed113a41b8c3077af4d
EXPORTER_SECRET 5a73c20be0f3d196724db463a76300bbc677b13cabc7df982d88e686b22c1d08 41edaf9242199f593cf9202aff74f0536c96a2b6683f5beb6c36fcd5d55223f8
CLIENT_HANDSHAKE_TRAFFIC_SECRET 1d66f198f9d26573fdf173332da3e46b1c27aa194c8c83efb7f0ffd64b0a98da f3fd39c67f67fcdecff5f59ef6e910946d327c8332e768ee1da01a0ea230a66a
SERVER_HANDSHAKE_TRAFFIC_SECRET 1d66f198f9d26573fdf173332da3e46b1c27aa194c8c83efb7f0ffd64b0a98da 34f09e7db2518c55a2075aafa07dffb59c68b94a71508ab66aeff21da91ddaf4
CLIENT_TRAFFIC_SECRET_0 1d66f198f9d26573fdf173332da3e46b1c27aa194c8c83efb7f0ffd64b0a98da 569798f508669a321f5adb94b7ec71513fe4005cc3e7cb03079ad364d2a7a621
SERVER_TRAFFIC_SECRET_0 1d66f198f9d26573fdf173332da3e46b1c27aa194c8c83efb7f0ffd64b0a98da c878831acea911d87ecdb98a7dbee75b2e3ce763f8fc7a88ae6de8f729e60b66
EXPORTER_SECRET 1d66f198f9d26573fdf173332da3e46b1c27aa194c8c83efb7f0ffd64b0a98da 326fa022cff34c9a0a30c88268d23adbc9ba352a642737934ff32cf8fd6fd5ed
CLIENT_HANDSHAKE_TRAFFIC_SECRET 02c32909c1d35ae29a920214deab2743c32037b9b0e2a643fe1732fa3d97095b dfb36d47fdba846e915764d6af39cac3226622cb4f27ef7b5db5858e92399e5e
SERVER_HANDSHAKE_TRAFFIC_SECRET 02c32909c1d35ae29a920214deab2743c32037b9b0e2a643fe1732fa3d97095b 8194348de0c45bb5ba75638b31fab3b316f6a793b2c0c98a1d400a2b0c4d6f16
CLIENT_TRAFFIC_SECRET_0 02c32909c1d35ae29a920214deab2743c32037b9b0e2a643fe1732fa3d97095b b6e7a9ac8e6a02d81a145f18ec333fcb2f9fe4e26788d0dc652198982c1e47f3
SERVER_TRAFFIC_SECRET_0 02c32909c1d35ae29a920214deab2743c32037b9b0e2a643fe1732fa3d97095b 4e43d2588bd0cbf01eab49554f7ce1315628c983d18f3c8a691ca8f24f74f624
EXPORTER_SECRET 02c32909c1d35ae29a920214deab2743c32037b9b0e2a643fe1732fa3d97095b d6c5fc80c59a28fb665738744969d99a10d780810b25f171176c083ca47cb9dd
CLIENT_HANDSHAKE_TRAFFIC_SECRET f866913a3e765f80811e30709655a91fe2c7f98df67605c1403e69d3d9d39fd7 e198e368e4269e1fd251300031f3b918b01c46b503b4e4dc398878b0f11cc2a9
SERVER_HANDSHAKE_TRAFFIC_SECRET f866913a3e765f80811e30709655a91fe2c7f98df67605c1403e69d3d9d39fd7 e99c0e8be7b61022e138c6adc1b4141e9d2f4548de9a8b2cd06c2c6a9332033c
CLIENT_TRAFFIC_SECRET_0 f866913a3e765f80811e30709655a91fe2c7f98df67605c1403e69d3d9d39fd7 760cc74070a8defe7ae302f255899e84523efd4f988ece1fa196978f536840ba
SERVER_TRAFFIC_SECRET_0 f866913a3e765f80811e30709655a91fe2c7f98df67605c1403e69d3d9d39fd7 d27d3c0cd3e4d0267e8d47400d560e1a4ac90bc025711ce59f058e437ce195f4
EXPORTER_SECRET f866913a3e765f80811e30709655a91fe2c7f98df67605c1403e69d3d9d39fd7 985494f715ef26ae6adb44d3ecfe207886bcdbe6d5a28f7e7c5e82893da6fc23
CLIENT_HANDSHAKE_TRAFFIC_SECRET 5245ddb0c33cd78a268ae0fa6fbef5a19cdd29b9a29037482ba638ca6e4e0bbc 80d9fce2f4ad710251bdeafd08e464d29ba074c53ece8c764bcf5617e69a037d
SERVER_HANDSHAKE_TRAFFIC_SECRET 5245ddb0c33cd78a268ae0fa6fbef5a19cdd29b9a29037482ba638ca6e4e0bbc cfeaaae478da1e4df7d31abcc94c788150831fed4388d79408d94641ea6850fb
CLIENT_TRAFFIC_SECRET_0 5245ddb0c33cd78a268ae0fa6fbef5a19cdd29b9a29037482ba638ca6e4e0bbc 6d94b63fc1126055c27fa1f0bf0ec1df89f3e316c1b2b2c29dd1c69a1f81b00c
SERVER_TRAFFIC_SECRET_0 5245ddb0c33cd78a268ae0fa6fbef5a19cdd29b9a29037482ba638ca6e4e0bbc 4529d3c2b6987c7fa278989f44831be77129ea8171d94a31bc6b83081a4f6b6f
EXPORTER_SECRET 5245ddb0c33cd78a268ae0fa6fbef5a19cdd29b9a29037482ba638ca6e4e0bbc 4bf4951ed9172bb882bc9ba6bea0891162a99042035e889b427938b46723c38e
CLIENT_HANDSHAKE_TRAFFIC_SECRET 263217a14a63bf4bc4e271365275b1ac4d9618c59bd54a9849ffec84a39a7c69 a179ebe7339e9a941953feb136ffeded5039b31c3fab8008fd27d5cef49f324c
SERVER_HANDSHAKE_TRAFFIC_SECRET 263217a14a63bf4bc4e271365275b1ac4d9618c59bd54a9849ffec84a39a7c69 720b39777be55f7050b2d0a678ab3964843405a3a6b5dbc716e7eb80e5a46ac3
CLIENT_TRAFFIC_SECRET_0 263217a14a63bf4bc4e271365275b1ac4d9618c59bd54a9849ffec84a39a7c69 b74fd9d95dc69369bfb2fb86ab9c0cbf2432b1a8e3837e88786cbfa8a91df4ee
SERVER_TRAFFIC_SECRET_0 263217a14a63bf4bc4e271365275b1ac4d9618c59bd54a9849ffec84a39a7c69 a3fc298737ef9b840f6fbeaabe00fac46fb6734cc55619f945b2f10d8ea62d5b
EXPORTER_SECRET 263217a14a63bf4bc4e271365275b1ac4d9618c59bd54a9849ffec84a39a7c69 a7f3c97e075f5e435dffbeebd45c9ae1bd1441266284abf194f1ea4334828ca0
CLIENT_HANDSHAKE_TRAFFIC_SECRET 514d308e0c5ec7eb621a41004503d3a3a55977b4f2e63c863888dea3bac42c99 1d60df51512a6d6210efc5024ee75ef41e67ea291a78ba1c993c3993e7fb0d90
SERVER_HANDSHAKE_TRAFFIC_SECRET 514d308e0c5ec7eb621a41004503d3a3a55977b4f2e63c863888dea3bac42c99 9e479769403618b4195b9cc9b64a3795d7eae9476019582c44f0ad40319564d7
CLIENT_TRAFFIC_SECRET_0 514d308e0c5ec7eb621a41004503d3a3a55977b4f2e63c863888dea3bac42c99 527776ad237424a86a69bcb74195adc4ee1466ec0ef696da4d48f9254e775817
SERVER_TRAFFIC_SECRET_0 514d308e0c5ec7eb621a41004503d3a3a55977b4f2e63c863888dea3bac42c99 e4e7a8e2f4651fd3dcf7f4c45013a5c7cdfeb7abc0c1f8e63ff9ed9e4a13915d
EXPORTER_SECRET 514d308e0c5ec7eb621a41004503d3a3a55977b4f2e63c863888dea3bac42c99 a524224b76bc9d4932270ca9570c116ca988307f315ea54bfca982c869412633
CLIENT_HANDSHAKE_TRAFFIC_SECRET 02a15643048be37d69af30a31e69105707327863932922c902a29331aa3e1831 b4e4aa3ec0b9975719bb0278ccd9ff738b1d7390b29613eeeeb576ec1105d9d5
SERVER_HANDSHAKE_TRAFFIC_SECRET 02a15643048be37d69af30a31e69105707327863932922c902a29331aa3e1831 2f961f998717209bcffcbe2eba7be0d0d852d9811ad8eaca8d8db69f7c51cd8f
CLIENT_TRAFFIC_SECRET_0 02a15643048be37d69af30a31e69105707327863932922c902a29331aa3e1831 9d132d39f97a96feb01ed1dc4501b4a45a634ca46156450d92cc592fe4a58fd5
SERVER_TRAFFIC_SECRET_0 02a15643048be37d69af30a31e69105707327863932922c902a29331aa3e1831 2adcea1e2bbd041a9ecafb497345c9c303e6b44445578b3c1bc43055b9353136
EXPORTER_SECRET 02a15643048be37d69af30a31e69105707327863932922c902a29331aa3e1831 54ad57eb40426d9bc38589daab2f82277b1328ffdf21abcdd8ee1ea5d5b93f81
CLIENT_EARLY_TRAFFIC_SECRET 71bf35c3f2fcc64a10aa96df76f2b969ee4167bc4d6d0efdbd4b345d59b7bce0 71db875dfa03e598d76b9d1d835ca610ca97b0aac71080adbf943607824cc0fd
CLIENT_HANDSHAKE_TRAFFIC_SECRET 71bf35c3f2fcc64a10aa96df76f2b969ee4167bc4d6d0efdbd4b345d59b7bce0 7ecaf5c7c39893bb483e747515df08a9fce9ede3e5206929832ee0319aa5b9fe
SERVER_HANDSHAKE_TRAFFIC_SECRET 71bf35c3f2fcc64a10aa96df76f2b969ee4167bc4d6d0efdbd4b345d59b7bce0 b852d10d197739558e21331f1c001fd7b2a91cfda3e8d4bde5bc3ac9292be90c
CLIENT_TRAFFIC_SECRET_0 71bf35c3f2fcc64a10aa96df76f2b969ee4167bc4d6d0efdbd4b345d59b7bce0 bf2d8ec0e19f8397a13cba17705dbf8d0f6d8f68c43816637f34ebb87e51a173
SERVER_TRAFFIC_SECRET_0 71bf35c3f2fcc64a10aa96df76f2b969ee4167bc4d6d0efdbd4b345d59b7bce0 dd216e4bb6bc6983c37996dd91968168e90d085b8279cca472437fc580ff3ba2
EXPORTER_SECRET 71bf35c3f2fcc64a10aa96df76f2b969ee4167bc4d6d0efdbd4b345d59b7bce0 68cbb48cf1d7041c82c8d1c04f79e6a599a55357609ad40e72f8acb7e83b9687
CLIENT_HANDSHAKE_TRAFFIC_SECRET 6e097defa77767a99298241a1bed85712a88a34605a71fb099b2089eb5ed3a91 07722b7cbc75d8910e8d5bf17cf8e22d4991d387d8467f77cafe0b42468e982f80e2dd196efc98f4102afd62e4d11076
SERVER_HANDSHAKE_TRAFFIC_SECRET 6e097defa77767a99298241a1bed85712a88a34605a71fb099b2089eb5ed3a91 4367e30ab2eefb849413dbde172e161b5c23ebc48e54eda96ccf27157d31ccea06515e1bc5aa84a8401b6446a4a88204
CLIENT_TRAFFIC_SECRET_0 6e097defa77767a99298241a1bed85712a88a34605a71fb099b2089eb5ed3a91 b831bb91e4bf502cd525ccc9ee4ec32fc107aeb62cc41642544c667a4ed92d8d7b5587cb088792d3d84b73dc479fc3a0
SERVER_TRAFFIC_SECRET_0 6e097defa77767a99298241a1bed85712a88a34605a71fb099b2089eb5ed3a91 6806554d8df6eae1b5d3cad1cb97cce61107c48da630a97e983471b0b831c7d5b406b5bfbafcae4ca11e164b254dd578
EXPORTER_SECRET 6e097defa77767a99298241a1bed85712a88a34605a71fb099b2089eb5ed3a91 692d8d24cd631fbe64c382261ff7a2567a343995d840921505952fb21c6141c277e4d1c30a6f1ed3da1568f07acf64cc
CLIENT_RANDOM dd2692241c5f68e6fddd5d55defeb99e7ce90fbcdaf4b3eb7f0d6be19fb14027 0d6f1fac489265b6c4372b0e3d6c725164e6991e6a0ca199674fc42e39b00c7934ae4d372065c935edce9b8aab78c9a3
CLIENT_RANDOM 6c6dd1f4c18de648c3007b408c2339847d8c516d18060ed54634c811d3a43cd4 8a44601367044106b9e3fba892b23ae2a975fba75832356485b36cd3c8c0396484b531ed0d79dc95b3605b9178d566c8
CLIENT_HANDSHAKE_TRAFFIC_SECRET 35eb2e655c8e822f754d5b2836fb32eaafacb7dfcd97846bfb61e7bc014f0e55 c5bb4ac00d8e8f67d060e7027a688484f269691825d72485b69f837d72d7c3550c6488127b6573f44220ab78ca877d0f
SERVER_HANDSHAKE_TRAFFIC_SECRET 35eb2e655c8e822f754d5b2836fb32eaafacb7dfcd97846bfb61e7bc014f0e55 6f20b6d7fdd83e41f6f86a614135ffa8728040549a1d74a547ba816c8d6e0c199134ff0489a1109028bef8db56d4d1d5
CLIENT_TRAFFIC_SECRET_0 35eb2e655c8e822f754d5b2836fb32eaafacb7dfcd97846bfb61e7bc014f0e55 7ece2e570034a929fdfc3e675ff47f22c409682b99db813b70993834ac05611ffc27ccce4c7f3ad3fb0d69fd830e4a2d
SERVER_TRAFFIC_SECRET_0 35eb2e655c8e822f754d5b2836fb32eaafacb7dfcd97846bfb61e7bc014f0e55 c65806c1e6d470caad23be8a7f3a24db7e1b65aec6882a79f2e02861d516275b9c5567110b82c0458b2611893d4db732
EXPORTER_SECRET 35eb2e655c8e822f754d5b2836fb32eaafacb7dfcd97846bfb61e7bc014f0e55 9cd6eaa8d2b4ecf0f59e050bd3a032b74ec1b8a61619ba32d8fa03b63d54e9dde216e79330ae6d2c0045e05efda58f6b
CLIENT_HANDSHAKE_TRAFFIC_SECRET 4724619128d6e6e8ff6d65a9a8f24b2c8f5f1bd7ed6e02ec05afc4c8ac42f33a a6cd0a1e07deb053fb5973df108d5f868dabb19eb77258b587b4ef6e3cba2e03
SERVER_HANDSHAKE_TRAFFIC_SECRET 4724619128d6e6e8ff6d65a9a8f24b2c8f5f1bd7ed6e02ec05afc4c8ac42f33a bb83bb59e3f628bd84bbf4098c61951d2029025ea249c404fd20bd61d9bbc87d
CLIENT_TRAFFIC_SECRET_0 4724619128d6e6e8ff6d65a9a8f24b2c8f5f1bd7ed6e02ec05afc4c8ac42f33a 3f7b85d119bb45346b2656a7239e452e6f67af1b5b2c1cb11752cb93c706335c
SERVER_TRAFFIC_SECRET_0 4724619128d6e6e8ff6d65a9a8f24b2c8f5f1bd7ed6e02ec05afc4c8ac42f33a 7471edb73eb9a5ccb3ba452448a6df9dedf5c9119e99a701e3643d4766784022
EXPORTER_SECRET 4724619128d6e6e8ff6d65a9a8f24b2c8f5f1bd7ed6e02ec05afc4c8ac42f33a 05be403521b921a1889c553eaea8837f887aa236f5228e1aa2d79ab90aa80e78
CLIENT_EARLY_TRAFFIC_SECRET 02b17e41add2a51de8c12d302e20f8bdbddc811a6733a594d8b2b9ecd9404f2c 067a9e541378f0f052633dbd2368857069875f4e512c9259b7c941d9aeca87be
CLIENT_HANDSHAKE_TRAFFIC_SECRET 02b17e41add2a51de8c12d302e20f8bdbddc811a6733a594d8b2b9ecd9404f2c d1baf5d2d695153ff9bb648f0825f904eaed2d4d9decca7472b00d02f507353f
SERVER_HANDSHAKE_TRAFFIC_SECRET 02b17e41add2a51de8c12d302e20f8bdbddc811a6733a594d8b2b9ecd9404f2c eb7a988fa8110fa2802d198a9f64ab67bb9c4818753c1b931dd93e1ddb4ad7c6
CLIENT_TRAFFIC_SECRET_0 02b17e41add2a51de8c12d302e20f8bdbddc811a6733a594d8b2b9ecd9404f2c bf1c9500af54445df7054ceeb87f67a432b61455a5d976c747eaeb3a15b33387
SERVER_TRAFFIC_SECRET_0 02b17e41add2a51de8c12d302e20f8bdbddc811a6733a594d8b2b9ecd9404f2c 5479b5c14f56c334f5245fa7dba2e34b5f06b3caa3e800da31fc1104ce7d6610
EXPORTER_SECRET 02b17e41add2a51de8c12d302e20f8bdbddc811a6733a594d8b2b9ecd9404f2c 21d5de7086eff23d91cfabe1c2c3baf2d6cfe582604daf4252be5a17aba7d3f1
CLIENT_HANDSHAKE_TRAFFIC_SECRET 3c574f5a2168635bad1ab1952a53d47ca3959242d3daf2464b0ccb08582eeca8 c19ca31707197d6985211e6f5c0b08fead9493ebe552159d36176db4224b6a25
SERVER_HANDSHAKE_TRAFFIC_SECRET 3c574f5a2168635bad1ab1952a53d47ca3959242d3daf2464b0ccb08582eeca8 6eef11ad09697d8b856a8beb2f50e8e9e94243ba2d8dcaba65ffe4b0f8216d8f
CLIENT_TRAFFIC_SECRET_0 3c574f5a2168635bad1ab1952a53d47ca3959242d3daf2464b0ccb08582eeca8 348fd54e01c62638082eaf28328afcd272f969159667135a4f43d40d7771dbcb
SERVER_TRAFFIC_SECRET_0 3c574f5a2168635bad1ab1952a53d47ca3959242d3daf2464b0ccb08582eeca8 70d5eb63bb30dd1ed60b6b9c713b85c00e267ed5eab2d071322da293acd20bc5
EXPORTER_SECRET 3c574f5a2168635bad1ab1952a53d47ca3959242d3daf2464b0ccb08582eeca8 1752169efdd8038722e677221f4204201db0874a9f68b0d5de90569e124d78d4
CLIENT_HANDSHAKE_TRAFFIC_SECRET 2a44b30a31fe2d1e3e54a983a3220bd55db27f34124b08746f20bcffb9db04b8 1e9f1b0b9f8f7c65e393d8d32a5a421234066bd44c77ba7082cfe28a91d933a227f7b8b6a67a1877e1b1c5130d4e248b
SERVER_HANDSHAKE_TRAFFIC_SECRET 2a44b30a31fe2d1e3e54a983a3220bd55db27f34124b08746f20bcffb9db04b8 053ec31b61235cc897689bc7367b3cdc5535be6cfae7bfe90d5c5be089c1d83c438e8b2439443a4167e82fdde8325610
CLIENT_TRAFFIC_SECRET_0 2a44b30a31fe2d1e3e54a983a3220bd55db27f34124b08746f20bcffb9db04b8 8309399ce0a508a1aa5a55f56f734862481cc895c3d50498ece56ee4aca7cb0949a8b8a512d4e152354f78388d99dc16
SERVER_TRAFFIC_SECRET_0 2a44b30a31fe2d1e3e54a983a3220bd55db27f34124b08746f20bcffb9db04b8 47bc181f4182ce389b7d7fc9610919ece36bd7876384365a6f9445eb6f867b12876d616e8a442d6c5842ba4a0e8efd24
EXPORTER_SECRET 2a44b30a31fe2d1e3e54a983a3220bd55db27f34124b08746f20bcffb9db04b8 7d7dffe0847f5a52a1c64ad1367c6a0845b5e5f89d1f0dae3ed51a61adba245fc4000bcd1da1b77a2a7f16ac6fd51498
CLIENT_HANDSHAKE_TRAFFIC_SECRET e2feee72be2ea518f0f471625632e63c6c439fec0894e234cb97b810717c8e52 082420f0c777656b30ef879f244ef8a5287c113d58784efb66154d814dcb31d9d9d3a3fb73d09ce15108212203ed8f89
SERVER_HANDSHAKE_TRAFFIC_SECRET e2feee72be2ea518f0f471625632e63c6c439fec0894e234cb97b810717c8e52 d368b692b5f7f2514c7a0ba459f109df35e175d096a0c23354f58de7e8fe5d651fc18b0b1bc1b9693ebd460943a87fb4
CLIENT_TRAFFIC_SECRET_0 e2feee72be2ea518f0f471625632e63c6c439fec0894e234cb97b810717c8e52 58119b3dec102862dec23a5ccd952915185dfc3388f81ec1c85a15074f9ac573c9beb6847cd6e0b85db59a5bb6b02510
SERVER_TRAFFIC_SECRET_0 e2feee72be2ea518f0f471625632e63c6c439fec0894e234cb97b810717c8e52 cc4ac2ecc340ffc630f5ba6a153e90c3a950c4efb3e90d32d27eb9541885a5823a476e0bc6eaeacb47246ce0c65acd4f
EXPORTER_SECRET e2feee72be2ea518f0f471625632e63c6c439fec0894e234cb97b810717c8e52 28c97ccbbc9689894fedfe11b7d7db1ba0860ed4663fa0666ed4a472fe60b132b47bc6c06ca29d9dcbd7f5300f848e19
CLIENT_HANDSHAKE_TRAFFIC_SECRET 211358c149c91b1b0c43ed29a8752c93a14d8ba05329d4404aa7e18d0ba0e41f 95e52edc221e36afcf7a54ff170e3a067b9b9d0900d36051303d48c5448d196e
SERVER_HANDSHAKE_TRAFFIC_SECRET 211358c149c91b1b0c43ed29a8752c93a14d8ba05329d4404aa7e18d0ba0e41f 548af391d01f5b81d437b040f4a88ebd9c57d620fc339d1a2e2a5c84775f2a18
CLIENT_TRAFFIC_SECRET_0 211358c149c91b1b0c43ed29a8752c93a14d8ba05329d4404aa7e18d0ba0e41f 9896ed21509eeecc6cf51ea2451724796a30cb2899443791e77e2489f57820c0
SERVER_TRAFFIC_SECRET_0 211358c149c91b1b0c43ed29a8752c93a14d8ba05329d4404aa7e18d0ba0e41f 321ed4fffc51e8c2e573104c85af1c4dfb1dbef6378253068292838cdc650733
EXPORTER_SECRET 211358c149c91b1b0c43ed29a8752c93a14d8ba05329d4404aa7e18d0ba0e41f cd0bdd573d623b2c8dcd759a1618335bae4395df2fad0c088e3803413a7d55ac
CLIENT_EARLY_TRAFFIC_SECRET 6fb4c098d015e9e27f4c3e2c602f2bc5f503f490564dd5f1527f528337fa0f6d bbf0dcf7af5690baa5fd2d2345744a6b43d4cf74422fafefebc7d0c4cf35dbe5
CLIENT_HANDSHAKE_TRAFFIC_SECRET 6fb4c098d015e9e27f4c3e2c602f2bc5f503f490564dd5f1527f528337fa0f6d 515b8bfe8ad3a92693b1f96cdc0619726a5e9819ad8fb65701dc9715bb4d515b
SERVER_HANDSHAKE_TRAFFIC_SECRET 6fb4c098d015e9e27f4c3e2c602f2bc5f503f490564dd5f1527f528337fa0f6d 2004901389c3818cdafe55c939332ae42d2695990157d4aa8439258d12c7ca6e
CLIENT_TRAFFIC_SECRET_0 6fb4c098d015e9e27f4c3e2c602f2bc5f503f490564dd5f1527f528337fa0f6d 33a995221beac51e4003a4731dd753754caedbbc18b74c872e8dcce784db37d0
SERVER_TRAFFIC_SECRET_0 6fb4c098d015e9e27f4c3e2c602f2bc5f503f490564dd5f1527f528337fa0f6d cbfcca9ad9e234a255f9dec7c5981b86f6342f1c843a34a8025e27a375dc8ebc
EXPORTER_SECRET 6fb4c098d015e9e27f4c3e2c602f2bc5f503f490564dd5f1527f528337fa0f6d 27bef8266a41c874cac5a1d08079ad6d1a6034da2a7626b2d540bbb115cfa176
CLIENT_EARLY_TRAFFIC_SECRET 8c807c1bda46ef1fae14af278932a8f0b74215279993ea76b02f0834db69e93f 6c2b2145ab40213c770a921fe6f2498494c660391020a250bccb5ea1519f080b
CLIENT_HANDSHAKE_TRAFFIC_SECRET 8c807c1bda46ef1fae14af278932a8f0b74215279993ea76b02f0834db69e93f 090438472af25d5060833ac94b15d1215d4a9a5173248173b5fadcc7d22c8fbf
SERVER_HANDSHAKE_TRAFFIC_SECRET 8c807c1bda46ef1fae14af278932a8f0b74215279993ea76b02f0834db69e93f 56510af6d556f3396c8de38830aba8634e02be950686f21a6267f5b9abfe35ad
CLIENT_TRAFFIC_SECRET_0 8c807c1bda46ef1fae14af278932a8f0b74215279993ea76b02f0834db69e93f b6ecc1da0b99b65a5152cfbab1dcf6eaaf7c8d1eed17f79bfa5d593249b8545b
SERVER_TRAFFIC_SECRET_0 8c807c1bda46ef1fae14af278932a8f0b74215279993ea76b02f0834db69e93f edfd1e1e7443e480f03169457a2423411119ebd8ebb5b3e8d03e3986606af55a
EXPORTER_SECRET 8c807c1bda46ef1fae14af278932a8f0b74215279993ea76b02f0834db69e93f 00299c9470b6a4446dc89df8af19ea6deff7b5f59a9ae708a736a4d60a0bd810
CLIENT_HANDSHAKE_TRAFFIC_SECRET e49891c2dcf1e420cc01190ff0c3a79f1f44dfbc9a61d9d2a5fc6bc5286bacb4 20c91749c7b1ec0b80bb6f90b2caa8e0481e9fea839c4e97cd6d2a6511d12419
SERVER_HANDSHAKE_TRAFFIC_SECRET e49891c2dcf1e420cc01190ff0c3a79f1f44dfbc9a61d9d2a5fc6bc5286bacb4 19a41d2a87f17214e82b4c346e48be12738611dec8373072b946f87791c2f15f
CLIENT_TRAFFIC_SECRET_0 e49891c2dcf1e420cc01190ff0c3a79f1f44dfbc9a61d9d2a5fc6bc5286bacb4 dabf1b797b37a892edd668963dd5c4f5702b05aeec005532fa2c305c777062e2
SERVER_TRAFFIC_SECRET_0 e49891c2dcf1e420cc01190ff0c3a79f1f44dfbc9a61d9d2a5fc6bc5286bacb4 c37136d57f73f99e9c16820ac7d4d1ed36bd8814ed4d07d0da5ee224586eb32d
EXPORTER_SECRET e49891c2dcf1e420cc01190ff0c3a79f1f44dfbc9a61d9d2a5fc6bc5286bacb4 27619039214b83b83db6149e03cb3458b018d94d4fa6f0d05ea726764af9ca88
