CLIENT_HANDSHAKE_TRAFFIC_SECRET d19163f457c00310759f16cf4b16c5e45ecb657ce11182a63e68be7bd71e8503 fa804c97e1fb8ac45bbd4b17a876879997b627bbd74c2d4d647d6e5a60e578fa
SERVER_HANDSHAKE_TRAFFIC_SECRET d19163f457c00310759f16cf4b16c5e45ecb657ce11182a63e68be7bd71e8503 20ff104bb2d892e6235f409c9c61c9624a837b941e2f50b13d23dd63940803e1
CLIENT_HANDSHAKE_TRAFFIC_SECRET 7553e6fdf99cc344165852a79bd4d79453ff17e241c563f90f81b8ca7f6fa018 b0836347459dacfbbd644efedd3556187600d571d8918495222e5b8ea15f8bef
SERVER_HANDSHAKE_TRAFFIC_SECRET 7553e6fdf99cc344165852a79bd4d79453ff17e241c563f90f81b8ca7f6fa018 43e5038091ac32ae490c2bfa8de3474d5dda4a0d4f95964bb32074f6c2bd4df9
CLIENT_HANDSHAKE_TRAFFIC_SECRET da740189fa37f7994ca2a50e99a4135058731f63de1bee185145f0458f449630 3dae10b75355156ffa8c372d1348426328f7092780c52d3057eaa8996b655cc5
SERVER_HANDSHAKE_TRAFFIC_SECRET da740189fa37f7994ca2a50e99a4135058731f63de1bee185145f0458f449630 bef33c52df646e9c14a290df3303e379d0b3defdb8f8a19f413eba1fd9e6b0a0
CLIENT_HANDSHAKE_TRAFFIC_SECRET a88bc2c088e8664092cc288f698d92fd9f65dbbc8632cd202be664828646220f 1a6b5fd2e7734807b2ca72b004c55500beaf3b616de5a56baff691bc7b0e5346e5bcc12d9d80b82c9b5f2d813f91be39
SERVER_HANDSHAKE_TRAFFIC_SECRET a88bc2c088e8664092cc288f698d92fd9f65dbbc8632cd202be664828646220f d147a9951b8ef6adda15c57d5f3a7278aa07e19184f59deea01090f057d0b704a524bc9331086ea3e59e8dcf843ab01c
CLIENT_HANDSHAKE_TRAFFIC_SECRET e31fb11fbc8e3c685fa4b8e1297235e169b806981164c7f537aa7745f2b8868a be9437e6ee878eba8ba4ea5ccd2308a6fff98c20e77401536646dffe6a21588f
SERVER_HANDSHAKE_TRAFFIC_SECRET e31fb11fbc8e3c685fa4b8e1297235e169b806981164c7f537aa7745f2b8868a 99b455251263c4d3ce2f7e1b19e71f0bcfd61064089fb404a87d2d2ef49e2aed
CLIENT_TRAFFIC_SECRET_0 d19163f457c00310759f16cf4b16c5e45ecb657ce11182a63e68be7bd71e8503 65f30a1c0dac784a0881ba5596c5fc87e7ad5ac46d56048b7411e0e3b4b919db
SERVER_TRAFFIC_SECRET_0 d19163f457c00310759f16cf4b16c5e45ecb657ce11182a63e68be7bd71e8503 8fb3712b124ac9973d6dfb605eb0d94a19b5ca1be4ceee9f93eb212ef9b0c5f1
EXPORTER_SECRET d19163f457c00310759f16cf4b16c5e45ecb657ce11182a63e68be7bd71e8503 0ffa060917b88188cef687b8d329682e5be836d284099b29ffe55c2e59a526ff
CLIENT_HANDSHAKE_TRAFFIC_SECRET 7ee62135c2aa5c7caac498226c55a8228d84611753ce863e5a8d3e3796200f42 1773c725df057003d7e4f975aa159c0bffd3368bdc24c931e1055dc1d0253396
SERVER_HANDSHAKE_TRAFFIC_SECRET 7ee62135c2aa5c7caac498226c55a8228d84611753ce863e5a8d3e3796200f42 a0688a539c7518a295b0625a51d4b17be56a1c3202f225f7a7ac60f9d2cce7c3
CLIENT_TRAFFIC_SECRET_0 a88bc2c088e8664092cc288f698d92fd9f65dbbc8632cd202be664828646220f 3b9b2effdb2a9b2bb36df0723f6571270a5d255ab3f20e9be25f524e7058565d3f4d8c8b02fe8c883456388e726cb5e8
SERVER_TRAFFIC_SECRET_0 a88bc2c088e8664092cc288f698d92fd9f65dbbc8632cd202be664828646220f cd2dcc4a1872339f1514354e3771dbb4e91e0bced97888ffe38eb9af0383593c5c6526c007d1dcaa62ced1b404feeefa
EXPORTER_SECRET a88bc2c088e8664092cc288f698d92fd9f65dbbc8632cd202be664828646220f 16217e89935c0e583560fa53d68d94949963394ac269acb33fa98b9aab28490899a329aa36405e23c5e0f457885e9e71
CLIENT_HANDSHAKE_TRAFFIC_SECRET 514d7abb992c05be51bdc5585373fbd12c096eb01ef49d25df41ad210d683170 eb982e2dcc816aaf0cd4216c5df16a77906d36560e0caad1c4c14b068a336c04
SERVER_HANDSHAKE_TRAFFIC_SECRET 514d7abb992c05be51bdc5585373fbd12c096eb01ef49d25df41ad210d683170 c00321bcacc89de4c5734c74875ed178cc3e91869f7dea9dbef022f7e7f72535
CLIENT_TRAFFIC_SECRET_0 7553e6fdf99cc344165852a79bd4d79453ff17e241c563f90f81b8ca7f6fa018 8a21c6ec8ca638862fe7b27f422d98f3d3e7c9cfa70d008709e7f03cf8c1c367
SERVER_TRAFFIC_SECRET_0 7553e6fdf99cc344165852a79bd4d79453ff17e241c563f90f81b8ca7f6fa018 dc73e28adb38b684c3b215cfd6470cb2f126dd0f35d5c1ba3e691edf55a03a0d
EXPORTER_SECRET 7553e6fdf99cc344165852a79bd4d79453ff17e241c563f90f81b8ca7f6fa018 f8913d57586f5c5a956551d43818b21990dafe3bacc0d615cb5c02b4da47c000
CLIENT_TRAFFIC_SECRET_0 e31fb11fbc8e3c685fa4b8e1297235e169b806981164c7f537aa7745f2b8868a f8344aa23402684297695ff60b4d2e46788aa0f15d6f3c4be2ea74b6a2314ec4
SERVER_TRAFFIC_SECRET_0 e31fb11fbc8e3c685fa4b8e1297235e169b806981164c7f537aa7745f2b8868a a3c3962fb76ab26700b29a2b0f34341f0b68556c45233e187b0cb8f0468d8610
EXPORTER_SECRET e31fb11fbc8e3c685fa4b8e1297235e169b806981164c7f537aa7745f2b8868a 8aad700a30583713c408bd51431ba4919bd63b6baf151f97d44995ddc0484dac
CLIENT_HANDSHAKE_TRAFFIC_SECRET 235dc16465fcdea332edd67f84c7b53a7bcea11a4b1ece56ee8df01ed8e6eed2 6facb8dbfa0e9327dd3d05f321bc693a516e1a23ce5aed94e29e397fd0daccd1
SERVER_HANDSHAKE_TRAFFIC_SECRET 235dc16465fcdea332edd67f84c7b53a7bcea11a4b1ece56ee8df01ed8e6eed2 ad9d5d66f1881e1d01db0d95ab501dc9dd39335eba1427373eda5f43e289268d
CLIENT_TRAFFIC_SECRET_0 235dc16465fcdea332edd67f84c7b53a7bcea11a4b1ece56ee8df01ed8e6eed2 b5eea91d2edf8e1385e940d791272148b54fee303fc2cfea674b8348ea48840f
SERVER_TRAFFIC_SECRET_0 235dc16465fcdea332edd67f84c7b53a7bcea11a4b1ece56ee8df01ed8e6eed2 8e036a3ced840d57b7f1c9c973e44007b70bb1ac6cd73a7ce4c236249c48d627
EXPORTER_SECRET 235dc16465fcdea332edd67f84c7b53a7bcea11a4b1ece56ee8df01ed8e6eed2 5ff8f8c656c4bb94987784bd538edc2313c2d7ea93cf375a0f01456df3a9b74a
CLIENT_HANDSHAKE_TRAFFIC_SECRET 7b5faa7bbbe8154beabe6ccabcdc7287ac73d909eae8911c06f11e5ba33213ba ac43b066ca382cf21cb7df44e4eb082138066b4944f4f595c8bf321ce4372db6
SERVER_HANDSHAKE_TRAFFIC_SECRET 7b5faa7bbbe8154beabe6ccabcdc7287ac73d909eae8911c06f11e5ba33213ba 3ad3d4cca79b8416c9895cf15743da1619109e2652fa18a0c50743862d6da6e4
CLIENT_TRAFFIC_SECRET_0 7b5faa7bbbe8154beabe6ccabcdc7287ac73d909eae8911c06f11e5ba33213ba c5512ebdf74dfca9bf3e3466407ccf24344730769f231e3da0fd495ac39d0bb6
SERVER_TRAFFIC_SECRET_0 7b5faa7bbbe8154beabe6ccabcdc7287ac73d909eae8911c06f11e5ba33213ba 37407b60243f6d2bfcfcf27d68d2c5f68a8a01563eeeed42c8b8f376ddfe3d5d
EXPORTER_SECRET 7b5faa7bbbe8154beabe6ccabcdc7287ac73d909eae8911c06f11e5ba33213ba 52ddb21a1386907515e84adcc4b1d9a755db4fbccd1c213aabbc7383789afa9c
CLIENT_HANDSHAKE_TRAFFIC_SECRET b64a5e3589207b87603462b1f42dca5027edac3174ff4d6650048fd99abdf6bb daa60c7d365e8f9b6cfda0c27b17d0cb4a11d6398cacbb48df26abba47a1ccd9
SERVER_HANDSHAKE_TRAFFIC_SECRET b64a5e3589207b87603462b1f42dca5027edac3174ff4d6650048fd99abdf6bb a986f5f7452353595ea6845c10fa4f28c50876842a19acb426196a9e44e44f54
CLIENT_TRAFFIC_SECRET_0 b64a5e3589207b87603462b1f42dca5027edac3174ff4d6650048fd99abdf6bb a1b1fdc938946c6984877e8df1e7f7e62ca905ca930db4d007a10ddd740a04fe
SERVER_TRAFFIC_SECRET_0 b64a5e3589207b87603462b1f42dca5027edac3174ff4d6650048fd99abdf6bb 7c3060ea85601e1d0124af1d681e8be07315f274671e68752a26528f101376fd
EXPORTER_SECRET b64a5e3589207b87603462b1f42dca5027edac3174ff4d6650048fd99abdf6bb 6c5329a7b45bacb5066486b1749200d1060c4ca8d7510a6a1e0a4e8e7a07219a
CLIENT_HANDSHAKE_TRAFFIC_SECRET 888420572e0e1fba04b6d2aa49e134e91b860b623e1ba0f253557051969cf1b2 d3c058834c03259cd3050fc4e49562d8a9bc0df61c9c21775bb3d471a99c1659
SERVER_HANDSHAKE_TRAFFIC_SECRET 888420572e0e1fba04b6d2aa49e134e91b860b623e1ba0f253557051969cf1b2 b94516fe1c7c2759d0613bb005c9a12b5c4326b371b3050fb8cc31f6317af909
CLIENT_TRAFFIC_SECRET_0 888420572e0e1fba04b6d2aa49e134e91b860b623e1ba0f253557051969cf1b2 e7a94ae92dd84a5c1cab5a3bde78b01a0bbdd2a2ba91882f636acd49a306aa3a
SERVER_TRAFFIC_SECRET_0 888420572e0e1fba04b6d2aa49e134e91b860b623e1ba0f253557051969cf1b2 c027a4b4763c125ba251241cbdae0f01dd04db1692f8103976fdc3fc3d9f2beb
EXPORTER_SECRET 888420572e0e1fba04b6d2aa49e134e91b860b623e1ba0f253557051969cf1b2 883ea46be6704e5b7780c97a65382ade3e19535c29ca8088766ada73eb918a2b
CLIENT_HANDSHAKE_TRAFFIC_SECRET 6327a7878354708fdc0fcc8765788441d01d117beb92512f2d465020c5c4b847 b86983207b7697c838ec0c2edd8b7d94ec225358f2d7bea8d6da4576d82b7d66
SERVER_HANDSHAKE_TRAFFIC_SECRET 6327a7878354708fdc0fcc8765788441d01d117beb92512f2d465020c5c4b847 c524b441ddf1a034dc789b4e61b41b3ba1b9aa4e26fca742d13e8b382e41ad04
CLIENT_TRAFFIC_SECRET_0 6327a7878354708fdc0fcc8765788441d01d117beb92512f2d465020c5c4b847 92f2ad76c979c13f0faf3b4489b7e3f54aba1efb8945c3101d2858d4cd0699c3
SERVER_TRAFFIC_SECRET_0 6327a7878354708fdc0fcc8765788441d01d117beb92512f2d465020c5c4b847 6f0eec38628b243a1be3dbf9d30e74b636633d5d62a5bff2350a5f2fb1b1f44b
EXPORTER_SECRET 6327a7878354708fdc0fcc8765788441d01d117beb92512f2d465020c5c4b847 445590bff4b4e6cad3c86474b8fe7f9f01774728387c379e61bbab772c2d8613
CLIENT_HANDSHAKE_TRAFFIC_SECRET 85495894f97ca9adb94049170a5fe9b8fdef0a31e0619a422972db131038d314 df5bbe7b7ed43ed7155d2d7b2017901ceb3a6066658adec4bd98f35f0ca3b28f
SERVER_HANDSHAKE_TRAFFIC_SECRET 85495894f97ca9adb94049170a5fe9b8fdef0a31e0619a422972db131038d314 5f7de0906ea0b236294d597fde849fda73761a727c2f50cd5adda01a624a9a18
CLIENT_TRAFFIC_SECRET_0 85495894f97ca9adb94049170a5fe9b8fdef0a31e0619a422972db131038d314 83eebd7809471f872a4e3579905117525dc2d63b9cc2790cfd140515b1c296e9
SERVER_TRAFFIC_SECRET_0 85495894f97ca9adb94049170a5fe9b8fdef0a31e0619a422972db131038d314 0522b727cb473bf570e1bf704e1fa794f8fc8772b948344937b6135b459ff64f
EXPORTER_SECRET 85495894f97ca9adb94049170a5fe9b8fdef0a31e0619a422972db131038d314 d2399b310e601a233b1e4d1afee4361cf5a153dcf6f2cd25d62b07e96c1f45e9
CLIENT_EARLY_TRAFFIC_SECRET 9e5c27dc9ab3a3ad4253d56688c8c7aea5bfa401350ae1b1c23f6b0bc35f1ba3 c7bef8a57b44f89abdfd2d78e0fd876be06e1b41682b0d97f796a652ab585daa
CLIENT_HANDSHAKE_TRAFFIC_SECRET 9e5c27dc9ab3a3ad4253d56688c8c7aea5bfa401350ae1b1c23f6b0bc35f1ba3 e9bb1dbf8172031926ede94866cea02045c02fa6775870f5cbc017da02baeb5c
SERVER_HANDSHAKE_TRAFFIC_SECRET 9e5c27dc9ab3a3ad4253d56688c8c7aea5bfa401350ae1b1c23f6b0bc35f1ba3 df79760cac446e1eaf90686d0ed101781953c142a48ae4018a43facb8593cb2a
CLIENT_TRAFFIC_SECRET_0 9e5c27dc9ab3a3ad4253d56688c8c7aea5bfa401350ae1b1c23f6b0bc35f1ba3 03ae965157d8f78654df41fe425ed9d03caa9f58953b4d1086fd4e689329d342
SERVER_TRAFFIC_SECRET_0 9e5c27dc9ab3a3ad4253d56688c8c7aea5bfa401350ae1b1c23f6b0bc35f1ba3 e86b9c8ce5e5d24c17bac8f391b41f7fc703e66580ddb021d6033997a4195c3d
EXPORTER_SECRET 9e5c27dc9ab3a3ad4253d56688c8c7aea5bfa401350ae1b1c23f6b0bc35f1ba3 b15cf5fb4070ebdf6baaf9f58f2037f4242772961fd5e46f1e7aca70e279c827
CLIENT_HANDSHAKE_TRAFFIC_SECRET a78b38632fdee41d01d93d89df800aa24ac7834ac300f8fe448550a59497ce73 9944a2b2ab5e72404f97fbae17e2de0a137694483b67171e8b691e0b759c53c2
SERVER_HANDSHAKE_TRAFFIC_SECRET a78b38632fdee41d01d93d89df800aa24ac7834ac300f8fe448550a59497ce73 7a1e4dfaf37e150d46b62996cec58de16b653b5516029288cf7861b2e369d555
CLIENT_TRAFFIC_SECRET_0 a78b38632fdee41d01d93d89df800aa24ac7834ac300f8fe448550a59497ce73 f08c47be3b383b1bc19f7efb06e594a17612bcc77bbe07e77da58b6a1a645614
SERVER_TRAFFIC_SECRET_0 a78b38632fdee41d01d93d89df800aa24ac7834ac300f8fe448550a59497ce73 14ec89dc4e1d654826d815d36f22011d8fee4ea6e6639626f4c24b3d417f9f1d
EXPORTER_SECRET a78b38632fdee41d01d93d89df800aa24ac7834ac300f8fe448550a59497ce73 eb07df1913edc6e3960215020113660a38ad56fc2b6347de9f9e0fe0135d4ee1
CLIENT_HANDSHAKE_TRAFFIC_SECRET 58f06eac70a8c8b4f14cfaeae248577ddafd993e3e7709dc5d2b86a0c27eecc4 71d7224a6b0d95be58fee5d5eed48a2ebeac940aa37aae27a9c4165152786f5f
SERVER_HANDSHAKE_TRAFFIC_SECRET 58f06eac70a8c8b4f14cfaeae248577ddafd993e3e7709dc5d2b86a0c27eecc4 4c273d202957050156e931a57f59863a517722614663754b976bb7dfa669834f
CLIENT_TRAFFIC_SECRET_0 58f06eac70a8c8b4f14cfaeae248577ddafd993e3e7709dc5d2b86a0c27eecc4 5975d050db7c6e7997940f689923e065d7f21d23803dc0147bac1fe791321e6f
SERVER_TRAFFIC_SECRET_0 58f06eac70a8c8b4f14cfaeae248577ddafd993e3e7709dc5d2b86a0c27eecc4 807a34e1a4fe0157045c0b778f4e5d3cdf53d691bcc6beb67f669acfa9aec85f
EXPORTER_SECRET 58f06eac70a8c8b4f14cfaeae248577ddafd993e3e7709dc5d2b86a0c27eecc4 1aa03eb59188dc647651bc4e7ec6443ae4a97cc34bbdb422be03f3100510f3a7
CLIENT_HANDSHAKE_TRAFFIC_SECRET 45ea3907e177379d17190d686157ba11d431927b34be4c342b5bc9355437ee83 068a4b8b6dc770fb0b1234c5613ae04794c05af7521d3dd4c8e2a5640a88a3b2
SERVER_HANDSHAKE_TRAFFIC_SECRET 45ea3907e177379d17190d686157ba11d431927b34be4c342b5bc9355437ee83 e9014d431226e99fe03e8a690fbbba23355e2faca341a00ffafad264e9217ae9
CLIENT_TRAFFIC_SECRET_0 45ea3907e177379d17190d686157ba11d431927b34be4c342b5bc9355437ee83 5fe89108c33caecd1f49a736f2a96cd6cb4f155785d4c7775a7ef937e2098916
SERVER_TRAFFIC_SECRET_0 45ea3907e177379d17190d686157ba11d431927b34be4c342b5bc9355437ee83 ccb922752d50f869c0ea46e6809d30352512a163cadca7b23cd0a8327b07c9d3
EXPORTER_SECRET 45ea3907e177379d17190d686157ba11d431927b34be4c342b5bc9355437ee83 6cc59a03f2e76068555aba64ab8830c80e0a52b8ebfdcbd55aae534ea495d418
CLIENT_HANDSHAKE_TRAFFIC_SECRET 0b8044deeec34df009003bb4c5eb4772f0d0ba467a0d436069162a564e082f05 3c3c570763debf8d324a3543e86bbcf84f1eca0561cb260d40db717488a3e93a
SERVER_HANDSHAKE_TRAFFIC_SECRET 0b8044deeec34df009003bb4c5eb4772f0d0ba467a0d436069162a564e082f05 fcb7ce9dfc7d2d72d89be0370f6f243eb845f85b087885f27096bf02b729c4f6
CLIENT_TRAFFIC_SECRET_0 0b8044deeec34df009003bb4c5eb4772f0d0ba467a0d436069162a564e082f05 b9f6cacb42c4bd8de8af4bcadc6bbe833234ec092a375e0e33a80f715e4d479e
SERVER_TRAFFIC_SECRET_0 0b8044deeec34df009003bb4c5eb4772f0d0ba467a0d436069162a564e082f05 6ce6ea3dd3ad3ce63a2c8143f566e9291c9458fd60bf5843fe8868acc5412925
EXPORTER_SECRET 0b8044deeec34df009003bb4c5eb4772f0d0ba467a0d436069162a564e082f05 a13400595bd1425d42a7b0274ccee27792063f6e657f56466d4ad66187528e3b
CLIENT_HANDSHAKE_TRAFFIC_SECRET 518e8662d5040893461e98f2de11316b5dfe92e04d54860f700d0edc55e92829 200066808ae9586e2bc7cf60f62378642073ac9a0e4139cc235f9c6e4e97a3cb5aaa6d52f78a18961dee4d1920eb570f
SERVER_HANDSHAKE_TRAFFIC_SECRET 518e8662d5040893461e98f2de11316b5dfe92e04d54860f700d0edc55e92829 0d4aad34f801000aa80fb6dd5ec56683c1a423b7cd9aa48bac678ccec1fdaff1100fd7e8894800d5d063e7c67161593e
CLIENT_TRAFFIC_SECRET_0 518e8662d5040893461e98f2de11316b5dfe92e04d54860f700d0edc55e92829 0441eba7ecf1f1a873a9462435396a99d1de1587a626558ffd8eee6f26ac899f2f1aef159de903ec0b7571c8930fc711
SERVER_TRAFFIC_SECRET_0 518e8662d5040893461e98f2de11316b5dfe92e04d54860f700d0edc55e92829 9e03f9bb551ce823e44c4b70b38e06c8ee712d41fa023f6a9d564a555b490baae159152f1a835ea15141585c7a08cdca
EXPORTER_SECRET 518e8662d5040893461e98f2de11316b5dfe92e04d54860f700d0edc55e92829 0c674069028f5bd0186a025c4b3e6bcb0e64edd53c539cf89a740cd42baeb99a1e6cef3281b265818bb80ca124d9de30
CLIENT_HANDSHAKE_TRAFFIC_SECRET 4114c7fcbb4c035d1a0334b93bc7ec28f1e2c122471bebb7847d039ccfc53447 7df1a20d980f574554f28cfd3ae7ffbeec0ba1778cf46217d5de6eb6ab51b360
SERVER_HANDSHAKE_TRAFFIC_SECRET 4114c7fcbb4c035d1a0334b93bc7ec28f1e2c122471bebb7847d039ccfc53447 f3e1750f0cc2f71e17b695195b0142e45291d5b3d084ac42820d1bd1e352dcc7
CLIENT_TRAFFIC_SECRET_0 4114c7fcbb4c035d1a0334b93bc7ec28f1e2c122471bebb7847d039ccfc53447 ae058b202a055e47f5078fcd3542c6626b8f0bf9b5c3f4e76a05704e50e4fa1e
SERVER_TRAFFIC_SECRET_0 4114c7fcbb4c035d1a0334b93bc7ec28f1e2c122471bebb7847d039ccfc53447 beda3fd8084f002a7c22567c10f633e4b8457e1f4713a6310f4f45262598f2d6
EXPORTER_SECRET 4114c7fcbb4c035d1a0334b93bc7ec28f1e2c122471bebb7847d039ccfc53447 c49cd9e1ca93da3e1fe522392b178d3060d46434345da589947680d89065072a
CLIENT_HANDSHAKE_TRAFFIC_SECRET af9ddd02669c54e6aa5cda6cf6f88e2588f06be00f39ee2ba5aa0ce687de8ee8 0b5e787a959d293504444cd2271d0f324428a0e92bd1028bfcb85e1336b1f49dc9f9391f701488075c6c12a4ceebdce0
SERVER_HANDSHAKE_TRAFFIC_SECRET af9ddd02669c54e6aa5cda6cf6f88e2588f06be00f39ee2ba5aa0ce687de8ee8 2dd26728ef36e385f6302fca3720a4a89b09a090020ea53676c3bf694ed2fcb2ac0bf4950815e0f5016ee9e62ae7da04
CLIENT_TRAFFIC_SECRET_0 af9ddd02669c54e6aa5cda6cf6f88e2588f06be00f39ee2ba5aa0ce687de8ee8 37d254dbf4671fc441ada77d043cab1b370d7939b133a4d203a10d9bbb24bac029ffa686f150209368ff6972045c3ab2
SERVER_TRAFFIC_SECRET_0 af9ddd02669c54e6aa5cda6cf6f88e2588f06be00f39ee2ba5aa0ce687de8ee8 0dcd2ed50a8eb97a5ea0ddfe9014ebeb9568a671b1da010cd8f42f136abbc2825cc302f63618943d81786c5ab8efbf43
EXPORTER_SECRET af9ddd02669c54e6aa5cda6cf6f88e2588f06be00f39ee2ba5aa0ce687de8ee8 80021d85dbbd41d63fc8c284f3854fd9dcda94ce8a3418689dc975e8b9b45107abb247af26882ced14e5db60c4f50f94
CLIENT_EARLY_TRAFFIC_SECRET e48a5afffbcae888f847c7acade357f91907053d645edea41c31efed0e955235 ef2c962471626cde69c8aec94f8c3ca4cd87d265b4c863802d7d84fe37f91dd0
CLIENT_HANDSHAKE_TRAFFIC_SECRET ca1a648c9ff5b39b70f1ad30a9b76b4a7ee97954c82a009458edb81d95e18396 22c422ff7cba77fcc8295d2d8fa902f5d72f5382a18e5ceeb5e015585c85305f
SERVER_HANDSHAKE_TRAFFIC_SECRET ca1a648c9ff5b39b70f1ad30a9b76b4a7ee97954c82a009458edb81d95e18396 d3421cdae19d477af2d3abb933621afabb58acb1a1348bbb597fc991d9c4ad1b
CLIENT_HANDSHAKE_TRAFFIC_SECRET e48a5afffbcae888f847c7acade357f91907053d645edea41c31efed0e955235 5ca1e36467374a195546ac602e19241259e1604636dd3f40c9ebd9328ea72a7f
SERVER_HANDSHAKE_TRAFFIC_SECRET e48a5afffbcae888f847c7acade357f91907053d645edea41c31efed0e955235 a3f206ab3b39467153b6da4ecc744ed3a1e407901c7dfe9e7edaf92610c3d952
CLIENT_TRAFFIC_SECRET_0 e48a5afffbcae888f847c7acade357f91907053d645edea41c31efed0e955235 1941fabe4a9b14148787564b22110557b80020454ae5a7e57b7d1a652b6fe97e
SERVER_TRAFFIC_SECRET_0 e48a5afffbcae888f847c7acade357f91907053d645edea41c31efed0e955235 621401f3aa1cb624d541c5e73ec2f9db87cdbbc9f4c77866cb3d2cbfea7dd13e
EXPORTER_SECRET e48a5afffbcae888f847c7acade357f91907053d645edea41c31efed0e955235 6386618205774dae93a1020410b5cba4373b6b0767288e4a83097316df160b7c
CLIENT_TRAFFIC_SECRET_0 ca1a648c9ff5b39b70f1ad30a9b76b4a7ee97954c82a009458edb81d95e18396 7b1d120a3c46bd78363a45e2ec90fe4e0c2b049ee6e84b933bd8e61aca5b5082
SERVER_TRAFFIC_SECRET_0 ca1a648c9ff5b39b70f1ad30a9b76b4a7ee97954c82a009458edb81d95e18396 e5fb2ec48f1336214393d267bb9df430d03c5ddaa5d3270da7aae766b940acb5
EXPORTER_SECRET ca1a648c9ff5b39b70f1ad30a9b76b4a7ee97954c82a009458edb81d95e18396 71f4dcbd4064cfedf3ce862adcaabbcc352b0b9e02bd0544c1d481ad02429758
CLIENT_HANDSHAKE_TRAFFIC_SECRET 6a0562dc82664a69482ed86bf4eb8141b41c1d0c9bf4d02f21c291a150a4d2b6 895d5f71ad696940130664eda3e00a761610cb82ab393304dbd9ecfcd163c4b0
SERVER_HANDSHAKE_TRAFFIC_SECRET 6a0562dc82664a69482ed86bf4eb8141b41c1d0c9bf4d02f21c291a150a4d2b6 0c7fe6bfc3f7dd0569123dde2e290d01acb99cda943f802b9b1e711070da49e9
CLIENT_TRAFFIC_SECRET_0 6a0562dc82664a69482ed86bf4eb8141b41c1d0c9bf4d02f21c291a150a4d2b6 67fa6f045c8800505890e4776efe81119040456400e0ccc0487544c51bcaa1a0
SERVER_TRAFFIC_SECRET_0 6a0562dc82664a69482ed86bf4eb8141b41c1d0c9bf4d02f21c291a150a4d2b6 06569ddc6efa7d3d49cf36a0f936275d40a7c1be72d67de53317ccb0f9efd7e8
EXPORTER_SECRET 6a0562dc82664a69482ed86bf4eb8141b41c1d0c9bf4d02f21c291a150a4d2b6 5e6e6fbafc63b1d46267eda0965d7b9a6a303f800bdc6bdeb7bd8dc87d870579
CLIENT_HANDSHAKE_TRAFFIC_SECRET 409b1f0a2530e5c225d30c59044e0f02e23e027247926a78cb89bae23995bae1 aa5054d9b9e8c28adc0037d6810773fb0f7607c31b41e36ec244322a3440d404fc30339fbce43790324c3123b8843509
SERVER_HANDSHAKE_TRAFFIC_SECRET 409b1f0a2530e5c225d30c59044e0f02e23e027247926a78cb89bae23995bae1 e02290a82613a058854a03ab2c971828efffd6d18555364241f974633040467c610bd9815531624e9ff55d03526244f9
CLIENT_TRAFFIC_SECRET_0 409b1f0a2530e5c225d30c59044e0f02e23e027247926a78cb89bae23995bae1 859181ac47a347bbfd0f83dbe06af9cf52db271fc64787a07ddcbe05e4629d38362fc1cb85ce7790361fefb01157a205
SERVER_TRAFFIC_SECRET_0 409b1f0a2530e5c225d30c59044e0f02e23e027247926a78cb89bae23995bae1 cce2f308a119e571cf0d4c244ca02c42b19afbfef629424b8ebeda3d3cac2b9a37ce6a4bba90f92b8d1008e93a7ddfc0
EXPORTER_SECRET 409b1f0a2530e5c225d30c59044e0f02e23e027247926a78cb89bae23995bae1 ff523225e8e81452832131a6a1bdb20d563fcbcf77b47bbfb2203ddf19d5ed27ae9d2145187860ab1284a8bcb5a14d87
CLIENT_HANDSHAKE_TRAFFIC_SECRET 3def2f14cab61db682f4f0ae4220f07d947bf0092bc02254b6347c921897ad9b 820b0d469f1c0302c939367dd0f3ef0cd7c7b0c1e89d5bf42b48ffb455beaa26
SERVER_HANDSHAKE_TRAFFIC_SECRET 3def2f14cab61db682f4f0ae4220f07d947bf0092bc02254b6347c921897ad9b 573b01983ba225c2b5aa9a71f4c2d57b2536e9aa5213d72857ce95e530891ea1
CLIENT_TRAFFIC_SECRET_0 3def2f14cab61db682f4f0ae4220f07d947bf0092bc02254b6347c921897ad9b c50dac7929d021e55fd04f0e06f847b535385676fcafb3248f72f34e065f4a5a
SERVER_TRAFFIC_SECRET_0 3def2f14cab61db682f4f0ae4220f07d947bf0092bc02254b6347c921897ad9b 66307aeb326d9647adb229dbde87cc4aa6a68741d74458455912622e84a7977e
EXPORTER_SECRET 3def2f14cab61db682f4f0ae4220f07d947bf0092bc02254b6347c921897ad9b 6047abb4ff5cb10e2737fe7db89e7c26deb12e137580a8c6badb6622f5d69c2a
CLIENT_HANDSHAKE_TRAFFIC_SECRET b09e2f354cff7f83a9db62d63cf9ca2cc9c5ff5deb46bcf592e006803b944967 42f0b62623fece63bf0556e006b249a2505a683b08de08850df1baf590c0c0db
SERVER_HANDSHAKE_TRAFFIC_SECRET b09e2f354cff7f83a9db62d63cf9ca2cc9c5ff5deb46bcf592e006803b944967 033cc0f52ebfb7476eba530605ccf0b3ac1cb5b1d409bc9b68661e31e2f5fa97
CLIENT_TRAFFIC_SECRET_0 b09e2f354cff7f83a9db62d63cf9ca2cc9c5ff5deb46bcf592e006803b944967 2ba9ef96358f78ec8e80536d56d701f7d6147448b9afac588e33f98b95b7340a
SERVER_TRAFFIC_SECRET_0 b09e2f354cff7f83a9db62d63cf9ca2cc9c5ff5deb46bcf592e006803b944967 d7d1140a66721bee5b8c44154a13c6baa1b37d1d5bb34c8a01d7a0edfdda2b8f
EXPORTER_SECRET b09e2f354cff7f83a9db62d63cf9ca2cc9c5ff5deb46bcf592e006803b944967 e2e2ab16e50f8aca34065a1273db2c1e5de434b4952d79f7523b09fb2e2fefed
CLIENT_HANDSHAKE_TRAFFIC_SECRET 567677c20afc179c0d1fc6616c67ed56fd7bd3197575071fb0e71ecf0eee5fe7 c80d71e50a72f9b23dd401e3d1a30a3098bcbf88182d75d41d9b643980cce7a94154c56df34b1d05a2badbb8903c28e8
SERVER_HANDSHAKE_TRAFFIC_SECRET 567677c20afc179c0d1fc6616c67ed56fd7bd3197575071fb0e71ecf0eee5fe7 4ef75a751e3bf0f545b7c6eedaa8276bf3f36097b22331eacdbb2befa2949c90fe13dbb18d3b1025caa107f97271cddd
CLIENT_HANDSHAKE_TRAFFIC_SECRET 0751fb1bc7b24f6a4c6086ff51cad75840e9ac8f0fa6315792023f1b8061d77c 5dd2d783cfc872b91fc3fad349299c4b5afc3a936daf4d13cb6f79a2218af670b1a427547eeea8d1a7756b4cc9453c0d
SERVER_HANDSHAKE_TRAFFIC_SECRET 0751fb1bc7b24f6a4c6086ff51cad75840e9ac8f0fa6315792023f1b8061d77c 4f9042b886e03cba4267fd2cfc9af4d05079ccfc91c571f179e3ad356c8a19d3d4b12af9b21adde8fda7c049adb3ab43
CLIENT_HANDSHAKE_TRAFFIC_SECRET 7585aba6d3ac2f09fc86612e41016fa052cc1d95c6370993d101d17fbf1c81ae c5a3ffbe585d284add838b58f35fb7aa6272126093ad321dfa0e1627156eb91a02a6e88dcd8cdacd8e3e9b716a80ee2c
SERVER_HANDSHAKE_TRAFFIC_SECRET 7585aba6d3ac2f09fc86612e41016fa052cc1d95c6370993d101d17fbf1c81ae 939fb9d6dc299493bcd9fba2ad7d9a7ebb1c034f5a265a2913cc3fb4457dbe2b31342346b2d064d49e8449cd15afd552
CLIENT_TRAFFIC_SECRET_0 567677c20afc179c0d1fc6616c67ed56fd7bd3197575071fb0e71ecf0eee5fe7 d39c724d49bafb6eab2d5ee9ee63c3e319e545e1083f6922ca3e28ae498336a1d81f5cf87596dedb5f4f6f93e5175636
SERVER_TRAFFIC_SECRET_0 567677c20afc179c0d1fc6616c67ed56fd7bd3197575071fb0e71ecf0eee5fe7 6f5251ac9709fd6738ce8b201b44cc24911ecaf5533c799d2c0759b5655fc1c17887414356e8de5d0f4a71fdbaa53c89
EXPORTER_SECRET 567677c20afc179c0d1fc6616c67ed56fd7bd3197575071fb0e71ecf0eee5fe7 6545faf8569de1b3cb9c92abf56561d8779b95e36f9f7bce298e21a9a6544d185a0dec2e502b584aeb4e3a404fd24141
CLIENT_TRAFFIC_SECRET_0 0751fb1bc7b24f6a4c6086ff51cad75840e9ac8f0fa6315792023f1b8061d77c 59f3777e6c32a328910843a8d6827f75f985957f14372f6bddbd43425f5d4c6b8f3adb50a4148e63de499215ece508c0
SERVER_TRAFFIC_SECRET_0 0751fb1bc7b24f6a4c6086ff51cad75840e9ac8f0fa6315792023f1b8061d77c 6c1410ee9bfe97fc767cdcfa1f7fac0c0f3373c2926a5e24ca7aa8dfd05eb560c0a46115f951d82d213c3741a97323b9
EXPORTER_SECRET 0751fb1bc7b24f6a4c6086ff51cad75840e9ac8f0fa6315792023f1b8061d77c 42db54aa0988af67b9f0e029e3ab4c8e03e5ef578a5660226336945aa8a332196470c2253d6d2c14c3d982a65951c1ba
CLIENT_TRAFFIC_SECRET_0 7585aba6d3ac2f09fc86612e41016fa052cc1d95c6370993d101d17fbf1c81ae 1f86d19c237063746c6a1b697ebe610c15566224c6a7dbb107cb13967d1a9ff51e43ade0760956c10a3f6a2b3fe6ae3a
SERVER_TRAFFIC_SECRET_0 7585aba6d3ac2f09fc86612e41016fa052cc1d95c6370993d101d17fbf1c81ae c5a11f46b9e30d0187482b9306251f695376f450fd58e65c83ba94f84a0492a181f1cd66e7e8b45761533f1f0909c663
EXPORTER_SECRET 7585aba6d3ac2f09fc86612e41016fa052cc1d95c6370993d101d17fbf1c81ae 19d4d5a1b2861d24cdc26b68925f706012c25d42105ea6c0e5dd580bdda895e22624383acd90e41afa8902abaad866b0
CLIENT_HANDSHAKE_TRAFFIC_SECRET 8702102fc09526f8587c2d12a0756417db3402d294b6dd1296f711b486692589 443928fb28f32315061ed3621cd7317fc1636c208c121088bfa39ac6d43d3381de39e1b445c543503d2068b18458be04
SERVER_HANDSHAKE_TRAFFIC_SECRET 8702102fc09526f8587c2d12a0756417db3402d294b6dd1296f711b486692589 db8812e701ef979e0219f755392146e69799c2ad789827b74368eaf4ea7be6dea938d9ea4a854ac38e99f86bd5ecc26a
CLIENT_TRAFFIC_SECRET_0 8702102fc09526f8587c2d12a0756417db3402d294b6dd1296f711b486692589 89da311eca822178ee9139d8f506fb500d071779e7c0f300f8624c73bb287a142b15b6e61a5bb83715fc7621e2b2cb5c
SERVER_TRAFFIC_SECRET_0 8702102fc09526f8587c2d12a0756417db3402d294b6dd1296f711b486692589 7ce87d851a49b31374bb5e1cd7c2bf973b9535a7c6d86a933911ac80c9e0ebb267c720c84d1de690045c9d3938536067
EXPORTER_SECRET 8702102fc09526f8587c2d12a0756417db3402d294b6dd1296f711b486692589 3d0eb7a5b41a83ce807aada970d56e2e10ad07d07734cfcc66679ef24354b8c87340061b61ea0af9963fc8323a0978eb
CLIENT_HANDSHAKE_TRAFFIC_SECRET 74bb1bd5c8b789cd595cd3802d4a887d23df713c8783d1678e12388dea18a567 4f6d62cdfa2194bbc59f0e14c4997ba25e9acab473250eb164e83c8b0abf74cfb3cf7d4e51af4ed81c6f3c5d8d0fe09a
SERVER_HANDSHAKE_TRAFFIC_SECRET 74bb1bd5c8b789cd595cd3802d4a887d23df713c8783d1678e12388dea18a567 c48d82538e8a855148b0b481df77672c266be4309f42d22484cd51b91105af755744f90491cd097e719a8e530bf29996
CLIENT_TRAFFIC_SECRET_0 74bb1bd5c8b789cd595cd3802d4a887d23df713c8783d1678e12388dea18a567 620769d8bd7b5ccbb22ceeee7a2850de422ade4beb8a1bd956fb987c67f1be2444272528beb248422068c2d4d52743d7
SERVER_TRAFFIC_SECRET_0 74bb1bd5c8b789cd595cd3802d4a887d23df713c8783d1678e12388dea18a567 8a5dc8603a7fdcca7ec299998f4d40bf59cee787b90c0f6a9fbfd54b97cc1f947b310db8ad93feec032064cab33fe552
EXPORTER_SECRET 74bb1bd5c8b789cd595cd3802d4a887d23df713c8783d1678e12388dea18a567 0652e9b6e7acbc411e7136f7214b16d0522caf9aa156aacbdcf6e8f3bc44aa6b61c3af273f1f7b598e1776ca01cbee09
CLIENT_HANDSHAKE_TRAFFIC_SECRET b08b64e9e5003ae0a31cbbf8e8ff0729a275d48c28e549d37a03309838359dcb fc9fba7586ba06559d1c8546832103ca9639c3610d745342a55a6fa9ab59a5f3
SERVER_HANDSHAKE_TRAFFIC_SECRET b08b64e9e5003ae0a31cbbf8e8ff0729a275d48c28e549d37a03309838359dcb b94ce2fd640a825cdaaf72ea95d72e3d42aa15b23788b84a4a7c1a00ba7300de
CLIENT_TRAFFIC_SECRET_0 b08b64e9e5003ae0a31cbbf8e8ff0729a275d48c28e549d37a03309838359dcb f7b8c8857c657a4b383373e90dbabd7fad36d899942a668b28839780c6b1b19f
SERVER_TRAFFIC_SECRET_0 b08b64e9e5003ae0a31cbbf8e8ff0729a275d48c28e549d37a03309838359dcb 5efa28256b0fb68558c82aae8343fc45a2e789a8958248dbfb30473401f105a4
EXPORTER_SECRET b08b64e9e5003ae0a31cbbf8e8ff0729a275d48c28e549d37a03309838359dcb 8529059c4a2cf738844a75bd73cb6fb9bb22e52bf191b85b888a2993d3017c1a
CLIENT_HANDSHAKE_TRAFFIC_SECRET 8a1c158d3c8556838267a3c61c48745f6eaf3578314894f969f30659afde5e59 66113ce123fa98099755771f2b7148604ad5791fdd6e29c7ff575a8b134f687c3f6eb142e9a4c1e89560e8af86fdd029
SERVER_HANDSHAKE_TRAFFIC_SECRET 8a1c158d3c8556838267a3c61c48745f6eaf3578314894f969f30659afde5e59 6b7ccb02a2356d85e9d9e3c51c4517d7c7491f4944c0ce592e6af802381b7e2fd669d38d3c7a9ab3b36bab62491847d5
CLIENT_TRAFFIC_SECRET_0 8a1c158d3c8556838267a3c61c48745f6eaf3578314894f969f30659afde5e59 0db90e5c04d9b0870ace12b82cb9b9c25d8d9f0e7e8ea45d85a2dc539e8a85538f5dcecd35f16312d93e7a508f4db3bd
SERVER_TRAFFIC_SECRET_0 8a1c158d3c8556838267a3c61c48745f6eaf3578314894f969f30659afde5e59 36993d4b1dcc1a12a16b61ef0d3aa408186c55c63be5e6b9c57373f19ceadc8505ebc64c066ebb370f5353198819800a
EXPORTER_SECRET 8a1c158d3c8556838267a3c61c48745f6eaf3578314894f969f30659afde5e59 736df086822f3237ad5b005dd434e4199d24c9c1da1c5bd0341c55607273259d2955b5d9b84c194776fbda28df3ddb35
CLIENT_HANDSHAKE_TRAFFIC_SECRET 9db7e4e67c5194c7fc960e28d36d82e9c0cc184875c6d838dcb19ce0849cbcd4 c08f2afdef47fcb13fa845b0d76f4b47f6768a08c0a9680b5cdfe975f7781faa8f9c6f252f6ad9a0f03eaadd2ecb30e1
SERVER_HANDSHAKE_TRAFFIC_SECRET 9db7e4e67c5194c7fc960e28d36d82e9c0cc184875c6d838dcb19ce0849cbcd4 eeca11fb635c8abecdb1a4ca018f1afc4d701229279330bbcd6f35f1b0a0050611084f8f333a5e3972a1ed058a8d1a99
CLIENT_TRAFFIC_SECRET_0 9db7e4e67c5194c7fc960e28d36d82e9c0cc184875c6d838dcb19ce0849cbcd4 966923b99dad992d7c408069331c82ce36632206b83825512a8402011e5a8a47c03ac1913c3bc5b380f9d19818d481e9
SERVER_TRAFFIC_SECRET_0 9db7e4e67c5194c7fc960e28d36d82e9c0cc184875c6d838dcb19ce0849cbcd4 a11161752f2cdaa173fab493ec9d631b37d2247a2163b23e925ab12c7852bb7b5e84fe1acf796ce274257976637b4ca6
EXPORTER_SECRET 9db7e4e67c5194c7fc960e28d36d82e9c0cc184875c6d838dcb19ce0849cbcd4 02d8b57b9d3575fe2e6e95e5bdbf090afb24d52e704ec711987ffb8da9ab4713d003b0c72a77cf1a8f2826724fe821a8
CLIENT_HANDSHAKE_TRAFFIC_SECRET 54b9301e39827a3735d8c18a85d9ea65a633e3aa980551b5f3ae5d5e5b8544c4 05d32d497a517a1179ccc4adb53555e5e6fa8c3c3f3ff61f2734bc802df04e8b
SERVER_HANDSHAKE_TRAFFIC_SECRET 54b9301e39827a3735d8c18a85d9ea65a633e3aa980551b5f3ae5d5e5b8544c4 b6315c5f8c43e4ed0e307cd313032dce7efcce613b9e7202ecbbef1610a88f42
CLIENT_TRAFFIC_SECRET_0 54b9301e39827a3735d8c18a85d9ea65a633e3aa980551b5f3ae5d5e5b8544c4 94ee77dc9aff854196489be8e5d9aa1806ec540eac455c5d9864a2c0e9407b71
SERVER_TRAFFIC_SECRET_0 54b9301e39827a3735d8c18a85d9ea65a633e3aa980551b5f3ae5d5e5b8544c4 f53963ca78b81d62bd36f3c683e1c8361cd59dc8c872485e45a7cf9308e1f8eb
EXPORTER_SECRET 54b9301e39827a3735d8c18a85d9ea65a633e3aa980551b5f3ae5d5e5b8544c4 24e740730236b2022f3cab7ae1a589aa3d81f450ae16f426c0f20d219d53c1a9
CLIENT_RANDOM 00fa6fcb3faabf1b9d43bd0c30e934793d33bb2b5d4fa8ff1bd417eb33c1c396 dc737efed9a628b2b49cacaa4d598d3ea8152b33c0c73087b8f6d53324baa694bcd42fb129416f14ee32430dc8bd0ec2
CLIENT_HANDSHAKE_TRAFFIC_SECRET 2ff7e7e3c2a243ab38ce95af71b02d9356fab2aca045cd121c943b3cfef0fce2 91cfbdc7f01a8ac6560a9e443359ad010425d2993e1bfb50007313dd454d3c4fbf020980b21380d8f426f3472f5fec15
SERVER_HANDSHAKE_TRAFFIC_SECRET 2ff7e7e3c2a243ab38ce95af71b02d9356fab2aca045cd121c943b3cfef0fce2 17e6c8a0c2d4eaebacd84a1e15f54bc68daca7badd35e97b680dc3d54fe7a5e20f6de4d51ba3384f478ce71f8fd836e4
CLIENT_TRAFFIC_SECRET_0 2ff7e7e3c2a243ab38ce95af71b02d9356fab2aca045cd121c943b3cfef0fce2 1d13b519b877f58c500b43618c684556b621301ec229057bd6d1c97e90052406da38994b552306240f9517df5124afdf
SERVER_TRAFFIC_SECRET_0 2ff7e7e3c2a243ab38ce95af71b02d9356fab2aca045cd121c943b3cfef0fce2 9c4745a8ba22a4788a4ffabb447e76ed90b76f8c7552a4f2cfbdb803e2ca81b76aa62595a258c3d84b07dc805e037a09
EXPORTER_SECRET 2ff7e7e3c2a243ab38ce95af71b02d9356fab2aca045cd121c943b3cfef0fce2 504fb5464e3fa3de69088e620f49aa8eb7f9633f2cee5a5c2c008f3f2fdaf499e95c6568d4d6c037eb04f32dfcb7aa12
CLIENT_HANDSHAKE_TRAFFIC_SECRET ca8d0915698c713c78a9ba1c64b8608fac649c26182e036e9377412e7bfccdde b0c6ebab71c976fb8b23a03e4916f5ca42cf143e893dc9d77494face1db2e488c9bbba089f88a9cf206bd1abfaf9fc12
SERVER_HANDSHAKE_TRAFFIC_SECRET ca8d0915698c713c78a9ba1c64b8608fac649c26182e036e9377412e7bfccdde 3b127cff5483c344b93a7967fb96fff93cfb0ce00ca97210b353e138d8bb9584896c2bf156397a670dd1c1eaf77b58ce
CLIENT_TRAFFIC_SECRET_0 ca8d0915698c713c78a9ba1c64b8608fac649c26182e036e9377412e7bfccdde e5f7c3e0f69e37befa9789389850609e98326380c81c6e3ab0c9c12a39a6e159f158ba8501cdb937e1da78f0d60b1578
SERVER_TRAFFIC_SECRET_0 ca8d0915698c713c78a9ba1c64b8608fac649c26182e036e9377412e7bfccdde dce0c27ababd90b19efae5f5305691548d68d0a614e70e88de25db18d8bb6d27da8982c2b8890642c161fb4db1bc21f5
EXPORTER_SECRET ca8d0915698c713c78a9ba1c64b8608fac649c26182e036e9377412e7bfccdde bf979aedfadc70361494b61092053f38f20e13fb158858c91f480eaf7adf5f43a2db307ae8fba961e3faf7a9d74ca643
CLIENT_HANDSHAKE_TRAFFIC_SECRET 21be31cf16717c705d1538fec3d72f120cb96b898ea1dbc3dd1f378482a8ff2e c45c6bc265d47773c693391faddf4c19b7f407cc8d5abd2f24889ee19d9510e832f8334d6dd7dfb2f996e27d5e401f67
SERVER_HANDSHAKE_TRAFFIC_SECRET 21be31cf16717c705d1538fec3d72f120cb96b898ea1dbc3dd1f378482a8ff2e 82b572909c58707c1c04a366c6f7212056af112469a9b5634c71773c0f4ac93caca6b9848c0d268dcf96a4009ea338ff
CLIENT_TRAFFIC_SECRET_0 21be31cf16717c705d1538fec3d72f120cb96b898ea1dbc3dd1f378482a8ff2e fd5c76a495b9a65d8ac09935b0038a47deffd513a6f1ff195950fbb0d34ba81d0c1c83fa50833338ee9397493af49e14
SERVER_TRAFFIC_SECRET_0 21be31cf16717c705d1538fec3d72f120cb96b898ea1dbc3dd1f378482a8ff2e 17d69f8b1031ad6e77da4ae035f81310be116616836d93bdad45f9f620798f58745897a9c7706179df210428fadb0057
EXPORTER_SECRET 21be31cf16717c705d1538fec3d72f120cb96b898ea1dbc3dd1f378482a8ff2e 75190273de68a2eb51cdcdb895a915507a9bf73f5eabb16a1ef2719b1414ed3a5540120e0b5dbfa8654ba3e11dc0a4db
CLIENT_HANDSHAKE_TRAFFIC_SECRET 74fa01a3d8bc2daffeee6b352b30a790fcc851943aa806601f565e131fc74a2a e3e30fc659c76406e3ddd5e5830db8e61250ea27df081935149eeb50e59e48571c059a78ec7f07cde95cd1e595af8433
SERVER_HANDSHAKE_TRAFFIC_SECRET 74fa01a3d8bc2daffeee6b352b30a790fcc851943aa806601f565e131fc74a2a 9655efd5a43b97277ce93f7b9bc35b512c90198b49d599741c685153c981351ede33a36a236d2055e5fc97cf44a92f5b
CLIENT_TRAFFIC_SECRET_0 74fa01a3d8bc2daffeee6b352b30a790fcc851943aa806601f565e131fc74a2a 356d14b6242c10d5d0de103af335aa4530bebbd581680a0ddae204fdbaf6de00b0f5fee8c00e3c1a37d0109e2e6559e8
SERVER_TRAFFIC_SECRET_0 74fa01a3d8bc2daffeee6b352b30a790fcc851943aa806601f565e131fc74a2a 17485fda985a9da8309ac8746ce892492ffdcdfed19d94eba4ecf2a8114e869fe60f6986772a2caf726a2e2676e03318
EXPORTER_SECRET 74fa01a3d8bc2daffeee6b352b30a790fcc851943aa806601f565e131fc74a2a d0ab0ffb8832eb8a7500574bc64e078ca73648c42fd106fe77babbd66365cdb23b11dc551833826613c2b842c495e6db
CLIENT_HANDSHAKE_TRAFFIC_SECRET 0fcc2db6dd69f0c9dd9783c6e605b71934a8145af03387131b5ac26173a0adf3 137e8f52384fe0840c6ffa219960c05490d997887891087900057910e003443cf75723aaef477a7bfb7355f2481ed72b
SERVER_HANDSHAKE_TRAFFIC_SECRET 0fcc2db6dd69f0c9dd9783c6e605b71934a8145af03387131b5ac26173a0adf3 168e514930362a79abc0902ec06e0e5e2145c85d2074e5b1c3c2663ffee1acf3bdd674930c7552c7c3752d0dfc078da8
CLIENT_TRAFFIC_SECRET_0 0fcc2db6dd69f0c9dd9783c6e605b71934a8145af03387131b5ac26173a0adf3 db618190380eea3717e63fefe2a3f4fc9ae4b42a5b689d0e62ea51e51ec998ef98f7519b3407c263d1e31969ca8cc571
SERVER_TRAFFIC_SECRET_0 0fcc2db6dd69f0c9dd9783c6e605b71934a8145af03387131b5ac26173a0adf3 bd72401551520663af913c0ee471c0af4fce3ee524e304b0be49e442a6c86b45edf9ce130d944d8484329ce9d16ac89a
EXPORTER_SECRET 0fcc2db6dd69f0c9dd9783c6e605b71934a8145af03387131b5ac26173a0adf3 cf04afa627b7eaa0faf61061e64f0d5e7e52820d33ccddcf22e924b6b96ecc0919fa08934259574add978dfb7dc85ede
CLIENT_HANDSHAKE_TRAFFIC_SECRET 70197dd0fd164f129e5bf3fce1aecc8286556943560a200f19eec2d091bb03f9 a1f538bdb65939a792ae5839ef2de083b1960ee109cbd427aa5a87936c6846f95ee57cfc056ad3502afafe081e41733d
SERVER_HANDSHAKE_TRAFFIC_SECRET 70197dd0fd164f129e5bf3fce1aecc8286556943560a200f19eec2d091bb03f9 4454f873a16a3a943c0dfb67f664cf21c13e68f4664fd9c16c94f31b6d8c129c7ab8f0854979fd7a0dc6becb6ff5b61f
CLIENT_TRAFFIC_SECRET_0 70197dd0fd164f129e5bf3fce1aecc8286556943560a200f19eec2d091bb03f9 46177146c996d1eee6bc29710c4838e9acf2c54f69d2da149f23b57b2f7218a994f2087b68ef3e105872ae6a8e02fc97
SERVER_TRAFFIC_SECRET_0 70197dd0fd164f129e5bf3fce1aecc8286556943560a200f19eec2d091bb03f9 7987f01c48928fe409b6c2b336a33f4d26d93cea406d68bdbf022b4d683f8d2d0b457a02a77b8c7f52137aa597aca81b
EXPORTER_SECRET 70197dd0fd164f129e5bf3fce1aecc8286556943560a200f19eec2d091bb03f9 2aae5ed09da799f114dd1bbe7ae877eee4dc9f0169d017bb7260cf61624908d886b292138b5ea3b1badbd324d1fb2a11
CLIENT_HANDSHAKE_TRAFFIC_SECRET afd6c03cc2db7233ea77f6a86f931b22b8a07a829a859b06d9bb2d754c5040b3 6e3a856ac2d2d45572d630c7f2ed43c6c72c9b41b8589a8e18ef0b716274ff8578465b6fdf339fba00da9fc884d478d3
SERVER_HANDSHAKE_TRAFFIC_SECRET afd6c03cc2db7233ea77f6a86f931b22b8a07a829a859b06d9bb2d754c5040b3 17b9163e8a9e4af83ed0b4418700a291b66f2381ed6cd555458fb98e4ccd1c8d074013c9dde14e712c76f1e53f478b12
CLIENT_TRAFFIC_SECRET_0 afd6c03cc2db7233ea77f6a86f931b22b8a07a829a859b06d9bb2d754c5040b3 239ef9930083290ecba6c1f668ae01c61490807cc4aedab4ec43156b5ed504d4937e5b853548c6d9e2222d3253376317
SERVER_TRAFFIC_SECRET_0 afd6c03cc2db7233ea77f6a86f931b22b8a07a829a859b06d9bb2d754c5040b3 a5612a112b2b6c310acbddcc2dc9a8422aab786109c2c49e0994ae7518754188c9bbae3152f37647ffe71e9d42f98da1
EXPORTER_SECRET afd6c03cc2db7233ea77f6a86f931b22b8a07a829a859b06d9bb2d754c5040b3 3ab7f78c0e1df4636bd0224e6e09c07609a206b166d4285bcfd91141c01d7eb32cbd20560c77efee502fe2e1cebcb50b
CLIENT_HANDSHAKE_TRAFFIC_SECRET b38e30b28de05861916e231c4133d1f89c0c430232113f4bafa28d9b68dd5b66 c17c349c5a6c6721f21d669366116012683da8c813ab7fa31fc662c40c3fc9d8
SERVER_HANDSHAKE_TRAFFIC_SECRET b38e30b28de05861916e231c4133d1f89c0c430232113f4bafa28d9b68dd5b66 1e027f8e04a371b8840d8f1ea178f83c6da5f280bb3a429b77ccafa2df195155
CLIENT_TRAFFIC_SECRET_0 b38e30b28de05861916e231c4133d1f89c0c430232113f4bafa28d9b68dd5b66 196f6adbe981c81fed2aac614ec92b70ac6a4c3dc42510cce36e12d548ba0a63
SERVER_TRAFFIC_SECRET_0 b38e30b28de05861916e231c4133d1f89c0c430232113f4bafa28d9b68dd5b66 67d3671315d34a7a4cb268177d4a68570eae2e76f395d49aee3c85ba5d39ca06
EXPORTER_SECRET b38e30b28de05861916e231c4133d1f89c0c430232113f4bafa28d9b68dd5b66 f7d1e3792995ef0af89ae8ae629ca20389006eca2c5d0679fb8cabe8393d9ffe
CLIENT_HANDSHAKE_TRAFFIC_SECRET dc5c824c4479d2638a212c5101b8c8144fec478f8a47e7c184ed51a295c2615d 1b573126658b6cc8a85cd09967d6be19332cfc0ea8ba0934649293bb88563b6a
SERVER_HANDSHAKE_TRAFFIC_SECRET dc5c824c4479d2638a212c5101b8c8144fec478f8a47e7c184ed51a295c2615d e3e45f4678d119f3e1c81e5c4f9ae1cd4a3df14ebbd4f554a511bad8f8c69449
CLIENT_TRAFFIC_SECRET_0 dc5c824c4479d2638a212c5101b8c8144fec478f8a47e7c184ed51a295c2615d 9636ab5a8f38f574950429e42a6af56ce90611d9319d55a970e3642af6b610fb
SERVER_TRAFFIC_SECRET_0 dc5c824c4479d2638a212c5101b8c8144fec478f8a47e7c184ed51a295c2615d ecf3b4e5985bf2aa29787e83c734696ebbc5c67fbbd572671b6a6bf01e74f951
EXPORTER_SECRET dc5c824c4479d2638a212c5101b8c8144fec478f8a47e7c184ed51a295c2615d 0e5dd19fa0dc683f6775719f599623dfca12edf180f1675b4e415dbb825570cc
CLIENT_EARLY_TRAFFIC_SECRET b4afaebedc1d6fdafbcd551f6ac27b65f2cd9a2adfc1d83749e48169f8bb131a 2a42b24d57472772f05251c7797114df6ba8741246d8506b3f12479b6012bbe2
CLIENT_HANDSHAKE_TRAFFIC_SECRET b4afaebedc1d6fdafbcd551f6ac27b65f2cd9a2adfc1d83749e48169f8bb131a dc4a335f0130620881292769d75e9f0065f48e980c86f5151cd5587292b969d5
SERVER_HANDSHAKE_TRAFFIC_SECRET b4afaebedc1d6fdafbcd551f6ac27b65f2cd9a2adfc1d83749e48169f8bb131a a957eef8856b3bc864a7dc3f6f41e6ceeca75587e4c985e6f14b64b6594c951f
CLIENT_TRAFFIC_SECRET_0 b4afaebedc1d6fdafbcd551f6ac27b65f2cd9a2adfc1d83749e48169f8bb131a 4f90373e533a00f990d85f7856de121c0f2ce50a6a07d57a7358ce839718b0c9
SERVER_TRAFFIC_SECRET_0 b4afaebedc1d6fdafbcd551f6ac27b65f2cd9a2adfc1d83749e48169f8bb131a bf5b65fc0ade7d411a464af12d7b14550f276792c73c23012ec2d96178054156
EXPORTER_SECRET b4afaebedc1d6fdafbcd551f6ac27b65f2cd9a2adfc1d83749e48169f8bb131a 2ec02c6aae52d73bde69c1929a4bb00f268908d314efdd751347a7bb88228cda
CLIENT_HANDSHAKE_TRAFFIC_SECRET 9ca7165233946b85d0f530e54d02654961ba1c51542e23a23dab7cf65f42351d f3e57865c76739535467350ccfdd496711cbadd57e7614f914d67e08cd54c1cb
SERVER_HANDSHAKE_TRAFFIC_SECRET 9ca7165233946b85d0f530e54d02654961ba1c51542e23a23dab7cf65f42351d 2a5c3374dc0d721443ff4507c3972aff3514961a4d04e6dc31521f7f3acf51d8
CLIENT_TRAFFIC_SECRET_0 9ca7165233946b85d0f530e54d02654961ba1c51542e23a23dab7cf65f42351d 59f9174ac35b9239d27898e7a4271725c6118d84e86a116df95af83437b2a242
SERVER_TRAFFIC_SECRET_0 9ca7165233946b85d0f530e54d02654961ba1c51542e23a23dab7cf65f42351d 42a0c6f76199ef152371413c14c0eb3350fe775ca31fe88f88d84a0dc4de90d6
EXPORTER_SECRET 9ca7165233946b85d0f530e54d02654961ba1c51542e23a23dab7cf65f42351d 98d39ad0b232aa50bb871472e060c7d27968211b0838b6e2c6851e2f7d2d6aa8
CLIENT_HANDSHAKE_TRAFFIC_SECRET f9e3fdadf7f5656b2ee3a618d2e4cdff23e88fe779f3e022d6e0c60175abc7a0 7836630de35fc7450438126b45a948a318314f3baf2550414f7ac3806d6fa495
SERVER_HANDSHAKE_TRAFFIC_SECRET f9e3fdadf7f5656b2ee3a618d2e4cdff23e88fe779f3e022d6e0c60175abc7a0 7769cd22a7f66342ccc41c7edadb837c6e8cafed9107f1a28bdbdf5c04a1dd43
CLIENT_TRAFFIC_SECRET_0 f9e3fdadf7f5656b2ee3a618d2e4cdff23e88fe779f3e022d6e0c60175abc7a0 5a667548d805fd67d3e6d2e8b9035f38706f270b5e8cc67ef5afbca1397ced9b
SERVER_TRAFFIC_SECRET_0 f9e3fdadf7f5656b2ee3a618d2e4cdff23e88fe779f3e022d6e0c60175abc7a0 6da9cf8ed5c094f0e81754d73938441c7a2ffaf3858e8dbb0046c1d518a92a6f
EXPORTER_SECRET f9e3fdadf7f5656b2ee3a618d2e4cdff23e88fe779f3e022d6e0c60175abc7a0 5bfbef2000ee2dfc47658101af93d9ca95c079db27ddc1eaa2a52b5b4247bd00
CLIENT_HANDSHAKE_TRAFFIC_SECRET ed47f238d4fd66087011ccc394fdba7482757f353b660f572b10102f3c5c073b 7ac90cbb191f580d1d2113e14fbebba1a810ca4aa429ad769d5ebeb1a19925c8
SERVER_HANDSHAKE_TRAFFIC_SECRET ed47f238d4fd66087011ccc394fdba7482757f353b660f572b10102f3c5c073b 646e7dbc8201828b95fda5f4873464b759bf4b5424022d7e608180d0965e72e3
CLIENT_TRAFFIC_SECRET_0 ed47f238d4fd66087011ccc394fdba7482757f353b660f572b10102f3c5c073b f24496d8eea62bcd5f096e96ada0c3bfb0dcefb63c65f510cb5c5172dc8b3cbe
SERVER_TRAFFIC_SECRET_0 ed47f238d4fd66087011ccc394fdba7482757f353b660f572b10102f3c5c073b e7cedc874eb32d4a0af9e141c6dae83d7ca73d78917eef9af7d8509d8fb58fb8
EXPORTER_SECRET ed47f238d4fd66087011ccc394fdba7482757f353b660f572b10102f3c5c073b 97d9803058ef9564967b9eda28beb058e8c2398c9dd9029bc3c5e18531c3ba9e
CLIENT_EARLY_TRAFFIC_SECRET 8c735a25cc5438e58f723b6a2a861fa4b609bddcf3d0b8b03e3b93029eb894af 229f46f6450146a51ff645ee54503d22c52d0d69a05fa7fc2cc956311f51b62a
CLIENT_HANDSHAKE_TRAFFIC_SECRET 8c735a25cc5438e58f723b6a2a861fa4b609bddcf3d0b8b03e3b93029eb894af ebdc3bb86b86d1072bd050162ce1b33408349af02c7e7e0af9452e572175707d
SERVER_HANDSHAKE_TRAFFIC_SECRET 8c735a25cc5438e58f723b6a2a861fa4b609bddcf3d0b8b03e3b93029eb894af aa0bad28d15bbd148701a523ae847238a96091077092a8216d9cc363b3ca9603
CLIENT_TRAFFIC_SECRET_0 8c735a25cc5438e58f723b6a2a861fa4b609bddcf3d0b8b03e3b93029eb894af b2da5d7c9b7a36290d8be8231fb367a994887f8b49a3798ac34afebdeb2be06e
SERVER_TRAFFIC_SECRET_0 8c735a25cc5438e58f723b6a2a861fa4b609bddcf3d0b8b03e3b93029eb894af 4429da49c9d18e173420e6563f45edaaabf31db28cb00dc616f0e6333c20328d
EXPORTER_SECRET 8c735a25cc5438e58f723b6a2a861fa4b609bddcf3d0b8b03e3b93029eb894af 409676dcbb384f8d8f73f2a7315ae01be16868ff039db5faf170c0837eb71d7e
CLIENT_HANDSHAKE_TRAFFIC_SECRET 9f2849ec34909938d19d44fb12ee1301a7bb24edfde7b6b363131eb30668c86b f32a0e42081752939512ad2dbfc57d2c9d3f6f532d994322dd0768ba72e2191e5cfbb9de2682bb2cd294240c1e457637
SERVER_HANDSHAKE_TRAFFIC_SECRET 9f2849ec34909938d19d44fb12ee1301a7bb24edfde7b6b363131eb30668c86b d186d4569192c53a4c27121676e98947f488e9087f99a57947c510c3ade2dd1a2b0386207bce811e354f046d6925d14b
CLIENT_TRAFFIC_SECRET_0 9f2849ec34909938d19d44fb12ee1301a7bb24edfde7b6b363131eb30668c86b 6964d188abba3231f5118e22dbdafdb377aee608097f8854c1bb631458dc64c19bd53d09c099176350146af15e66c2e6
SERVER_TRAFFIC_SECRET_0 9f2849ec34909938d19d44fb12ee1301a7bb24edfde7b6b363131eb30668c86b 3bf4a7dbbbc1c6eede2f9c5d2acf9af798da0dd3724d52cfc8c0d7732dddbc7b7f3c875ecf860af33999658f62caf019
EXPORTER_SECRET 9f2849ec34909938d19d44fb12ee1301a7bb24edfde7b6b363131eb30668c86b 670e295ce801605b4f882c3e697a29dd7e0631aae9feb91699e46ad2da4f0e845cb1342b88a95142b358766c5e3365dd
