CLIENT_HANDSHAKE_TRAFFIC_SECRET 9d65726f82b44a6dd34c97d0136270fc3757b9cd4cdced27751fbd4a5716d713 d1e16941fb79bd7a6dfeeda131b6859d32352f13944ace1a4a85b97c4ea143dd0c69c58f98c596aa6eb2d9ae6dafb474
SERVER_HANDSHAKE_TRAFFIC_SECRET 9d65726f82b44a6dd34c97d0136270fc3757b9cd4cdced27751fbd4a5716d713 b97d3dd00e73d91abd120b0f6edc9f65e9f34ee3bd067a7aa66166c1176eabb023ddf7bccfad13f5a9fe7748f082e41a
CLIENT_HANDSHAKE_TRAFFIC_SECRET 6c3d1024a984cd57f17be69cc6dacbe320da756ad347ff6698a3a751762e05b4 5505f1b6069327a5e1dde474e7527f304226faeacaec3524435f98c334954950
SERVER_HANDSHAKE_TRAFFIC_SECRET 6c3d1024a984cd57f17be69cc6dacbe320da756ad347ff6698a3a751762e05b4 c316da587adeec21eec5d768e4c61bbf2607a5ffbd3d505acd20d222fca2a51a
CLIENT_HANDSHAKE_TRAFFIC_SECRET e6689d1acf7c8e1164ab84b4023db69f92ad1e8c48a909726458a97044ac811e 2f333f87a67413616737545c5e3292340c1fef6e1213a5713b31471ac284a923dfa3d32bd775f7abb33a319283d73557
SERVER_HANDSHAKE_TRAFFIC_SECRET e6689d1acf7c8e1164ab84b4023db69f92ad1e8c48a909726458a97044ac811e 8c1444ee66bc00b95a6f760e2387431caf3f60ae0d92c6a3e44be5ed9ad4431f762758d1f46b7ed6639045589b1ee386
CLIENT_TRAFFIC_SECRET_0 6c3d1024a984cd57f17be69cc6dacbe320da756ad347ff6698a3a751762e05b4 c58e70eb86cac59de34b26a20d05ba763085af0b44233cc40f672497ebb804e2
SERVER_TRAFFIC_SECRET_0 6c3d1024a984cd57f17be69cc6dacbe320da756ad347ff6698a3a751762e05b4 b8c0302dca96e79c53c75082b2f819a8e66c54d872f100074d9322c4dbefea92
EXPORTER_SECRET 6c3d1024a984cd57f17be69cc6dacbe320da756ad347ff6698a3a751762e05b4 3c031da30e8e331dd5ce5dfe6310afaa1f0e86f9b1e29982a837c1b51907d842
CLIENT_TRAFFIC_SECRET_0 e6689d1acf7c8e1164ab84b4023db69f92ad1e8c48a909726458a97044ac811e edcec368ebd6dc6718c9c0fb8ab97537acf2850353508ddb860e56cb63ab896a90311f347b1ea1426932b71e21b5b1f9
SERVER_TRAFFIC_SECRET_0 e6689d1acf7c8e1164ab84b4023db69f92ad1e8c48a909726458a97044ac811e 57e3f937bc5825a38ad967b8046319d5fc92eeb2a3a404dbb27918e6b1b2603f8ca7a96f4c4bb6d2a05b52908adbd2bc
EXPORTER_SECRET e6689d1acf7c8e1164ab84b4023db69f92ad1e8c48a909726458a97044ac811e 63928fac9330da4bc3be4db9bf3dfbfaaa3b62f5290211e60d0a41396e232cbd3acfe521ed9ad605f1d5b9aa7cf27aec
CLIENT_HANDSHAKE_TRAFFIC_SECRET c1d3012cb6841dd8c9aeba0cee5020b2b25bb18761007976b52051d257d6326b d853335f0391a9d74993ae4a2c9d99195015fbeb7e6a6440a88267c7ab6b629f
SERVER_HANDSHAKE_TRAFFIC_SECRET c1d3012cb6841dd8c9aeba0cee5020b2b25bb18761007976b52051d257d6326b dc619c96556d66e6345d43260af90591ab9e52ec4fef09567313807e8cec4bef
CLIENT_HANDSHAKE_TRAFFIC_SECRET 7df070049798b6c9d278a6b2ddf5ea05cd361b9e1eb7adac4ad2d48a5470ed5d 6cc2adb19fd35bca071fb38406f794fa22978aa1ffce955eac8bd5ddba85348b
SERVER_HANDSHAKE_TRAFFIC_SECRET 7df070049798b6c9d278a6b2ddf5ea05cd361b9e1eb7adac4ad2d48a5470ed5d fb969100d7dcce5726daadc5ff4ea6fafd78c86a2448afd2876aa45966940a01
CLIENT_TRAFFIC_SECRET_0 c1d3012cb6841dd8c9aeba0cee5020b2b25bb18761007976b52051d257d6326b 5006c2a35e68b64852d720ded053844581a6908c30663aa6e4a08a7b6e56d65b
SERVER_TRAFFIC_SECRET_0 c1d3012cb6841dd8c9aeba0cee5020b2b25bb18761007976b52051d257d6326b 6e553c59fc7c699ad3bb23c10ee68717b9d6ffcfda0303abb136fef347521dfb
EXPORTER_SECRET c1d3012cb6841dd8c9aeba0cee5020b2b25bb18761007976b52051d257d6326b 2b898db5e147715956ac1bf703aa42c9acfb59e8f0f90e7ad06781dcd68f6986
CLIENT_HANDSHAKE_TRAFFIC_SECRET 6928ec504bbd1d6bc5ff8dc403e2093eeba65b679816db69c7a952abf0808f6f 8e1331d22b097aa1d67d49849afd0ba6e4225a321b79f0deb2deb3a09270ec87
SERVER_HANDSHAKE_TRAFFIC_SECRET 6928ec504bbd1d6bc5ff8dc403e2093eeba65b679816db69c7a952abf0808f6f fe511ae0cb3af5a195782c471a27ae1afea215567e0121551abe1fd8d0c2cea9
CLIENT_TRAFFIC_SECRET_0 6928ec504bbd1d6bc5ff8dc403e2093eeba65b679816db69c7a952abf0808f6f 8e8cb659d8546db54b49a14bf740fdf4450a964f86f01ede56eb33c24cce47ec
SERVER_TRAFFIC_SECRET_0 6928ec504bbd1d6bc5ff8dc403e2093eeba65b679816db69c7a952abf0808f6f 540d3340b2307185637d9285b415b1142b3658b2830b1aa72eed3c6ba8780bbc
EXPORTER_SECRET 6928ec504bbd1d6bc5ff8dc403e2093eeba65b679816db69c7a952abf0808f6f 570eff3e0150158ee630ad766a1c4d50a46f41a6f2709bfc7459919412debc05
CLIENT_HANDSHAKE_TRAFFIC_SECRET 6b2994d47e33b313ed40c5b5fc28198582f20f983a5d778029cbad4a16841282 1c6645c8fb7d2ff697cbf5145d199ccd6830645f8c4c5a969a9fc3817a62d370
SERVER_HANDSHAKE_TRAFFIC_SECRET 6b2994d47e33b313ed40c5b5fc28198582f20f983a5d778029cbad4a16841282 a402674ae40c765c3ed0335f44465aca39f02afbde84f11870c85d8dad62fd1b
CLIENT_TRAFFIC_SECRET_0 6b2994d47e33b313ed40c5b5fc28198582f20f983a5d778029cbad4a16841282 ce8afa6a7ee898a963d08b52810680fad93f83648c8f1672b97f0d242b7d2660
SERVER_TRAFFIC_SECRET_0 6b2994d47e33b313ed40c5b5fc28198582f20f983a5d778029cbad4a16841282 637dc72be530a1beff3ecd97b8334b96294f212e0a5a2b14b737c178609c0c69
EXPORTER_SECRET 6b2994d47e33b313ed40c5b5fc28198582f20f983a5d778029cbad4a16841282 54a84f6219d8741050ee30b1caa865fb6ba2e13faa907210f6541724c90e39db
CLIENT_TRAFFIC_SECRET_0 7df070049798b6c9d278a6b2ddf5ea05cd361b9e1eb7adac4ad2d48a5470ed5d a9ed76f17397728c87f7362792f3c4fa5d75ffcff89d627c9df5d113f17adfa1
SERVER_TRAFFIC_SECRET_0 7df070049798b6c9d278a6b2ddf5ea05cd361b9e1eb7adac4ad2d48a5470ed5d 43e8fc8a60ec0652f800f71e33c8b4790e5b6e16d92d1a3a056ec0a6d9ee7eb4
EXPORTER_SECRET 7df070049798b6c9d278a6b2ddf5ea05cd361b9e1eb7adac4ad2d48a5470ed5d 42f3e38fcadbafb384c9bbf777b44d34ab7484b02154e174d03ca51ec1426018
CLIENT_HANDSHAKE_TRAFFIC_SECRET 75f8204cf019033244cf5366db3abd00eb56a253ae9bbf541750255f5e576ad0 deef9aa564014e19565f79479c457a9a49f88c7c78e5effd7af2c5d41c2bc5eb
SERVER_HANDSHAKE_TRAFFIC_SECRET 75f8204cf019033244cf5366db3abd00eb56a253ae9bbf541750255f5e576ad0 9facd0d98c42de5d63cbf335147b07978872ce414162591e50a792a6181b5ef2
CLIENT_TRAFFIC_SECRET_0 75f8204cf019033244cf5366db3abd00eb56a253ae9bbf541750255f5e576ad0 eb1928a8036a4774b99265983242891035fd86c6ec4ed9fe0508bbbdfc5c168f
SERVER_TRAFFIC_SECRET_0 75f8204cf019033244cf5366db3abd00eb56a253ae9bbf541750255f5e576ad0 dc81775cdd8ddf43ba712cbc061c447b4f33deb603cfe43766d2edcfc1b8392d
EXPORTER_SECRET 75f8204cf019033244cf5366db3abd00eb56a253ae9bbf541750255f5e576ad0 ab348f62f6c1056434bca3c346aeafa61f6d87787a72596f8a0f53b00b4cf1e5
CLIENT_HANDSHAKE_TRAFFIC_SECRET ab2676b7d3e9c5c721e83de970b0dbe7d584ebd55ef40e026f58286b6560dfb0 d82ef693742960993f599eb0faea1c053f6642ebfc7888e560c68bbd910a0a6a
SERVER_HANDSHAKE_TRAFFIC_SECRET ab2676b7d3e9c5c721e83de970b0dbe7d584ebd55ef40e026f58286b6560dfb0 fbfc611c7f47cf5c81d73b06226972b3dea806306dc488e720ceb067433858c3
CLIENT_TRAFFIC_SECRET_0 ab2676b7d3e9c5c721e83de970b0dbe7d584ebd55ef40e026f58286b6560dfb0 d33bcb3cd369652c0c947979d72681cccfcd7a9d7655ff94cb9fbe007b0268a5
SERVER_TRAFFIC_SECRET_0 ab2676b7d3e9c5c721e83de970b0dbe7d584ebd55ef40e026f58286b6560dfb0 a3f337b2014ebacc5639e13fb144f2ce15a57496a1ed6c18d2aa0640ccde67c3
EXPORTER_SECRET ab2676b7d3e9c5c721e83de970b0dbe7d584ebd55ef40e026f58286b6560dfb0 c986eb74cbf0ab66caba141cec40d87150048dbe8162ba75a3c0874661a816c1
CLIENT_HANDSHAKE_TRAFFIC_SECRET fa11cc799712d8d3de51a767a67097d816bbdf5304b383848360bd6be16c0deb 40684fd46d81cfc743d1332d6797667f6787aedb0c119f5fd526877893e23163d43705c315e3700db05b44558db08ff1
SERVER_HANDSHAKE_TRAFFIC_SECRET fa11cc799712d8d3de51a767a67097d816bbdf5304b383848360bd6be16c0deb 222c115c3b2b8bd94a71530974a3cf15ccc4412ca3df54b10aaba21c69c4bec873f8630b6f7d1ba52bfe55e6f18c576a
CLIENT_TRAFFIC_SECRET_0 fa11cc799712d8d3de51a767a67097d816bbdf5304b383848360bd6be16c0deb cacc449f4c5bc9f080e7b4b063dd5a95e5a87fedf4825059a5ad1fd1e2fa52029486f0237deb3ef289530f91777e17e8
SERVER_TRAFFIC_SECRET_0 fa11cc799712d8d3de51a767a67097d816bbdf5304b383848360bd6be16c0deb 485250cdab7892a1364fd86de4c48372c23bbc914380ac0433788da74cc04290c069c614f869502f3f0da55f575b524b
EXPORTER_SECRET fa11cc799712d8d3de51a767a67097d816bbdf5304b383848360bd6be16c0deb 79c3d2546cb485990c20dbdcbd7b6c8962041969952024f773ea14a6f746e5e7232635086b33ca290ed0acfe0f148ba9
CLIENT_HANDSHAKE_TRAFFIC_SECRET cd6306d17c2af7ad2840bd942d8c2beeca6bc63a480319a8ac8d5ec95ff65d33 b54320fd4293374789078456720309da744c33350a07f1e6e97e5e5a6475b919
SERVER_HANDSHAKE_TRAFFIC_SECRET cd6306d17c2af7ad2840bd942d8c2beeca6bc63a480319a8ac8d5ec95ff65d33 c5df795325b989676ec402560722be664e0a56da4c38654319d2c91064b2e302
CLIENT_TRAFFIC_SECRET_0 cd6306d17c2af7ad2840bd942d8c2beeca6bc63a480319a8ac8d5ec95ff65d33 0be42e25c9995a8216678d8907ba4d1500129199cab434feb59a094c8e585688
SERVER_TRAFFIC_SECRET_0 cd6306d17c2af7ad2840bd942d8c2beeca6bc63a480319a8ac8d5ec95ff65d33 8ad97d56b3a8a792ed477808cdc270ab86c0d6706826f0debf322dfa05b5a553
EXPORTER_SECRET cd6306d17c2af7ad2840bd942d8c2beeca6bc63a480319a8ac8d5ec95ff65d33 01090bd3624ab2fa7423b884e5ee4a5c26a1d20dfc7f19473db787bda42dfd7c
CLIENT_HANDSHAKE_TRAFFIC_SECRET 368a15323e2e87d8ae5a37ec76dcad7e61565bf69c5524ccc9f1754d19edf1b9 3a5982983c3e2c5e7362aeaa6ab690f76c221da27b4ee357c0547c80a45a8c4a
SERVER_HANDSHAKE_TRAFFIC_SECRET 368a15323e2e87d8ae5a37ec76dcad7e61565bf69c5524ccc9f1754d19edf1b9 15465d1eba2165791f66206f26eb412af65b5a0e6b4d88e261e335fdfc493483
CLIENT_TRAFFIC_SECRET_0 368a15323e2e87d8ae5a37ec76dcad7e61565bf69c5524ccc9f1754d19edf1b9 2cea4f0a915af7de118010e876c067c49f9ebdfeeb0dcbe3699784a26675a6b1
SERVER_TRAFFIC_SECRET_0 368a15323e2e87d8ae5a37ec76dcad7e61565bf69c5524ccc9f1754d19edf1b9 b596e881bc301e8bd9430c45358c2fe82fc52805f25b580e42d48593324bf930
EXPORTER_SECRET 368a15323e2e87d8ae5a37ec76dcad7e61565bf69c5524ccc9f1754d19edf1b9 9a59ae23293e13736032990c96e3f53bdb6ab1e4ef62769fbe9663e154997afe
CLIENT_HANDSHAKE_TRAFFIC_SECRET dc075b5b182e0c04e8036201cec3ed0ed95f345a423dc53e6893aea42dc9b362 279694e1e52f5a51753c5918d9cde49bc455d0581b6e6778c9030ab887feb35ffd09cd6bf7ebd15393cb179b6d364acd
SERVER_HANDSHAKE_TRAFFIC_SECRET dc075b5b182e0c04e8036201cec3ed0ed95f345a423dc53e6893aea42dc9b362 72380a17fdd700550f91353a6063e9a0d7cca65871cc32c45d170b7cdb075a5c64c927e36222396f475973ea7d677c38
CLIENT_TRAFFIC_SECRET_0 dc075b5b182e0c04e8036201cec3ed0ed95f345a423dc53e6893aea42dc9b362 cf7bc3b4e1dc1fea83efcbbe2b2df1af9a24282fdcec43da6947e34136a1b3f5a3f63cdb92948ce0d4b5d9040942009f
SERVER_TRAFFIC_SECRET_0 dc075b5b182e0c04e8036201cec3ed0ed95f345a423dc53e6893aea42dc9b362 0a9a9709b911b55324c43141992887ffeef00a78af36a61db36a4545404ae8f1f15c5fd9e88da2919437e6e4ab4f68c6
EXPORTER_SECRET dc075b5b182e0c04e8036201cec3ed0ed95f345a423dc53e6893aea42dc9b362 f954dcddf3d19b3bd519506633b62e12a6d1e8f5bbc99973b4de4fa5d419e8a0c733d9b4d7e283611e07d5692e7f3705
CLIENT_EARLY_TRAFFIC_SECRET 3e42cc31708308ec9019054f0574b6fe25a069676192103e60bc4efd05e7834b bb28ed3d7d8b80faa19c29da0feeb68a34529f52e88434df0cb0ab04306bba3e
CLIENT_HANDSHAKE_TRAFFIC_SECRET 3e42cc31708308ec9019054f0574b6fe25a069676192103e60bc4efd05e7834b 0424dc6542cf6e860ac0201248bf083eee01932f296ea6077dad3e4ffefa576d
SERVER_HANDSHAKE_TRAFFIC_SECRET 3e42cc31708308ec9019054f0574b6fe25a069676192103e60bc4efd05e7834b 9580f8e5f46849cd3bc7f49d206256d8a22e92e82db5a8aab2ee3d09351543fd
CLIENT_TRAFFIC_SECRET_0 3e42cc31708308ec9019054f0574b6fe25a069676192103e60bc4efd05e7834b acbb87a50ec8dcf20e60dd4221522b55dffe57e7158281c4de3b9fba3c51924a
SERVER_TRAFFIC_SECRET_0 3e42cc31708308ec9019054f0574b6fe25a069676192103e60bc4efd05e7834b eb7aec1a50773b7829a6a0e3b0b47d2935392b40ae9ca62fe9de9d41672422c5
EXPORTER_SECRET 3e42cc31708308ec9019054f0574b6fe25a069676192103e60bc4efd05e7834b 5b59767ce80bedb407d1ef2656113543d11f6ea622419274146bf01cef7411f4
CLIENT_HANDSHAKE_TRAFFIC_SECRET 8c8ad2aad14693401ad1e3ba0a21406ddbb3f7add5c4069f90c18d30457debcf a7ac8ae00e59af3b887e92b56175eb9a7c6efd3da65f4a78dae15e76e5a7d6cceb2bab2400393d8fbb802fe31cdec197
SERVER_HANDSHAKE_TRAFFIC_SECRET 8c8ad2aad14693401ad1e3ba0a21406ddbb3f7add5c4069f90c18d30457debcf f1fd3d1353aeacbe53e09f674a1f3f21793a5d6d421ebcfee84bf41cb19c5293e6bdcf63aff2d3fe63895c5d7662662a
CLIENT_TRAFFIC_SECRET_0 8c8ad2aad14693401ad1e3ba0a21406ddbb3f7add5c4069f90c18d30457debcf 869c69a48439caca64c0bcaab6b716ccefcdf1c60fd5f20e09b022e06a846364461b566a190c04d00d0a81e20687e179
SERVER_TRAFFIC_SECRET_0 8c8ad2aad14693401ad1e3ba0a21406ddbb3f7add5c4069f90c18d30457debcf c91d491470bad47977ed184fea37413965160cefa14418d775b6fabf867b74eab5a47f1b9dad0cc9a561a55f91d4e359
EXPORTER_SECRET 8c8ad2aad14693401ad1e3ba0a21406ddbb3f7add5c4069f90c18d30457debcf 8625336765adddfd9c5bedfb06605bf37b7f6eb8810a49a0c01bcdd04c7f905a41b3571e514a39094d817bc7d46abd31
CLIENT_HANDSHAKE_TRAFFIC_SECRET 611a521b236a37e7f38cac5bf2ee54a5b776c20e0d61cad4b1e318d9987153e4 18b0cf3d5a89e0f72fc2d09ed987566a3db75a9bc42be9f5c362e884b0da9dad2983f22d5d6f111a8906776224b87dd2
SERVER_HANDSHAKE_TRAFFIC_SECRET 611a521b236a37e7f38cac5bf2ee54a5b776c20e0d61cad4b1e318d9987153e4 b673d37da0769dcaa8a8dc86d0c213876e19f8d6e8d96beca21de3473e33d0f88a13edd1d11431218eb26f2d74f9142c
CLIENT_TRAFFIC_SECRET_0 611a521b236a37e7f38cac5bf2ee54a5b776c20e0d61cad4b1e318d9987153e4 73cc024df6e2249dc2e2925d283cf9c18befb461b4b4932430364286663e925a1866666925db38c37f3839e883f5d56b
SERVER_TRAFFIC_SECRET_0 611a521b236a37e7f38cac5bf2ee54a5b776c20e0d61cad4b1e318d9987153e4 4c3a14f4560292a539c1d348d7d64351b968e45048fdb5318ee9517db5f3ccf425220a9b10e76ae1d81a56478bc2ba3e
EXPORTER_SECRET 611a521b236a37e7f38cac5bf2ee54a5b776c20e0d61cad4b1e318d9987153e4 a2eefb687276ef2e52c269b2ed9db834b8826d8b92353007b5004d380c80497f5176238db6d74ca71282645ec5615d7b
CLIENT_HANDSHAKE_TRAFFIC_SECRET 114ab9f27089b6d0ba0ded780dc725c53e95700a842dea1482efdc05bcec86ca a339f242bbbe65ed4d44168bf4e1bf190fafc0bd6a2dbf95babb7b54420fcdc2abc43fefff78d481ced80447b2d3e24e
SERVER_HANDSHAKE_TRAFFIC_SECRET 114ab9f27089b6d0ba0ded780dc725c53e95700a842dea1482efdc05bcec86ca ccca41e8ab923f64f28c22135921a5e756c30e0bb59c41696e877a055b4d23ec151525965671457dc40d72c9418bd1c8
CLIENT_TRAFFIC_SECRET_0 114ab9f27089b6d0ba0ded780dc725c53e95700a842dea1482efdc05bcec86ca efa761ffc5ec3412b61d2f90de944925fba4ea48ed26feba90c0ea8cd84869893e64606709ba0e22978668d6620c03d8
SERVER_TRAFFIC_SECRET_0 114ab9f27089b6d0ba0ded780dc725c53e95700a842dea1482efdc05bcec86ca 1d47d6d33307aa52a04397efe97847389e1ad4e88e511e361074620655fca2b01d1bb2da7f2621751e07943cc5f8ab92
EXPORTER_SECRET 114ab9f27089b6d0ba0ded780dc725c53e95700a842dea1482efdc05bcec86ca 23428a6e73092f2789ecd307fea8be6a62ccaf851ed69ad725bd488acf30b691a312dc7dc51c1ac3bca2615336139a6c
CLIENT_HANDSHAKE_TRAFFIC_SECRET 7662904352e134b09cb42b89624b5f53d183eb74900385a6ff16a9304e7d93f8 2dd6736a4d6ea4ab706c64594031750d47763ecdf864e358d391a91d431262aa9885c6d5270b081df8375a6ea7cf9922
SERVER_HANDSHAKE_TRAFFIC_SECRET 7662904352e134b09cb42b89624b5f53d183eb74900385a6ff16a9304e7d93f8 7133c639bce3e093accf39bf0d326619ef8b60f4e0bdd3338698dee015c3f4bb20dfeab9428144c8b19d4d86098747c8
CLIENT_TRAFFIC_SECRET_0 7662904352e134b09cb42b89624b5f53d183eb74900385a6ff16a9304e7d93f8 a53d30f9d41a9313be36c73163d35f07aeca171e7781c98ccbac9ebbf9036222d61196cf5beef8fea175f27355aeadcf
SERVER_TRAFFIC_SECRET_0 7662904352e134b09cb42b89624b5f53d183eb74900385a6ff16a9304e7d93f8 2b55338e21b49407c63fed18f186e51c1b5afac3a608eac85e3e0c9815b0110f1589a637f60ac307bce2f01fd7a0592e
EXPORTER_SECRET 7662904352e134b09cb42b89624b5f53d183eb74900385a6ff16a9304e7d93f8 d9af38d1e8111c0f3551c1f705bdd203a31394f66b032e6c799b33140f860d16cbf8a664202bcfec40ffd60c244e027c
CLIENT_HANDSHAKE_TRAFFIC_SECRET b9b98fa93ae72eab2b9fb95d040df70fce03397dd0c871fc595609b74fc26733 eac6ab74e7edaf64c8d998761f08a2f0cb3b155ec538dafaefa41707baa2a21b
SERVER_HANDSHAKE_TRAFFIC_SECRET b9b98fa93ae72eab2b9fb95d040df70fce03397dd0c871fc595609b74fc26733 b09aa9c945b8b797925604d81e42f212563ad48a1b82a3e553c9d9ceea4cc53f
CLIENT_TRAFFIC_SECRET_0 b9b98fa93ae72eab2b9fb95d040df70fce03397dd0c871fc595609b74fc26733 5da78db3b55ef191f82074ba00237744660ff62074426fd5ab29a3b51ff3f9e1
SERVER_TRAFFIC_SECRET_0 b9b98fa93ae72eab2b9fb95d040df70fce03397dd0c871fc595609b74fc26733 ba82e622593f566637cb244d13ac2b374edf2e3f47f28eb73f351365a0e75851
EXPORTER_SECRET b9b98fa93ae72eab2b9fb95d040df70fce03397dd0c871fc595609b74fc26733 a8a59e2dc76f56521a9c232a4b6734c4bc32ba777e37ad7356b6e4de85f73356
CLIENT_HANDSHAKE_TRAFFIC_SECRET d8c789c168d4696e8a29db2f974a537b7597c04a7b59f64c6d99ff4da3f43d6c e31443b917d36d2ed3c1cfbcb8258e4dc17ab11d3dd986544e4930b0bfbf3aea540c4ae1c32983849729944f042e234a
SERVER_HANDSHAKE_TRAFFIC_SECRET d8c789c168d4696e8a29db2f974a537b7597c04a7b59f64c6d99ff4da3f43d6c af2a7380c375dff7cdd370a774fc3d50fd08fa17bad06fc2a5b34842494825e70cc22a855621376a1f2dc15ac2228e01
CLIENT_TRAFFIC_SECRET_0 d8c789c168d4696e8a29db2f974a537b7597c04a7b59f64c6d99ff4da3f43d6c 4306331c0381d5bd511469fb251e6b3806195661bbd25618e1468d68ab7eb87144bb9294995ce8ddbfe2fcec4b2b363c
SERVER_TRAFFIC_SECRET_0 d8c789c168d4696e8a29db2f974a537b7597c04a7b59f64c6d99ff4da3f43d6c bbbde41ce2dd09e6573e7324c9a1fdee5e8f2a71a9d940d5e8a0c28fea8c7daa376f036efb8b0343888cadb95f760218
EXPORTER_SECRET d8c789c168d4696e8a29db2f974a537b7597c04a7b59f64c6d99ff4da3f43d6c 31bc77f60fb6ceca8af2e33ab0f3138a394391347e30ec93a01e861e8e99f0c262e88223df8804dca7baf2adec374052
CLIENT_EARLY_TRAFFIC_SECRET 64ebfcec644d322f43629b761b367c892bc2988528e192be96111b6c10fdaedd 2cc4fc15823f0870f482f2308e84553cb1de8e76b222ea62a1d7cf1a8ce84815
CLIENT_HANDSHAKE_TRAFFIC_SECRET 64ebfcec644d322f43629b761b367c892bc2988528e192be96111b6c10fdaedd 6f848f4971687f2de37e6ce43e39408b7d2afaf69fc7d3a815bde4971187ddde
SERVER_HANDSHAKE_TRAFFIC_SECRET 64ebfcec644d322f43629b761b367c892bc2988528e192be96111b6c10fdaedd 64ff12895e41fc207ee0991c0eaf57105b5d94818f26a6747d4bafac78e776b0
CLIENT_TRAFFIC_SECRET_0 64ebfcec644d322f43629b761b367c892bc2988528e192be96111b6c10fdaedd b96ef3a6f456c16e281173e9fa1a4af796b276af975abaa5d556fe6e7bea7cef
SERVER_TRAFFIC_SECRET_0 64ebfcec644d322f43629b761b367c892bc2988528e192be96111b6c10fdaedd bba617320d439e71597c037717cc3ab0a376d44ef60de7e4f0f6f7645c009e56
EXPORTER_SECRET 64ebfcec644d322f43629b761b367c892bc2988528e192be96111b6c10fdaedd 863394469cd4b8860c5716cb60b72b632e7e6e3591404dbde71317fdd2874d55
CLIENT_HANDSHAKE_TRAFFIC_SECRET 8b2f2cd565464c61c3c8f67421ce2ed033ebe7de1e2f2b121b4bcb320be79bff 43fcc7fe92453dcb19ed76be3b5d8cb848ab60a24b0929bf835015184a590f4b
SERVER_HANDSHAKE_TRAFFIC_SECRET 8b2f2cd565464c61c3c8f67421ce2ed033ebe7de1e2f2b121b4bcb320be79bff cf2f84db999d3eef4ad15f736db6e8c7ce78b5526a703d4da36029bc66fb21e8
CLIENT_TRAFFIC_SECRET_0 8b2f2cd565464c61c3c8f67421ce2ed033ebe7de1e2f2b121b4bcb320be79bff cf6f0f86cd66d76f81c22a2005896e6a64e9e5269f9aeb4d6b790510de5b4e4d
SERVER_TRAFFIC_SECRET_0 8b2f2cd565464c61c3c8f67421ce2ed033ebe7de1e2f2b121b4bcb320be79bff 05d85c824e5970e087314398b179fcd1d15890be6923fa84b9311f4ba22661c8
EXPORTER_SECRET 8b2f2cd565464c61c3c8f67421ce2ed033ebe7de1e2f2b121b4bcb320be79bff c66f1e7649ce6a848709dc0b2fe073308ced2e9498ad8b523282ba3d07b0c1e5
CLIENT_HANDSHAKE_TRAFFIC_SECRET 8e237774e5bd9b5ab4c50bd84ba5c75a80fea3aef01a5c9bd96862080acb9bb2 2e6a805702e6529187ae57c766abdf519d7bfe7d51340b398e067bf705bd353ff7449f39ac67243ee3400cd0f9034f2f
SERVER_HANDSHAKE_TRAFFIC_SECRET 8e237774e5bd9b5ab4c50bd84ba5c75a80fea3aef01a5c9bd96862080acb9bb2 bfb06c3ec2e2720deda280eefa34d1e1f4aadfda1f88f33756eeeedf865d76dbba3828c9b884c68db374ace41e8b86a8
CLIENT_TRAFFIC_SECRET_0 8e237774e5bd9b5ab4c50bd84ba5c75a80fea3aef01a5c9bd96862080acb9bb2 a3b2afbf3835cf9c7744e54a11f6013ce97e3e79f4046e0a413952cfa3c72e27354126df01c17697c12dfd5e51177203
SERVER_TRAFFIC_SECRET_0 8e237774e5bd9b5ab4c50bd84ba5c75a80fea3aef01a5c9bd96862080acb9bb2 4b6ae4016666135ba55553d7e66c55cc33420483dec4c20c6c47b194ddf510dce8c2adfa86e753d3a03494d1edc018d5
EXPORTER_SECRET 8e237774e5bd9b5ab4c50bd84ba5c75a80fea3aef01a5c9bd96862080acb9bb2 f291b63204df56e1cc483b14ceeb98217bf6f4eebaf905af0901c567256c9e1bb7b6d292619f63293441cda415edd163
CLIENT_HANDSHAKE_TRAFFIC_SECRET f192b6e2df6390c3d6b52f941d304f583220838b807ca14c308ad43824aa7a84 006f0113f460a24cd45abb6884b124767b08698bb4eb6208afe70e12585566d378a5f9e2a8e67e7e63aa2e61907efefd
SERVER_HANDSHAKE_TRAFFIC_SECRET f192b6e2df6390c3d6b52f941d304f583220838b807ca14c308ad43824aa7a84 8c27be7ac8354dc0aac4d80d986bcc136a5d19c49540dfa0ff4e982c77a28c1480fb3f99976a5b3f0a6b9aba0878b4f5
CLIENT_TRAFFIC_SECRET_0 f192b6e2df6390c3d6b52f941d304f583220838b807ca14c308ad43824aa7a84 02266c3691df7b294c6acba94d8ef8f53051cafdf18776bc00648caef1568424d75d6d6c26fbcc10654adbae5634f06d
SERVER_TRAFFIC_SECRET_0 f192b6e2df6390c3d6b52f941d304f583220838b807ca14c308ad43824aa7a84 8e5ccde28a50b392d7c2299fcbb4ac33974247a53a78e03d4e6286226af98e4e4321b94adcefb06615dbd0e37911e5d0
EXPORTER_SECRET f192b6e2df6390c3d6b52f941d304f583220838b807ca14c308ad43824aa7a84 b82b6b01094a71d9792773eade3faa3171df7400fcb51f046cf1b70069aed1c2876d94251d7bc8996705f6c758098faf
CLIENT_RANDOM b7141326f1ce9c878cd9ccb3e567c1b63b46be04f2047a7301f2f19430e1b56b 662272a2112bbcbd0597c4a2f8fc65434406e1e2bf97639b72c192990c404d45458c7f74147d2763c871a392e2918a32
CLIENT_HANDSHAKE_TRAFFIC_SECRET 705b4d46740bb6e85dd29fe6ae086205ca4e70066eff732db9d0c112fbbeb841 da734999503d885f2a5105f7286104c4715b101126d7d9de1771ca0714059360
SERVER_HANDSHAKE_TRAFFIC_SECRET 705b4d46740bb6e85dd29fe6ae086205ca4e70066eff732db9d0c112fbbeb841 da7ca03f40ae32063529ed696a0edec07d6e12f30086f4b096c575626b4c7ee6
CLIENT_HANDSHAKE_TRAFFIC_SECRET 854bdc904b4112e6d70c5b5f10680df6adba3d7dc9a168e8b7c3d0df6eb2b638 83ab842522518918e815ecf733bc5b38f510dffdd4e5429905309299deb8e986beecbd26d6ea6ea6e3c03c29813198d1
SERVER_HANDSHAKE_TRAFFIC_SECRET 854bdc904b4112e6d70c5b5f10680df6adba3d7dc9a168e8b7c3d0df6eb2b638 f37aac150b045be345043c3ce4a546106d8af9af1e6eca206b7517c756349599833b8f1ef6f950790cd4ee39608e3d76
CLIENT_TRAFFIC_SECRET_0 705b4d46740bb6e85dd29fe6ae086205ca4e70066eff732db9d0c112fbbeb841 f4efb60481a828b710fb6aff8d67e227f3e99c90a3f644b8bb62e79fe1c2dbdb
SERVER_TRAFFIC_SECRET_0 705b4d46740bb6e85dd29fe6ae086205ca4e70066eff732db9d0c112fbbeb841 f7e8fcd61adff76516acd8e88877d38ec71eff1258ca8c38513cd84a2ccb06b6
EXPORTER_SECRET 705b4d46740bb6e85dd29fe6ae086205ca4e70066eff732db9d0c112fbbeb841 3bc62534a66ec63c3e3b6a58a4397078c3bd5c81c67e98739a11cdd782d94382
CLIENT_TRAFFIC_SECRET_0 854bdc904b4112e6d70c5b5f10680df6adba3d7dc9a168e8b7c3d0df6eb2b638 6a362b7218d26fb1896293eb21a07d95c8224c06a2ff7a733f96af65649b0414644dec8f8eedacf98b753b1a628ec38e
SERVER_TRAFFIC_SECRET_0 854bdc904b4112e6d70c5b5f10680df6adba3d7dc9a168e8b7c3d0df6eb2b638 51d3f9c5fb40c8dfcd60abf1cbc3a9dca6999a1bb4a03f1bcf3f4584d5c9b2c11f237572d800e25ad01bd8297a967e78
EXPORTER_SECRET 854bdc904b4112e6d70c5b5f10680df6adba3d7dc9a168e8b7c3d0df6eb2b638 7d2ca1a101d4f871167f56e554e4d2245e2df697a27bb5416a6f150e9d87a132b7a020e1f5b9762faa4c76cb116371ca
CLIENT_HANDSHAKE_TRAFFIC_SECRET b2b711d91880b298a9749c49a814b962dbd2dd4fa91f9a8e0d8df14a5764e9bf a2c4a0a8797ae2a1bac32163e735f52a114b2049f12c043a7659b2dbac4706d1b7bf1e8c1ef81832688b4754e2642828
SERVER_HANDSHAKE_TRAFFIC_SECRET b2b711d91880b298a9749c49a814b962dbd2dd4fa91f9a8e0d8df14a5764e9bf 8190c720cee25caa178e1835644d8ae8f1344e7b5fd58d5317e74ab15f2be1b5ad8db8159f5de6cccc8e4d20fb417630
CLIENT_TRAFFIC_SECRET_0 b2b711d91880b298a9749c49a814b962dbd2dd4fa91f9a8e0d8df14a5764e9bf 04509e384ea1f7fe50f327ac126bae8281d0b329ac97e831a136c6c7e70123418494f46af6f7f299e4656c6624f518bf
SERVER_TRAFFIC_SECRET_0 b2b711d91880b298a9749c49a814b962dbd2dd4fa91f9a8e0d8df14a5764e9bf 81a259642197f5bb7bec617e3b89f049ea7d2d58b40aeae301cfc53ddc060fe3c5f06caeee12dc685824071d93963a9f
EXPORTER_SECRET b2b711d91880b298a9749c49a814b962dbd2dd4fa91f9a8e0d8df14a5764e9bf b42bea6b1e9c0af23e181cbdaf7d9f4d53f1ac4b80f7e1c1a83be43eb6794110d24c6a12254a29b6f958bc6278c4c6bc
CLIENT_HANDSHAKE_TRAFFIC_SECRET 78f5273a7620eae72a172f701a4dcfa7201f11f3606ce3e235ffcb33f31dba27 9a648fd5950f8b810d9a33ed292bac9ddcdff818ff66af6c8ed89f90e61e6734
SERVER_HANDSHAKE_TRAFFIC_SECRET 78f5273a7620eae72a172f701a4dcfa7201f11f3606ce3e235ffcb33f31dba27 f009613ba94019b4573ea48ae092bf726f2ae0061ab1f5cdc88beb6ec54e8eb0
CLIENT_TRAFFIC_SECRET_0 78f5273a7620eae72a172f701a4dcfa7201f11f3606ce3e235ffcb33f31dba27 7559ec4836ad466739547f699d37405e67973af24fc637fcd30b47521791a4fb
SERVER_TRAFFIC_SECRET_0 78f5273a7620eae72a172f701a4dcfa7201f11f3606ce3e235ffcb33f31dba27 3477258c819ff1a069eba60c3ac01a05d21968b6487f37478504f434d5c71400
EXPORTER_SECRET 78f5273a7620eae72a172f701a4dcfa7201f11f3606ce3e235ffcb33f31dba27 a9f4c360c0f7e3f1b3108fe89685f025f9dbd31bba0cc56c48d7e1cbf34eab87
CLIENT_HANDSHAKE_TRAFFIC_SECRET 5197de24891104464c9a2604bb31d6db391ecff1fe97502107e2ae3b92e5f142 c27c962900446bb6f381b3f3bf3bd8b1898ef3b7c07f6ddeaa6c19369235b94c
SERVER_HANDSHAKE_TRAFFIC_SECRET 5197de24891104464c9a2604bb31d6db391ecff1fe97502107e2ae3b92e5f142 57b2d7fcacf0292014d2b5fc74feb31903d93a77fecab52b90d62c4e3d6b714b
CLIENT_TRAFFIC_SECRET_0 5197de24891104464c9a2604bb31d6db391ecff1fe97502107e2ae3b92e5f142 98a4dddf52bda896a350a8b20e18fb97d223a1ac7ff7bb71fb9a46d23a1a2c84
SERVER_TRAFFIC_SECRET_0 5197de24891104464c9a2604bb31d6db391ecff1fe97502107e2ae3b92e5f142 82c2554b3a97441bbbf795ef099c6d0e446e73c40c14089e8273fc0f01fb3885
EXPORTER_SECRET 5197de24891104464c9a2604bb31d6db391ecff1fe97502107e2ae3b92e5f142 9eccf0d7accf86f6edb442c6396eb902cb236af0fa26fb957bd5b38341bc36de
CLIENT_HANDSHAKE_TRAFFIC_SECRET afaddfa0c3bbd88432dfe7443177f342ac4ade0e17d9913e7a1abd9bd38f839e 63a76c50deebdbbaee989060f56508645c9b5f39ab2244c118fc4a4920bb339a
SERVER_HANDSHAKE_TRAFFIC_SECRET afaddfa0c3bbd88432dfe7443177f342ac4ade0e17d9913e7a1abd9bd38f839e f9c1b0bccde3c7146ed742898651396b0d6032182fee09b9a7c904418c6584e5
CLIENT_TRAFFIC_SECRET_0 afaddfa0c3bbd88432dfe7443177f342ac4ade0e17d9913e7a1abd9bd38f839e d384b0ab4e206cd8faa4716842a79514e592672c4d05cbec84bbc468ef8f675b
SERVER_TRAFFIC_SECRET_0 afaddfa0c3bbd88432dfe7443177f342ac4ade0e17d9913e7a1abd9bd38f839e aa7d833108d462b5a1b766c83419da80867e6afd0a6bae1e8cd77e00eecf31f1
EXPORTER_SECRET afaddfa0c3bbd88432dfe7443177f342ac4ade0e17d9913e7a1abd9bd38f839e 74b359293bd486ad2d8ee4c83babedd111140df53efae5856302bef38a2ac6e8
CLIENT_HANDSHAKE_TRAFFIC_SECRET b12fc6fc1b4522662e40659b7d5c54ccbdb3139aa2e61d7918592cf2755fd20e 35e0f39c2d49821cca59c183345de079b0c017571d63bf402ba33bfa9f1243d2fa98f53228530c0c77fcff92cd14b4e7
SERVER_HANDSHAKE_TRAFFIC_SECRET b12fc6fc1b4522662e40659b7d5c54ccbdb3139aa2e61d7918592cf2755fd20e 6fa376f4b5d46f0f75f9e85c0d654113a946d20548434e2290a0d722e1838839c484bb8361ac57adc4227391bcd8f973
CLIENT_TRAFFIC_SECRET_0 b12fc6fc1b4522662e40659b7d5c54ccbdb3139aa2e61d7918592cf2755fd20e e22f43dc76635dd946ac9cf7bdc1ffd7230251aaf02c6d486a2fca7ff71477286a04fee31ae2ef0d637dd220bc5661a9
SERVER_TRAFFIC_SECRET_0 b12fc6fc1b4522662e40659b7d5c54ccbdb3139aa2e61d7918592cf2755fd20e e816f273e541d6e6ae1f578ea7c06cd57fde22400177e7e512715dc1a3bd3f7c2f4f17abf4486867ffa0538db4d03208
EXPORTER_SECRET b12fc6fc1b4522662e40659b7d5c54ccbdb3139aa2e61d7918592cf2755fd20e ac5b47feaee0f16472bcc37b378c4748b901cc931bd7176d440f601180bdaa16dca03dd7fe192f4e253f0447fbcb33be
CLIENT_EARLY_TRAFFIC_SECRET bc59da90d40f9fe3c278f4c25203d2ab472ea1b30bef9cfda98c965ee4eadf5a ec26d2a7ba74df2fa2d7bc9a7085861f674f6c211033c0d20d392dcb8afeb2eb
CLIENT_HANDSHAKE_TRAFFIC_SECRET bc59da90d40f9fe3c278f4c25203d2ab472ea1b30bef9cfda98c965ee4eadf5a 3556b90e3844b4d0a1493fe7da835363f2bdc8ce5724411ccac21c2a5384ca91
SERVER_HANDSHAKE_TRAFFIC_SECRET bc59da90d40f9fe3c278f4c25203d2ab472ea1b30bef9cfda98c965ee4eadf5a 32b6878ece4be6127a531bf37d576305290ddda2f11c9ac8b32c988284be5275
CLIENT_TRAFFIC_SECRET_0 bc59da90d40f9fe3c278f4c25203d2ab472ea1b30bef9cfda98c965ee4eadf5a 3fac161eb7c24c53dfeb94b21b989f36624286cda25767bf2a9c47bb25158e5a
SERVER_TRAFFIC_SECRET_0 bc59da90d40f9fe3c278f4c25203d2ab472ea1b30bef9cfda98c965ee4eadf5a d97072c63b4d0039a4215b0279871c1f96ca691bb3294e5d6234335b92eadc72
EXPORTER_SECRET bc59da90d40f9fe3c278f4c25203d2ab472ea1b30bef9cfda98c965ee4eadf5a 9ba71aaf3c4524c24a3e8a084a25ccfe3af774b74842fd9d7e59c62cc3877ec0
