CLIENT_HANDSHAKE_TRAFFIC_SECRET 6629f1eb2b0cba15150a11005f7e8fe839fd2b0b677d1a279646d3a8187cb8c4 8d4765e65484092315c3d1a5bb6edea31a97893400d1f791bf4eb165599a3eff
SERVER_HANDSHAKE_TRAFFIC_SECRET 6629f1eb2b0cba15150a11005f7e8fe839fd2b0b677d1a279646d3a8187cb8c4 1d04fb5b9e4518b673bdb875c87fb73ce8778264b4edcadb8191e29a9f456e71
CLIENT_HANDSHAKE_TRAFFIC_SECRET 7c0807788eaad29a9c6a85cc11b3d74c89104f43b9f0df823731344eb06680ec d07a8d511dbb7f8e5c20ff3b751a498ec0dfff5c75ab855a464a733eba58f3d8
SERVER_HANDSHAKE_TRAFFIC_SECRET 7c0807788eaad29a9c6a85cc11b3d74c89104f43b9f0df823731344eb06680ec 7a19412c02fd2821641be7f5e00f674a229f9adee64f741391d0753dd849151f
CLIENT_HANDSHAKE_TRAFFIC_SECRET 8eefb23edd1ef26da4726da3efe749d09588f8d6a4be46c52fc1f48905a96bcb be26c3ac06eeee7954fc612fd944b02a00bc79103e65f77db82091fa36ad9cf390c889cb16d33c6917f2bc12aa68bf8a
SERVER_HANDSHAKE_TRAFFIC_SECRET 8eefb23edd1ef26da4726da3efe749d09588f8d6a4be46c52fc1f48905a96bcb 9c4c2c9e44cc19abed4f8d422f26e96be33239397bf27e2c2b1755b5458771dd95513fae5810a55cf4d66b3bab024b2a
CLIENT_TRAFFIC_SECRET_0 6629f1eb2b0cba15150a11005f7e8fe839fd2b0b677d1a279646d3a8187cb8c4 7d51365f2772002357394f79461008d0fb7d3bd3eaaea9b86a5e0bbb8cfb5548
SERVER_TRAFFIC_SECRET_0 6629f1eb2b0cba15150a11005f7e8fe839fd2b0b677d1a279646d3a8187cb8c4 0f3289aaaa9150d577596131ffb139f1b23a5f76e8a90643ad914197829f5ebf
EXPORTER_SECRET 6629f1eb2b0cba15150a11005f7e8fe839fd2b0b677d1a279646d3a8187cb8c4 f401d62c42c2e85856493af1e79f4db940c791539ea32e808c968eb12a330f9f
CLIENT_HANDSHAKE_TRAFFIC_SECRET 1c81c6fee2b1d99a4efa2fab165693cba36180fb70dd8ada6b9afc5dd2fb9f1a fe8be42878c2d0fc9effedba85241ee1a2eb0874f478d7e6df65cfe45f8487fd
SERVER_HANDSHAKE_TRAFFIC_SECRET 1c81c6fee2b1d99a4efa2fab165693cba36180fb70dd8ada6b9afc5dd2fb9f1a 69df0d2a98f995386f8e2c71160ea1af24f7e9c08922936231485545bc0ac130
CLIENT_TRAFFIC_SECRET_0 8eefb23edd1ef26da4726da3efe749d09588f8d6a4be46c52fc1f48905a96bcb 40b748aa15b509fee1ca62cdcf0021eeca8c07a488527a1c433bd52882c2b4da71be7a19e96fdc719cccdd15fa665fb4
SERVER_TRAFFIC_SECRET_0 8eefb23edd1ef26da4726da3efe749d09588f8d6a4be46c52fc1f48905a96bcb 2391a08cac5cd0f4e0ea008ed4f413ce32496821f9251c765c9154911b52ddfae44485b7348156656d96b13928c87e6f
EXPORTER_SECRET 8eefb23edd1ef26da4726da3efe749d09588f8d6a4be46c52fc1f48905a96bcb 3c693c99cfef9316117263a8556e254412cc5cf1e4734e203245b3f66762f6f5ec3cafc19fceb06d20ceff0d8f37ae68
CLIENT_HANDSHAKE_TRAFFIC_SECRET bca108236ec675cad8b7e606716894060186cd17ad659e7217db7c4394f06ea8 a45911b3286085ddbcf7ef56d7689c968f4044bf43e9dd86fbb4586c9492c133
SERVER_HANDSHAKE_TRAFFIC_SECRET bca108236ec675cad8b7e606716894060186cd17ad659e7217db7c4394f06ea8 2a3ce513d9d5f7e9fef7fb2c2bf7f2c430d9105f39397ffd3bf1cfb84f2f041d
CLIENT_TRAFFIC_SECRET_0 7c0807788eaad29a9c6a85cc11b3d74c89104f43b9f0df823731344eb06680ec 7ff30f3a5a566cba8aebfe041fd7d34e7e084d6ef5a4066a58e63bd5749d2c28
SERVER_TRAFFIC_SECRET_0 7c0807788eaad29a9c6a85cc11b3d74c89104f43b9f0df823731344eb06680ec 1e9199d48ba26973a9a0b327bd517cef658a5bbcc6125233fcf8b1b1255295c0
EXPORTER_SECRET 7c0807788eaad29a9c6a85cc11b3d74c89104f43b9f0df823731344eb06680ec 78fb77216341b339fef040f1417ca639fceb58db7a4834305c283431a0189506
CLIENT_TRAFFIC_SECRET_0 1c81c6fee2b1d99a4efa2fab165693cba36180fb70dd8ada6b9afc5dd2fb9f1a fa26194345dbb37adb2c1b4f2f189b443d442cb7fed2daaaab18c9e49f6d71a8
SERVER_TRAFFIC_SECRET_0 1c81c6fee2b1d99a4efa2fab165693cba36180fb70dd8ada6b9afc5dd2fb9f1a 004eaa8980085eeaa3e69182eed95124df4c53160db744eb496031280ceee323
EXPORTER_SECRET 1c81c6fee2b1d99a4efa2fab165693cba36180fb70dd8ada6b9afc5dd2fb9f1a 00b363ce8cf36f48d1f1a2fd1e32b5fb0f88cbf67e0179f374fec1611769316f
CLIENT_HANDSHAKE_TRAFFIC_SECRET 925e312781fae0a4ed584e9efebe760ad548a424e9d7679c410f3ab73a907e48 19624c86a102b2d8613a5c01ca299b6b73cc3ca59b12cb974b57c0493aceb5fc
SERVER_HANDSHAKE_TRAFFIC_SECRET 925e312781fae0a4ed584e9efebe760ad548a424e9d7679c410f3ab73a907e48 7eec9b59871c45ffcf76159846ae04107c5832aa29e0caa304059241d61ae6ac
CLIENT_TRAFFIC_SECRET_0 925e312781fae0a4ed584e9efebe760ad548a424e9d7679c410f3ab73a907e48 a2589e2a209aed867fd054c8f9d5a76076a7f78f2c653b041a7c28fbf54f8dd0
SERVER_TRAFFIC_SECRET_0 925e312781fae0a4ed584e9efebe760ad548a424e9d7679c410f3ab73a907e48 df67c3a009d3ccab214071de828c37f46fdb1b716375fcf019b7a80c5537fddc
EXPORTER_SECRET 925e312781fae0a4ed584e9efebe760ad548a424e9d7679c410f3ab73a907e48 641d4d4599b6f3916e6442d048ba0475fa26a77c1b2427c014b0763d2398dfb5
CLIENT_TRAFFIC_SECRET_0 bca108236ec675cad8b7e606716894060186cd17ad659e7217db7c4394f06ea8 14acba63de512305cd6ea651e69e781e41c53fbbad633f19f79da637cb0ca363
SERVER_TRAFFIC_SECRET_0 bca108236ec675cad8b7e606716894060186cd17ad659e7217db7c4394f06ea8 a34f6c011ab7224528198b210dc3ed02df085c66696a77363a7c957cbee10e2b
EXPORTER_SECRET bca108236ec675cad8b7e606716894060186cd17ad659e7217db7c4394f06ea8 05f7e2436e0d3902e88414e2180add4e7675020ed2c97f0c58f8fc1ef2836a39
CLIENT_HANDSHAKE_TRAFFIC_SECRET 9416298d82a1a2ed26318f3d231af4e5f0ab76d625fd94c0e9e78d065e93904a 1099b7caf9995b446e0fe0f27df88c0a53890c5faf5eb99c44b1f026df44ae38
SERVER_HANDSHAKE_TRAFFIC_SECRET 9416298d82a1a2ed26318f3d231af4e5f0ab76d625fd94c0e9e78d065e93904a 06bcd75fd8844ff12e47ecbbb09c5014bc9725fca5e36c00dced44114289bb74
CLIENT_TRAFFIC_SECRET_0 9416298d82a1a2ed26318f3d231af4e5f0ab76d625fd94c0e9e78d065e93904a 95fefd90fff9ddb2a0c485f82313ed3d55f769ca0de5dededcd65d4a26361c66
SERVER_TRAFFIC_SECRET_0 9416298d82a1a2ed26318f3d231af4e5f0ab76d625fd94c0e9e78d065e93904a e81d4e10c4af077364bc8dcad4d48c5f3240c979a3320ff4360c77e336fb5062
EXPORTER_SECRET 9416298d82a1a2ed26318f3d231af4e5f0ab76d625fd94c0e9e78d065e93904a 7e0df27b0067a5aa526c4e09c2b2213a77838d903e3656b7a9d5398ac63bd3ca
CLIENT_HANDSHAKE_TRAFFIC_SECRET 4ce5c87482055de56f7d470e144734cd325d0dae9ee6181d5635597e52c52c8d 09854263aa1a36290fa1e52cfe171476630bec236ae8308633bc6ea401d61272
SERVER_HANDSHAKE_TRAFFIC_SECRET 4ce5c87482055de56f7d470e144734cd325d0dae9ee6181d5635597e52c52c8d f56c489757cfd3ae61d4654b859c77c26342c6f4c22c6a68dfce6fb3920969ce
CLIENT_TRAFFIC_SECRET_0 4ce5c87482055de56f7d470e144734cd325d0dae9ee6181d5635597e52c52c8d 05bdc7c304dd6b7bc8fd6f3d32a7a62ac4fd1ca3e3f5ebab431ee1e79b9148ba
SERVER_TRAFFIC_SECRET_0 4ce5c87482055de56f7d470e144734cd325d0dae9ee6181d5635597e52c52c8d 3abbc2fe7d0fe2656504783e3f7f2269ca6e5650bbfc2424c7e6372495b1f848
EXPORTER_SECRET 4ce5c87482055de56f7d470e144734cd325d0dae9ee6181d5635597e52c52c8d 1cfc6cf88581a7d095505cf9684bf89c6373064bb4b4548f2b93ea723b6ba995
CLIENT_HANDSHAKE_TRAFFIC_SECRET 042617deac6b88120672bd736f4a58eff981d4f02212aa7141f151c68642dd4d f376682f58199d35d04badd5cafe4be45955933edf5f92929098a62a8a8d22914c22adc8ded838f68771b4c54d14551c
SERVER_HANDSHAKE_TRAFFIC_SECRET 042617deac6b88120672bd736f4a58eff981d4f02212aa7141f151c68642dd4d f20605592fadfbd3cf45d678ea51c88265e20d597e64c6ac54c04d38b8089db393f9ed37fe0307da49974640f08da7fe
CLIENT_TRAFFIC_SECRET_0 042617deac6b88120672bd736f4a58eff981d4f02212aa7141f151c68642dd4d 767416a8c4efb1f200636726c295d706b3b15d943f379477f4eb66f16addf8462e1a99c0a5f7dbcfb0c2a5fddcd63851
SERVER_TRAFFIC_SECRET_0 042617deac6b88120672bd736f4a58eff981d4f02212aa7141f151c68642dd4d 226154135d70e0fe00c19f12903dd274e0eccf5afd3b3d2bc1fea83820e6b3ebdd6b6bdf2162f9394d112b45eba65da0
EXPORTER_SECRET 042617deac6b88120672bd736f4a58eff981d4f02212aa7141f151c68642dd4d 71948cd773f25d2fbd9e820ab05f45437cfecb7c5ed089c368a8ae392a959c65cee9da4e227adf140c8b0b572a08ddc4
CLIENT_HANDSHAKE_TRAFFIC_SECRET d14526c7873aead4cb54a964298b078ae23396a8ee82dc51e3e641fae514d3d0 d360bf0ba31df843faa5e458e7b83a7ba4f8cfd99f23c0db147b6f1add1450dc
SERVER_HANDSHAKE_TRAFFIC_SECRET d14526c7873aead4cb54a964298b078ae23396a8ee82dc51e3e641fae514d3d0 78a8f6b964534ef0762bc3f4c7e4246e471ffe3a03621bee93e41a9aa26c8cf9
CLIENT_TRAFFIC_SECRET_0 d14526c7873aead4cb54a964298b078ae23396a8ee82dc51e3e641fae514d3d0 04f21b82ade6b93143149140f92315174476bc25d2d2ef050024fbf56f2057c1
SERVER_TRAFFIC_SECRET_0 d14526c7873aead4cb54a964298b078ae23396a8ee82dc51e3e641fae514d3d0 34c0276c0178f69ae6e6c33fab709bef344b7e8683c45ba9ff9cba2648e485b0
EXPORTER_SECRET d14526c7873aead4cb54a964298b078ae23396a8ee82dc51e3e641fae514d3d0 a62afbff0da2bda7f016de1f800e72ebf069b8149cf4e10fda723984bfe56f82
CLIENT_HANDSHAKE_TRAFFIC_SECRET c8c3a85b62d541c6cf73f3c79f2fd39935c2addddac9c2d6fe41700dda3b07b7 2fddf051c7c3bc6d72863f27dc28e59a6d25208fa9322c7b3a90339f45740ccf
SERVER_HANDSHAKE_TRAFFIC_SECRET c8c3a85b62d541c6cf73f3c79f2fd39935c2addddac9c2d6fe41700dda3b07b7 28cdd584718c4a91c6eac7f1ab8f045cc2241cec80a9223ade8127cf1280603a
CLIENT_TRAFFIC_SECRET_0 c8c3a85b62d541c6cf73f3c79f2fd39935c2addddac9c2d6fe41700dda3b07b7 dd4149cb1d2a68119f92137141d67b04b77f8b55f7dede24ea9b733eeb5cc9a4
SERVER_TRAFFIC_SECRET_0 c8c3a85b62d541c6cf73f3c79f2fd39935c2addddac9c2d6fe41700dda3b07b7 52e1d4c8fc71da6cffd88c5be6e35621d5b7c94736a4a272bfb5e23b0edec934
EXPORTER_SECRET c8c3a85b62d541c6cf73f3c79f2fd39935c2addddac9c2d6fe41700dda3b07b7 e5d898a32cc915ec76fc67188847601c4868a31880cb67579130dcd47c9bf505
CLIENT_HANDSHAKE_TRAFFIC_SECRET d81d6882fe3a3390c44808fec52f522b6aeac2c5426be9f358e7ccf958dc878e 3f8ceeb6bf07b1e8a1f82c209ddd055dfa7e36a5c7ab9ab1d3898690036b7f4fbe09122157e5c1ab923635e79f78285f
SERVER_HANDSHAKE_TRAFFIC_SECRET d81d6882fe3a3390c44808fec52f522b6aeac2c5426be9f358e7ccf958dc878e a7595964f119acc7f5159819ea41501180adb3b14e2d3962cfefb6381717c0af7bb378213fd11411bb4061f1cca2f396
CLIENT_TRAFFIC_SECRET_0 d81d6882fe3a3390c44808fec52f522b6aeac2c5426be9f358e7ccf958dc878e 14b1ea6fee85ff5d6dabe320edb76f37c8dbd4dfa4d5da4c1d2eb8f8dd9d7d206a840b28652d60c6436285447592e92c
SERVER_TRAFFIC_SECRET_0 d81d6882fe3a3390c44808fec52f522b6aeac2c5426be9f358e7ccf958dc878e 09dd16798fbfd5c47ff1a8428ae14c8bc81397473150f7550839ce0bd45d22e7822ed628e37df92d792395610952499b
EXPORTER_SECRET d81d6882fe3a3390c44808fec52f522b6aeac2c5426be9f358e7ccf958dc878e e4a3b526e3c6ffd74507d888b86169e536a929fcd1396a63c629c6f0e2ee2be4f195c7cb1b02b4d4464b073a839b4f1c
CLIENT_EARLY_TRAFFIC_SECRET 2df49f7338d1d650dacb3037bf8daa63cc900c73d8aaaf9ddd3188b0e858dd77 87818590967d83c90cf95d04d9c636b756320577b6854d22f8711537453b4a79
CLIENT_HANDSHAKE_TRAFFIC_SECRET 2df49f7338d1d650dacb3037bf8daa63cc900c73d8aaaf9ddd3188b0e858dd77 b183793532fb51917642ded866819202d9e59b8277e9dbe32e15f7fcf8c8392e
SERVER_HANDSHAKE_TRAFFIC_SECRET 2df49f7338d1d650dacb3037bf8daa63cc900c73d8aaaf9ddd3188b0e858dd77 3691419136c9aa7f41b6f8e14ac5e26cc041f2d5bfe5dfd9f4e3ae44dc18f422
CLIENT_TRAFFIC_SECRET_0 2df49f7338d1d650dacb3037bf8daa63cc900c73d8aaaf9ddd3188b0e858dd77 bc1d892c358fe9fa27b27382b838b2777b7ef7def70660ef4e2d1f5dc94ae162
SERVER_TRAFFIC_SECRET_0 2df49f7338d1d650dacb3037bf8daa63cc900c73d8aaaf9ddd3188b0e858dd77 3af7ac4c3bb049e5281bef247e361b0f386ff5671da764e7a05d495f6bee67bb
EXPORTER_SECRET 2df49f7338d1d650dacb3037bf8daa63cc900c73d8aaaf9ddd3188b0e858dd77 22f719ddf43245aa3356bc782eb7e508c0437c7f863a35f1553280b20eefbeef
CLIENT_HANDSHAKE_TRAFFIC_SECRET 8dde657871f8e89fbbdfac50d4537b280101b88d3d24ea02d55c8b3a907c3faa d1c96c3165b3b38e611a46f1b86686b586c2c5f1d1d48c49ef4424454c5fe212ade23c486fb442495c89aed374edb589
SERVER_HANDSHAKE_TRAFFIC_SECRET 8dde657871f8e89fbbdfac50d4537b280101b88d3d24ea02d55c8b3a907c3faa 62221c39f406c6dd08d83617e677f15c338af5a9f2a1168270e2dec88270a1b8f68750c92969f11c3f727bb525e20cc8
CLIENT_TRAFFIC_SECRET_0 8dde657871f8e89fbbdfac50d4537b280101b88d3d24ea02d55c8b3a907c3faa 63cc37e24c13825a2c06603d5543afa8381b2b9f2ce5e12a2bc4d2f076df295dc28ca519c9acfd8d426c8f36bd69d464
SERVER_TRAFFIC_SECRET_0 8dde657871f8e89fbbdfac50d4537b280101b88d3d24ea02d55c8b3a907c3faa 6c1b5d70a14c2eb89629e415aa40e4555d03965fdd04f7126f204ecf4a707bc9bf7e6b318f36799e92525ad4da52071a
EXPORTER_SECRET 8dde657871f8e89fbbdfac50d4537b280101b88d3d24ea02d55c8b3a907c3faa 2e55982f49b4d0ea57e121a332884a3f26948a98e86326e6946cbbeae8e0c65faf90e4deae1ec2d713c1149cc64bdc71
CLIENT_HANDSHAKE_TRAFFIC_SECRET 9e381cc2c7d042c75ebd4f70c7f63a176bf70e944d71cdd933a0765a18a73b19 d46acefff39d8f8fe78cd72635030f8df091c7e03eaa06c0eb4d5f955d7766fcfab3b4f4fdab8795e43904cdfa5418c4
SERVER_HANDSHAKE_TRAFFIC_SECRET 9e381cc2c7d042c75ebd4f70c7f63a176bf70e944d71cdd933a0765a18a73b19 b1a2b3089f497c74e1a04f288ec9c454605549df61969246e33e583e52427e896291b6292828f50c13e0639c03d8f33b
CLIENT_TRAFFIC_SECRET_0 9e381cc2c7d042c75ebd4f70c7f63a176bf70e944d71cdd933a0765a18a73b19 4e73261373186ab46e26ff5f6521143ab240c3400f55a98932f897515b2377269ac103ffa9bcf40917e7a901d0bc5a67
SERVER_TRAFFIC_SECRET_0 9e381cc2c7d042c75ebd4f70c7f63a176bf70e944d71cdd933a0765a18a73b19 fa333a81fb955e72969934195b5684867cdabf7c32e67ed219091e585a573a4aa7613a92b3ab7931784b065827b964ab
EXPORTER_SECRET 9e381cc2c7d042c75ebd4f70c7f63a176bf70e944d71cdd933a0765a18a73b19 8dcdc97ceb6db9d9bfc79bb0aa22eb2ec2b9a4317254d3176e1fbf960d7b23ff2da1e5909217202b04ec386b2370068a
CLIENT_HANDSHAKE_TRAFFIC_SECRET 7a3fbb27e5352ad581a3dcf75fa808ca8ec9eba78655da49ff66b0b41bf58f6f 849cfdae19b0458334a341874b90ec18ba32cdbc574501faac63652e741a0435573dc93b8206dafcf1f4dad1e5368b59
SERVER_HANDSHAKE_TRAFFIC_SECRET 7a3fbb27e5352ad581a3dcf75fa808ca8ec9eba78655da49ff66b0b41bf58f6f a321ff24a2e2291e6f383562f1e913502cc9d1586793d236d097206267d7eeb67484a08507626c2f02f5c8e8f4b74146
CLIENT_TRAFFIC_SECRET_0 7a3fbb27e5352ad581a3dcf75fa808ca8ec9eba78655da49ff66b0b41bf58f6f 29114accbe8c775ded80115570f20aa639ebb5d60f06e644f5e8d424e9d86ae4f4be1e331e8b431937aeaf9485de8cbb
SERVER_TRAFFIC_SECRET_0 7a3fbb27e5352ad581a3dcf75fa808ca8ec9eba78655da49ff66b0b41bf58f6f 77ad34c07a9dda2474d50a57c9f104a43e211696b8f84acf9dcba25d291a53817d6e1619ed6a844a90fda97b81c0c7f1
EXPORTER_SECRET 7a3fbb27e5352ad581a3dcf75fa808ca8ec9eba78655da49ff66b0b41bf58f6f ac43c0ce3269c963061813085d4217208bf6a8a37253b8fa27acb92f9668582ff88ddb894c2451ca72b3f576d1e3f830
CLIENT_HANDSHAKE_TRAFFIC_SECRET 9b811676a1d5bafdb70eb035b1b7826f2cd4e899901005572689d1b49ff4f913 c385cf569d4a3f57c9ab1f7eced2377ea258c796fdd78f7724d3b4cd66ccbe4db1727a86778eb8fac29b8a9491f20e69
SERVER_HANDSHAKE_TRAFFIC_SECRET 9b811676a1d5bafdb70eb035b1b7826f2cd4e899901005572689d1b49ff4f913 2ac385ef82c59a9691d4c1a963bd0399a081206036eb04e979db548a94004fbad2116e55e1d3fb6fcb978c3a0cba47ea
CLIENT_TRAFFIC_SECRET_0 9b811676a1d5bafdb70eb035b1b7826f2cd4e899901005572689d1b49ff4f913 8cac747fab866cfb45318dcaeb3c1ac6c5453ec6b9c1055079720b13b76ec3f2eb3b3a21c58893d365ec73b569d165cf
SERVER_TRAFFIC_SECRET_0 9b811676a1d5bafdb70eb035b1b7826f2cd4e899901005572689d1b49ff4f913 ce93e621f7c2f1d0a32832eb2a8d70b9731aa0a829a92e7e3d03719c89c69337129d579840da36c3d0f310223b362f0f
EXPORTER_SECRET 9b811676a1d5bafdb70eb035b1b7826f2cd4e899901005572689d1b49ff4f913 8b70d78f0e3a2771cdc5d76d2a2d82477efb6612aa26bca94500feae2193216328811d490a78ca2dd02a93901feabc61
CLIENT_HANDSHAKE_TRAFFIC_SECRET 99c409ce1555c40781c3f5ec31083f4406bf651f240eb97e7bbd098926c52dfd acb7f05eed63a0e10cb82cc8afb6a3f4b5566892ec9a0c149e5a8298aeab7b4c751bbd44b81b358ba970cca41d8ee72c
SERVER_HANDSHAKE_TRAFFIC_SECRET 99c409ce1555c40781c3f5ec31083f4406bf651f240eb97e7bbd098926c52dfd 04f7114c12a009914594100047ad9986f61ecf2811ed5b2b43df54e4b3e7b79a2711bd8cbedfdac30b3d63b14f91350b
CLIENT_TRAFFIC_SECRET_0 99c409ce1555c40781c3f5ec31083f4406bf651f240eb97e7bbd098926c52dfd 08cde9e7e3ce49473e725d180f68739ec2ecfc77512ecd13f3286c1cc569a0617c51baaccb7c5bcbe2cf1ea1a58ce8b9
SERVER_TRAFFIC_SECRET_0 99c409ce1555c40781c3f5ec31083f4406bf651f240eb97e7bbd098926c52dfd 22c212098152f992f7ed52ed191ef780c4f79a7972c18da56086f8c94d84a7e2f6cbd46b0d0239136b2fb78729080649
EXPORTER_SECRET 99c409ce1555c40781c3f5ec31083f4406bf651f240eb97e7bbd098926c52dfd 5b8273a196f515911c52471c2111cac49a24532def2e8c45e4990fb903a53956689736227871877387d9ee299678a5da
CLIENT_HANDSHAKE_TRAFFIC_SECRET c84ec3cf02f0132ee6b853bfae5e28aa7783dd7617f54d15b95c4669ae44a9a6 6b9fff6788236e8feb2dfb916e9ffc131bf808016125355af1650463d844ef27
SERVER_HANDSHAKE_TRAFFIC_SECRET c84ec3cf02f0132ee6b853bfae5e28aa7783dd7617f54d15b95c4669ae44a9a6 fe7be7cee30e095c4eda04d01c39d855d9fea840e878ff7034888a88d2050e9e
CLIENT_TRAFFIC_SECRET_0 c84ec3cf02f0132ee6b853bfae5e28aa7783dd7617f54d15b95c4669ae44a9a6 5a156e693138e9de92891118afa68a688bf5c7f692e0a3f30ae44a6fe32c3138
SERVER_TRAFFIC_SECRET_0 c84ec3cf02f0132ee6b853bfae5e28aa7783dd7617f54d15b95c4669ae44a9a6 0d09513ff251b470d41eea4564f40d6dde2878a23c7a2a31701cce1c640cdbc1
EXPORTER_SECRET c84ec3cf02f0132ee6b853bfae5e28aa7783dd7617f54d15b95c4669ae44a9a6 ebf5bb9ac39ce775e4050a66999ce6c66acaec8fb70354a4dedd20c333e9bead
CLIENT_HANDSHAKE_TRAFFIC_SECRET bc4b8e2436ff38b64065ce792cd7d569ae8fb5a15c6762e71d1c46a35b1e7e5a 380ff4e354f20376ab88ed2251ae616979539a8178116f0c39c7353d6b4aa1ae
SERVER_HANDSHAKE_TRAFFIC_SECRET bc4b8e2436ff38b64065ce792cd7d569ae8fb5a15c6762e71d1c46a35b1e7e5a c05b4d2a56d12699bdc6ca38f76dc84f068c7f3a56a7a1e2d101ded8b7b3e80d
CLIENT_TRAFFIC_SECRET_0 bc4b8e2436ff38b64065ce792cd7d569ae8fb5a15c6762e71d1c46a35b1e7e5a ae5da7672c0ebae717c3deb5803ea7c9139d8c2741f2e5c5837749984d8d43fa
SERVER_TRAFFIC_SECRET_0 bc4b8e2436ff38b64065ce792cd7d569ae8fb5a15c6762e71d1c46a35b1e7e5a 85f9444cb7a0c341ca3986c8c9ed6f9ec2eccfde9e3271911c387faba771701c
EXPORTER_SECRET bc4b8e2436ff38b64065ce792cd7d569ae8fb5a15c6762e71d1c46a35b1e7e5a f162bdc4cce7bc2fa71e8a1a8c7e5cbe1c087d540488a384dcfd0101723c7edc
CLIENT_HANDSHAKE_TRAFFIC_SECRET 52f34510a24ab6716910a9fa884580758d8063b7bb5052a064122e1bb28ac8ae 467b0d23b063181975cc7e70501a84d0b92aeb0db9ab12604f7fb4cd75a7253edc1d8460cd4380d8393936b7801d71a1
SERVER_HANDSHAKE_TRAFFIC_SECRET 52f34510a24ab6716910a9fa884580758d8063b7bb5052a064122e1bb28ac8ae 24894440e7990b21290c499ed55e3e9238d020ff461d746987d9bf4c6e70ec9524d6f8f38fbd3c1d6c06c6ef49ae9ccc
CLIENT_TRAFFIC_SECRET_0 52f34510a24ab6716910a9fa884580758d8063b7bb5052a064122e1bb28ac8ae 2208756ff365525f08e9db2508639ef8f24e80c53f1885189f3dd2d3cd79a56f02d44b0f247dbad950075db94d33c8be
SERVER_TRAFFIC_SECRET_0 52f34510a24ab6716910a9fa884580758d8063b7bb5052a064122e1bb28ac8ae 4c7f46fb0393925f45d34316bcb69c155d87cb80f6ff5ce3ecda412e11f85d0036ddc68561b31d4bfbe2f2a90d540468
EXPORTER_SECRET 52f34510a24ab6716910a9fa884580758d8063b7bb5052a064122e1bb28ac8ae b2a365dd0627d142708b1eee77de88a4b207d739248c69dabac1300544ee2de328fbecc84f7d3e059a15b4da8c505a55
CLIENT_RANDOM 253ca6cea39caad2e8ca90db93e8149cb949fb4ea85fba29ccc2370830a0cdb5 29af0eeebc8b12f4ee13438d03943ef3469b59890ff442358f9cbda1733d4b08e04ef18afcc17b8b60b0536e79fc1c84
CLIENT_HANDSHAKE_TRAFFIC_SECRET 3b515bdf3c3d2a444a53531c82624a9ceb940daf3bfabce0b7fc9dc00225ec1a 69659b69263b4ada14db83943d75ab26ae3583b3774b97c11d919069eb14c2e6
SERVER_HANDSHAKE_TRAFFIC_SECRET 3b515bdf3c3d2a444a53531c82624a9ceb940daf3bfabce0b7fc9dc00225ec1a 442dc113114f8a7ba2f9b20cb0114b97b6aa0b86e01bba9863fbe79c74e58fb5
CLIENT_TRAFFIC_SECRET_0 3b515bdf3c3d2a444a53531c82624a9ceb940daf3bfabce0b7fc9dc00225ec1a 0f2abbd01ab5f264eae0caea1e27e26d22ed87bbb91153c9a4a08daa96e62242
SERVER_TRAFFIC_SECRET_0 3b515bdf3c3d2a444a53531c82624a9ceb940daf3bfabce0b7fc9dc00225ec1a e12b9e9a8e3f1c3872bc274c1b260cf9a156e009e50f127778811ad9deb0b9be
EXPORTER_SECRET 3b515bdf3c3d2a444a53531c82624a9ceb940daf3bfabce0b7fc9dc00225ec1a d845c0e7b551b942c5eead5786a2c255f4f23a25591b7637e34f9c02125436cb
CLIENT_HANDSHAKE_TRAFFIC_SECRET 7112f6ed29bf349febc749d17a7e96e03140187c8d849292c11f0a89594a88b9 9f13e6ab4d8952f8acf90a6c645d4f386f3db4bb24e5d524763289590b5648d3b348f8aac95a3cf72ab9c6a3759e9539
SERVER_HANDSHAKE_TRAFFIC_SECRET 7112f6ed29bf349febc749d17a7e96e03140187c8d849292c11f0a89594a88b9 2307ac86ae2227066a623943877b3db198bc5a35010570b2dce3189dce9711ee0b0c105614e42a5fc84b673759dee366
CLIENT_TRAFFIC_SECRET_0 7112f6ed29bf349febc749d17a7e96e03140187c8d849292c11f0a89594a88b9 254f2a6b3b9d54c8b2d2cbf654268e0def0099d76bd7710ad9f9dab5b877f26b097f0edf4d337b7d3e426ab4dfd8c678
SERVER_TRAFFIC_SECRET_0 7112f6ed29bf349febc749d17a7e96e03140187c8d849292c11f0a89594a88b9 ce532d4a258c41400bf0423386a462ea509999cdd9676c774d7ab644afac857e9fbcc1b8596b71bbfcf35c75d1c78d81
EXPORTER_SECRET 7112f6ed29bf349febc749d17a7e96e03140187c8d849292c11f0a89594a88b9 cb4a0f048230956e25f655a2419ab29a49585f58b19d9b7b16fb7721184ea49c1ce696437c16a9c448f081ebf7b451ee
CLIENT_EARLY_TRAFFIC_SECRET 7c70a2614c5dd59c74f10db23f49c561fcc18dcb217fad4e295616ed510d5e04 6458ed2251ed8ac909b1bfdcf94d76b3129681512d938942fb434fcacc5841b4
CLIENT_HANDSHAKE_TRAFFIC_SECRET 7c70a2614c5dd59c74f10db23f49c561fcc18dcb217fad4e295616ed510d5e04 149318abce3a207038b0928d27c947f5f09d9a67daebc9acf1e3881be93e300b
SERVER_HANDSHAKE_TRAFFIC_SECRET 7c70a2614c5dd59c74f10db23f49c561fcc18dcb217fad4e295616ed510d5e04 b7d3a07dfec767b873b50c0d7e2cb8c6f601a3a23a83069c6752eecd4ed834f8
CLIENT_TRAFFIC_SECRET_0 7c70a2614c5dd59c74f10db23f49c561fcc18dcb217fad4e295616ed510d5e04 793bc8cac06afdbfd189d3ddb6ac47cccf36bb8bc80cd7b0e3136d2555d993f4
SERVER_TRAFFIC_SECRET_0 7c70a2614c5dd59c74f10db23f49c561fcc18dcb217fad4e295616ed510d5e04 f1e535f45bb6dcc017a19c2b35ede2d331c4f675b0975f115fd4c21cf43da6a8
EXPORTER_SECRET 7c70a2614c5dd59c74f10db23f49c561fcc18dcb217fad4e295616ed510d5e04 12c88ae3b76565c7419acb8412a94d35f680b4de0e81b6dcd80e36a409d74676
CLIENT_HANDSHAKE_TRAFFIC_SECRET b3d09f521f58516bdbf57751404b8939e1de1acbabfb8dc19028d4835d207df6 60fbcde5f0f9506135882288644a9236feb7f2ad7601032a752e45e948b696952721398262f11cae496af5ce304bbc5b
SERVER_HANDSHAKE_TRAFFIC_SECRET b3d09f521f58516bdbf57751404b8939e1de1acbabfb8dc19028d4835d207df6 3e277ac47078e1182697cc8c1aede9f7b6aacc763f8945587f070e9dd101bd455c5bc5b32e52407461b41bd35dd2c23d
CLIENT_TRAFFIC_SECRET_0 b3d09f521f58516bdbf57751404b8939e1de1acbabfb8dc19028d4835d207df6 d86a28e6db44bfe21cf9aaa50e488fd979795ec22fa926de8a2ec3445a4a05d3426a04f1ff744243a1fa450529599b11
SERVER_TRAFFIC_SECRET_0 b3d09f521f58516bdbf57751404b8939e1de1acbabfb8dc19028d4835d207df6 b7bf622ce1646cf823cceb7b0cf220f3297afa627b8f90838548e0e9f332ca27326ddef3d7b438a190295b28053d4ca1
EXPORTER_SECRET b3d09f521f58516bdbf57751404b8939e1de1acbabfb8dc19028d4835d207df6 1a0ae4d3c7790c14bc8c82fd4bf0a36ca03f3b89c3218564451a3a8b49791f5f2119c6fbb7528a3405453ec531419665
CLIENT_HANDSHAKE_TRAFFIC_SECRET 7ce813584352dbf6ff15e337ff13d564ce1a9aef4759693e877b8a5ca758ff9d 437159d5214dda997f71ff386d88e536994075978433c99c15df1326dcf4c13e
SERVER_HANDSHAKE_TRAFFIC_SECRET 7ce813584352dbf6ff15e337ff13d564ce1a9aef4759693e877b8a5ca758ff9d 6f7299e1c18476d1fa94c3cb800cbc976c4aa11d5eb28460f50b6f6d33ba2180
CLIENT_TRAFFIC_SECRET_0 7ce813584352dbf6ff15e337ff13d564ce1a9aef4759693e877b8a5ca758ff9d 0e93cd0087adbf0f76cc862a5453a1271af7151ed7bffae531fb260e014c3b99
SERVER_TRAFFIC_SECRET_0 7ce813584352dbf6ff15e337ff13d564ce1a9aef4759693e877b8a5ca758ff9d 9a1d32c8e752f92678d66d0d1d039e761bf775de1b3ef222bc44e1dc8c93786c
EXPORTER_SECRET 7ce813584352dbf6ff15e337ff13d564ce1a9aef4759693e877b8a5ca758ff9d 26ddfd7a4eb9847cda01c781ea8ca65207bda02f67b501cf6120fb61d851591b
CLIENT_HANDSHAKE_TRAFFIC_SECRET 654d6797647055c5e10f0c9b8be494c9888b0d143be1d68ce6e1ac7eb4713078 cfaaf7121f93024e5830800aff22088c41655bba2c29b5856e182fa9a8a8fb2281d7ab16378c11955c87aaa2391de83f
SERVER_HANDSHAKE_TRAFFIC_SECRET 654d6797647055c5e10f0c9b8be494c9888b0d143be1d68ce6e1ac7eb4713078 6e6c0439200b4b9e829a080ab937123c32ed1d6464a0e3fb426f3d9ba0500a8902694a880e901ddd56585924656bde09
CLIENT_TRAFFIC_SECRET_0 654d6797647055c5e10f0c9b8be494c9888b0d143be1d68ce6e1ac7eb4713078 a63fb7f2a6415e8a986da8b0c0481d009ee322de8252f25e3ef91a203081fa33de6737dfab8fb9edcbe932d17a360e4a
SERVER_TRAFFIC_SECRET_0 654d6797647055c5e10f0c9b8be494c9888b0d143be1d68ce6e1ac7eb4713078 a0f2e3f76100dd6cef164c3bff6414236155160f495a1973b4dd81e8cc644fdfd76e2ac8cdff36183eb63c18268a837d
EXPORTER_SECRET 654d6797647055c5e10f0c9b8be494c9888b0d143be1d68ce6e1ac7eb4713078 baf09d1a9adcf6f491c3248801e11ae64c9b59aaa5870de7ffcd13366514abccce4a62a8155140a26ba23e01b88f0e75
CLIENT_HANDSHAKE_TRAFFIC_SECRET b187e33ab4a8facc8a87e2ea70d584533a7f90e85323c7606b071463957f950a 30f05fcb84cf8f0ab0c9e45489b11bb6467eeacee993ac39683a0190b9ca00b1
SERVER_HANDSHAKE_TRAFFIC_SECRET b187e33ab4a8facc8a87e2ea70d584533a7f90e85323c7606b071463957f950a 6b6d3b13565e6b756645178aa0cde69a358f37e5814616930cb35493c77b5a6d
CLIENT_TRAFFIC_SECRET_0 b187e33ab4a8facc8a87e2ea70d584533a7f90e85323c7606b071463957f950a 62aa5acd6da46e48561434973d047b2e17a41431de4d5e14f7631bdded7cc9aa
SERVER_TRAFFIC_SECRET_0 b187e33ab4a8facc8a87e2ea70d584533a7f90e85323c7606b071463957f950a 933b7dee5e5b78ce0e47c7bfa4677a440c4f0f61420eced6efab32594c432ccf
EXPORTER_SECRET b187e33ab4a8facc8a87e2ea70d584533a7f90e85323c7606b071463957f950a 94583ee5233463f0383f6b1e16e3230571b1d6559c0a291a6de8a76e1c73104b
CLIENT_EARLY_TRAFFIC_SECRET 0715aef9df6f8a5967e1ca104e10e1793fad1f15e6ca86d373d3e21845e14b72 4aa64d1867d79ef6b66081c30b996faed74395392e3f7dc78aa1f99261170d87
CLIENT_HANDSHAKE_TRAFFIC_SECRET 0715aef9df6f8a5967e1ca104e10e1793fad1f15e6ca86d373d3e21845e14b72 aa6f7917eb15a6f473e40bdfce0e4026b6f940493b283ada21b39d47d7a08670
SERVER_HANDSHAKE_TRAFFIC_SECRET 0715aef9df6f8a5967e1ca104e10e1793fad1f15e6ca86d373d3e21845e14b72 457e77c24b2d19e24925336efb899f673995cf3338741d1885fccb88ad708931
CLIENT_TRAFFIC_SECRET_0 0715aef9df6f8a5967e1ca104e10e1793fad1f15e6ca86d373d3e21845e14b72 74d9c22763bd588027589f8ccf1edcaf3bb086103943429d4cfb9292a1f65530
SERVER_TRAFFIC_SECRET_0 0715aef9df6f8a5967e1ca104e10e1793fad1f15e6ca86d373d3e21845e14b72 ce88ecdab3592961b88d817021904b3c453111e714494bc532109ebeae3e9f33
EXPORTER_SECRET 0715aef9df6f8a5967e1ca104e10e1793fad1f15e6ca86d373d3e21845e14b72 d492dfb9e38a5ff2f9ea969c414187f325052b2c782353b1aa9be62f8160628a
CLIENT_HANDSHAKE_TRAFFIC_SECRET 4ba3378b7df5515c98cf1d87c07e45983bdd7a1e7f53e40a83684bd0c9dd4171 751575ebe9d9f03019f9a3f9accbe43a08087cb16f09dd18cc17c785f4c8e64c68e78e594d0e81fb2cef13e30b078fd6
SERVER_HANDSHAKE_TRAFFIC_SECRET 4ba3378b7df5515c98cf1d87c07e45983bdd7a1e7f53e40a83684bd0c9dd4171 44cfc4dd1a0ec1c5b47871ae61ceda3eb334aaadcee5826cff5ff2b278663c4d4466e99d7b8330d843a795c3ac4edc49
CLIENT_TRAFFIC_SECRET_0 4ba3378b7df5515c98cf1d87c07e45983bdd7a1e7f53e40a83684bd0c9dd4171 36c99f45f11017f8a68c99b1bbe72398f992c8525e28014917159758587b90550faf0d55ac4928b0b43a181358d158a2
SERVER_TRAFFIC_SECRET_0 4ba3378b7df5515c98cf1d87c07e45983bdd7a1e7f53e40a83684bd0c9dd4171 0024e672261ee0db2e5de34fe89bc7bfecc4417266fd0e4e84755983781c3fa74baf9d4e15e374f549fce9e2e13e5aaf
EXPORTER_SECRET 4ba3378b7df5515c98cf1d87c07e45983bdd7a1e7f53e40a83684bd0c9dd4171 b5794a817242aa854a21ac84a968d62d8c3a02233f33710ddb7a04a37ed28bbf1e42575454f9b86b0be41ef9b82319bb
