CLIENT_HANDSHAKE_TRAFFIC_SECRET d74a33e4169753aafd5e13483718f21b37e1077125956dfa3cac18dd713b8036 da928b9f75a13fb39326a83f0915241c5e13db472a9985b176498827aad11f7acaab2e84420ccc5bcecd18df34444aed
SERVER_HANDSHAKE_TRAFFIC_SECRET d74a33e4169753aafd5e13483718f21b37e1077125956dfa3cac18dd713b8036 e47a3d5c4cb24f43d77b436f26b566d5b11fb188b2bcf56a8763a91f84e04ca61ca401dd0f83921d211bcb6d7a1c3946
CLIENT_HANDSHAKE_TRAFFIC_SECRET 4bfcf258050424bb2b00704a920f0c77f5dbc3438eccbf551f51263e7cc9e015 28ac1728b2d789d8695f750d39b8c9c60e06e036092e90cb322474092ca6510c
SERVER_HANDSHAKE_TRAFFIC_SECRET 4bfcf258050424bb2b00704a920f0c77f5dbc3438eccbf551f51263e7cc9e015 7c5eeb37423d1e6e0f8e843872f6d28171f8a7bac905c7b9b76e946c1189789a
CLIENT_TRAFFIC_SECRET_0 4bfcf258050424bb2b00704a920f0c77f5dbc3438eccbf551f51263e7cc9e015 003f6ecb3ad74a222d85789bdeb4be1d3c72784cd10a299c68599aff50bcba3a
SERVER_TRAFFIC_SECRET_0 4bfcf258050424bb2b00704a920f0c77f5dbc3438eccbf551f51263e7cc9e015 35f269ef75ff97caa41c4937ba458f0c27d3f66dd7a857ebb15fbde1b79358b8
EXPORTER_SECRET 4bfcf258050424bb2b00704a920f0c77f5dbc3438eccbf551f51263e7cc9e015 824e27da569408a80505290aa54141b6b5a3fb5bc8f25eb965fff1023c057c0f
CLIENT_HANDSHAKE_TRAFFIC_SECRET bf29ba26fc9152fc7aa6f4c9ae0a1bf6915ae76af03d8580746e204a408abe96 29e13d0c3f981a2121fa8fec3b23638e4ee120ccc78ef9ed32d9d3022cd122c5
SERVER_HANDSHAKE_TRAFFIC_SECRET bf29ba26fc9152fc7aa6f4c9ae0a1bf6915ae76af03d8580746e204a408abe96 7c8220b8bfefe8685726237d6a32cc030cafeb54208bf5a4e5594bdbb2e8f3fa
CLIENT_HANDSHAKE_TRAFFIC_SECRET fc11c4c7458fc801bf83f8bc2a34e96fc6e9a4b6f5df72c68fc42287171913f7 1797e4d0a39a37c25e671b9dd6f11d6a37d663e8fe03a8b64f64bf5fec30ddd7
SERVER_HANDSHAKE_TRAFFIC_SECRET fc11c4c7458fc801bf83f8bc2a34e96fc6e9a4b6f5df72c68fc42287171913f7 4151f734aba6fbffac02ea79e829898082d338aa12a7651c43f5c9a200e16d15
CLIENT_HANDSHAKE_TRAFFIC_SECRET a4882dd03d68a5475dc1642c14bc6c2abc666487f6dbb41b0bf50f23a927c2f5 7826511da4643a69d300457019c6ef30133dbf282b2dbf2b61c92ddbea936f87
SERVER_HANDSHAKE_TRAFFIC_SECRET a4882dd03d68a5475dc1642c14bc6c2abc666487f6dbb41b0bf50f23a927c2f5 4e3a3cff21cf84f5ef2481b0441f7d9633512410cfe94212d68f194bd0a1d356
CLIENT_TRAFFIC_SECRET_0 a4882dd03d68a5475dc1642c14bc6c2abc666487f6dbb41b0bf50f23a927c2f5 32755a156c573f5f0ea07d415fbd93a0f3d9938df475a819d1affcc787ee0b8a
SERVER_TRAFFIC_SECRET_0 a4882dd03d68a5475dc1642c14bc6c2abc666487f6dbb41b0bf50f23a927c2f5 66dc80777974f82482cf4a96d3f6c93bc62eea84f2bb174ab9d908e5aab9d607
EXPORTER_SECRET a4882dd03d68a5475dc1642c14bc6c2abc666487f6dbb41b0bf50f23a927c2f5 714f067e446e8c990959b77c8592dfe876d2a3ea56dad1d3aae6a0341c585c1f
CLIENT_HANDSHAKE_TRAFFIC_SECRET c1c821cd95e89965892a72d5f3721a6fa1ee6c82c6322389a168b5c831917ccc 2f8aa5219ab2d5f7cfd654cb62bb9b840158b9e02ddc6c6d5cab5315a4b054ac39b28449532f1ff669e5c3e65f63abd3
SERVER_HANDSHAKE_TRAFFIC_SECRET c1c821cd95e89965892a72d5f3721a6fa1ee6c82c6322389a168b5c831917ccc b019e9f03f2ac6df3075b4a9e55bf3699c5c0affed3cd198ea8ae95cae490c8ff6fa0675cd3f37253a46d24efc08678c
CLIENT_HANDSHAKE_TRAFFIC_SECRET 9fd82dd3c7e69c431af6ddbafea3325f261b4bb432a9c2391abb68918cf1b164 7165bf0affe880aa6e63ca71a57473474e69fe24c13078f1c28cf3a11a7f9155
SERVER_HANDSHAKE_TRAFFIC_SECRET 9fd82dd3c7e69c431af6ddbafea3325f261b4bb432a9c2391abb68918cf1b164 07f2bdeb2f45245b8c472dbd8d041a872b2da123e296b76940ba3d8309617857
CLIENT_TRAFFIC_SECRET_0 c1c821cd95e89965892a72d5f3721a6fa1ee6c82c6322389a168b5c831917ccc cdf364e987cbcffc9b6f9e370591a60126ff8133a3b40feb8b02bf87430adea8f6354ccb149b4ee3dd7642a228dbaf1c
SERVER_TRAFFIC_SECRET_0 c1c821cd95e89965892a72d5f3721a6fa1ee6c82c6322389a168b5c831917ccc 4b510a28959f3656ea79581ee62dfda485fc5b342fd81ea58432ccebbd0583f884b3d4f3ecd437e74cdcf9e4fdb4f92c
EXPORTER_SECRET c1c821cd95e89965892a72d5f3721a6fa1ee6c82c6322389a168b5c831917ccc 560d8c8203b635eec4efc40f04c82b6f286c3ba9f156f2dd9f9c662844104d6ae48a52cc644a55b8d1281b2f6fd9f226
CLIENT_TRAFFIC_SECRET_0 fc11c4c7458fc801bf83f8bc2a34e96fc6e9a4b6f5df72c68fc42287171913f7 870f4f2c4697ea9bdfdea33c0d42e450873eb4055b0e4a219ba579ecfe3f6366
SERVER_TRAFFIC_SECRET_0 fc11c4c7458fc801bf83f8bc2a34e96fc6e9a4b6f5df72c68fc42287171913f7 e1e073c73cfba56ac6415e2549d0514232c68c29f7294c0af19b172cf5b610bf
EXPORTER_SECRET fc11c4c7458fc801bf83f8bc2a34e96fc6e9a4b6f5df72c68fc42287171913f7 aa46bed611366cf30c1a74c93be3ffe60a9d9e6c37d27389bda5d4855629d35f
CLIENT_HANDSHAKE_TRAFFIC_SECRET 7a40b666333581382a17fd8a0168044c9c9f95ff0087374abc1a5d35971dc3e2 5fc84e6d365be45563dff17c4139828199c0f06e12f31181370347830e9f709d
SERVER_HANDSHAKE_TRAFFIC_SECRET 7a40b666333581382a17fd8a0168044c9c9f95ff0087374abc1a5d35971dc3e2 24ee3ea74f7fbc759979a0f3292c87f4d4ee3f63742f31d11d3e6d4d09cfddd6
CLIENT_TRAFFIC_SECRET_0 bf29ba26fc9152fc7aa6f4c9ae0a1bf6915ae76af03d8580746e204a408abe96 72a38f4969e8787981006acfb66da5015cb16a9971e0dfbbf873933f93c78e18
SERVER_TRAFFIC_SECRET_0 bf29ba26fc9152fc7aa6f4c9ae0a1bf6915ae76af03d8580746e204a408abe96 9722beefa66fd8ba42efea2c1be8a61ae1d493b9eccbc3808892b4e339b524da
EXPORTER_SECRET bf29ba26fc9152fc7aa6f4c9ae0a1bf6915ae76af03d8580746e204a408abe96 bf134c4f7e18bfbbcf1008fa481079c35cf73a79bc4fded5e1b14d06785d7191
CLIENT_TRAFFIC_SECRET_0 7a40b666333581382a17fd8a0168044c9c9f95ff0087374abc1a5d35971dc3e2 f91614af2979874adf6a6db6c3b899da98e292c59bdb74363026ca9bfb4adc39
SERVER_TRAFFIC_SECRET_0 7a40b666333581382a17fd8a0168044c9c9f95ff0087374abc1a5d35971dc3e2 652cbd1b23a999f45980793d2b1502ef7103c5184a77b7b5e6b455785b8c3de2
EXPORTER_SECRET 7a40b666333581382a17fd8a0168044c9c9f95ff0087374abc1a5d35971dc3e2 ac42e0de056831eee8766097536d5ce75213cf88cff19d9375e8857cc077f779
CLIENT_TRAFFIC_SECRET_0 9fd82dd3c7e69c431af6ddbafea3325f261b4bb432a9c2391abb68918cf1b164 6a765b8ef861c41439dd745db210cfdbd5a9ab5e31b2bf45f685a647043047f8
SERVER_TRAFFIC_SECRET_0 9fd82dd3c7e69c431af6ddbafea3325f261b4bb432a9c2391abb68918cf1b164 5f05de51e761c494d8229e661f6a84d95aff0cc4148cbdd00801c0b008d29310
EXPORTER_SECRET 9fd82dd3c7e69c431af6ddbafea3325f261b4bb432a9c2391abb68918cf1b164 49f3ea779cc2c14bb5b8b727939c1e01051cf2a27d843073cbbc9df25cc7d5d4
CLIENT_HANDSHAKE_TRAFFIC_SECRET f349f160b9b3d818a5fa76874a41d4aae87537ea1fb00e4b6efdede1854422c6 1cab08c23920a4443eaa9fe0d72c942f56fe93b742d0d936bfd4eaee5272722e
SERVER_HANDSHAKE_TRAFFIC_SECRET f349f160b9b3d818a5fa76874a41d4aae87537ea1fb00e4b6efdede1854422c6 a68de5417e65465b7f2f64ed31cae94923cd63ab38b77b3d669a670446e89b1c
CLIENT_TRAFFIC_SECRET_0 f349f160b9b3d818a5fa76874a41d4aae87537ea1fb00e4b6efdede1854422c6 762c3c03ab91373690fdc6686bae7e4d172049fd08ac9c29f579b0a127161447
SERVER_TRAFFIC_SECRET_0 f349f160b9b3d818a5fa76874a41d4aae87537ea1fb00e4b6efdede1854422c6 3eee3b68fb2fae66db99bc62123292f41aa8fdf4bdc0babc9e19c9b01636c467
EXPORTER_SECRET f349f160b9b3d818a5fa76874a41d4aae87537ea1fb00e4b6efdede1854422c6 d5ccd252dd53a0b9e4764a2cf40c95b5830e7a69723c152b4c941e372deda225
CLIENT_HANDSHAKE_TRAFFIC_SECRET ebd5d7ed884321d968af59eb10b306e0e2831fce33f92f5d39f3c101860b888a edf26de3347986f6a3f5ad40991fb6abf9f7983209e9495bc92e0cb03de83731
SERVER_HANDSHAKE_TRAFFIC_SECRET ebd5d7ed884321d968af59eb10b306e0e2831fce33f92f5d39f3c101860b888a d55342515b502f6eeb4d820d8914ad99acef04fbb16b4169d7e9abffe9fdb896
CLIENT_TRAFFIC_SECRET_0 ebd5d7ed884321d968af59eb10b306e0e2831fce33f92f5d39f3c101860b888a 416311bf741610564d1fde39bf0f73396396fc6e304a3ab1c36b7f1926e56dc2
SERVER_TRAFFIC_SECRET_0 ebd5d7ed884321d968af59eb10b306e0e2831fce33f92f5d39f3c101860b888a 68329766b0ec3734ed24c9580185d3b29f2562fed6ffaef25b95ef65e9173526
EXPORTER_SECRET ebd5d7ed884321d968af59eb10b306e0e2831fce33f92f5d39f3c101860b888a c8aed870522ac9016c709bdf28e29d9a1b398f3095aa7cc0bf2c539ad9bf4afb
CLIENT_HANDSHAKE_TRAFFIC_SECRET 6d66310dd5c8c82ebca81be9587c4b756cfe72b008b58092c9d537278a1d00a2 62d4e98d5038d21fe1d4a36541c80b643a6cbd1bdb494265deca631d95bf06c4
SERVER_HANDSHAKE_TRAFFIC_SECRET 6d66310dd5c8c82ebca81be9587c4b756cfe72b008b58092c9d537278a1d00a2 c378470fb45622ee35f21abf3fdd5220133c6979d01b25c6337d9d4ff8de20e2
CLIENT_TRAFFIC_SECRET_0 6d66310dd5c8c82ebca81be9587c4b756cfe72b008b58092c9d537278a1d00a2 8604a66995586ae7a1193073c84996126eeba8c42b971d282fa2bcf29fa716a0
SERVER_TRAFFIC_SECRET_0 6d66310dd5c8c82ebca81be9587c4b756cfe72b008b58092c9d537278a1d00a2 cae9a6e48f586f6b1e58eb9a6dffaecad683a37f048ddf9244a62f951fee9d72
EXPORTER_SECRET 6d66310dd5c8c82ebca81be9587c4b756cfe72b008b58092c9d537278a1d00a2 a7009cbcfe70021a437a76e5885e348eb504f30162458eb0ab32b93ef9df3fe5
CLIENT_HANDSHAKE_TRAFFIC_SECRET 3b761d0021cc4ce02bacbc5ce4eb6f5b4e4465868d412692b72bf43f8c55e64e e7c1057e7862e6f465220ab1272f1d987d438d2dd043c718fa744d41e754db34
SERVER_HANDSHAKE_TRAFFIC_SECRET 3b761d0021cc4ce02bacbc5ce4eb6f5b4e4465868d412692b72bf43f8c55e64e c74f05c247e70f24373df15ec4da53a70fa04f418a7da00ada028fef9dd00b6a
CLIENT_TRAFFIC_SECRET_0 3b761d0021cc4ce02bacbc5ce4eb6f5b4e4465868d412692b72bf43f8c55e64e 69d565868e9ad9349664cbb898f43025af79195bde5b392225a1de8cd2b53016
SERVER_TRAFFIC_SECRET_0 3b761d0021cc4ce02bacbc5ce4eb6f5b4e4465868d412692b72bf43f8c55e64e ac46be2b6943a03bfd1ffe4bbc3100490c3fa6d48220ca0a77d9b11c257aaa26
EXPORTER_SECRET 3b761d0021cc4ce02bacbc5ce4eb6f5b4e4465868d412692b72bf43f8c55e64e 0361b22603fe34acf3f8e5e200a9f777e821331009f7c5738376abdf9abcb455
CLIENT_HANDSHAKE_TRAFFIC_SECRET a5a9776e1c3662d97975d41f1a8dee7de5f51f4f7e6a1d190db53f4bcda56fdb 37a29d2563b10ae96d46c58580aef0d1bb54c2a55cabb5ab68c1b41112038ff1a1711c5fb1465cf69d20ee950eadcf51
SERVER_HANDSHAKE_TRAFFIC_SECRET a5a9776e1c3662d97975d41f1a8dee7de5f51f4f7e6a1d190db53f4bcda56fdb 760fc80416fddd487606e68be7b021c9cd069625ac6adc8406c4d7e66aed1261f590984a040f4feaf8c79aff5e32fe8c
CLIENT_TRAFFIC_SECRET_0 a5a9776e1c3662d97975d41f1a8dee7de5f51f4f7e6a1d190db53f4bcda56fdb 0c04b924db17fbb9cb00d3bf76ae7f8fe146d86552d04eaf229f001a931a5b2ea79222dd19e25281b9063cd89ef6bea9
SERVER_TRAFFIC_SECRET_0 a5a9776e1c3662d97975d41f1a8dee7de5f51f4f7e6a1d190db53f4bcda56fdb fe4ea4d78ed61c0c3a98229d2f7d8f509f8c469e51ae13590c83f58edbf40cbaddd8d911fbc565499f6301a3cc9a12db
EXPORTER_SECRET a5a9776e1c3662d97975d41f1a8dee7de5f51f4f7e6a1d190db53f4bcda56fdb 2a594af627f866df7c8fd0066ab24ad799c4653781c22ed6b33d1234716cc3b4e7939d823defe1c7e57069780b21f31d
CLIENT_EARLY_TRAFFIC_SECRET 7ec4dc0c65392d856c7807e59d67f10ad35fc6a74765d3edd602cae3bea8d129 007e5ab27962c792ea72310566508730f5d5ceeaba2e73ff081565c3247ff02a
CLIENT_HANDSHAKE_TRAFFIC_SECRET 7ec4dc0c65392d856c7807e59d67f10ad35fc6a74765d3edd602cae3bea8d129 4bb5192ca3ad4d9e37a3d9041bfe6d401e4305546cc2b3993053a327a84641b0
SERVER_HANDSHAKE_TRAFFIC_SECRET 7ec4dc0c65392d856c7807e59d67f10ad35fc6a74765d3edd602cae3bea8d129 b48b017f2713181e076c233ff74189b02d0bffb8bf16b7373979c4b1cc2cd486
CLIENT_TRAFFIC_SECRET_0 7ec4dc0c65392d856c7807e59d67f10ad35fc6a74765d3edd602cae3bea8d129 dc04a8ed3bdc55eb779f12d2e64043162cda817e419cea4910d1d42f41c810e4
SERVER_TRAFFIC_SECRET_0 7ec4dc0c65392d856c7807e59d67f10ad35fc6a74765d3edd602cae3bea8d129 787a81a9094296b885a31d64e2e094db65da1a0af041e3c99d80a0284228ce5d
EXPORTER_SECRET 7ec4dc0c65392d856c7807e59d67f10ad35fc6a74765d3edd602cae3bea8d129 994f5007cfb47138d35555597fa56c53bdfcdf6542f52d7d311690a5c2c2ef86
CLIENT_HANDSHAKE_TRAFFIC_SECRET 8df3751f2086941f42761bbe81feda4214098f160d6211fbba95caa30c733c1d 6179b25ff4be7ae51ef7ec44bf32004387876718cc47a9e908a5f06b2183f8d241d344a729c9f0629788116590b5f357
SERVER_HANDSHAKE_TRAFFIC_SECRET 8df3751f2086941f42761bbe81feda4214098f160d6211fbba95caa30c733c1d ce2d888662523e0485de28f7eebf11478123fcb32be8dde7a1009dab2851b216220a4334b9da401f8116333c5faa1e4c
CLIENT_TRAFFIC_SECRET_0 8df3751f2086941f42761bbe81feda4214098f160d6211fbba95caa30c733c1d 3dbfc6cfdea9d75789ba4feeba2d456edbe825f579cd63aad06ab729b335b2936db8376e7cf63983b33ab135acd3deeb
SERVER_TRAFFIC_SECRET_0 8df3751f2086941f42761bbe81feda4214098f160d6211fbba95caa30c733c1d 843ab39e5eb57c68e6dc304c84db83583f268d0b601c4aa44c95ed2613a24c94b0cfc6cbb1fbf87cc25ce219c78477f2
EXPORTER_SECRET 8df3751f2086941f42761bbe81feda4214098f160d6211fbba95caa30c733c1d ab7f716f12e993a76be3840ebc4f6cc6d38f8293ec8251ba2443ee1ab246a37ca2ad822e49efe8929f333bd529af6137
CLIENT_HANDSHAKE_TRAFFIC_SECRET a2356a22ae33107b1a34c3306f00b1eeefc2ad9c200fa5a6e9026f7f33302da0 5f4ba61d4dd29b2481a88bee905f7857b52071b72e47be5b59a8fca4d4001d1f
SERVER_HANDSHAKE_TRAFFIC_SECRET a2356a22ae33107b1a34c3306f00b1eeefc2ad9c200fa5a6e9026f7f33302da0 ceabcaa36aab664074e60a63118296d01b558581eb4c1dc73497287f7f96f4b0
CLIENT_TRAFFIC_SECRET_0 a2356a22ae33107b1a34c3306f00b1eeefc2ad9c200fa5a6e9026f7f33302da0 329378e7a5120cd4b430632fa7679f01dd2ae4393ac9af3f504f534a3581bc76
SERVER_TRAFFIC_SECRET_0 a2356a22ae33107b1a34c3306f00b1eeefc2ad9c200fa5a6e9026f7f33302da0 83c88f61041b253e56b4335487bfdadf607898f15e866663b203f3b00b64ce4a
EXPORTER_SECRET a2356a22ae33107b1a34c3306f00b1eeefc2ad9c200fa5a6e9026f7f33302da0 9d466c557c67f5d1f36bc647d4e7bdcd4ecc2748902b6d321b36d0f2def93fd5
CLIENT_HANDSHAKE_TRAFFIC_SECRET 605b736a0f989476845bd9a1b5087766033c89dd4999500a8dab1e5475794d61 5311b61f694139c96955bf9899360c62e2c1bcbb812cd4223241fd9bb79eb204efacd139dc4a619148f769cbccc79577
SERVER_HANDSHAKE_TRAFFIC_SECRET 605b736a0f989476845bd9a1b5087766033c89dd4999500a8dab1e5475794d61 5a121ba259da43f7ff6e55e145f73a1f81eec20f0bb738383e1a0c8791b2cd01b243969b12cdd24696ce8756e45c1578
CLIENT_TRAFFIC_SECRET_0 605b736a0f989476845bd9a1b5087766033c89dd4999500a8dab1e5475794d61 de0a69ee82f54d3f5defed53fae32753f43e42971bfc5e9e4545ac0907d33deb9f465f3659fee8177763ac2893996d4e
SERVER_TRAFFIC_SECRET_0 605b736a0f989476845bd9a1b5087766033c89dd4999500a8dab1e5475794d61 6d949c08c8f64f093f15c8cef14b024b0fc99e0e9c91bb5d92ad7b16ca7614277c5ea4928d08792a758592bfa3ce8cee
EXPORTER_SECRET 605b736a0f989476845bd9a1b5087766033c89dd4999500a8dab1e5475794d61 bd99d101c21df1d5cc587d87368710835072e9144a4b4ae6ce7fdcd75661b18fd2ccc5de2cfc660425f5096eaa3adf3f
CLIENT_HANDSHAKE_TRAFFIC_SECRET 574a2206df59e8abb97795b7c129f00703315dee81ce200d88358fbacbf6d4ff 287a71b86ca848d393ff1d9d596575437f22f6bccb8524d5346598b5483db41fcc904e74cea22a3c19150fb20d8ee770
SERVER_HANDSHAKE_TRAFFIC_SECRET 574a2206df59e8abb97795b7c129f00703315dee81ce200d88358fbacbf6d4ff 8da2344163f61d817bbdd92ec60646c4d698a8a7dc58d087246e8434e2b64239bff764ec8086b463402ec76872d01b4f
CLIENT_TRAFFIC_SECRET_0 574a2206df59e8abb97795b7c129f00703315dee81ce200d88358fbacbf6d4ff 8f5bd37d963a3eec0380505c12808dc92b22e5537c1a6804c17edfb9659f1e629cf265a62671d096dfe345564ecc7af6
SERVER_TRAFFIC_SECRET_0 574a2206df59e8abb97795b7c129f00703315dee81ce200d88358fbacbf6d4ff 10de2c98d5d346a9a3d646393796d88b5ceacfd6f94c42f9bf740e67de56b9d60482ab198b5a6172e34583c6086df766
EXPORTER_SECRET 574a2206df59e8abb97795b7c129f00703315dee81ce200d88358fbacbf6d4ff 0e84fe4075e3e5aeeaabacd4362e852a4e5ed2bb6946b6afbe5d95f8b6d3aeeaccdeca48463423c3efbe38e8bac52a62
CLIENT_HANDSHAKE_TRAFFIC_SECRET c155fe82e7a95e7598694f637ec8646a64b27c8b2cdc0f1d2821161eecee1b36 539afb2e41c2383b3c1c5e404c12ce1d458b48dafd7bba8c8dbd60d88ae90d6d
SERVER_HANDSHAKE_TRAFFIC_SECRET c155fe82e7a95e7598694f637ec8646a64b27c8b2cdc0f1d2821161eecee1b36 b0773624bc81a5d1d5c46bd8647f7488990dd526ae6cc7e171f8f54c58b756c8
CLIENT_TRAFFIC_SECRET_0 c155fe82e7a95e7598694f637ec8646a64b27c8b2cdc0f1d2821161eecee1b36 9420922e309fbb26abc55eecd22af063985a1ff4c0c90a9590aebe5a1f1c9816
SERVER_TRAFFIC_SECRET_0 c155fe82e7a95e7598694f637ec8646a64b27c8b2cdc0f1d2821161eecee1b36 e78982d389f9eee47a1b6cbea955eb0c85520b7318a4dedb19acbd5fec6bd069
EXPORTER_SECRET c155fe82e7a95e7598694f637ec8646a64b27c8b2cdc0f1d2821161eecee1b36 914d799f8f3f093f2ca174fbcd9748600988e30f79fe1bbbff47f6f74dbae82f
CLIENT_HANDSHAKE_TRAFFIC_SECRET 84d04fbb706613dfacead159cf4981dc6b6c18a326d13876039f87627b4d39bf f1e2a98fbe9c5ab7dd8b19bd366b5a73dbf8e3d65bbdf2c2b348e9ae2d77b22ab8f362f105338573d57a4479a623832a
SERVER_HANDSHAKE_TRAFFIC_SECRET 84d04fbb706613dfacead159cf4981dc6b6c18a326d13876039f87627b4d39bf 4d30610bd9e98a2ddd92803f3cd01081ad7f803392c2f4bd59fca596fb6d3d88b4d75a32495cfcddb545aba8a408144e
CLIENT_TRAFFIC_SECRET_0 84d04fbb706613dfacead159cf4981dc6b6c18a326d13876039f87627b4d39bf 4565a16dda7228c6e65ef619618b19fe67dccab5851eab7736988cd22996410a6f10f3b615c31a07c45ebe2ae895f080
SERVER_TRAFFIC_SECRET_0 84d04fbb706613dfacead159cf4981dc6b6c18a326d13876039f87627b4d39bf 0a74a9e8d7e8c2b087191e14cce5746860d5d7533e2d3fa34e66f7a2864e84ecf83e30d14c9ce0ed31b7890078281add
EXPORTER_SECRET 84d04fbb706613dfacead159cf4981dc6b6c18a326d13876039f87627b4d39bf 1dd293baa6d86db10691ea171de67dcaab2af51663a1967c682c76e4ef8e0573e7795d4eab82687379e11c6458b0de04
CLIENT_HANDSHAKE_TRAFFIC_SECRET 06de4e88cf03f123610101ee7f84c64caa186a96c1008029dfdab0616c697add bfafff2aff0deb33f7a9160637945fe130734fd640f0bab23c1ca568c1b5b62a975772a374013cde25c7a12011f7f5bf
SERVER_HANDSHAKE_TRAFFIC_SECRET 06de4e88cf03f123610101ee7f84c64caa186a96c1008029dfdab0616c697add 412892c66a2244b1a6450cc567a95ab7a2f1e9a6bd485fcedb02ce589805d802e0d1f923eefad2985fa1e16978ab936d
CLIENT_TRAFFIC_SECRET_0 06de4e88cf03f123610101ee7f84c64caa186a96c1008029dfdab0616c697add 0208376bf5ac261a3048f2535f3006359c346d8831d1ca39c5df46189186393a8031a9687837b6bb013c4e9c9ff07014
SERVER_TRAFFIC_SECRET_0 06de4e88cf03f123610101ee7f84c64caa186a96c1008029dfdab0616c697add 85b8e89dbfbd8b46ced4b9471577f5ffb27a3b8b80402206453ca989f8a8f4efdf1ee2e9558d0bd1c9ce0cc9b800c8b3
EXPORTER_SECRET 06de4e88cf03f123610101ee7f84c64caa186a96c1008029dfdab0616c697add 822494130cd699674eccebddab7dcaf6778c3a39923e00d7802ae64552b90ee3445e19de9350887f2329ff4bda6545b6
CLIENT_RANDOM aadd340b35948f24066acf57a56659f8a64581fdb00657c91f6bf7e391f3650d b1b8e21ea07f205191d3f0058f6246521fd5d51bf4fcc661cf781c08e9847e472f50ac22c38d08231f3f20982eff7b39
CLIENT_RANDOM b8f69ce209c0bb5e77c2c3a67179589b058931bfb044587c65c1a913d3488d13 8c5c82b7aebd97b28af8a053d3507569d7c96cc1389a0a079b2c9e180da68c2b90d139e384e5317dc8698d8d47de5c40
CLIENT_HANDSHAKE_TRAFFIC_SECRET 85120d0c9932769e15b54c3efb1da09463c9c347b218c9086640dbc052311ecc 38274b47476428b6ca582d4909192084dec55d2bb3b3a9f3842b854b3a884c3c16234599b55827e734765f7db8a63a31
SERVER_HANDSHAKE_TRAFFIC_SECRET 85120d0c9932769e15b54c3efb1da09463c9c347b218c9086640dbc052311ecc 7bdeb3c9aeed16916dec96d3303dc5c8cf39a00736579a00ca41f84ad4ca03541c721b5e5ce47b2066c2cb119079c872
CLIENT_TRAFFIC_SECRET_0 85120d0c9932769e15b54c3efb1da09463c9c347b218c9086640dbc052311ecc 2f4a59cff2fe24d437a98a4d1c5959954c51628980a8b9894d289192fd595fd7e607599e4804eeb66b326223a81f107a
SERVER_TRAFFIC_SECRET_0 85120d0c9932769e15b54c3efb1da09463c9c347b218c9086640dbc052311ecc cf902b66b3186663da543fba8ec9b6d298037efb332dcf130394ba027ce18d7e360fd20d877b2ba454af1b27e409c328
EXPORTER_SECRET 85120d0c9932769e15b54c3efb1da09463c9c347b218c9086640dbc052311ecc 23e6619db5662bfb1362a481ecfb418a3e8abfc6896743341fb26a2af63e313a227e4005709d253456ab9182610bd4af
CLIENT_EARLY_TRAFFIC_SECRET 0e72a544cfc51320d971c5a7733f921dba3d6e0059b59376e06c98dabe018901 37c484ad5c778c63cf46194bd35968a0def4e76eea24fe10711a087a6efba007
CLIENT_HANDSHAKE_TRAFFIC_SECRET 0e72a544cfc51320d971c5a7733f921dba3d6e0059b59376e06c98dabe018901 1124442b299ae407109b10ac2250e65c5f79ea350e816e14dd33bbdb3256147e
SERVER_HANDSHAKE_TRAFFIC_SECRET 0e72a544cfc51320d971c5a7733f921dba3d6e0059b59376e06c98dabe018901 dfa8c183bee118824cbc4ae721bbc515373b0212d713f6119bd0e4d7a7f4bd7a
CLIENT_TRAFFIC_SECRET_0 0e72a544cfc51320d971c5a7733f921dba3d6e0059b59376e06c98dabe018901 484104fbd10e4207bc20ce302c029a44ef18bd32071df86a79d6e79fa48b394e
SERVER_TRAFFIC_SECRET_0 0e72a544cfc51320d971c5a7733f921dba3d6e0059b59376e06c98dabe018901 1fa1c9d6df746f0c19f2fa58f4ce042180c57e8bf19e555cddbbc8d1db358647
EXPORTER_SECRET 0e72a544cfc51320d971c5a7733f921dba3d6e0059b59376e06c98dabe018901 3143ca289201e356450b0dc58c80108a538c47677cb2403631f12728cd3adcf7
CLIENT_EARLY_TRAFFIC_SECRET b5b625bc1a6250d56515567cee31ac8746447913dcb9777fce657c704055d7ae 4e6a17141629b738b43a46b2f3679773cae041b08bdb06e04e9ca96d6f48e74b
CLIENT_HANDSHAKE_TRAFFIC_SECRET b5b625bc1a6250d56515567cee31ac8746447913dcb9777fce657c704055d7ae 8ea72df957b2329edd39e1e0d97cba3b129aa4f07129900382dd6b54462b7af8
SERVER_HANDSHAKE_TRAFFIC_SECRET b5b625bc1a6250d56515567cee31ac8746447913dcb9777fce657c704055d7ae b0fd64a86d8b60494effbb94929ee7499f6d39180de88f2ee02bac2fc3b751a3
CLIENT_TRAFFIC_SECRET_0 b5b625bc1a6250d56515567cee31ac8746447913dcb9777fce657c704055d7ae d01809dda841ed3b7130885e74c055c14fe6fccbfb8edc9be625f41d7b21d995
SERVER_TRAFFIC_SECRET_0 b5b625bc1a6250d56515567cee31ac8746447913dcb9777fce657c704055d7ae b5b2834c96df56c6d7eab8727a4de61b99185fadee1842fd538242ad365cca8f
EXPORTER_SECRET b5b625bc1a6250d56515567cee31ac8746447913dcb9777fce657c704055d7ae 40213b0b842a1669104173f89bbb4722fb8d3c1578ceac5d1d92aaaa910d3d6c
CLIENT_HANDSHAKE_TRAFFIC_SECRET 2c2b4607c8f3d2edc96f1a0dbb33227224e554614b31cb0c5631e2f44ab658e2 5dc945e29c59676dc1c21844ef68860c3454a7c2292f97ad9d7d02c31a6eef87
SERVER_HANDSHAKE_TRAFFIC_SECRET 2c2b4607c8f3d2edc96f1a0dbb33227224e554614b31cb0c5631e2f44ab658e2 fd90eefda15457b66054e5d81e79eebf308dcb7eb84f1e42c5e05ee88a6aae4d
CLIENT_TRAFFIC_SECRET_0 2c2b4607c8f3d2edc96f1a0dbb33227224e554614b31cb0c5631e2f44ab658e2 d0d52a1fbba71cec360a7c38375d6d0456e861aa8760a25a70a6a2195b4fc0f7
SERVER_TRAFFIC_SECRET_0 2c2b4607c8f3d2edc96f1a0dbb33227224e554614b31cb0c5631e2f44ab658e2 d79a4bbae656fbd3d35bed6131e83a32e8b0a3ef6834501692926876ea5bc322
EXPORTER_SECRET 2c2b4607c8f3d2edc96f1a0dbb33227224e554614b31cb0c5631e2f44ab658e2 977afeefd1b91d8465ef758184458325af88f77684e4d6e75829fc40254e25f3
CLIENT_HANDSHAKE_TRAFFIC_SECRET b96ea5027595fa0580138d2e3e3b5964e814dd74799a558ed116790f2d5854ad cd448efc9f66ea4fbb8f6cd341831f29e5718c889f98d3a6e7139ac2bdd185ba
SERVER_HANDSHAKE_TRAFFIC_SECRET b96ea5027595fa0580138d2e3e3b5964e814dd74799a558ed116790f2d5854ad 30f43685139e0125b2b7b7d02653aa9cac57c2f4cd08c31ec004b045af59aab3
CLIENT_TRAFFIC_SECRET_0 b96ea5027595fa0580138d2e3e3b5964e814dd74799a558ed116790f2d5854ad 4534267d25474b90a11c4c58a4446af3c16b6861aaec29959e782d6c37fdf1dc
SERVER_TRAFFIC_SECRET_0 b96ea5027595fa0580138d2e3e3b5964e814dd74799a558ed116790f2d5854ad 0942a310fbb5813a2fdaae39ffbeee80f75ac3c4a467ac6676f6c62b4fb611f1
EXPORTER_SECRET b96ea5027595fa0580138d2e3e3b5964e814dd74799a558ed116790f2d5854ad ffb231ddcec9b8a1696394433e6e8ecbb21647c853ac99865a45a7f80f0d395c
CLIENT_HANDSHAKE_TRAFFIC_SECRET b28ec768c8f756294df87220cdd8f7cb7eb90525cba1b205141d93e6ba802da0 b867f7fe6e3d354f32900f8289fcd7d50e264a11e8a7ca34fe571efc73a936a17064171b68bdd7f50897bd8c73323ed0
SERVER_HANDSHAKE_TRAFFIC_SECRET b28ec768c8f756294df87220cdd8f7cb7eb90525cba1b205141d93e6ba802da0 7a22d43f27ca1ff57ebbd6e29688684b49709b2e7f6e74ace5014456d0c313b25707b68a52372f294ca6b6f6e7199bef
CLIENT_TRAFFIC_SECRET_0 b28ec768c8f756294df87220cdd8f7cb7eb90525cba1b205141d93e6ba802da0 6f71e415b7668eb2c34a7ca5509e7df2cec58e72d9c1c1f4dd3c584bd775205a4a6f75d2791a37016b98f9ef5ae3614f
SERVER_TRAFFIC_SECRET_0 b28ec768c8f756294df87220cdd8f7cb7eb90525cba1b205141d93e6ba802da0 1ac29e64466ab0c90204ff1dd5b54ca6fc5475951618766825ba35b7fe46d49eaf3a400f619e4e211d264deda92549b7
EXPORTER_SECRET b28ec768c8f756294df87220cdd8f7cb7eb90525cba1b205141d93e6ba802da0 baeb7db505491abc2d16462944b3a92a4cf9a6f5e0bb9f67b823ba983a682554a12e8ff3714bb09a790bab55c232a56e
CLIENT_HANDSHAKE_TRAFFIC_SECRET bd199453ad72192653c53588ded3c8b9eccc6c795ecd1c4141cc5191021e057a 66997deb3dff7823b05b5184e5ab2d6b85e1f6fa87009d7be3ee9dffb143854d
SERVER_HANDSHAKE_TRAFFIC_SECRET bd199453ad72192653c53588ded3c8b9eccc6c795ecd1c4141cc5191021e057a 4c26e168c1971066597ddb06fcd9a54ce7b43394678426d01b9ab15be51ddd1d
CLIENT_TRAFFIC_SECRET_0 bd199453ad72192653c53588ded3c8b9eccc6c795ecd1c4141cc5191021e057a 92e3d8155375b7889cf4f82e76c8a74e9f77febf122414d50cf8238e9050c4db
SERVER_TRAFFIC_SECRET_0 bd199453ad72192653c53588ded3c8b9eccc6c795ecd1c4141cc5191021e057a 605f44d01a3a57a286052893b6b518132348abc1e523d22dfce05e77d0ce37f8
EXPORTER_SECRET bd199453ad72192653c53588ded3c8b9eccc6c795ecd1c4141cc5191021e057a f111f333f9d8a245278c91a08247da71828195dd1d6d2ce473a1ce109b578689
CLIENT_HANDSHAKE_TRAFFIC_SECRET b4923573093b80aa5c7f1f9844391f20ea07e0c08222bc5193cb42ccfe26d781 49f34025226f9643fb16812442c510685d21630de3310f074a4ba92f365867364b3d98940d36937adc5ee3c9ad07706d
SERVER_HANDSHAKE_TRAFFIC_SECRET b4923573093b80aa5c7f1f9844391f20ea07e0c08222bc5193cb42ccfe26d781 26b13f27f63911e190579febc7905842f9578020b2918a7a1e5cf62962c7f22ff2218bd9f9126840a7e34355d1913630
CLIENT_TRAFFIC_SECRET_0 b4923573093b80aa5c7f1f9844391f20ea07e0c08222bc5193cb42ccfe26d781 6a64092e9e8008425cfa89574ff3a9b1b3c0aa9f4cf3dc6235638e964298fb846e3d18555a8182707ee7044e5c43d69a
SERVER_TRAFFIC_SECRET_0 b4923573093b80aa5c7f1f9844391f20ea07e0c08222bc5193cb42ccfe26d781 f59db05bdb396f8bc0725626ea5d2ca1af3c721fe8b972c14e2ddc0c42f9e32879a86a7dfc43d88f6822528ed8362dcb
EXPORTER_SECRET b4923573093b80aa5c7f1f9844391f20ea07e0c08222bc5193cb42ccfe26d781 be535818d1b09fcd881824905b0720cefe32e40624d613b245b216194865b88cf80df9a6afa2083341ae3478f4eaeea2
CLIENT_HANDSHAKE_TRAFFIC_SECRET 707da734f193f2d3e0a020388beb4043bbb85c09e1cf8549afbc34783e1b1fac 515cfa394c98b15ed5f809b2a7bc29e3bcd237d3ee688013a783d4649c05bad9b81e9764b78ad45b3095cd3744396187
SERVER_HANDSHAKE_TRAFFIC_SECRET 707da734f193f2d3e0a020388beb4043bbb85c09e1cf8549afbc34783e1b1fac e874cd7816d48ad4544de2b71ef4ac610056550ac26328c8fd02f94fd8859f6dfd4bda7f5776e5ae9a3aafa7dd6420d9
CLIENT_TRAFFIC_SECRET_0 707da734f193f2d3e0a020388beb4043bbb85c09e1cf8549afbc34783e1b1fac 2d0530e2ded5407bfbe454ed2a6e0fc4e39be935e1a4b315d4972f55d7e6842ec1f050ada139126010a8611b8efa61a2
SERVER_TRAFFIC_SECRET_0 707da734f193f2d3e0a020388beb4043bbb85c09e1cf8549afbc34783e1b1fac 9e94f1be99284d5fdf17b4a2cf2e9c357680ce324a97769789c7d6dfce7887911769ba18e0ad182fb59569684250cdc5
EXPORTER_SECRET 707da734f193f2d3e0a020388beb4043bbb85c09e1cf8549afbc34783e1b1fac 4874289dee45eeb0287cc75aa458b616e0e7502c2e9bd1a7ae9b48a9b2c4a7ae151e06a514ad779fa6f28d6b7bfb1cb3
CLIENT_EARLY_TRAFFIC_SECRET ca4572c2a591edca75b27261e0964c299670c65de1bd3256364caeaaa898f974 e4ec2924244027672511efd6df79f98619a30e681b086ca534402dcce676f1f7
CLIENT_HANDSHAKE_TRAFFIC_SECRET ca4572c2a591edca75b27261e0964c299670c65de1bd3256364caeaaa898f974 a35cc400f0ea73e26322afc38a816b5e591a48b17e715a5892a555da76a065b7
SERVER_HANDSHAKE_TRAFFIC_SECRET ca4572c2a591edca75b27261e0964c299670c65de1bd3256364caeaaa898f974 2eb6d4bd323b90326d16216e15172b638e689b2b252f0cc7930abd6a0597df3d
CLIENT_TRAFFIC_SECRET_0 ca4572c2a591edca75b27261e0964c299670c65de1bd3256364caeaaa898f974 9defcbefa9665df4583cd2d350a1adefe494ee018f96820303dae8ae59d36e57
SERVER_TRAFFIC_SECRET_0 ca4572c2a591edca75b27261e0964c299670c65de1bd3256364caeaaa898f974 46d5129bac8eca0673c909559bf2902b5804f8de783fca4e82b2dd65ef6cff5d
EXPORTER_SECRET ca4572c2a591edca75b27261e0964c299670c65de1bd3256364caeaaa898f974 90185f3725a2c1d2ddc27b61535aca966286de7fbb1bf29f87d29d56f69693b5
CLIENT_EARLY_TRAFFIC_SECRET 53b5381ab9c3ed641ff930be09a8d7ed778dc94f0581f232ae0520c4470051e8 134bada09a6d7e0bed7c94ae0d91533ba34c665dbea898540ecbb6b4bff55bf5
CLIENT_HANDSHAKE_TRAFFIC_SECRET 53b5381ab9c3ed641ff930be09a8d7ed778dc94f0581f232ae0520c4470051e8 2460d34c3f7baa9555543631ba91f79629f9527c999a4857f70f5eb01330dfbc
SERVER_HANDSHAKE_TRAFFIC_SECRET 53b5381ab9c3ed641ff930be09a8d7ed778dc94f0581f232ae0520c4470051e8 987946fba4f8d91a4cf99e4bce18522c181b3b3622e9c91ce06ed7a4f922bf81
CLIENT_TRAFFIC_SECRET_0 53b5381ab9c3ed641ff930be09a8d7ed778dc94f0581f232ae0520c4470051e8 1b82eae000a390e2cb825c88d8c43f9e90935adcb92386228bfcf213f213a44d
SERVER_TRAFFIC_SECRET_0 53b5381ab9c3ed641ff930be09a8d7ed778dc94f0581f232ae0520c4470051e8 e02f4ae316e43aa447a4a74256baf8c76de8e83b40437ac9b3c4864a694476a6
EXPORTER_SECRET 53b5381ab9c3ed641ff930be09a8d7ed778dc94f0581f232ae0520c4470051e8 605cd845e909845ace3254a94be4d211a0a11f1108e95ee25a6e55aa99f34e8a
