CLIENT_HANDSHAKE_TRAFFIC_SECRET 968600c859304a902630047f4cda5cacfa317ba9109bd1a17a231e8e9786a77e cc99583cb10ec040b4f8224c1aee98443addcfb208d8aa15d4fcb7ff9cbd5793dbdd1b3571bf08851486172db4182f89
SERVER_HANDSHAKE_TRAFFIC_SECRET 968600c859304a902630047f4cda5cacfa317ba9109bd1a17a231e8e9786a77e 61c21570a5a1dd65e763fefcf1c265d379932b82314c387fc07ffa6a0f0bbdb36aa6fca125fa860b48029b4ee7125c4c
CLIENT_HANDSHAKE_TRAFFIC_SECRET 838231c236d1af25660de06d6469fd0ac9557277ff04cb6fa72d88a419032895 62eb00904d2734b329a91f241f0ccd91fd48ab528a3d3d110b05de49787cff89
SERVER_HANDSHAKE_TRAFFIC_SECRET 838231c236d1af25660de06d6469fd0ac9557277ff04cb6fa72d88a419032895 c6b0395ef4702164bb04607b6a9c8128c60618d3e16c96f9986f875b58567947
CLIENT_HANDSHAKE_TRAFFIC_SECRET 24e9d25e22af910cc253ca766b57f393c998d57d835ece3f64decd6a6a701523 bea7bccb3d680e3496a3d29cb0b847a0595a86661e187f0fbc90250a016bffa6fda130f6bf2fc71ec5fd47ac74bea6e7
SERVER_HANDSHAKE_TRAFFIC_SECRET 24e9d25e22af910cc253ca766b57f393c998d57d835ece3f64decd6a6a701523 a5c7f84d14cfa08dffdeb808c4061e7e0fc4761db7ccf41cf25fb6e6aa007fc0326ed51cd42770308c5d3b4eb51111d8
CLIENT_HANDSHAKE_TRAFFIC_SECRET 29707be3f8bd1fd83dcbb6f8f51217285ec1106aac4f2629824268af01d09a4a d6e5f8573fbfe79f5005811b1d43845f9531693af057b33f8b9370c96fd53b6e
SERVER_HANDSHAKE_TRAFFIC_SECRET 29707be3f8bd1fd83dcbb6f8f51217285ec1106aac4f2629824268af01d09a4a 1db3af9a46593b5f690f1f9627f03df2f831a7cb8ba07236bf9a47d438ee1457
CLIENT_TRAFFIC_SECRET_0 24e9d25e22af910cc253ca766b57f393c998d57d835ece3f64decd6a6a701523 b084ad3f6c438b44bc364bfee1918bfc807a10156f00b529f248af496ce55fea4aee91940f454ff54738a382a2c6864a
SERVER_TRAFFIC_SECRET_0 24e9d25e22af910cc253ca766b57f393c998d57d835ece3f64decd6a6a701523 7ba4949fb4a69bcb5c20883e97dd231be4904ab6787e92a89f1fd05cc70223421781286e359dd83d2835e5cad063f15d
EXPORTER_SECRET 24e9d25e22af910cc253ca766b57f393c998d57d835ece3f64decd6a6a701523 2f6a996aef6c055df6e48a96c9431699df5928e0033fc44622703d72d5236e66940a05e4230f630355b259edbda33e4f
CLIENT_TRAFFIC_SECRET_0 838231c236d1af25660de06d6469fd0ac9557277ff04cb6fa72d88a419032895 001716747a39e87085fa31fe919bf6c52516ca8d942aec6198cd1dba948823ce
SERVER_TRAFFIC_SECRET_0 838231c236d1af25660de06d6469fd0ac9557277ff04cb6fa72d88a419032895 6fe7bd54ee555c1a21189cdc585b9526bf21d995e8c7e6d88ae8110c8ad06cf9
EXPORTER_SECRET 838231c236d1af25660de06d6469fd0ac9557277ff04cb6fa72d88a419032895 5ddeb630c2aa55e0c846f5169594449d7be3197dd3bacc70e4be7dbd8cadd3ae
CLIENT_HANDSHAKE_TRAFFIC_SECRET 7a2f185f1f98f0a61b4d4b333f9ae80aa41acfc5e068b894b94aa0060a03094b f20d6a3baf0a564be4b11cb4f7092830ca6299b1f6a8a5975ce93657be31994a
SERVER_HANDSHAKE_TRAFFIC_SECRET 7a2f185f1f98f0a61b4d4b333f9ae80aa41acfc5e068b894b94aa0060a03094b 9e55f52257b1e756fdeb26bd358191fb3a2229f1b1e39783ed2c3f66d539165d
CLIENT_HANDSHAKE_TRAFFIC_SECRET 72a585b9844d243ad065b5c4120e08704941b4809bb4f2dce03134691b0166f2 84776fa8170cd2073e69085a74a18cfc63b1e1f7181dd79af1dc0b2eafc5daf0
SERVER_HANDSHAKE_TRAFFIC_SECRET 72a585b9844d243ad065b5c4120e08704941b4809bb4f2dce03134691b0166f2 bfceabcfabeeb69d69ef08226982cc9bcf02dc78d787abeb8da02262fa766d80
CLIENT_TRAFFIC_SECRET_0 72a585b9844d243ad065b5c4120e08704941b4809bb4f2dce03134691b0166f2 3451821e820428465a078cbbe6b0ad95b4873e88961a72ef003b39455bb28834
SERVER_TRAFFIC_SECRET_0 72a585b9844d243ad065b5c4120e08704941b4809bb4f2dce03134691b0166f2 8059109d470f1bce072e41ef10e37c19a49675469d1050f40fc1e35fb87efdf5
EXPORTER_SECRET 72a585b9844d243ad065b5c4120e08704941b4809bb4f2dce03134691b0166f2 88114ac4b0aacf0542c8b104a9f32fbf349811271cdfdb5aae958d68351251db
CLIENT_TRAFFIC_SECRET_0 29707be3f8bd1fd83dcbb6f8f51217285ec1106aac4f2629824268af01d09a4a 6d7d428a90bbe0b2f7fb780912825fa69cdfb44ae26d27baf7e082576a64a79d
SERVER_TRAFFIC_SECRET_0 29707be3f8bd1fd83dcbb6f8f51217285ec1106aac4f2629824268af01d09a4a 555e7c6925a5e2bcccfdba495b3df6a60cd5b05ce93a15c68fcef0bc9ba574cc
EXPORTER_SECRET 29707be3f8bd1fd83dcbb6f8f51217285ec1106aac4f2629824268af01d09a4a 9777bc6abcab0fd075bbaf4535aef9cdacec57c9b24c85189c5ba0d1b95d7888
CLIENT_TRAFFIC_SECRET_0 7a2f185f1f98f0a61b4d4b333f9ae80aa41acfc5e068b894b94aa0060a03094b c62139395dd8573959c8b7d003782d3b8adb4b9048f5bc0fcd8ec3b98657b874
SERVER_TRAFFIC_SECRET_0 7a2f185f1f98f0a61b4d4b333f9ae80aa41acfc5e068b894b94aa0060a03094b 7917effbd8ed0f74969add925aeae7a190239462192100582164aae555b72557
EXPORTER_SECRET 7a2f185f1f98f0a61b4d4b333f9ae80aa41acfc5e068b894b94aa0060a03094b d09c1b33be459c9a0d055026a4037aed6d58b74c08504777dce44f655bdda6cd
CLIENT_HANDSHAKE_TRAFFIC_SECRET a2961359d80fb3476c0f074c4c60a01063dade5081efd5cc02d9321b7733f288 3a204c113ea71a10967b22237f08092b41e728f4d7a4351cd5a04df41ae803be
SERVER_HANDSHAKE_TRAFFIC_SECRET a2961359d80fb3476c0f074c4c60a01063dade5081efd5cc02d9321b7733f288 6ccb1c277b674fff6e275b54d360b642f06994416e93758d679cad2680a9ffba
CLIENT_TRAFFIC_SECRET_0 a2961359d80fb3476c0f074c4c60a01063dade5081efd5cc02d9321b7733f288 32b07d23906738b41d1bc27789d9c4fa52ac042c6c0cf7a43b1975fd57f386d9
SERVER_TRAFFIC_SECRET_0 a2961359d80fb3476c0f074c4c60a01063dade5081efd5cc02d9321b7733f288 ae0be7b793a887ac512a64daf9efd2d51b6595755fbe262f7afbd49e9b5531ba
EXPORTER_SECRET a2961359d80fb3476c0f074c4c60a01063dade5081efd5cc02d9321b7733f288 ce1c6cdb71907a32e12db942b409c4f318506071fe7d7ca13a6983235edebe70
CLIENT_HANDSHAKE_TRAFFIC_SECRET 3e6c7e1c05180e0549d0232230ee6b0ec7826d56ac38fa49e9e347c6bd72e20f 26aaee51cd865537508ae5ce5d3ff5b0460db79ee9695f2054b530d8c9ca61e891e1f3357b4eba824fc88b53bb6f0edc
SERVER_HANDSHAKE_TRAFFIC_SECRET 3e6c7e1c05180e0549d0232230ee6b0ec7826d56ac38fa49e9e347c6bd72e20f 94f6c0be0c6d613896977260a80e6abc416e966cd2c7eb0b192e054bd387f4d495ea5ee47daf5d044a89045fb685432a
CLIENT_TRAFFIC_SECRET_0 3e6c7e1c05180e0549d0232230ee6b0ec7826d56ac38fa49e9e347c6bd72e20f 6e3c38c08eefd790b39370dad7631603381e4e6553ff5e3a13d3b6dd5101fbe321b7fbd7f2aaa26979ced07e883289f3
SERVER_TRAFFIC_SECRET_0 3e6c7e1c05180e0549d0232230ee6b0ec7826d56ac38fa49e9e347c6bd72e20f b9e123e4cac2aaebfff729a9f6fae9be36e9cb8b15906541af4e8a22afbe57dc16f4b49b9c6c30d0a69bb8efb5567d4b
EXPORTER_SECRET 3e6c7e1c05180e0549d0232230ee6b0ec7826d56ac38fa49e9e347c6bd72e20f 645405116135afa4c8d71ba4c533dc8ba0507a47641fc7f0476d41511c18885918afab8c36657cfa12ea7c33f6b77548
CLIENT_HANDSHAKE_TRAFFIC_SECRET d62789ee4320ea009a02a59b28b897eb99be14dcb945cdc7c23a1b0c2769fb46 a9e45a08befeb3406d122786e4c4797542b667d747cc90d6a60bb659a36b22aa
SERVER_HANDSHAKE_TRAFFIC_SECRET d62789ee4320ea009a02a59b28b897eb99be14dcb945cdc7c23a1b0c2769fb46 0ee4d82401469519466cce6f8ac2ce82d1f809aac6b325cbb703acae76bdacd8
CLIENT_TRAFFIC_SECRET_0 d62789ee4320ea009a02a59b28b897eb99be14dcb945cdc7c23a1b0c2769fb46 b5ed996ad2f48aaad9ae5847612ad0b5f3ba735d536bc84d9f8f646588d6f873
SERVER_TRAFFIC_SECRET_0 d62789ee4320ea009a02a59b28b897eb99be14dcb945cdc7c23a1b0c2769fb46 cc273c0bd5b8d938604c86307ad86de11bb1e9ca941925721b53776892c9e07c
EXPORTER_SECRET d62789ee4320ea009a02a59b28b897eb99be14dcb945cdc7c23a1b0c2769fb46 1e3d21d9c788828203a8050c207e6772ac0f3589c0d8954bce83e2b9180ef452
CLIENT_HANDSHAKE_TRAFFIC_SECRET 7d734ea6d2098d7a806e6c079208dc3bdd17737e1c6f91ae6c034582c3bb694e 2966e1f9651ff6e55a4d7933b4b183766369f78b8c4a108b72341b6fb36c1faa
SERVER_HANDSHAKE_TRAFFIC_SECRET 7d734ea6d2098d7a806e6c079208dc3bdd17737e1c6f91ae6c034582c3bb694e 47462fbf2ce53232707ce2e9f41b7e942705cec72b5efe114a2ca3142966df74
CLIENT_HANDSHAKE_TRAFFIC_SECRET f4b31f70bc8f1a6e0785b4cfccea9e0cd528515ea8aef651105edac8f7f6cd9b 08bf11df276222d1a2e875c3e622f65be1e35ba3bb54d4f51a671c7ce3037c5b
SERVER_HANDSHAKE_TRAFFIC_SECRET f4b31f70bc8f1a6e0785b4cfccea9e0cd528515ea8aef651105edac8f7f6cd9b dfbfd6d2206ccd169adbab51a01aaec29e453332fb8f48896a88cb692ceb62e2
CLIENT_TRAFFIC_SECRET_0 7d734ea6d2098d7a806e6c079208dc3bdd17737e1c6f91ae6c034582c3bb694e c09f7e5ce1d54595815f883c5b20eb05547b47f7cbec843f7b5c3a2d369718ee
SERVER_TRAFFIC_SECRET_0 7d734ea6d2098d7a806e6c079208dc3bdd17737e1c6f91ae6c034582c3bb694e a3a430fb89dc8aa5f58aecbd9b8731d3a29b8867e96d8b40a3fabc28f2ab7e9e
EXPORTER_SECRET 7d734ea6d2098d7a806e6c079208dc3bdd17737e1c6f91ae6c034582c3bb694e e988eaf00a4035848708152f0b5576f47af628ee8cd22c7ed6bee16b694dd9d1
CLIENT_TRAFFIC_SECRET_0 f4b31f70bc8f1a6e0785b4cfccea9e0cd528515ea8aef651105edac8f7f6cd9b 9a33edfe8ee5685b67c9854282bce93e02acd2119abaa94d7217bfb2a5d8735f
SERVER_TRAFFIC_SECRET_0 f4b31f70bc8f1a6e0785b4cfccea9e0cd528515ea8aef651105edac8f7f6cd9b 2c87611cf1a9d2a349683ac0fa789c7c9845477ef0458037cb623bdc0b51ffb7
EXPORTER_SECRET f4b31f70bc8f1a6e0785b4cfccea9e0cd528515ea8aef651105edac8f7f6cd9b 56ebbb786d09c1fdd75af9243b42c3b2e1a83d98e3b4e8b1cb7190186423caa9
CLIENT_HANDSHAKE_TRAFFIC_SECRET 66ef406899f2d50181bcb266daeab241f0136741b1c584d60a73617a9059e64e b9ba642aef75180909ceeeaecb9ffb335103f277f8b0f50cca1723b496398c50053b751b700f6e51cdfeab5a79f81cfb
SERVER_HANDSHAKE_TRAFFIC_SECRET 66ef406899f2d50181bcb266daeab241f0136741b1c584d60a73617a9059e64e c8c36c93dd6463625f131dce76f5bbae73935d3ec8bb91caa3af862e2c2e4196e39a158f6b8fe61955f805ab2e1bf061
CLIENT_TRAFFIC_SECRET_0 66ef406899f2d50181bcb266daeab241f0136741b1c584d60a73617a9059e64e 4b9cdea1afc5332d15a35d5b8fa71241ff7257fe554205dcf8ffba9436578c78ebdb1a862106eff2a52d29a268f81a54
SERVER_TRAFFIC_SECRET_0 66ef406899f2d50181bcb266daeab241f0136741b1c584d60a73617a9059e64e 5e69310b9d119fbbd0b14e868f9dd2fb3a2df75fc4e118c021b8a162d8d6e4c62718a1de5acd7fe3f5114c2a4005c899
EXPORTER_SECRET 66ef406899f2d50181bcb266daeab241f0136741b1c584d60a73617a9059e64e bcc31827305432c35733b9bca50a630139751bc0ecf8e153a1c9c83e5c86693814710d407eea6912a88577df4427ef6e
CLIENT_EARLY_TRAFFIC_SECRET f0bb338890b31c106fe884a493de953ad1df2836b02801321c6ff00d0099ef3c 164e2661935bb65f833709b473c7daf5998e39b8d62b4e7b368da0774af16381
CLIENT_HANDSHAKE_TRAFFIC_SECRET f0bb338890b31c106fe884a493de953ad1df2836b02801321c6ff00d0099ef3c a626ecafd242d60d7702492ed27c2a3ada2b79590c95ce7c84673dc603e521a2
SERVER_HANDSHAKE_TRAFFIC_SECRET f0bb338890b31c106fe884a493de953ad1df2836b02801321c6ff00d0099ef3c 96c2a77b94e81b87926ffca5f9b6fbe693f65f7d2b170591d35ea0ee84fae21e
CLIENT_TRAFFIC_SECRET_0 f0bb338890b31c106fe884a493de953ad1df2836b02801321c6ff00d0099ef3c bf9b9a599faced2d78805e725251d0179b37d2b8f63d2ce377f2b5a1e9b4c740
SERVER_TRAFFIC_SECRET_0 f0bb338890b31c106fe884a493de953ad1df2836b02801321c6ff00d0099ef3c 956d12f30b942eb81113c0d04a00584ff5e656a21e83abcd9f509427af75f719
EXPORTER_SECRET f0bb338890b31c106fe884a493de953ad1df2836b02801321c6ff00d0099ef3c 92ae7f19bc2547ab68fc678a688f35ea8bc1f248af682d2fe70dbaf2dd275aec
CLIENT_HANDSHAKE_TRAFFIC_SECRET c5b5b168f52b88ef7c31f8b481b54e3c8f8ca39f2480b449e8e9fc5013dca389 68142bef8ba03f786f75e3109f267a41997186e6ba721799c197bef194d52277088c6514b008388af7ef6eaa628fe75d
SERVER_HANDSHAKE_TRAFFIC_SECRET c5b5b168f52b88ef7c31f8b481b54e3c8f8ca39f2480b449e8e9fc5013dca389 13e10041702ace775b3696b92aa83af7b8b7d943148174a8e38de25e84322efd2913ad336d6c2c231e77cd6540473ae6
CLIENT_TRAFFIC_SECRET_0 c5b5b168f52b88ef7c31f8b481b54e3c8f8ca39f2480b449e8e9fc5013dca389 38eb7abb89bfef750761993718d585606c4754148c2bee70d43d209358610eeeba07e2e0989dd0e481d611f75d3433fc
SERVER_TRAFFIC_SECRET_0 c5b5b168f52b88ef7c31f8b481b54e3c8f8ca39f2480b449e8e9fc5013dca389 f4b9365bf2c9753d054955c683ed6f9bbe35fdc5aacce8744715a04830f09ec6cf81216b50b46a6ef40c3913604a4646
EXPORTER_SECRET c5b5b168f52b88ef7c31f8b481b54e3c8f8ca39f2480b449e8e9fc5013dca389 b4d313039320f29ffa0e9ebaecd0ac2ef1e8f907140ea4f3259e48d270b4cfca150f5a62cbeea0d45c8db940c36af425
CLIENT_HANDSHAKE_TRAFFIC_SECRET 02e51c6fa6263453b8be5147bbdb3b9020218cd42c95483c12c7c35da849f10c c16a1d2839bbc2d6eed10a910a319502936e56f5e9a863825ed2d4993882d707d8ec8fc76db52e489fc6b37ae6ae6804
SERVER_HANDSHAKE_TRAFFIC_SECRET 02e51c6fa6263453b8be5147bbdb3b9020218cd42c95483c12c7c35da849f10c 8cd107505cc0912483753d781a1783ffe9653a95f02f62c40a595940f607fdd10815e415514eddde241ad2e7394c2476
CLIENT_TRAFFIC_SECRET_0 02e51c6fa6263453b8be5147bbdb3b9020218cd42c95483c12c7c35da849f10c 1cccc5762efb045ca3c53e93a76072f9f2db8bdead5ff0c5891e48bc7f506232ed194e8214c90e425b2512d563cc8160
SERVER_TRAFFIC_SECRET_0 02e51c6fa6263453b8be5147bbdb3b9020218cd42c95483c12c7c35da849f10c f2cd92f13a693dc59b2e98fc3d9a2c93cfe3dad274b73fdffda75f668038d946308604b08b99979a6b57d06b60a1b6aa
EXPORTER_SECRET 02e51c6fa6263453b8be5147bbdb3b9020218cd42c95483c12c7c35da849f10c 8b866172811a316f907b0bd44579b369935bd4a7c633c918faebed762f6d4ef168a8e5e350502e4394306d52f840d68d
CLIENT_HANDSHAKE_TRAFFIC_SECRET ed9ef1d0935d84c35db61f1c9c4985ac3421f96d839bef5100764fe21d421670 37d67f9d33abda576839285fc4defe802fcd05440d4e243842a7e7f6b7307c4f94c467114d255be34549a4e6aec8dfd6
SERVER_HANDSHAKE_TRAFFIC_SECRET ed9ef1d0935d84c35db61f1c9c4985ac3421f96d839bef5100764fe21d421670 320344571ab7169c17cf6ec16e551362530c5cec02e0713d8d7ba44cbf60802817b50e2b523cfb0d5d60d2996b3b1303
CLIENT_TRAFFIC_SECRET_0 ed9ef1d0935d84c35db61f1c9c4985ac3421f96d839bef5100764fe21d421670 b06ec17b8370a67bdeede8c60d81805e44c5e86a01a8e4670c4adb8a4c573dc78b97f3f1da6b1e3df3fd47bcf8791a33
SERVER_TRAFFIC_SECRET_0 ed9ef1d0935d84c35db61f1c9c4985ac3421f96d839bef5100764fe21d421670 7a75852f3a3fc832aaff982af77266c8c4d84b1aeabdcbb612b2c5f2850dae2eb7b0d122e40b651e50cd252afe687dd1
EXPORTER_SECRET ed9ef1d0935d84c35db61f1c9c4985ac3421f96d839bef5100764fe21d421670 b908be1976df3485befb23fa0b3e1a90a4742a8bec83ef62a92cbacafea98a2890ef8b2b20c6f0c8f3761ecb3ebdb57e
CLIENT_HANDSHAKE_TRAFFIC_SECRET a93c0033d12d9175ad8740843f49244643dff8e42913900606a014a08282a173 7656065d95edf8d301dc5969b3ac41b6ddeb9b35d1675cd660a799b8b6664524762e94f1510534311baabbe98c30f6aa
SERVER_HANDSHAKE_TRAFFIC_SECRET a93c0033d12d9175ad8740843f49244643dff8e42913900606a014a08282a173 afef3f54ee18da8b28945260cb0dd06a5f4d2979d5675c8cfbf2a41a0df34e6ff98051127b1396b47c240e7c74a0a4d7
CLIENT_TRAFFIC_SECRET_0 a93c0033d12d9175ad8740843f49244643dff8e42913900606a014a08282a173 8ecc41345a07e29e52262ab043bb52fbf584d6db38cd573d8f288e192ef579211119098c76662d2cfd68bfbba09d2614
SERVER_TRAFFIC_SECRET_0 a93c0033d12d9175ad8740843f49244643dff8e42913900606a014a08282a173 d85894f6ee08c3bcf9b01a99de806ac4af9835204ff9a09225958a61b07893b50b174f4f18b55a766d0d471793f5116c
EXPORTER_SECRET a93c0033d12d9175ad8740843f49244643dff8e42913900606a014a08282a173 4cc16342e8193c8eae605e4582e2ae3dfc5e7ad87b69f25b3a5ccb2e141ccc9fa0b0284c9d9468b3ccec04feac6d84c6
CLIENT_HANDSHAKE_TRAFFIC_SECRET 6ab30e9ac8b46538559066f55e66f5c3ad99019dc6a10ee60ae7a5fbf2858b38 7411f4ba533f4d3a9e5d8ea07edbdb021d20fa425ba2239628e6e41de1ea553b8cb992097532eeeec9991e781090cc61
SERVER_HANDSHAKE_TRAFFIC_SECRET 6ab30e9ac8b46538559066f55e66f5c3ad99019dc6a10ee60ae7a5fbf2858b38 5b06a3bd5f56b98b4e55317381f9be5bbeaf539fe245d954d070fd4a779be13e1637375295b32ec5b7c2a22b8719de6f
CLIENT_TRAFFIC_SECRET_0 6ab30e9ac8b46538559066f55e66f5c3ad99019dc6a10ee60ae7a5fbf2858b38 35c83f8c3d36d56aca5d4df7d34e241bee342f9753c6af90b51aefbec2453d22f287360ba3df66a6def5fbb983486e76
SERVER_TRAFFIC_SECRET_0 6ab30e9ac8b46538559066f55e66f5c3ad99019dc6a10ee60ae7a5fbf2858b38 9f6e1752d614a0277c92cc9d9dbf72d690099fb9e10c27882a670813cd4a6795ca7abace84f78297dfb4a6aa2281312e
EXPORTER_SECRET 6ab30e9ac8b46538559066f55e66f5c3ad99019dc6a10ee60ae7a5fbf2858b38 557a0bb80633819d27d13a9b9ec3a76d0010a04e5656bf2ceea719471276d4004d0b6a5f40c733bb6bc6ca496d6ca31d
CLIENT_HANDSHAKE_TRAFFIC_SECRET 5d95e76b488cf402a753919309c95e289dd2cf00c057556226e3fb196f684cc3 89d8d5fbab8f89fdb13d11ce1f13e61ba7a77cb88dd03495d1c8a7b8a768ddce
SERVER_HANDSHAKE_TRAFFIC_SECRET 5d95e76b488cf402a753919309c95e289dd2cf00c057556226e3fb196f684cc3 ca88f72939bb9c14e6fbeff8406331e6598db952342c5d06731483be365e4835
CLIENT_TRAFFIC_SECRET_0 5d95e76b488cf402a753919309c95e289dd2cf00c057556226e3fb196f684cc3 7966aaabaf53e1a4e04b347a62a669ea92aade4b696f3171ddd09bf2323a7d23
SERVER_TRAFFIC_SECRET_0 5d95e76b488cf402a753919309c95e289dd2cf00c057556226e3fb196f684cc3 cc67f29b2f86cd5a845cd8e3bb777d4598572181d6c616c406558d11a5970135
EXPORTER_SECRET 5d95e76b488cf402a753919309c95e289dd2cf00c057556226e3fb196f684cc3 b0268d10f3a35348f7f67e513288105b62105ff81045ca6ac3254ff032ca1734
CLIENT_HANDSHAKE_TRAFFIC_SECRET 40dda7212728f07ad9e3f4d4ac56580694e64b505d57445e529bd1292a278bfc e870437b065b74a6023b25366400c7bc6196715337a11320ae258f272d71c4247cb75c7f70753de9b8f8ba97407d26db
SERVER_HANDSHAKE_TRAFFIC_SECRET 40dda7212728f07ad9e3f4d4ac56580694e64b505d57445e529bd1292a278bfc e63e9cd178a951606d68552375f12627589caa76f05679359844a091c6bd9d4e8192b31e8b3a02a2d19010b0e78006c6
CLIENT_TRAFFIC_SECRET_0 40dda7212728f07ad9e3f4d4ac56580694e64b505d57445e529bd1292a278bfc 545c95a4c20c69e4d4c15c108aed1c049618473bcb2396338f1440b44aeafb6e2ab3a3ef450ae493db9e58aea99a400d
SERVER_TRAFFIC_SECRET_0 40dda7212728f07ad9e3f4d4ac56580694e64b505d57445e529bd1292a278bfc ebac96a5c39bb21f8e92ff95e17f8eb1485c40340b290dafc62ea428abfa3dd9e9f85f0e3bb50d215bf904c438ee4250
EXPORTER_SECRET 40dda7212728f07ad9e3f4d4ac56580694e64b505d57445e529bd1292a278bfc c713987425af7ad849d93168b987b08585f55528536a00bc44e1be0b0d94541af1e96a6ab1ea41e80348464329222c6d
CLIENT_HANDSHAKE_TRAFFIC_SECRET 841c5c917c606c7fd1f706e754096827d4d5971ad526f9e616e49dd59f93fa5a 8df701b8127a7d8ad6ed566824b8e16f8c5450faa0a5297b845420bd462218f3
SERVER_HANDSHAKE_TRAFFIC_SECRET 841c5c917c606c7fd1f706e754096827d4d5971ad526f9e616e49dd59f93fa5a 28ba2ec4afe246ce58328cf3dec5c9e7105fd2f86caf393c700293a94c22ba15
CLIENT_TRAFFIC_SECRET_0 841c5c917c606c7fd1f706e754096827d4d5971ad526f9e616e49dd59f93fa5a e39d63ff227d2050ac7ec7c8d9f9169b6fd8ac685a0e7e04437aad3e2b29322e
SERVER_TRAFFIC_SECRET_0 841c5c917c606c7fd1f706e754096827d4d5971ad526f9e616e49dd59f93fa5a c5a4ae3c7c74f50b8325ad4ef0da32e693b768a3917a817b3ea2dcdaa51e49ce
EXPORTER_SECRET 841c5c917c606c7fd1f706e754096827d4d5971ad526f9e616e49dd59f93fa5a f2762eac8d86d2ae0d4f008fc5faa94c537ff2df650cdafb9264bdb0f0a22415
CLIENT_HANDSHAKE_TRAFFIC_SECRET 9aff2b7cffa1f70b21a63243e486659c12452aff710d9a7ca9c0d815ea5708ad 585c016778e7101d0df9a343921328feb3a97f285a1fb7244fbf6343dc44ba1c504c2478f0c30a06bbae9c7aa51b1c4c
SERVER_HANDSHAKE_TRAFFIC_SECRET 9aff2b7cffa1f70b21a63243e486659c12452aff710d9a7ca9c0d815ea5708ad 87094ea8d9d9544958922654e1bfbdf2076f67e05a50e70b9b31f2731b03c952653c2ce7c86afe7632780f1d9d02285a
CLIENT_TRAFFIC_SECRET_0 9aff2b7cffa1f70b21a63243e486659c12452aff710d9a7ca9c0d815ea5708ad a4c678e3d0b76b0fcf20165847f82ee91e9a6d056586100d8f42299ee8f3d1aed7420f6c74ca95571dd991c36d323aa9
SERVER_TRAFFIC_SECRET_0 9aff2b7cffa1f70b21a63243e486659c12452aff710d9a7ca9c0d815ea5708ad 6842cb4e40b8cfd3a63f3b03ce08c7b2e7f20ac7efaea9b9554e958b9e7a765d1e3aeee5e1f57cab742cc5c09d3140ea
EXPORTER_SECRET 9aff2b7cffa1f70b21a63243e486659c12452aff710d9a7ca9c0d815ea5708ad 63150d77dca67778ddbaa2590d7792717e88292854d7a0233fa62dee5ddf906d506c53fcce8ec5a63373328b2c37c1f2
CLIENT_HANDSHAKE_TRAFFIC_SECRET 3e5140c6be5cfa26c7028c83846a431a18c75783152ffb3900672a23a59679e5 4f1b4e1a8f95a7727192a06ac5bd012c65550c326530898fdddc4146c2e0c8e083c8c9b81b9d8a8463403559afe780f8
SERVER_HANDSHAKE_TRAFFIC_SECRET 3e5140c6be5cfa26c7028c83846a431a18c75783152ffb3900672a23a59679e5 fe5aa42e72f34014a55584400973540ff8468159d4105c358f7addbd4e4ae354c7064ddabca6b5866d7831e926e312b3
CLIENT_TRAFFIC_SECRET_0 3e5140c6be5cfa26c7028c83846a431a18c75783152ffb3900672a23a59679e5 2c1e7f6805cc9d9f7baa55deaa6d548b59d14b28450484025d47e64b7b2e3712066fb1b1ac4777db14b0328346f4b64a
SERVER_TRAFFIC_SECRET_0 3e5140c6be5cfa26c7028c83846a431a18c75783152ffb3900672a23a59679e5 e2f4d5317a8447781060374034e8cb9680a0e616c74bdafdb9480051197204461e1275caea595f862e2c7a412a15fed0
EXPORTER_SECRET 3e5140c6be5cfa26c7028c83846a431a18c75783152ffb3900672a23a59679e5 8910ece48f0e9180bca429ba5e01fce2ac64e9d8398acb2b80a7689f7346ab47751a21a2de726e4480b7f44539c552dd
CLIENT_HANDSHAKE_TRAFFIC_SECRET f2c629fb3b49565074c0ffd9a5db7a809cbad39cdb163cf4b825d0c65da93d50 a75a2a4417834d68a18fd9a9912f8ddfca8fa20dcee7e8b8c02a321043f321fc
SERVER_HANDSHAKE_TRAFFIC_SECRET f2c629fb3b49565074c0ffd9a5db7a809cbad39cdb163cf4b825d0c65da93d50 b1e7315819b65193ceade3d11151e686972ec803bad9711a2a1d4bd27b308fb0
CLIENT_TRAFFIC_SECRET_0 f2c629fb3b49565074c0ffd9a5db7a809cbad39cdb163cf4b825d0c65da93d50 8646f2044a7c28c3ae3487bf9a3b93cab2c0da96693790f8099c4df2b1c15236
SERVER_TRAFFIC_SECRET_0 f2c629fb3b49565074c0ffd9a5db7a809cbad39cdb163cf4b825d0c65da93d50 c98a31824ae5228188c7d23f8012608f3125626f5a9b068d08d9e87793b58905
EXPORTER_SECRET f2c629fb3b49565074c0ffd9a5db7a809cbad39cdb163cf4b825d0c65da93d50 2b5cd78e30f1790be39c31144307f606844ab7a4a82231d75a0f9aab0a3fffb7
CLIENT_EARLY_TRAFFIC_SECRET 76cbe7518eb564b490057876db43675ce327d8ce52bfdbdbb3e33c61801d71a8 8de21e9a1974cbfa42787cad4912d85ecd64973a5dc68c7060362cf7b222a060
CLIENT_HANDSHAKE_TRAFFIC_SECRET 76cbe7518eb564b490057876db43675ce327d8ce52bfdbdbb3e33c61801d71a8 94da4ac010287dc8dfbe435894c6a3c4dce9d62e4588e742ed6c28dfaa29a454
SERVER_HANDSHAKE_TRAFFIC_SECRET 76cbe7518eb564b490057876db43675ce327d8ce52bfdbdbb3e33c61801d71a8 9a05583137c9c62acc3388c53abc9eb5dae18b16b4b96524a2e6688b3224cf8a
CLIENT_TRAFFIC_SECRET_0 76cbe7518eb564b490057876db43675ce327d8ce52bfdbdbb3e33c61801d71a8 b56346321e7fb2f7448b1311c7401abeab4f2a28a7679212192116bfaddaf274
SERVER_TRAFFIC_SECRET_0 76cbe7518eb564b490057876db43675ce327d8ce52bfdbdbb3e33c61801d71a8 58919fa39ebb97ae5b4eace39d3dc6c224e66215ddcbaad3dc53974458bf4201
EXPORTER_SECRET 76cbe7518eb564b490057876db43675ce327d8ce52bfdbdbb3e33c61801d71a8 92b58be1a2c5bab66e04dc91635ea2a52cb40ccc92f18144de6accbcffc71128
