CLIENT_HANDSHAKE_TRAFFIC_SECRET 2aad519f8420a7a91ad9889f506977d08ae2d59b23df8b5c6ca74c228c8d77ea c49d82c964ed79be5f9ea35cfa85e805e57257cb502c650e1a6c2100f706c05b
SERVER_HANDSHAKE_TRAFFIC_SECRET 2aad519f8420a7a91ad9889f506977d08ae2d59b23df8b5c6ca74c228c8d77ea 6b64dbd3eaeb928c4e267c7a631c745e553f19b5699a3711d3a16b86eba855ab
CLIENT_HANDSHAKE_TRAFFIC_SECRET d14db2c3941ed14deb4fe7d6ba01342d04110e9ebbb5389bf78e0ca34a431c48 d7994fe4753abc3c1e8958c6277411e88121ef5be5ea61f35a52eadaca95bd72fe60e201338080790551a309ddcc949c
SERVER_HANDSHAKE_TRAFFIC_SECRET d14db2c3941ed14deb4fe7d6ba01342d04110e9ebbb5389bf78e0ca34a431c48 f9129632e7d699b1dca9a3bc007437c9f20c68284c65a6e917befb75ed18e1600fc41fcced77031ba3a0b9222e7108ff
CLIENT_HANDSHAKE_TRAFFIC_SECRET 3195374d011767c50e9d9f0c636ab5beb6a5a0893ef2cbf1dbb4a1f43f144869 afd0d9466ff99fb30e86da056591f797a70e66dd22c7c4abe70a1655551dcb71
SERVER_HANDSHAKE_TRAFFIC_SECRET 3195374d011767c50e9d9f0c636ab5beb6a5a0893ef2cbf1dbb4a1f43f144869 890b44d36d98df7632264495f13239fa75af8fc08583d62984a4a3565ace03c8
CLIENT_HANDSHAKE_TRAFFIC_SECRET 2534d986625df04333c36dd094ef15b913f5051e0ac2a8e2ebd1ba46278cf21a ca6e32dade2d07c65d384cbb38f19d77f94850194279dccd3674914f9d42d3ac
SERVER_HANDSHAKE_TRAFFIC_SECRET 2534d986625df04333c36dd094ef15b913f5051e0ac2a8e2ebd1ba46278cf21a bb384fbd7081cbbb2cc2d5cb809f8b7555a00680cdb98aca5eb510986ade5fa0
CLIENT_TRAFFIC_SECRET_0 2aad519f8420a7a91ad9889f506977d08ae2d59b23df8b5c6ca74c228c8d77ea 64e432bd17e6e9a063d7684fd81d338b8d5759bc83af88644d1931b395fce9fc
SERVER_TRAFFIC_SECRET_0 2aad519f8420a7a91ad9889f506977d08ae2d59b23df8b5c6ca74c228c8d77ea 58eb97dd324fb97f3b975543e80da92179675b4ff12bac2ceca8243ec88ec5e3
EXPORTER_SECRET 2aad519f8420a7a91ad9889f506977d08ae2d59b23df8b5c6ca74c228c8d77ea 036e4a9c45d2f2c741d961c2143504c6df24c00877642a8ce7909dabe0e16ef0
CLIENT_HANDSHAKE_TRAFFIC_SECRET 381a671c8651c0a02fa55887693063427d4661d03f3585bbfdaff9899873f2e8 115ca895733910a15b0628d144f54142063d728c532c79f1dd6412b3f4abae0d
SERVER_HANDSHAKE_TRAFFIC_SECRET 381a671c8651c0a02fa55887693063427d4661d03f3585bbfdaff9899873f2e8 68db53c41b564a7dae6eed02a1aa607576ce3afd103eacc33f627d5d578803cb
CLIENT_TRAFFIC_SECRET_0 3195374d011767c50e9d9f0c636ab5beb6a5a0893ef2cbf1dbb4a1f43f144869 7190cd04b88ecc63e3097f1481aedb41dfa875834710c0cc36ca8b0f499e0e6a
SERVER_TRAFFIC_SECRET_0 3195374d011767c50e9d9f0c636ab5beb6a5a0893ef2cbf1dbb4a1f43f144869 57291c1dfebc780a0b12fdb58008c79539792981690ab473e38f0b23cd59f8e2
EXPORTER_SECRET 3195374d011767c50e9d9f0c636ab5beb6a5a0893ef2cbf1dbb4a1f43f144869 6c5a9e9039d93282fb5533c0bfcec6b9ce20472e6afc1936bfae2e96cd59625a
CLIENT_HANDSHAKE_TRAFFIC_SECRET a94ecf0e86232cc1d68835eff1155bc7bdc3aaa4b5005095550602499555bc6d 99079cea265faf4c63580a5bdffac2d292eab87a20660b7467249cc72ec209bd
SERVER_HANDSHAKE_TRAFFIC_SECRET a94ecf0e86232cc1d68835eff1155bc7bdc3aaa4b5005095550602499555bc6d 5c2ccfb91f423bc7cf51b192eea7992dbedd2c08810af3033f009bb901201c48
CLIENT_HANDSHAKE_TRAFFIC_SECRET 6ed9ddbc8cf73ef991cd85211f03816e709abb714b736ca8787483a445afdf88 eb4b6c1d62b7ed464844253ebaf7d27e48a5fc4e63b4e8a529cf9057308a5d06
SERVER_HANDSHAKE_TRAFFIC_SECRET 6ed9ddbc8cf73ef991cd85211f03816e709abb714b736ca8787483a445afdf88 1ae4733dd78e7f0e8d6ff01db48d3c920532fd58d31395449589a50f9d3e1d9b
CLIENT_TRAFFIC_SECRET_0 a94ecf0e86232cc1d68835eff1155bc7bdc3aaa4b5005095550602499555bc6d d9957f726400494b655e96511c8a3b8c391cf5338fd850c31673b8a2d9927d91
SERVER_TRAFFIC_SECRET_0 a94ecf0e86232cc1d68835eff1155bc7bdc3aaa4b5005095550602499555bc6d c328d74defd85ed15973c06fb9f51737ff5c09cc68c56a899748b38630ba45ce
EXPORTER_SECRET a94ecf0e86232cc1d68835eff1155bc7bdc3aaa4b5005095550602499555bc6d 1571fdf591a85d530bcb44de291417854839cd67612f1b1c258989acb5aaf8f7
CLIENT_TRAFFIC_SECRET_0 381a671c8651c0a02fa55887693063427d4661d03f3585bbfdaff9899873f2e8 62d640125568051b3ce9b8c5c17d59b701e5a38c2fc57c084a8331165c2b42ee
SERVER_TRAFFIC_SECRET_0 381a671c8651c0a02fa55887693063427d4661d03f3585bbfdaff9899873f2e8 16182377ed1888d5fa0d6807c4145e30e127aa92ca0fa5e8b16299daf64ee647
EXPORTER_SECRET 381a671c8651c0a02fa55887693063427d4661d03f3585bbfdaff9899873f2e8 319ff7060007f1248a545f13f585524e74b8212210c9b2194ceaec6ccddf0dee
CLIENT_TRAFFIC_SECRET_0 6ed9ddbc8cf73ef991cd85211f03816e709abb714b736ca8787483a445afdf88 7879f4f2eb41e8aa1362afcad48ca73e0d8a17595a95276d8594672636cfd3b6
SERVER_TRAFFIC_SECRET_0 6ed9ddbc8cf73ef991cd85211f03816e709abb714b736ca8787483a445afdf88 dee6b0d8213b4535f872157c579ffb8290d0cab0698d6b340a53f6ec2bf2fc3a
EXPORTER_SECRET 6ed9ddbc8cf73ef991cd85211f03816e709abb714b736ca8787483a445afdf88 2a0c47482e3255eccde4a236ac68341d0a9602cfadfbffdfbeffb4321a726768
CLIENT_HANDSHAKE_TRAFFIC_SECRET ce38d08dc7f7b80421fbc3eb7e5d2f24b164d2a45d2acbff4554fd87035d572d 26867d845e615acab41e5cd35ed6a4e5e90ae855080f7a192d8f07cf087e31e5a14e0c60efe9bfeed5ea53eeadcd536a
SERVER_HANDSHAKE_TRAFFIC_SECRET ce38d08dc7f7b80421fbc3eb7e5d2f24b164d2a45d2acbff4554fd87035d572d c0133a06537be566977d10de639897a9e70e064447bba0885cee9ced7535fa2fab60b30f2992794f4fb35bf9d803d423
CLIENT_TRAFFIC_SECRET_0 ce38d08dc7f7b80421fbc3eb7e5d2f24b164d2a45d2acbff4554fd87035d572d dc145f9dfd50c10157b4e4e4e9a0e117be36f5cf832461f391e4dda5234d896e6fd653e7e654324d7df27e54cd28c39e
SERVER_TRAFFIC_SECRET_0 ce38d08dc7f7b80421fbc3eb7e5d2f24b164d2a45d2acbff4554fd87035d572d d92d855c9715aaf1b4eabdeaacf9074b85bf8e449f4d751a1f0e1bef54bca1c2a5a1d4d5f42d5d40a7fcd7e559939c58
EXPORTER_SECRET ce38d08dc7f7b80421fbc3eb7e5d2f24b164d2a45d2acbff4554fd87035d572d 5b8d50dc4c58029653150ac2c246ccfa64205dd6d8fb64a60c4cd4376dbbb3eb2b5a6b10230c25c8ec6c668a44eb7785
CLIENT_HANDSHAKE_TRAFFIC_SECRET 22df31d0d42eb3ac17b697f2281d39c7d83f391bcace3edb1f1524d7344f684b 752bc418fc051c8951ac310046d62c812f37c28ac6831810ca51ee1c16b8fd26
SERVER_HANDSHAKE_TRAFFIC_SECRET 22df31d0d42eb3ac17b697f2281d39c7d83f391bcace3edb1f1524d7344f684b ce0dd6fef9c83eff1e78e0f3a5260eba130f83240546c2a8572448e70191a695
CLIENT_TRAFFIC_SECRET_0 22df31d0d42eb3ac17b697f2281d39c7d83f391bcace3edb1f1524d7344f684b 11a53d51ae80b437c6cf54a3df9620fafff1a1faeace6dac3503e475a45de39f
SERVER_TRAFFIC_SECRET_0 22df31d0d42eb3ac17b697f2281d39c7d83f391bcace3edb1f1524d7344f684b 3804b85ab2c510d3d72f8107a9c6784092fc504450150c2ab6590d1d32144bd5
EXPORTER_SECRET 22df31d0d42eb3ac17b697f2281d39c7d83f391bcace3edb1f1524d7344f684b 12605f95c696443b384d1974813cb6520e4ca0cda0e9b20ee52ba522cb3da1d9
CLIENT_HANDSHAKE_TRAFFIC_SECRET b2168f866d790549a6821d093cf9989e6ea611c5f690e3ab1c22263b83248e31 33f0af87e73883b71ceef2316d3c134ea4d9ed9c98c81040a04c60942ab9c030c657919854fd1774322ca7203a01db0d
SERVER_HANDSHAKE_TRAFFIC_SECRET b2168f866d790549a6821d093cf9989e6ea611c5f690e3ab1c22263b83248e31 ca192ce19cb076d0b96f50d166ec879cffcb8b63abd3f5c32a8973a7915eb6c9f50c956677dee2c2dfb6b1173f3ecad5
CLIENT_TRAFFIC_SECRET_0 b2168f866d790549a6821d093cf9989e6ea611c5f690e3ab1c22263b83248e31 fdf7aa99a6346de47de45e633513f0ae2e0851602382f13a409984d29ac283d0ca9b4e42327be033c71820aa90675f03
SERVER_TRAFFIC_SECRET_0 b2168f866d790549a6821d093cf9989e6ea611c5f690e3ab1c22263b83248e31 cb977a0b4fb082d1b47943ea06373e4ef0892f6666fc94bc19d811e3534fb299b78e67fed97ba5d2a8a4af55cc961a46
EXPORTER_SECRET b2168f866d790549a6821d093cf9989e6ea611c5f690e3ab1c22263b83248e31 b06049ec103ab537c418a109bb63c6f7e089e20d95cd3cc426603bcce090830984dc12690b5d2c00a6ee54fb6cba5e5b
CLIENT_HANDSHAKE_TRAFFIC_SECRET 56ed85b54547f17d77c7f2e302c6346eb81c254247b11bf813020292435526ad df193bd7fae88f9e5b440c71aebc4753181b6cb2bda81731f36f08cdd5812a7b
SERVER_HANDSHAKE_TRAFFIC_SECRET 56ed85b54547f17d77c7f2e302c6346eb81c254247b11bf813020292435526ad 7e4a5d893b3a6596bbf288286d6a5feb24c2f91f82f7f15a598ed50dd9c9b124
CLIENT_TRAFFIC_SECRET_0 56ed85b54547f17d77c7f2e302c6346eb81c254247b11bf813020292435526ad 5b400652978388ffda5fd78e2d68127b1cabfcd4e0ec4aa941fef33d5eb70482
SERVER_TRAFFIC_SECRET_0 56ed85b54547f17d77c7f2e302c6346eb81c254247b11bf813020292435526ad 3b2118870f8784c4ae4c1e1b500be53a342535e03e7f2783d629a5d2a420565f
EXPORTER_SECRET 56ed85b54547f17d77c7f2e302c6346eb81c254247b11bf813020292435526ad ebcc4281822760b712df91c77662687397bef9f8a79a15310064b44455d1c3d1
CLIENT_HANDSHAKE_TRAFFIC_SECRET 049b639fbf3d9e53ed5c4098354801da0b6d5aa24cf18c8bbe0146d61795823d 59d1944fa22d48bcffc797510d123969acc5a7ac769ca8fb2a80e2e3bf87f501
SERVER_HANDSHAKE_TRAFFIC_SECRET 049b639fbf3d9e53ed5c4098354801da0b6d5aa24cf18c8bbe0146d61795823d adbd7e999fc9e73284e8b2483b316edba2dc924b81912c7b6a1b344dce0fc605
CLIENT_TRAFFIC_SECRET_0 049b639fbf3d9e53ed5c4098354801da0b6d5aa24cf18c8bbe0146d61795823d 4ddb8ec37fd6dd70b6b34f41b5ccaaafda1467cef539d05c0ea8e4457d039cec
SERVER_TRAFFIC_SECRET_0 049b639fbf3d9e53ed5c4098354801da0b6d5aa24cf18c8bbe0146d61795823d 383ecfb363917d178594ec7fb9cf9b90fcbf2161a8f65947bd035f02bbf31628
EXPORTER_SECRET 049b639fbf3d9e53ed5c4098354801da0b6d5aa24cf18c8bbe0146d61795823d 5f33b649c77a42228dbab627ab2f8f6be724f08aa8d47ebcde7f9b46774224c0
CLIENT_EARLY_TRAFFIC_SECRET f9e31d09e3cea4ff102dddbd94e7cf77272855112adfe7fce4852bd5ef7579b0 f54eafdf6afb31a09c7a9ae7b1ed192080e76deb52a286ae914ae94e13b1b819
CLIENT_HANDSHAKE_TRAFFIC_SECRET f9e31d09e3cea4ff102dddbd94e7cf77272855112adfe7fce4852bd5ef7579b0 42fd6a37e6e4c1f2e5b42fbe91e0e1e4471bdd71c1ae1864d305a3e38e8f7ad5
SERVER_HANDSHAKE_TRAFFIC_SECRET f9e31d09e3cea4ff102dddbd94e7cf77272855112adfe7fce4852bd5ef7579b0 58f3ceee5427a66585031c16c3b1e91123ce27f57115503b806becfe38055ac9
CLIENT_TRAFFIC_SECRET_0 f9e31d09e3cea4ff102dddbd94e7cf77272855112adfe7fce4852bd5ef7579b0 3af5346a44bfe4090b7c48f047ab60e573fa38b46b4001adf611ebf1526ebc00
SERVER_TRAFFIC_SECRET_0 f9e31d09e3cea4ff102dddbd94e7cf77272855112adfe7fce4852bd5ef7579b0 1ed1bd2fcf901b297b859705be9308f93ef29e7c7d65675b75339f52efc2bb26
EXPORTER_SECRET f9e31d09e3cea4ff102dddbd94e7cf77272855112adfe7fce4852bd5ef7579b0 f181336c7e614a8a3da0a6c43142b246a363c3991a666dac88831dea9833db0b
CLIENT_HANDSHAKE_TRAFFIC_SECRET df1f6efceaaf22e98a7582994f7ead2a3b71544105f8131992363ebc922b9b60 7ce1f36d08b1b5db690e10241b46c99d0f216078705a54ed840dad72d5d6d432
SERVER_HANDSHAKE_TRAFFIC_SECRET df1f6efceaaf22e98a7582994f7ead2a3b71544105f8131992363ebc922b9b60 99eb56ab05b8e9850ab56abdae0880959ccb3fded98052a2f978fe3c36b24b03
CLIENT_TRAFFIC_SECRET_0 df1f6efceaaf22e98a7582994f7ead2a3b71544105f8131992363ebc922b9b60 34e3e33d2d79e2ce26f2f7789eab36cb174f6f4d21670e8cf3928a3e3c3f6ceb
SERVER_TRAFFIC_SECRET_0 df1f6efceaaf22e98a7582994f7ead2a3b71544105f8131992363ebc922b9b60 5d9b957e9a33a2418a6f484981e4a736f31452ca03e6a92e14c68023a835fd37
EXPORTER_SECRET df1f6efceaaf22e98a7582994f7ead2a3b71544105f8131992363ebc922b9b60 f6ecccd24f903a561402dd640aa4da45e2a29f18a2f115aacf0e258c70a472b1
CLIENT_HANDSHAKE_TRAFFIC_SECRET 2d7f47bd98684e0b572097f549329082c2e094847f8ad44a731dae7ddb22bf73 7e6023c8630ecd7863f0faa8e7e7144b544ec8bb3a3dd4b7f697956023b143b3
SERVER_HANDSHAKE_TRAFFIC_SECRET 2d7f47bd98684e0b572097f549329082c2e094847f8ad44a731dae7ddb22bf73 361b408ce2213981e86bd126d734f7fbe46772b430351036c807d9b65a7d1f2e
CLIENT_TRAFFIC_SECRET_0 2d7f47bd98684e0b572097f549329082c2e094847f8ad44a731dae7ddb22bf73 43188edb93ea4c46eb221141749b9fd4225c05516dc8897dc8360773b7f97275
SERVER_TRAFFIC_SECRET_0 2d7f47bd98684e0b572097f549329082c2e094847f8ad44a731dae7ddb22bf73 ce843fe54e50e263ce0edb9e94ca71065b35a774393efb8fe1a65945e62b9c56
EXPORTER_SECRET 2d7f47bd98684e0b572097f549329082c2e094847f8ad44a731dae7ddb22bf73 7b15a39cd4a1befff4ca41775eede34a86dfd749b5f4916f0ee657efc1ecad2c
CLIENT_HANDSHAKE_TRAFFIC_SECRET ff55fff727a6d0e7c7bbd9742eda98012865920df74a097a7e45704e1ea7e1b6 e1fee7eb19a5ba3d666bac30a12adc14b4026962cfd48e50af1ab84b7fed876d
SERVER_HANDSHAKE_TRAFFIC_SECRET ff55fff727a6d0e7c7bbd9742eda98012865920df74a097a7e45704e1ea7e1b6 db821186189af2a6f026bd75ffb5b6ae7e1d9422f51c299d47db48ef57d3e92e
CLIENT_HANDSHAKE_TRAFFIC_SECRET 67ec55c431bfe8a8397d613b49dff1a05f75910cac17a1baabc60658ef0c076f e359c1975e721a1365319cc531e4ef40d8e1dc9f31d676ff83383af34647eab9
SERVER_HANDSHAKE_TRAFFIC_SECRET 67ec55c431bfe8a8397d613b49dff1a05f75910cac17a1baabc60658ef0c076f c9a63f1fcb3aa2a1ea460165c04329acc3da552c44674e9e1346b02137b2705d
CLIENT_TRAFFIC_SECRET_0 ff55fff727a6d0e7c7bbd9742eda98012865920df74a097a7e45704e1ea7e1b6 6e1f6d9046a3e85e04c178c5c20a23c9fbb4ae7d0773e7c95fa6db4de14f13df
SERVER_TRAFFIC_SECRET_0 ff55fff727a6d0e7c7bbd9742eda98012865920df74a097a7e45704e1ea7e1b6 e7ceb9ea4d130ccbfc53e6fe2521bf9ff05a3a59bb77570e069640f49b4319b1
EXPORTER_SECRET ff55fff727a6d0e7c7bbd9742eda98012865920df74a097a7e45704e1ea7e1b6 12ac32468f5a35c84e22ebc3adcf4ffd2e5ae3877c8178d252b157af63a3725c
CLIENT_TRAFFIC_SECRET_0 67ec55c431bfe8a8397d613b49dff1a05f75910cac17a1baabc60658ef0c076f 62e7be529400529f371846f293e5c41e69768932d9ec8c76897a78d84389188e
SERVER_TRAFFIC_SECRET_0 67ec55c431bfe8a8397d613b49dff1a05f75910cac17a1baabc60658ef0c076f 9eab0a8643c9ed9bcc70f2706f6686d552a3ea84e78ed8bac583f014b5f1cb57
EXPORTER_SECRET 67ec55c431bfe8a8397d613b49dff1a05f75910cac17a1baabc60658ef0c076f 668781245e65d5d6bcecfe73e85652b7492bd4397046708c1d67b7578d838375
CLIENT_HANDSHAKE_TRAFFIC_SECRET a6c3980e8f3ca4cc75e13699193da73eb9e5f3f5fdd9554e50cf4e710df021c0 6ee5fbaa16463581f9f331333c4f4dcc3186de000d12103e36b970218e83d002
SERVER_HANDSHAKE_TRAFFIC_SECRET a6c3980e8f3ca4cc75e13699193da73eb9e5f3f5fdd9554e50cf4e710df021c0 c8797ee06d72ed5acd899ce4f8a953c3e07d8341f5197265ad6385115a48bfab
CLIENT_TRAFFIC_SECRET_0 a6c3980e8f3ca4cc75e13699193da73eb9e5f3f5fdd9554e50cf4e710df021c0 6e9537df853aa914d1386ca81d6900cd257bc225d6fee30d9007c7fb6368e98d
SERVER_TRAFFIC_SECRET_0 a6c3980e8f3ca4cc75e13699193da73eb9e5f3f5fdd9554e50cf4e710df021c0 46bd0c9bfc66f22367d5f37f387ff865b822ec8ddabee5472c14c64d6e0d939c
EXPORTER_SECRET a6c3980e8f3ca4cc75e13699193da73eb9e5f3f5fdd9554e50cf4e710df021c0 7096cbb43f8ec90edd43e9e70fcc0bf561439fbe48d8ebdc1cd45235f8d628e1
CLIENT_HANDSHAKE_TRAFFIC_SECRET 0973a14393fc7fe60e3bccc7cb34fc95669478b8afaa7ccdb79b17386b5828bf 1b71a121b03c6883f9143612da591cff2ae36666904fa2e09a50e577b698dcbeaf659d5066154e159db60292a7f089ab
SERVER_HANDSHAKE_TRAFFIC_SECRET 0973a14393fc7fe60e3bccc7cb34fc95669478b8afaa7ccdb79b17386b5828bf fa1f7c3fc4df13f646b90ede71c29a26fb3d07d616cba496d14f9928e95f466f163bc4d1c4f24312c365ea256db6169d
CLIENT_TRAFFIC_SECRET_0 0973a14393fc7fe60e3bccc7cb34fc95669478b8afaa7ccdb79b17386b5828bf c72f675cec8eb78abad5b2386e17784504f962c63992855388e578f162f1e68a7d4fc65b1749c0d4fa80cfb86a11ad28
SERVER_TRAFFIC_SECRET_0 0973a14393fc7fe60e3bccc7cb34fc95669478b8afaa7ccdb79b17386b5828bf 0a572a619d0f92461a6b8b4d428e28fd45fd6aee0657cdf1bab55972827580eb2f1306cacb5162f50ef1378b7f0ca13d
EXPORTER_SECRET 0973a14393fc7fe60e3bccc7cb34fc95669478b8afaa7ccdb79b17386b5828bf a9898b329ae79e754664ce4de09a0d5e112cdf0f286b65e7446be69d5fad24f424c118a68203376a8711a1b3f0d36a14
CLIENT_HANDSHAKE_TRAFFIC_SECRET f2ce99cc7f410e7239d60b49041ebefb99601be8f15b0cb6b3d072bb62bbe42d cf2311bbae9951976aa884d022934de061ecd32b04a28abe6ba6d7be17e67248
SERVER_HANDSHAKE_TRAFFIC_SECRET f2ce99cc7f410e7239d60b49041ebefb99601be8f15b0cb6b3d072bb62bbe42d 718f115da126d50c563df01d59eb1b2900cbefb38c19bf730342bc90813a913d
CLIENT_TRAFFIC_SECRET_0 f2ce99cc7f410e7239d60b49041ebefb99601be8f15b0cb6b3d072bb62bbe42d 56a683bb022f951a01cac882eb1f5570ec3ef3059c68a77882131a5559c5bc68
SERVER_TRAFFIC_SECRET_0 f2ce99cc7f410e7239d60b49041ebefb99601be8f15b0cb6b3d072bb62bbe42d c14f5023812f0d95f032fa645ac4f9a8571b701a0a7e65a6dc5ce40bcf1d5598
EXPORTER_SECRET f2ce99cc7f410e7239d60b49041ebefb99601be8f15b0cb6b3d072bb62bbe42d 5d0cebd6e87b1e44e02ace4592d1e3d2712cef734e034441b23af76238689be4
CLIENT_HANDSHAKE_TRAFFIC_SECRET f43421a352228626c36178813bcae03d71ac746c8a59805f3312611a8464e645 98564947967bc5027067b56cf47e74dff3368da454a2e402aa4df9c46a16cd23
SERVER_HANDSHAKE_TRAFFIC_SECRET f43421a352228626c36178813bcae03d71ac746c8a59805f3312611a8464e645 c7e601a2e4203b73425637cd96e7598db8e717567e2dcdee1d75bf3e0f284117
CLIENT_TRAFFIC_SECRET_0 f43421a352228626c36178813bcae03d71ac746c8a59805f3312611a8464e645 d2e99a31991021a8ab8771609db75610e3ba2d38f654cf925598b8e70d49a154
SERVER_TRAFFIC_SECRET_0 f43421a352228626c36178813bcae03d71ac746c8a59805f3312611a8464e645 c58bbd547cadfd939226d0c917d3423e2c58eef773c9c64491ae2e7e5b6dae85
EXPORTER_SECRET f43421a352228626c36178813bcae03d71ac746c8a59805f3312611a8464e645 690516da04eae5fc8781b4e638344d833f050c23897ea98d0fb33d8bbd7cd716
CLIENT_HANDSHAKE_TRAFFIC_SECRET 4471cb2524e1d9d25a811c06f2eb21f225e51357171261f5ea0ccb3a85b0212d 9f8ffd0f0d7d4c1ea1509dca7a168bf89ddc58531e8c22b6895ddf95a596bff3
SERVER_HANDSHAKE_TRAFFIC_SECRET 4471cb2524e1d9d25a811c06f2eb21f225e51357171261f5ea0ccb3a85b0212d e7d8b9ba0ee82dfb135bab86e748e964eb0100bc8c8ca656cf240814985efbf1
CLIENT_TRAFFIC_SECRET_0 4471cb2524e1d9d25a811c06f2eb21f225e51357171261f5ea0ccb3a85b0212d 568e27c27ba9d3ba07be6fdeb34e272b129bd9c54aa7a2e0d1f2a411472bb1b8
SERVER_TRAFFIC_SECRET_0 4471cb2524e1d9d25a811c06f2eb21f225e51357171261f5ea0ccb3a85b0212d a32dcdf90de284ae9e651549e4244c1affee6e2138ed3726bf8cfb0593ca4a49
EXPORTER_SECRET 4471cb2524e1d9d25a811c06f2eb21f225e51357171261f5ea0ccb3a85b0212d 8585d2d9cf2c23ec3a78e26efa30bea973bd7de9b92956eca84bc2bc7778d497
CLIENT_HANDSHAKE_TRAFFIC_SECRET 26777e441ef00d901f3455126e0785b27267647ddda9470401d9115592ea37a5 c1905cd5a8a52f8a4f0444c1d6bb4ebe547fe47d57886bb53b2c9c37d7d62dd2c4d8849d542f54f03ee2db3481f3dbee
SERVER_HANDSHAKE_TRAFFIC_SECRET 26777e441ef00d901f3455126e0785b27267647ddda9470401d9115592ea37a5 96a46b7b8a0bda6a3c8187caea9c51f87c7bd3d20d763958462a3c9aede21ecc756e6c56fbc22b9db3ec1023a63f6564
CLIENT_TRAFFIC_SECRET_0 26777e441ef00d901f3455126e0785b27267647ddda9470401d9115592ea37a5 09244938df2e1c1d26dc54272ece46ce132d293abda930511259a3939ef4fb563e0b61692bb69392b9e28f6af5c9fb01
SERVER_TRAFFIC_SECRET_0 26777e441ef00d901f3455126e0785b27267647ddda9470401d9115592ea37a5 f89f2c76a7ea8df1156fa7816182f01b31bad410541712708e20307a01c910b686fef5ccc3afb599cb05eea7ea837025
EXPORTER_SECRET 26777e441ef00d901f3455126e0785b27267647ddda9470401d9115592ea37a5 5d62c51c0b292268254bcc929fa3699d1970b31c067a1d731670e3cadbddfaa314f66850e063f34efc68a80b84c629b7
CLIENT_HANDSHAKE_TRAFFIC_SECRET 6ea821155dc72db09a402f0580766d8338d0d29e469391541ce9f4b90b03785b e81495b3e216b90251b9e3fbc51f1184f95d45cab12943e078d1218675932063
SERVER_HANDSHAKE_TRAFFIC_SECRET 6ea821155dc72db09a402f0580766d8338d0d29e469391541ce9f4b90b03785b c1420119011f1563e133436d57fc1f699bdf1ef81770ceb5f6d6bdf196fd24dc
CLIENT_TRAFFIC_SECRET_0 6ea821155dc72db09a402f0580766d8338d0d29e469391541ce9f4b90b03785b a8afb47b66d1a53aefb1696bac9f12951a77482537726eadfec27cbdf35807ec
SERVER_TRAFFIC_SECRET_0 6ea821155dc72db09a402f0580766d8338d0d29e469391541ce9f4b90b03785b 786cdb0030512d9a2837e1f888634dba0440bd80f545bceb335d724d7072bd55
EXPORTER_SECRET 6ea821155dc72db09a402f0580766d8338d0d29e469391541ce9f4b90b03785b e43d78565bd45ca160c2d3ac2ea5f07d36ad382738c4ebd6767f50f6c7a86142
CLIENT_HANDSHAKE_TRAFFIC_SECRET bf86672c12aba189ede62ac14de6794a753fabe69701737f2c5973af898d1e74 d27f29c09b9fbd8141d2a664102f6cd68d6edae3792b363a131c9b238d274f5e
SERVER_HANDSHAKE_TRAFFIC_SECRET bf86672c12aba189ede62ac14de6794a753fabe69701737f2c5973af898d1e74 ae815d9befb2d35665aaaaab5489eb29e06b80586654f1beea6618f7840a9550
CLIENT_TRAFFIC_SECRET_0 bf86672c12aba189ede62ac14de6794a753fabe69701737f2c5973af898d1e74 c596e56599449109368501caef8e34b193712f242a2cf28f3c050ca9d50fb3aa
SERVER_TRAFFIC_SECRET_0 bf86672c12aba189ede62ac14de6794a753fabe69701737f2c5973af898d1e74 1486354aaac7bdb64282d71a4784849ea4ddbb6bb9698df98fe614d704cfa40b
EXPORTER_SECRET bf86672c12aba189ede62ac14de6794a753fabe69701737f2c5973af898d1e74 3f2164e6d588d91a46eb11dc9923fb448329ce2294c338cd4e3198be9349966d
CLIENT_HANDSHAKE_TRAFFIC_SECRET 9a17e40b847ef0affd7531f8c31e7757fc3d7e52caa0ab9cafd695efcd378d9a b187a9e650b49bd29e35cc0ac58054ae3b94d621be4c5837cf74399757fdc86a
SERVER_HANDSHAKE_TRAFFIC_SECRET 9a17e40b847ef0affd7531f8c31e7757fc3d7e52caa0ab9cafd695efcd378d9a c4916768a8007284323ff169c7ec0efe5ecd9a5b29b4265b004da411775b959c
CLIENT_TRAFFIC_SECRET_0 9a17e40b847ef0affd7531f8c31e7757fc3d7e52caa0ab9cafd695efcd378d9a 9a54a10ca2dcba4ce7a34ccb39038081fa0d97b955e0d605c3789a906f85c33e
SERVER_TRAFFIC_SECRET_0 9a17e40b847ef0affd7531f8c31e7757fc3d7e52caa0ab9cafd695efcd378d9a 36fc4712d7e24f5037cdccea354f06157a71a572aa184a64f493fe88976e239c
EXPORTER_SECRET 9a17e40b847ef0affd7531f8c31e7757fc3d7e52caa0ab9cafd695efcd378d9a 0084a7ccd3588f477b15877397e9eeffb6d96cb9f72df472f9bc50af89690a37
CLIENT_HANDSHAKE_TRAFFIC_SECRET d12cc9330e09ecf9445c13f9ad594d26352e8c346b752955b2adac1b5594602b 52c3abadf725c11f9155578796c10a3cbfcde18cbadbf86709e85e35328d23d0
SERVER_HANDSHAKE_TRAFFIC_SECRET d12cc9330e09ecf9445c13f9ad594d26352e8c346b752955b2adac1b5594602b f29d9df344093b51041811ad914ebb5679a1505a8e427d88c2a7d4676fb8084c
CLIENT_HANDSHAKE_TRAFFIC_SECRET ef2943cbf4d77a1b59a7851a7479f38720c4efbc42398cc46fe4634ba28bb236 2043fc949d85930f7a925e25dca6652b5e29e665ec6a2dcb3ce8fdeeb99c9f7e
SERVER_HANDSHAKE_TRAFFIC_SECRET ef2943cbf4d77a1b59a7851a7479f38720c4efbc42398cc46fe4634ba28bb236 63cef0ad9f201635263e3b7e58bca7b0a19f3da0e5db642205a823dd8aae4db8
CLIENT_TRAFFIC_SECRET_0 ef2943cbf4d77a1b59a7851a7479f38720c4efbc42398cc46fe4634ba28bb236 59d1b78b8ba2efaca64c620c81942396e368f82b05634a3bb605953f403ff6fb
SERVER_TRAFFIC_SECRET_0 ef2943cbf4d77a1b59a7851a7479f38720c4efbc42398cc46fe4634ba28bb236 a29e8852ef4fb70352d19cddee822f72a997b307bf3b59dd47e64a20aa991ad6
EXPORTER_SECRET ef2943cbf4d77a1b59a7851a7479f38720c4efbc42398cc46fe4634ba28bb236 7e8894dbada7f0b616de48c8302645d8b46b55d8298b4d609693536fe2d231c1
CLIENT_HANDSHAKE_TRAFFIC_SECRET 4682862eccd3df5ec8b0877168ef7476a15d148365122476f9b47268aad54e5e 3bbf9726c3f34504f4c1afd3b85bedfc9486f489863e505defcab8088fc41fb8
SERVER_HANDSHAKE_TRAFFIC_SECRET 4682862eccd3df5ec8b0877168ef7476a15d148365122476f9b47268aad54e5e a3f9a352adeec3cdf99f0eeab9e30b4dc548c27c8c1d1b8910ce4356d500834e
CLIENT_TRAFFIC_SECRET_0 4682862eccd3df5ec8b0877168ef7476a15d148365122476f9b47268aad54e5e 61a546f3242a8ef193b1d0c6af283b780c7787fdf04399a9736cbe34ac6dab62
SERVER_TRAFFIC_SECRET_0 4682862eccd3df5ec8b0877168ef7476a15d148365122476f9b47268aad54e5e 078e1c8893fef460a282403953f5bb877111d305f4a58bc16b4609e3c4554c90
EXPORTER_SECRET 4682862eccd3df5ec8b0877168ef7476a15d148365122476f9b47268aad54e5e 7f3515163ba33e9b07ac27876e3c95a844d2299030caa3db626822d54d29016c
CLIENT_HANDSHAKE_TRAFFIC_SECRET cf5945942be42a2979b002772d2b824fc96da8b1d9ca01e829fc4653fbc6cfdf d024c6bbab69310490d3a3747eea1142f5d979a9b7e588882bc39edc0002fa15
SERVER_HANDSHAKE_TRAFFIC_SECRET cf5945942be42a2979b002772d2b824fc96da8b1d9ca01e829fc4653fbc6cfdf ec568840ce0101452d4683ca394606dfc182910b150cbdb031f3bdcd9c6610a6
CLIENT_TRAFFIC_SECRET_0 cf5945942be42a2979b002772d2b824fc96da8b1d9ca01e829fc4653fbc6cfdf 5be4a6cfcf06543b6e77a200b8b931b49bdb3efe23d66b3ff8a28219a523401f
SERVER_TRAFFIC_SECRET_0 cf5945942be42a2979b002772d2b824fc96da8b1d9ca01e829fc4653fbc6cfdf 4bdbaafa4721037bea1bcad48cb0a0c88dc73f022c0c1376470681482f69c0f7
EXPORTER_SECRET cf5945942be42a2979b002772d2b824fc96da8b1d9ca01e829fc4653fbc6cfdf beeac6236106c1b138b0a308f64af236c86402ee6ed48e7930c33b936467df33
CLIENT_HANDSHAKE_TRAFFIC_SECRET edb18a745ae93357822804a439f4214aaf892875628e2fdad83b7b7706fed311 febf943ac920efd8c25bb0240e3261e9654ef1cc065d28aeff8410569a710313
SERVER_HANDSHAKE_TRAFFIC_SECRET edb18a745ae93357822804a439f4214aaf892875628e2fdad83b7b7706fed311 0ac53797e4aa9706c50f73f0fe10ed3a333f1317a910c73ef8665db931c2d564
CLIENT_TRAFFIC_SECRET_0 edb18a745ae93357822804a439f4214aaf892875628e2fdad83b7b7706fed311 03dd85dd3a048b161f069766158b8dba2fbc074869f4aa7422edf6b559e57010
SERVER_TRAFFIC_SECRET_0 edb18a745ae93357822804a439f4214aaf892875628e2fdad83b7b7706fed311 124ab8a63723669063e202708a45556189f226250b0dc079672ea335c1e53e91
EXPORTER_SECRET edb18a745ae93357822804a439f4214aaf892875628e2fdad83b7b7706fed311 869f6f03072bed2a7f58d58d6ccaaa6efcdbf351345c8b1fd432a6a1370e0e79
CLIENT_HANDSHAKE_TRAFFIC_SECRET f34c58da8d5e1579438a4240c207aab049079cd51420e6658d5b3342db23fffd ca098155a86ee41c13a7a492fe5d48cdca5dc5a02a6d7969f56cb97e13ef0715
SERVER_HANDSHAKE_TRAFFIC_SECRET f34c58da8d5e1579438a4240c207aab049079cd51420e6658d5b3342db23fffd a4cf74a5e0f76ea2b1cbea3182f1a42d82b28c309fae6eb2b09ddf624f9fe823
CLIENT_TRAFFIC_SECRET_0 f34c58da8d5e1579438a4240c207aab049079cd51420e6658d5b3342db23fffd 49741e4f6f2040cecbfbd752261861db8a9c7b62156669cf58927025a0231bbf
SERVER_TRAFFIC_SECRET_0 f34c58da8d5e1579438a4240c207aab049079cd51420e6658d5b3342db23fffd b47b626117219d3bd605e154e621c2316180201010d975b7d1b399981837be47
EXPORTER_SECRET f34c58da8d5e1579438a4240c207aab049079cd51420e6658d5b3342db23fffd 0b8505715bb2a44f0f046cbbbb1d43fbc5b1b8ddcc2efb7205bb5e18996d2926
CLIENT_HANDSHAKE_TRAFFIC_SECRET 416743578369deb8a51c2a38c3794b8fb40317ac07773c8628dbb1398a627915 52101ac27e7535dac3e05238a005e61a0dc5cd92bb1f509f42dd15366bd07a2d
SERVER_HANDSHAKE_TRAFFIC_SECRET 416743578369deb8a51c2a38c3794b8fb40317ac07773c8628dbb1398a627915 6f6583307640ddbe08b74308a61af8849263de410ff4835ce355e28c9967675b
CLIENT_TRAFFIC_SECRET_0 416743578369deb8a51c2a38c3794b8fb40317ac07773c8628dbb1398a627915 5bd133ab43debfbe06b6a4ae982a48505379b40b60729727ce4f1d396f30124d
SERVER_TRAFFIC_SECRET_0 416743578369deb8a51c2a38c3794b8fb40317ac07773c8628dbb1398a627915 3f0bd49fc2a4d0d169f131a4ce4ddf6d77668c8e6ae0be6c4f2508cfb245e9e5
EXPORTER_SECRET 416743578369deb8a51c2a38c3794b8fb40317ac07773c8628dbb1398a627915 d8699f1ce3abcdfb1a492a1bcd378aad00563348afddab35b0f88220f0f289e1
CLIENT_HANDSHAKE_TRAFFIC_SECRET 5606c9acb8a9474b6e4f5110915730bb7eb0b693cea2c12cf9d1f851c2258e83 cda2cc45d1a54321a2e0ea5034e4b3a7667daf311fa8de330016d19704535871
SERVER_HANDSHAKE_TRAFFIC_SECRET 5606c9acb8a9474b6e4f5110915730bb7eb0b693cea2c12cf9d1f851c2258e83 4f49c752108e9d8d9ef3e68bdbaab03f1d6869f84581080894e81731105f0dcc
CLIENT_TRAFFIC_SECRET_0 5606c9acb8a9474b6e4f5110915730bb7eb0b693cea2c12cf9d1f851c2258e83 7594265003a20f833776682707b792f324ed5ed8d006aee96d1082a00d2014ab
SERVER_TRAFFIC_SECRET_0 5606c9acb8a9474b6e4f5110915730bb7eb0b693cea2c12cf9d1f851c2258e83 5b2f2c312ed22e1f0293494c4c0c45f1a3a55b581c68125b7fa3f7d5eb878a78
EXPORTER_SECRET 5606c9acb8a9474b6e4f5110915730bb7eb0b693cea2c12cf9d1f851c2258e83 45858a82b7c4d2729273b18595db08422a4a314accc6c5ec27a7752dd6ebb3f9
CLIENT_HANDSHAKE_TRAFFIC_SECRET 46db7887dc693a47e78b296091647c6ba6851bc97860716626810df275970391 4671be82bf587c5289400ad640f7e82d79221f4749c0d0aed62e975327091ea8
SERVER_HANDSHAKE_TRAFFIC_SECRET 46db7887dc693a47e78b296091647c6ba6851bc97860716626810df275970391 fc58616c210344f482dd91978afc3ea936590d30db921d3b76d8db1ab347c1cd
CLIENT_HANDSHAKE_TRAFFIC_SECRET d22e30db96520244ea883c861ee2e5a1c8facea99046abb9ee65a33253e23d16 a9927415ff8b121f4e6c14aac796eb9ff9adc53841effbbf78645bcf02b25ccf
SERVER_HANDSHAKE_TRAFFIC_SECRET d22e30db96520244ea883c861ee2e5a1c8facea99046abb9ee65a33253e23d16 c6de98b1cafc94b8438e988b0c4ff88c88b3025332e9985d94d471eb84517829
CLIENT_TRAFFIC_SECRET_0 46db7887dc693a47e78b296091647c6ba6851bc97860716626810df275970391 31b53e48d0bd24e5d85dccfa1528611d5d1e77f9a01179ace218691340fb97ee
SERVER_TRAFFIC_SECRET_0 46db7887dc693a47e78b296091647c6ba6851bc97860716626810df275970391 4e063e4b09fd9ea5d4471eb285314e47befdc06d0c4f09d887aeb044a081b721
EXPORTER_SECRET 46db7887dc693a47e78b296091647c6ba6851bc97860716626810df275970391 a9cd76a72dbd6a4ea3c8a377f58773e809e2126889a597d34ebb691ca2ceb28f
CLIENT_HANDSHAKE_TRAFFIC_SECRET 8ee5223ccd2ebb3b5d162ed941ce20408778d9aebe84dcb68894d7d24fe2316c 59f565e990fe37ed5e397b701553090b618731be8875e5a857fbcc367a0d1521a5f9dd357590d0ea924c89c58717e22b
SERVER_HANDSHAKE_TRAFFIC_SECRET 8ee5223ccd2ebb3b5d162ed941ce20408778d9aebe84dcb68894d7d24fe2316c 6aa340f8e8ee6880b6cafb9ec878c3ad598d1f6d661e32202d4f22b8b7013ae6da2db546db912aaa796a20e2a1554ce5
CLIENT_HANDSHAKE_TRAFFIC_SECRET cc7df612e2a650572b4a2e989402c745d9bd493f3ec930624338e934546d7281 005fcc745609117744b8c8bc93312752b694c244d9802205e540435be6009f9e258f8f57b879635c9db98a4008ae56bb
SERVER_HANDSHAKE_TRAFFIC_SECRET cc7df612e2a650572b4a2e989402c745d9bd493f3ec930624338e934546d7281 a744c7ab82e631ce596609a089fc51661be7b0a113761d1a5ba3cca606102c82ab1478da3ea269923573cdbbdd290f81
CLIENT_TRAFFIC_SECRET_0 8ee5223ccd2ebb3b5d162ed941ce20408778d9aebe84dcb68894d7d24fe2316c 6a6cf2143466683bb4acb181884b631419e92dfac774bf60ac5b2b6dde06ef60053d53959ed2e42dfaf27256a56a3064
SERVER_TRAFFIC_SECRET_0 8ee5223ccd2ebb3b5d162ed941ce20408778d9aebe84dcb68894d7d24fe2316c d0147c354c4f6f285df3317a2d80b47ccf4592833fbc195f55e3e3afa72afa9f6ddcb669b14fd25eabd8f69906b26ce7
EXPORTER_SECRET 8ee5223ccd2ebb3b5d162ed941ce20408778d9aebe84dcb68894d7d24fe2316c 31769bfe73937020d90c9b8df5a0a2e950ed0330798bf947c7e0c3a5578f77286a0a4affb58d152673a1b8c791f7dcf5
CLIENT_HANDSHAKE_TRAFFIC_SECRET a9c795a3a906aefa21147fb905129c30dd11e2b1be8a69bd54b2162d4969b200 31a9796c92120c0f3a65da4c737ef8c7b982ee0f50153efb0f0f8cc372543fd1
SERVER_HANDSHAKE_TRAFFIC_SECRET a9c795a3a906aefa21147fb905129c30dd11e2b1be8a69bd54b2162d4969b200 7bae548caa908388ae6e3e79367f899a7741b119ba8ad345d7d73bbe49ae1deb
CLIENT_TRAFFIC_SECRET_0 a9c795a3a906aefa21147fb905129c30dd11e2b1be8a69bd54b2162d4969b200 88726f0833cd8fd8ef6f2b3788ac58619d0500e927d3d21812ba5524bf991d7b
SERVER_TRAFFIC_SECRET_0 a9c795a3a906aefa21147fb905129c30dd11e2b1be8a69bd54b2162d4969b200 5a510e5764df8b97e1f90b593f4cc1de06a0940d7885faa9e549fe42da119963
EXPORTER_SECRET a9c795a3a906aefa21147fb905129c30dd11e2b1be8a69bd54b2162d4969b200 0c3b69f5b7298b6b6e1979685b10a90bdf7182c02f50b685b930dd58ad618016
CLIENT_HANDSHAKE_TRAFFIC_SECRET 5416d9bbb9493c2e5d298c0e3033c6a2215559f7b0295f395c834177141c116c f6ef88cf714db4847f7b947b1e9ade9ba5fb57b2effc2c9b79d23c6b06efd21a
SERVER_HANDSHAKE_TRAFFIC_SECRET 5416d9bbb9493c2e5d298c0e3033c6a2215559f7b0295f395c834177141c116c ff9ece2d1a32d17ae00e01b00cf633f7a4768cfca06f30ef148a409be72ac3b7
CLIENT_HANDSHAKE_TRAFFIC_SECRET 44119f1a66168882bd7791fe88868ccdc9efee2a15540d8a8b6615d80fb6e14e ae9e3da5d8d557b6dc5895a8d8729bdefe14db29189095e7688879d3f431fb9d
SERVER_HANDSHAKE_TRAFFIC_SECRET 44119f1a66168882bd7791fe88868ccdc9efee2a15540d8a8b6615d80fb6e14e 28955cf25656db0a6c5dd65518cc2004a1cd39ba9c53b1cfd8c9673189df8806
CLIENT_TRAFFIC_SECRET_0 5416d9bbb9493c2e5d298c0e3033c6a2215559f7b0295f395c834177141c116c 0b64ca1ac1d2582705e27b809bf33a4c7a314a13bc9fc75ea26141ccd30e69f6
SERVER_TRAFFIC_SECRET_0 5416d9bbb9493c2e5d298c0e3033c6a2215559f7b0295f395c834177141c116c 1f85cf842c6d13ba383bf7bdbfe58491738e0685ac74464db3d8611056d97a37
EXPORTER_SECRET 5416d9bbb9493c2e5d298c0e3033c6a2215559f7b0295f395c834177141c116c 208387080ba812bf2c7daf6af82004b1c6f254f0b4ec71b6d182c6eb7fe59fb2
CLIENT_HANDSHAKE_TRAFFIC_SECRET 40b9bf6a3c84b9a6bad091dade36ea53896b6ab6155edae9e91e037e5ddcaf30 7281105cab0d80a60be525f49eeba7f49361f5ccc9ba63082faec773ddc26ad3
SERVER_HANDSHAKE_TRAFFIC_SECRET 40b9bf6a3c84b9a6bad091dade36ea53896b6ab6155edae9e91e037e5ddcaf30 8b29e5a7eb8d2535727e967175dfe585ef832a726f2da8979db1c23e940d6be5
CLIENT_TRAFFIC_SECRET_0 44119f1a66168882bd7791fe88868ccdc9efee2a15540d8a8b6615d80fb6e14e b90e8a1a7958d0867fdff6497d2a10b0e7c49a6128c54258c30c4a6c357c9fa1
SERVER_TRAFFIC_SECRET_0 44119f1a66168882bd7791fe88868ccdc9efee2a15540d8a8b6615d80fb6e14e 6da1d7304243932fc6670ac3ce42e35c8a18b58bc712256a45eb18d609924349
EXPORTER_SECRET 44119f1a66168882bd7791fe88868ccdc9efee2a15540d8a8b6615d80fb6e14e bc8fa44efc971252667e37b982d19f63a1522ba329900bb0f2beb946cc107695
CLIENT_TRAFFIC_SECRET_0 40b9bf6a3c84b9a6bad091dade36ea53896b6ab6155edae9e91e037e5ddcaf30 0db27304ee556ebdbaa1b3a4c064e19806e74d295f84d157a2fa368cf4138a8e
SERVER_TRAFFIC_SECRET_0 40b9bf6a3c84b9a6bad091dade36ea53896b6ab6155edae9e91e037e5ddcaf30 81c54116e628a44f5c3bddee063c46b76db294b7d62862ccfd1308f492eb7c6a
EXPORTER_SECRET 40b9bf6a3c84b9a6bad091dade36ea53896b6ab6155edae9e91e037e5ddcaf30 74df6dee1f3cc038736416059fe4f1087951c6b5622d054f9980ef1f16b7fc1c
CLIENT_HANDSHAKE_TRAFFIC_SECRET 682d2f80092e03f169397ce2fa04f29c67e9059816607bfd2e0676405681349e 1b9c9afa4d2d3a6947a70a59ddf749cdcd540b9aee37bd877682f6ef8d36ef71
SERVER_HANDSHAKE_TRAFFIC_SECRET 682d2f80092e03f169397ce2fa04f29c67e9059816607bfd2e0676405681349e ee34077181bbb8a379fdcd7a98bb68fa3ef56471fee89e76687634f1adb4008f
CLIENT_HANDSHAKE_TRAFFIC_SECRET 94ee6d906507fc5b695f498235b5ccf967e9423fc1e1f198f37409a09f26610a 158e5e152634433f291ca2c8a843340b86e72b149ea31c7cde762d3e7bfd00bf
SERVER_HANDSHAKE_TRAFFIC_SECRET 94ee6d906507fc5b695f498235b5ccf967e9423fc1e1f198f37409a09f26610a 3fbc3beb8b276f5a278f961c2c1e63d06cba15835dd824b55078f81370240a45
CLIENT_TRAFFIC_SECRET_0 682d2f80092e03f169397ce2fa04f29c67e9059816607bfd2e0676405681349e 2012b573ca406638974dde82b024bd8f2b647ce1851b0c5da8866dd16fd7f0a2
SERVER_TRAFFIC_SECRET_0 682d2f80092e03f169397ce2fa04f29c67e9059816607bfd2e0676405681349e 27c6026a92d3eec83e228a0c4c9df76ff8057a3e9f179b323876a3ef9d273817
EXPORTER_SECRET 682d2f80092e03f169397ce2fa04f29c67e9059816607bfd2e0676405681349e 0f31cf2f89a791d11c9efa31d2e65c9152b560b28edec97b3750ef9a39c40c02
CLIENT_HANDSHAKE_TRAFFIC_SECRET 24f4cad91ab17437d2b0297661aed17af1550568f4f04c0857f41ee108f91383 c956678657dd2d56dff5067f0ebcfd95ba56b21ab9c1bd5d080b332d29b6990a
SERVER_HANDSHAKE_TRAFFIC_SECRET 24f4cad91ab17437d2b0297661aed17af1550568f4f04c0857f41ee108f91383 7836cbdb6c06df3adf062e572d56fc8459a6e41eb6a07e2b3f9abd872ec28769
CLIENT_TRAFFIC_SECRET_0 94ee6d906507fc5b695f498235b5ccf967e9423fc1e1f198f37409a09f26610a 6ef93c5e22f2abbe01e8046d34e13f3ffe76a45daa308c67f6efdd5d4844bf72
SERVER_TRAFFIC_SECRET_0 94ee6d906507fc5b695f498235b5ccf967e9423fc1e1f198f37409a09f26610a b5a362fbcae039d77ef39fa6b377754542c15fe5e9330d76fa092bcabb7d5fcb
EXPORTER_SECRET 94ee6d906507fc5b695f498235b5ccf967e9423fc1e1f198f37409a09f26610a 64ef04ded88d4613910278af3e4e16ed44db48fe131d03fc08e4affa5c1b3126
CLIENT_TRAFFIC_SECRET_0 24f4cad91ab17437d2b0297661aed17af1550568f4f04c0857f41ee108f91383 1b4ebac39f0a3039f66d42743bf0c417b35d23c7e730bab88c8e1374de69ef21
SERVER_TRAFFIC_SECRET_0 24f4cad91ab17437d2b0297661aed17af1550568f4f04c0857f41ee108f91383 56039ad2990aada70e5e227aa6aaa96cb4dfd8c6600ac6a0d7b4bc61cb968f8f
EXPORTER_SECRET 24f4cad91ab17437d2b0297661aed17af1550568f4f04c0857f41ee108f91383 8d113d1f41c322adf55ae036b34fb7e86657c958fa1609bee06aa4352b154a26
CLIENT_HANDSHAKE_TRAFFIC_SECRET 50b67b3fb33f19424eb1b99f29cfc42047f20ee0cf203cd335fe60d5e2435f16 d10d26464786ad726f3091c34f179d14ee0ec7d03f90e96de64fdaa7942e5612fd5e34d2623bd5767a208fff728bdd11
SERVER_HANDSHAKE_TRAFFIC_SECRET 50b67b3fb33f19424eb1b99f29cfc42047f20ee0cf203cd335fe60d5e2435f16 55f4604765bb912c0abc062d56709f7fe00b6c22e698cc3c886fb043b06e326d8c5cb8fd90eb35cf52a5d05d67e974cb
CLIENT_TRAFFIC_SECRET_0 50b67b3fb33f19424eb1b99f29cfc42047f20ee0cf203cd335fe60d5e2435f16 a93ae3739bddc039e2a0b5d7cf9a08b1b05ee30fbc02ccf3ddbe2b8399f130a400e82c8d802fae4fcbd6b20625a6e1fd
SERVER_TRAFFIC_SECRET_0 50b67b3fb33f19424eb1b99f29cfc42047f20ee0cf203cd335fe60d5e2435f16 63c6a8a0da635d5ca3e60e3c9437c148ae1e6bab6bd4019b89d07937eee22f0db7ec52f677f8f90bb6bd180674516c52
EXPORTER_SECRET 50b67b3fb33f19424eb1b99f29cfc42047f20ee0cf203cd335fe60d5e2435f16 4cb97fc5b1e2e732ddd56667de28e635949004eddd083a46c09619584b958ce1ac792144bcdee551c5ea51d363e64480
CLIENT_HANDSHAKE_TRAFFIC_SECRET 20194774e2c2f1b4fa8acd9e674bc413be13e9329fa94f9226e4c3d21466d6f9 cadb9901fb7065a098ac114bcc27e8d82b4ddd373da1f313699ba9e3814e876e
SERVER_HANDSHAKE_TRAFFIC_SECRET 20194774e2c2f1b4fa8acd9e674bc413be13e9329fa94f9226e4c3d21466d6f9 84fbad4963abfdd10896f7efb74ac610a92ec6cc10ae17baa3dc50620f38a03b
CLIENT_TRAFFIC_SECRET_0 20194774e2c2f1b4fa8acd9e674bc413be13e9329fa94f9226e4c3d21466d6f9 bd551c0c0a0eed5bc504b375ab53e3a6cc3ce3055f9bde433101c8973ab8c697
SERVER_TRAFFIC_SECRET_0 20194774e2c2f1b4fa8acd9e674bc413be13e9329fa94f9226e4c3d21466d6f9 30f6990c4fffd28f7db0ddc8dc7633789a52afce9ac6d945467f66db9b2c3b78
EXPORTER_SECRET 20194774e2c2f1b4fa8acd9e674bc413be13e9329fa94f9226e4c3d21466d6f9 d60e54d4db4204740f0a391e0a3214f76f730ed1fa36b242a0e3128e29c69332
CLIENT_HANDSHAKE_TRAFFIC_SECRET 0db83b88e2b1eef8749bc9b054593224cd379027b2b5885ba813af061c3d53b3 52a5823523dd8bb6356f69b2b9a1f61765e92c0fc99cc96a195361155b5b563b
SERVER_HANDSHAKE_TRAFFIC_SECRET 0db83b88e2b1eef8749bc9b054593224cd379027b2b5885ba813af061c3d53b3 c864d58467cc68e522980f99a80f84546228dca3661d319ac441cf344d43994d
CLIENT_TRAFFIC_SECRET_0 0db83b88e2b1eef8749bc9b054593224cd379027b2b5885ba813af061c3d53b3 708fa032b88b9e1e665a9eddb587e368e7f19223af22d29ccd3ead16b47f5140
SERVER_TRAFFIC_SECRET_0 0db83b88e2b1eef8749bc9b054593224cd379027b2b5885ba813af061c3d53b3 13a8fca3a56d040b50c69a3a3b26185a346c00e6345fba2712eafcbcc8452ef3
EXPORTER_SECRET 0db83b88e2b1eef8749bc9b054593224cd379027b2b5885ba813af061c3d53b3 386f34fcdbde7e1d0e031f61d8b5d2a587cee327158a6ab9fe0d8de2880d352e
CLIENT_HANDSHAKE_TRAFFIC_SECRET 4e82b3263089909334a0a8ddc72a64eae1b1885926d41841cd423a967270be58 4f2ed52fe8e38ddd962de97018065f5047f7c3b04bed1f5ff7836627bc8aa934
SERVER_HANDSHAKE_TRAFFIC_SECRET 4e82b3263089909334a0a8ddc72a64eae1b1885926d41841cd423a967270be58 a1fbb46ed157437caaeccf1ae13061aa74d0ea23edc1160400e5ab7f79eae43b
CLIENT_HANDSHAKE_TRAFFIC_SECRET 1fcc08a71938f28be4245d4c9febce74aeef1e8db69233782b6df843d0f3c0e7 f2e9657cc9767864ab7b382833e323acd5126527a0cd6f200a72d299d420b07b
SERVER_HANDSHAKE_TRAFFIC_SECRET 1fcc08a71938f28be4245d4c9febce74aeef1e8db69233782b6df843d0f3c0e7 3b0beb45580a68c4d2c92e211acc9885c1062cb3acc00a91865434fad164acc8
CLIENT_TRAFFIC_SECRET_0 4e82b3263089909334a0a8ddc72a64eae1b1885926d41841cd423a967270be58 5e9b7248c08ca823d627374cf3ce2b58b7fca28804478c37b15c67ed58bbe0a9
SERVER_TRAFFIC_SECRET_0 4e82b3263089909334a0a8ddc72a64eae1b1885926d41841cd423a967270be58 24e696b0ae8f266679ab913f5aeddfcedfc838fe9c3d98aa0a5b30bb33ad369c
EXPORTER_SECRET 4e82b3263089909334a0a8ddc72a64eae1b1885926d41841cd423a967270be58 079b86c56f84297bfde9a6c47b2736be5452ce8a8a514315d04e7ff9dae5b777
CLIENT_TRAFFIC_SECRET_0 1fcc08a71938f28be4245d4c9febce74aeef1e8db69233782b6df843d0f3c0e7 d2976d157e44c37fa68e2af9b7bcc1e3959fe9959e7a91fbeed9079174258fb5
SERVER_TRAFFIC_SECRET_0 1fcc08a71938f28be4245d4c9febce74aeef1e8db69233782b6df843d0f3c0e7 534f6a365a88eb6a657c4bcb8cc93995fa5174dca773e6f4216676c6d61aece0
EXPORTER_SECRET 1fcc08a71938f28be4245d4c9febce74aeef1e8db69233782b6df843d0f3c0e7 f5252da878fb641f01a6cc2d68111b5e5f01a71bf040016b2b38d42c8e3c9b7b
CLIENT_HANDSHAKE_TRAFFIC_SECRET 29560eb5e952372711082a2f2dc82d0a23fdf7997fcd73dd2ff5a7d58bdde76f 21249ed748a31006379d707c9a37f0004567df15fc8829ec3de44499c904be06
SERVER_HANDSHAKE_TRAFFIC_SECRET 29560eb5e952372711082a2f2dc82d0a23fdf7997fcd73dd2ff5a7d58bdde76f 6ee8054384251cc4a8fd72bbd3689e40b8860f92f502efbccdd2957bcc7a41fa
CLIENT_TRAFFIC_SECRET_0 29560eb5e952372711082a2f2dc82d0a23fdf7997fcd73dd2ff5a7d58bdde76f dae1023eb0741e2237858b2b1c575bd1341fe69265b434bbbe8717216eae1bcf
SERVER_TRAFFIC_SECRET_0 29560eb5e952372711082a2f2dc82d0a23fdf7997fcd73dd2ff5a7d58bdde76f 9d044f0a138bdf34da8ca2746c7df3e8e57a3698a0914b89ba48e869da440dfd
EXPORTER_SECRET 29560eb5e952372711082a2f2dc82d0a23fdf7997fcd73dd2ff5a7d58bdde76f 0e90ff364256df85baf30206938f6ff56c8064eb30456fbe77c8983a99fa5ae2
CLIENT_HANDSHAKE_TRAFFIC_SECRET 3a8585bbbb8c9593b3da70983717f70277a21be1a831bdf04cdab7c4482b6452 41b0e60e2039838733237eaefca7b2b17aba4eb70ad26a1c407c6fb56d01f065
SERVER_HANDSHAKE_TRAFFIC_SECRET 3a8585bbbb8c9593b3da70983717f70277a21be1a831bdf04cdab7c4482b6452 d73023a9ab2f8b809cfe025bc16e7800e7e2f2d50b05aea73a85d24570a9d261
CLIENT_TRAFFIC_SECRET_0 3a8585bbbb8c9593b3da70983717f70277a21be1a831bdf04cdab7c4482b6452 80445783e105b2c2c073e0a86c908acb1be8f9aa0cc7b44525ad64105aaf5b05
SERVER_TRAFFIC_SECRET_0 3a8585bbbb8c9593b3da70983717f70277a21be1a831bdf04cdab7c4482b6452 10b9a9e720f5c52ee1aa6d3ac1e96bb473cc6c7be4fe947b0b5fc14233c57056
EXPORTER_SECRET 3a8585bbbb8c9593b3da70983717f70277a21be1a831bdf04cdab7c4482b6452 0f1f00fc7add1be70ce779e44d0a0309542fc639594590f065de9155fe276670
CLIENT_HANDSHAKE_TRAFFIC_SECRET 01ed46732d70261fb7274f5a3c16fdfb36fdaec537c1919c405a7a3954c58e72 d45398fd15355032581031114242d7691c38114047e1786b4e18808aeedfdc2d
SERVER_HANDSHAKE_TRAFFIC_SECRET 01ed46732d70261fb7274f5a3c16fdfb36fdaec537c1919c405a7a3954c58e72 4a379f45c568576afe63c230cad6a580a4d941f17c2ce1883f9949ea5a1f97d9
CLIENT_TRAFFIC_SECRET_0 01ed46732d70261fb7274f5a3c16fdfb36fdaec537c1919c405a7a3954c58e72 bd4f466579c2070eb73f17373c6255beebdef49ac10b226506e7a3c1cc01f8b8
SERVER_TRAFFIC_SECRET_0 01ed46732d70261fb7274f5a3c16fdfb36fdaec537c1919c405a7a3954c58e72 5aef6a8c14663db3af111025485acfd15795393aac752babf6b2f69bedb08137
EXPORTER_SECRET 01ed46732d70261fb7274f5a3c16fdfb36fdaec537c1919c405a7a3954c58e72 bb32b5e7672d9dd1970de81b31c53280bd0777be5c8f0824a0f8fe61333f8788
CLIENT_HANDSHAKE_TRAFFIC_SECRET c94699de7f086e0c612433066e9aa5ee2d92fd81274566740ee5de1d2df3e498 b0b82041537736bc834bd288c6397addf52286c7f32e76e48944f8792470faf1
SERVER_HANDSHAKE_TRAFFIC_SECRET c94699de7f086e0c612433066e9aa5ee2d92fd81274566740ee5de1d2df3e498 c8e05c23ff65210a15783099f060f128219b425c7dd833dad6dc68547e6905b9
CLIENT_TRAFFIC_SECRET_0 c94699de7f086e0c612433066e9aa5ee2d92fd81274566740ee5de1d2df3e498 a6c753403780d32227adccfdb93bce5816fcc70ee244bc9ca1356f90d145c399
SERVER_TRAFFIC_SECRET_0 c94699de7f086e0c612433066e9aa5ee2d92fd81274566740ee5de1d2df3e498 ea286fc7c89277bbf98399a4a62d918f0c34471ad6ab75f63f932d9f5ad74e5b
EXPORTER_SECRET c94699de7f086e0c612433066e9aa5ee2d92fd81274566740ee5de1d2df3e498 c2c0bd3397f353883d7ae50ea24f9bc998b2e5586f3090010ff699b8aa818de8
CLIENT_HANDSHAKE_TRAFFIC_SECRET e0df25a02ddfbb4cd8ad452342b614a9b165d4e702336a516b6712df53308d25 f8e2fb3c3b821cbaecd9f5bbc7eb5da48166d8f3667ff1401349eb5bc4de39ad
SERVER_HANDSHAKE_TRAFFIC_SECRET e0df25a02ddfbb4cd8ad452342b614a9b165d4e702336a516b6712df53308d25 fcd8c41a1cef22ac6a05bc9b7db91c762a6726070f6539d3c52faf6ed6bb0b60
CLIENT_TRAFFIC_SECRET_0 e0df25a02ddfbb4cd8ad452342b614a9b165d4e702336a516b6712df53308d25 d52983368a779ae90ebba43d27f54c5031200095f5e1a64b04dd2d77ba011a7a
SERVER_TRAFFIC_SECRET_0 e0df25a02ddfbb4cd8ad452342b614a9b165d4e702336a516b6712df53308d25 e4740bc0c936099d40490d9a1b32b92600cfeaa5474a25967740a4d280e998c7
EXPORTER_SECRET e0df25a02ddfbb4cd8ad452342b614a9b165d4e702336a516b6712df53308d25 f7a5c2a306dc6204939bb9a98d4a7d5cd317f5c5960acd54617680875ed70706
CLIENT_HANDSHAKE_TRAFFIC_SECRET 63c0b5fcc795209e58a9fece295a857c553859f55d52d86d8cf8330d011f5c64 d11f3c6e24a1badf389c7ff7069e4117a005c9dcc91987282094731c9c4eccde
SERVER_HANDSHAKE_TRAFFIC_SECRET 63c0b5fcc795209e58a9fece295a857c553859f55d52d86d8cf8330d011f5c64 783903cf264a853bd8dcedf26333353577dfea83e689834901482e300fb6c9e5
CLIENT_TRAFFIC_SECRET_0 63c0b5fcc795209e58a9fece295a857c553859f55d52d86d8cf8330d011f5c64 e97c485ca090835550d3345e2ea987c0181eea385112d2bdd9929b876e6043a2
SERVER_TRAFFIC_SECRET_0 63c0b5fcc795209e58a9fece295a857c553859f55d52d86d8cf8330d011f5c64 e5947b64fff9539960d499b88689cfb80c3c2c8bb86c61ab3c3165e9debe1ced
EXPORTER_SECRET 63c0b5fcc795209e58a9fece295a857c553859f55d52d86d8cf8330d011f5c64 406a597151b267a6dcae4161dea39cf70ec4fe21d9e4142bc799a57966e92d20
CLIENT_HANDSHAKE_TRAFFIC_SECRET e0d3b7b042b8d792b704305d7c98b73f07a1763818eb190f8cacd207c0987a12 d76640f4a7df272e81f1f1012517d1e16883c6b5ae0dbe3ae8cb42d22fb5d03a
SERVER_HANDSHAKE_TRAFFIC_SECRET e0d3b7b042b8d792b704305d7c98b73f07a1763818eb190f8cacd207c0987a12 5403ed9390535baeccce7a29e00a5baf246c8a6701e024cb1805b3ec6f259439
CLIENT_TRAFFIC_SECRET_0 e0d3b7b042b8d792b704305d7c98b73f07a1763818eb190f8cacd207c0987a12 a854edcb8f3736f7b52032f1384820c09eb09d3879f82c42a1bd992a5e5cd991
SERVER_TRAFFIC_SECRET_0 e0d3b7b042b8d792b704305d7c98b73f07a1763818eb190f8cacd207c0987a12 b947c4448e92c9f1928466789dd831301925ed6026436a868fe7c83fd8c3c4ef
EXPORTER_SECRET e0d3b7b042b8d792b704305d7c98b73f07a1763818eb190f8cacd207c0987a12 0d6d3ef7e469b48e9c013f5ddd2b4b9628b283eb7e6e8310c3b9c0d3cea30c26
CLIENT_HANDSHAKE_TRAFFIC_SECRET 4a79bdfd0e53a89fe4fcf20985bb5a5fdc0fa438c465fcf8d4a894b6f5ff2738 58db682ac0435c7eb1a31466e4b527b204f572084612d2893263a1a0f3dad64fb09b36f73aff9cda6a61b3b9d2d51e02
SERVER_HANDSHAKE_TRAFFIC_SECRET 4a79bdfd0e53a89fe4fcf20985bb5a5fdc0fa438c465fcf8d4a894b6f5ff2738 911916bba1d097245ca89b07c129dabe49d376bf7a63239e635b2255aff46813386f353ae4aa87f5f38c4e894a0fe1ab
CLIENT_TRAFFIC_SECRET_0 4a79bdfd0e53a89fe4fcf20985bb5a5fdc0fa438c465fcf8d4a894b6f5ff2738 a153679569f741f52d6944e9df49ba557e622d184c79a7166169b18a4c275a93b40475ea89910506eb44adf3c7e1b0ea
SERVER_TRAFFIC_SECRET_0 4a79bdfd0e53a89fe4fcf20985bb5a5fdc0fa438c465fcf8d4a894b6f5ff2738 824c5b80f0e19c501564ca277eaf911636cc10cabb10aafdeb1c6aa5e8f1dc7f888f5e5d56b8654f3ad364db23e22823
EXPORTER_SECRET 4a79bdfd0e53a89fe4fcf20985bb5a5fdc0fa438c465fcf8d4a894b6f5ff2738 c2eb5527a80f72a56871d9da322d038d333c344d1daafd835dfbef1d7fb2b9dcbdb08f4b9d1cff1565883349f76feffe
CLIENT_HANDSHAKE_TRAFFIC_SECRET b921bcf2ff56cb430146a5cd73e7d644f3412896684970463ac5414e06d051fb 951dc9217f501b930728d6d7c84872f41897f765e70c2a30703c9241c3683de1
SERVER_HANDSHAKE_TRAFFIC_SECRET b921bcf2ff56cb430146a5cd73e7d644f3412896684970463ac5414e06d051fb 27e10508be44643fcc6cce2bccee56d0d70a232aeef481ad8ab887870a3abacf
CLIENT_HANDSHAKE_TRAFFIC_SECRET d2da5bacd32cb68d60bfd7cb01754896a47e4582b91158053fbbab0a8b82288c f61bbbc69c08622b5ea171a7f89b8c2f7a7920ee2f844cf802d228cedae12d33
SERVER_HANDSHAKE_TRAFFIC_SECRET d2da5bacd32cb68d60bfd7cb01754896a47e4582b91158053fbbab0a8b82288c f335c0fb5b1e70f8668571883b727b9fd4c7816f2af8c2e6f536652de5ea41f8
CLIENT_TRAFFIC_SECRET_0 d2da5bacd32cb68d60bfd7cb01754896a47e4582b91158053fbbab0a8b82288c 3d32407c582416bfbe952f5ef75434fc579a0361bbe24b0cefcc08df4a77e35e
SERVER_TRAFFIC_SECRET_0 d2da5bacd32cb68d60bfd7cb01754896a47e4582b91158053fbbab0a8b82288c cea35d419d4bd279e972abda1e884724c4042386c15218d5eb036c5bc044dc3f
EXPORTER_SECRET d2da5bacd32cb68d60bfd7cb01754896a47e4582b91158053fbbab0a8b82288c 38591655f64646bf20a826aab353b73f27fb3ebe0a8a3a542b4240371420e202
CLIENT_TRAFFIC_SECRET_0 b921bcf2ff56cb430146a5cd73e7d644f3412896684970463ac5414e06d051fb 95bab7b8d372f2d30491b1ac232a8466d74375635fa85be778126112c4061385
SERVER_TRAFFIC_SECRET_0 b921bcf2ff56cb430146a5cd73e7d644f3412896684970463ac5414e06d051fb 59b31224c31b1c2af27d923a94eaddc30d05dd4c980916982161f5e401aea65d
EXPORTER_SECRET b921bcf2ff56cb430146a5cd73e7d644f3412896684970463ac5414e06d051fb ddeb6f9816a696570bbcec2c78b825bf6e7a08d947845fbed05a116b00555d15
CLIENT_HANDSHAKE_TRAFFIC_SECRET 77b6d504bf22950276fcb720a0fc8700a21413a2f61056d9361f9ea11f0ad902 9caca5155c2c6588a1db81330e97b86d330022004ca30444ea14cb53d2a80150
SERVER_HANDSHAKE_TRAFFIC_SECRET 77b6d504bf22950276fcb720a0fc8700a21413a2f61056d9361f9ea11f0ad902 d5fd749915b4f556f4eadd9e845826781385fc2731ebfb6a41627735c549688c
CLIENT_TRAFFIC_SECRET_0 77b6d504bf22950276fcb720a0fc8700a21413a2f61056d9361f9ea11f0ad902 d9a68a77358a962c4e622ffe10a0467eae8a5ab26407dd19d25f1aaecb3a6404
SERVER_TRAFFIC_SECRET_0 77b6d504bf22950276fcb720a0fc8700a21413a2f61056d9361f9ea11f0ad902 d8e929af5e3463be837a16d3bf84aa67bad37c65008b41344dca247f91b7d3de
EXPORTER_SECRET 77b6d504bf22950276fcb720a0fc8700a21413a2f61056d9361f9ea11f0ad902 79159be6a92aac4e02e746fd30f921b415c89608edbf0ef69050cc7a6442d3d0
CLIENT_HANDSHAKE_TRAFFIC_SECRET 8d0c7cc7e191653987f6e666399cb5dab2821ed197a4396b70164a0fb361ec72 90ad6fa1561100fa81499e7fdf450aed40423f82d23838ea30adc8c227a14aa8
SERVER_HANDSHAKE_TRAFFIC_SECRET 8d0c7cc7e191653987f6e666399cb5dab2821ed197a4396b70164a0fb361ec72 1b323320863fd5f136b4f36438d0cce1a6adb7d21de6d073324eaf104ce5b35b
CLIENT_TRAFFIC_SECRET_0 8d0c7cc7e191653987f6e666399cb5dab2821ed197a4396b70164a0fb361ec72 a355bec29ec03701f60aeda93a29636e42f8ab5ef0cdc20d0cd5dafc02ad449e
SERVER_TRAFFIC_SECRET_0 8d0c7cc7e191653987f6e666399cb5dab2821ed197a4396b70164a0fb361ec72 58fce583e11ef873523dbfbf7d51a90ee1b371aeb83ea0d740d7923ac2f3dc52
EXPORTER_SECRET 8d0c7cc7e191653987f6e666399cb5dab2821ed197a4396b70164a0fb361ec72 7a1c9a099b44a23bd18cce8cb8eac9fe1c72b7886048a6ca319044648f5659f3
CLIENT_HANDSHAKE_TRAFFIC_SECRET e7d3cf423ff34466bcfcb00d3ded65c85d9f338ed8a83a0d285bbd637dcc0ad0 24052c0b30a1b716f8ef2a61146931dc44f79edeeee85236024353ee42b668a5
SERVER_HANDSHAKE_TRAFFIC_SECRET e7d3cf423ff34466bcfcb00d3ded65c85d9f338ed8a83a0d285bbd637dcc0ad0 d236623ee60140ea9bd26022316c9b5917d07c3e19250c62e3e05a1e61a620ee
CLIENT_TRAFFIC_SECRET_0 e7d3cf423ff34466bcfcb00d3ded65c85d9f338ed8a83a0d285bbd637dcc0ad0 068325c60d0419b66ccfcb9381e583ca185e785994d986e03f54b4552699a709
SERVER_TRAFFIC_SECRET_0 e7d3cf423ff34466bcfcb00d3ded65c85d9f338ed8a83a0d285bbd637dcc0ad0 a31648e04f6e8f0f02a03eb6409fdc91419c482bb1b6cde30bd3f4847a640e8f
EXPORTER_SECRET e7d3cf423ff34466bcfcb00d3ded65c85d9f338ed8a83a0d285bbd637dcc0ad0 6c3bb12a9d341139ad27bd60c06edc7ccb1c7f54a177f52ce7edd79875dd3534
CLIENT_HANDSHAKE_TRAFFIC_SECRET 9afe8a3c32e1f612a2367364f61739da4ae09a8910ab2a7a47473e5ae9b6e6be f7edf122c96142200ab4b9da9f5d94a64ae6edf2534e89981beeb20b27f62c4a527469d2f731e3a967bf283f3df34c19
SERVER_HANDSHAKE_TRAFFIC_SECRET 9afe8a3c32e1f612a2367364f61739da4ae09a8910ab2a7a47473e5ae9b6e6be 0bfcb571258cd6560777ef979f1d022ebd43ccfee188070aa2aa874e626193e57343cb593881429a98ad1ab432de30db
CLIENT_TRAFFIC_SECRET_0 9afe8a3c32e1f612a2367364f61739da4ae09a8910ab2a7a47473e5ae9b6e6be 145170509f691a5942dc7af362492e7ce459288a3c6cb4c6ec41944909f8d914460755652b0befc4ef8dd7bdade5f5b9
SERVER_TRAFFIC_SECRET_0 9afe8a3c32e1f612a2367364f61739da4ae09a8910ab2a7a47473e5ae9b6e6be c3e55a19255f48ffbe077eb5c14cc2863c289bae45bcaa6460ba8fe325da171c896aa507cd1c693c8b01b938783928e9
EXPORTER_SECRET 9afe8a3c32e1f612a2367364f61739da4ae09a8910ab2a7a47473e5ae9b6e6be 543d7ba5fa425793c18d7ef73561efa31c15acf4a820ec65874b379a372770e65a3489c551058ac823773fd61b0512a6
CLIENT_HANDSHAKE_TRAFFIC_SECRET b43f39e9c975297ee234f0e8524af620e76c26227d80a962ddd69523ce5f1a08 299e500430b66fb3bbd0ce14c6ecfb5f21500fb19a0498a8ee7c7b55be00a2d2
SERVER_HANDSHAKE_TRAFFIC_SECRET b43f39e9c975297ee234f0e8524af620e76c26227d80a962ddd69523ce5f1a08 47ea3ed214defd07dd70b38363f894284010f113e6c879caf780d13a5637bc84
CLIENT_TRAFFIC_SECRET_0 b43f39e9c975297ee234f0e8524af620e76c26227d80a962ddd69523ce5f1a08 55bdad135e7e2bf58fedc3af0c79e2dc8108114784004e8197903781587259a1
SERVER_TRAFFIC_SECRET_0 b43f39e9c975297ee234f0e8524af620e76c26227d80a962ddd69523ce5f1a08 7d54d9758682639f4018af98b2d693a7d68128e3b90c59d59691ae80d4373a72
EXPORTER_SECRET b43f39e9c975297ee234f0e8524af620e76c26227d80a962ddd69523ce5f1a08 4e2b581510048244055e3f6d57cbce5d22455e7d78d226bae030a95a3d890300
CLIENT_HANDSHAKE_TRAFFIC_SECRET cf1fb67d07e32a2cb95e6fcbc75a7fa1c3800a8f043ba2502360b60c76a37c6a 32b3b7c587009e76929d4a5c1a5dc756be59b98ce715d9bc200e30c95da375ce
SERVER_HANDSHAKE_TRAFFIC_SECRET cf1fb67d07e32a2cb95e6fcbc75a7fa1c3800a8f043ba2502360b60c76a37c6a b35ad3d5a3fffbb36bb264dbd47466ada4baf88f71a37e54e59560a452f58929
CLIENT_TRAFFIC_SECRET_0 cf1fb67d07e32a2cb95e6fcbc75a7fa1c3800a8f043ba2502360b60c76a37c6a 9d6b52ca6256b8b000b4eb546ea396a30bdd186a57cb617f65cef4bd671a2c39
SERVER_TRAFFIC_SECRET_0 cf1fb67d07e32a2cb95e6fcbc75a7fa1c3800a8f043ba2502360b60c76a37c6a 9ad4dfd6bbfdb007787c5aa5e96699e697a204ef0b9d412777fff40347ef20ab
EXPORTER_SECRET cf1fb67d07e32a2cb95e6fcbc75a7fa1c3800a8f043ba2502360b60c76a37c6a 9f5d905a4ef52bc352bef90649f8861650011eb21bdeedc615c291bdea01efbc
CLIENT_HANDSHAKE_TRAFFIC_SECRET f809fcc4413c3984e6e09b3e4e5ac1e57a4343ac7fa177f46538b85939dc7fce 04abf7bb675cf4ee38afb903993d740f596cbcc1e9b3260daaa2360763c3cfe5
SERVER_HANDSHAKE_TRAFFIC_SECRET f809fcc4413c3984e6e09b3e4e5ac1e57a4343ac7fa177f46538b85939dc7fce f6bb5949566db78a80cc584c466a20348fadfe3aacbd08f785a090fe5bc25973
CLIENT_TRAFFIC_SECRET_0 f809fcc4413c3984e6e09b3e4e5ac1e57a4343ac7fa177f46538b85939dc7fce c9e3ece32e03ce7456b0355c3bcd34cb6ff65df0f90331e4bd0446ffefa900f2
SERVER_TRAFFIC_SECRET_0 f809fcc4413c3984e6e09b3e4e5ac1e57a4343ac7fa177f46538b85939dc7fce 66e0c1c00610214697f992f8cb8fa4f64cb5213c9a4727200a5bd716e3315e3b
EXPORTER_SECRET f809fcc4413c3984e6e09b3e4e5ac1e57a4343ac7fa177f46538b85939dc7fce d1ef64e42a5c9d9e499f0a4ce7732b3671e9a086ac03caf8d83b122b823c8a50
CLIENT_HANDSHAKE_TRAFFIC_SECRET cbe0a5fe7d2f051cc4dd03202373dabac38bf5ca43c9b8de3fbc0d3f2f26a29a bac48bfbb82faf45811e0744042fe4edc45ef83b908f2685ec5571750af9b202
SERVER_HANDSHAKE_TRAFFIC_SECRET cbe0a5fe7d2f051cc4dd03202373dabac38bf5ca43c9b8de3fbc0d3f2f26a29a 1e2d66c0c06917236141ee14b13eea9ec6f090068fcef7b9c86b4d95d641c967
CLIENT_TRAFFIC_SECRET_0 cbe0a5fe7d2f051cc4dd03202373dabac38bf5ca43c9b8de3fbc0d3f2f26a29a bad18df3ccab9c662dcbfccd59786d6f2bc1f804adbf41a2aa58ce69ffb8b87a
SERVER_TRAFFIC_SECRET_0 cbe0a5fe7d2f051cc4dd03202373dabac38bf5ca43c9b8de3fbc0d3f2f26a29a 7505a7579edb850ae7b061f2d1dbb1e45ecb409377822ed7bee23535c4eee801
EXPORTER_SECRET cbe0a5fe7d2f051cc4dd03202373dabac38bf5ca43c9b8de3fbc0d3f2f26a29a 6faf15734223785a036aefb7147882c3c41d36f8711b8433338597e5b48eb596
CLIENT_EARLY_TRAFFIC_SECRET 5553d8beaf5adb3241da96e01b8d5bf122adc3fa1d7ed53d815e613cca09d17c 6417d2cfdf4c4883f2a50915a4bd3f146dfa5692bbdddd79e76951a4e87a9b6a
CLIENT_HANDSHAKE_TRAFFIC_SECRET e7bd526dedd6dc075ba3bab216000a0821bd1458d100b83627de7190603024ec 3852fe9de3237c0984b8bbe0ff6e6b73f26a1dbe4f2b23c91d2916f1ff88b3cf
SERVER_HANDSHAKE_TRAFFIC_SECRET e7bd526dedd6dc075ba3bab216000a0821bd1458d100b83627de7190603024ec ce503d6bcf3be33d7f603c78c9c962a3f3859baca3b176a5b231409628f26a19
CLIENT_HANDSHAKE_TRAFFIC_SECRET 5553d8beaf5adb3241da96e01b8d5bf122adc3fa1d7ed53d815e613cca09d17c b11ba7b1836bf205353376f0e2b925a9be2121667821e87b2688e025381d5816
SERVER_HANDSHAKE_TRAFFIC_SECRET 5553d8beaf5adb3241da96e01b8d5bf122adc3fa1d7ed53d815e613cca09d17c 2095875c256d4d68979205d18a932da2dcb5eeae3f3788a69990323d17431eae
CLIENT_TRAFFIC_SECRET_0 5553d8beaf5adb3241da96e01b8d5bf122adc3fa1d7ed53d815e613cca09d17c f7643784e8047508dddf89694525bd02ffc26e0a4d8afe20f1c11822db494791
SERVER_TRAFFIC_SECRET_0 5553d8beaf5adb3241da96e01b8d5bf122adc3fa1d7ed53d815e613cca09d17c 3acc81b2aa24c35c0f2192406d87efb07243e7aba5239bdccf2f333351d38c65
EXPORTER_SECRET 5553d8beaf5adb3241da96e01b8d5bf122adc3fa1d7ed53d815e613cca09d17c 74772a3966a6a2fd44bc72480f12c7fdf4593c2168aff0dbea0f1d83fb90c14e
CLIENT_TRAFFIC_SECRET_0 e7bd526dedd6dc075ba3bab216000a0821bd1458d100b83627de7190603024ec e984b996a39dbc8f16b71d2704cd2cec85403317e479c740aeb088b23ddd5a1a
SERVER_TRAFFIC_SECRET_0 e7bd526dedd6dc075ba3bab216000a0821bd1458d100b83627de7190603024ec 16701144a7538035206139e913d2ce31f1d80b69502fe31696c55a3e8011e592
EXPORTER_SECRET e7bd526dedd6dc075ba3bab216000a0821bd1458d100b83627de7190603024ec 71ad2c32a3c9a801a5dd4ec74235f825e902ff5e5e3194c01bd62db992485e86
CLIENT_HANDSHAKE_TRAFFIC_SECRET 07addfdfb0a0db1291fe22e8f6ee5a3d19f7384f146556fe9cd853084d3760a1 ddd4da691729699eb44c014f555f77415824a3e40d1a9d3731de8ddd3dd89a181812d7881b1b23e24cd27fbe229ebeda
SERVER_HANDSHAKE_TRAFFIC_SECRET 07addfdfb0a0db1291fe22e8f6ee5a3d19f7384f146556fe9cd853084d3760a1 745e06159636689ed72b0615fc74a276e9384015903fa693801e6877c0f20535c695ae8454213a2232efd96c7b6e526a
CLIENT_TRAFFIC_SECRET_0 07addfdfb0a0db1291fe22e8f6ee5a3d19f7384f146556fe9cd853084d3760a1 9d9c9bcdb6fed69ee0c346a63d7c5d6f88bf9e2c848d6e4e629d476fbade68b219d2e48be6143ea31bfb1f2f2a7ccd82
SERVER_TRAFFIC_SECRET_0 07addfdfb0a0db1291fe22e8f6ee5a3d19f7384f146556fe9cd853084d3760a1 ae8f2bb7cc0a22b7ac4c5d4f21a496d5e6fb05503524973545fc13911546ab0f6e3fbdc33fa4f22d65854ef14d0b0934
EXPORTER_SECRET 07addfdfb0a0db1291fe22e8f6ee5a3d19f7384f146556fe9cd853084d3760a1 1fc6de09224b94851ad5c0e6b4e66a0d1a383848eb61bdd65a30bd5dd707a4f351192bc7c7e792cc059a9e9f28fb61bc
CLIENT_HANDSHAKE_TRAFFIC_SECRET e0edb6e6e480cecaa906041b46e5fb93168e8b3f71171fcf9a43353ac08f7fb5 84c42947e9917fdf7e6aace5c754dd6cc188cf85e17ebad035cc625993821b1f
SERVER_HANDSHAKE_TRAFFIC_SECRET e0edb6e6e480cecaa906041b46e5fb93168e8b3f71171fcf9a43353ac08f7fb5 16c6aafb5615ca63437e42e8f5bd07c151da6138a784ce61c6fd1cf199416028
CLIENT_TRAFFIC_SECRET_0 e0edb6e6e480cecaa906041b46e5fb93168e8b3f71171fcf9a43353ac08f7fb5 5149839023086550b59b04944ddb52be9cf2a5f6438a99214a2b805a3867a1ea
SERVER_TRAFFIC_SECRET_0 e0edb6e6e480cecaa906041b46e5fb93168e8b3f71171fcf9a43353ac08f7fb5 6f5556039364cb6e3d05fe8b2a1545fe534f0bba3d8ecafc60e95047e147d454
EXPORTER_SECRET e0edb6e6e480cecaa906041b46e5fb93168e8b3f71171fcf9a43353ac08f7fb5 5c5615c5b95d11f6e2ca29542ba036a3ec0151513e0cc6d51190574452fc3d5f
CLIENT_HANDSHAKE_TRAFFIC_SECRET 3ab38389053614df24e34c21c28b87923800636f628ec07fc48663379cf67d60 98089e793bfba168e9c203a7ddf0e5d30c8ac8c389aab28926c9971751a53c2a
SERVER_HANDSHAKE_TRAFFIC_SECRET 3ab38389053614df24e34c21c28b87923800636f628ec07fc48663379cf67d60 7ab1d71aff9ed8a51fe55f00450d22c41ebbd2e78ff321a5dd21cbe17e40ee2d
CLIENT_TRAFFIC_SECRET_0 3ab38389053614df24e34c21c28b87923800636f628ec07fc48663379cf67d60 ed7f06bf039082a928efc37989401e7082c940455c89002f2112692a917b8e2c
SERVER_TRAFFIC_SECRET_0 3ab38389053614df24e34c21c28b87923800636f628ec07fc48663379cf67d60 3858fdecb2b36bf239dc6d64a68d13d9c0bdd0f998979df7d153f22151be3b94
EXPORTER_SECRET 3ab38389053614df24e34c21c28b87923800636f628ec07fc48663379cf67d60 f3da8a1ad73e6e8c65b64d5eee0e6bc95288de2098a0c187dfc5b0745b42076a
CLIENT_HANDSHAKE_TRAFFIC_SECRET 4a4b0f26e9c70fd6ce1be719bf2c6be6215e1042cf27ffc87f242f985328219b a5925a906d8ba2913f3ab454dab4678dc892dd552bb062ebcaaf988ec436bc1e
SERVER_HANDSHAKE_TRAFFIC_SECRET 4a4b0f26e9c70fd6ce1be719bf2c6be6215e1042cf27ffc87f242f985328219b e3e0d3a9eff336cc14e76114a331fe0093fb19480c0694506c43a2980f3ec0f1
CLIENT_HANDSHAKE_TRAFFIC_SECRET b8509e3f824c57bf3b210f21e34af16c6e2884b17b6ed1a72b82e8731f4e6812 43e787c23f31295c24f6b6464964ceacc1621b8bb62aafb922d07c5c8986c93f
SERVER_HANDSHAKE_TRAFFIC_SECRET b8509e3f824c57bf3b210f21e34af16c6e2884b17b6ed1a72b82e8731f4e6812 9ee2d13fb6aaa67cae4665e90e0236b95b7e35a0d1e255708af680157512e09e
CLIENT_HANDSHAKE_TRAFFIC_SECRET 5b866eb3e18b6497a0fd629dfd62d189d0aee0b14a4c9c92176608fccbb62f63 36850b5aeff98ef1fd506aa915be55b1e0e6a591f3bb5e41296c986927490641
SERVER_HANDSHAKE_TRAFFIC_SECRET 5b866eb3e18b6497a0fd629dfd62d189d0aee0b14a4c9c92176608fccbb62f63 9c2bb74651a0e8df0f56d73edd50441f5414c0f146cf3ef6c7faf05b56194ff0
CLIENT_TRAFFIC_SECRET_0 b8509e3f824c57bf3b210f21e34af16c6e2884b17b6ed1a72b82e8731f4e6812 07f5fc3370e75dac2b773dcc1b8e1c92de69cd7fc03f90ee60faea64ba765f54
SERVER_TRAFFIC_SECRET_0 b8509e3f824c57bf3b210f21e34af16c6e2884b17b6ed1a72b82e8731f4e6812 f933ae3a13f663a3f67f9515e6675b629268f6afb8a5489a9a1fe8ab12fe36bf
EXPORTER_SECRET b8509e3f824c57bf3b210f21e34af16c6e2884b17b6ed1a72b82e8731f4e6812 d24fc725a6c5d7a02ac7f649a83948358b2aaa766388f1b10178547de1ea7f57
CLIENT_TRAFFIC_SECRET_0 5b866eb3e18b6497a0fd629dfd62d189d0aee0b14a4c9c92176608fccbb62f63 9f525a98822c4a6fd7066d667924c751b196953e8141bb8234f4e2ef5c0d184e
SERVER_TRAFFIC_SECRET_0 5b866eb3e18b6497a0fd629dfd62d189d0aee0b14a4c9c92176608fccbb62f63 d230368f51fba88160cd1f66e07655fd13aa60b77d16019d77aa6f8944011301
EXPORTER_SECRET 5b866eb3e18b6497a0fd629dfd62d189d0aee0b14a4c9c92176608fccbb62f63 7186a4436fe95f315431e7650f5453cdc82b63193574de1368a580c525204a06
CLIENT_HANDSHAKE_TRAFFIC_SECRET f61f91ad321a5245ab4987aa976b96e819851e753dff4d3f95c0b994ffac9b66 c9890524fabeb91ed722fb5cf7c6877e1b48e110034828c5c8828c15e083cf6b
SERVER_HANDSHAKE_TRAFFIC_SECRET f61f91ad321a5245ab4987aa976b96e819851e753dff4d3f95c0b994ffac9b66 9335e24e2f2ec1578e07a434e166772337bd1d99041aaae5ccafa28bf200d850
CLIENT_TRAFFIC_SECRET_0 f61f91ad321a5245ab4987aa976b96e819851e753dff4d3f95c0b994ffac9b66 cd02a61aa53273a3957b1d7289baaad00522661af27b14e64ee0c74d014eea50
SERVER_TRAFFIC_SECRET_0 f61f91ad321a5245ab4987aa976b96e819851e753dff4d3f95c0b994ffac9b66 82670af959131667b5c39e638e52d9bd9ac45b05cf0b16e9e41820dc9b24d300
EXPORTER_SECRET f61f91ad321a5245ab4987aa976b96e819851e753dff4d3f95c0b994ffac9b66 dd7d0436c1d4812f93fabaacac4167f24c275211b4eb3e0270f0f39b8d5f9349
CLIENT_HANDSHAKE_TRAFFIC_SECRET 0f1fd868f216f855f3da047c3b52e1a926200c328a5df16c92446c6953ef4636 d8e364d1bd99955730c7a22ea4bb336626afe13bf1190cdc657d60932b7a83e9
SERVER_HANDSHAKE_TRAFFIC_SECRET 0f1fd868f216f855f3da047c3b52e1a926200c328a5df16c92446c6953ef4636 92a1c5d4f8c1326a5be6acac5f41432b2e3b64c0041df662d2a203e2fd49e8d6
CLIENT_TRAFFIC_SECRET_0 0f1fd868f216f855f3da047c3b52e1a926200c328a5df16c92446c6953ef4636 caa35dfa12892312834bfd53b62cf8faf490dd92c7cfd4e9d5ab0a430609815e
SERVER_TRAFFIC_SECRET_0 0f1fd868f216f855f3da047c3b52e1a926200c328a5df16c92446c6953ef4636 9b223573f549cf0a95d249ffd2d644ce5c669a40e33a5de9a0fcd4841d7f80b2
EXPORTER_SECRET 0f1fd868f216f855f3da047c3b52e1a926200c328a5df16c92446c6953ef4636 128e3821902d25735119d2c6967a1daff4f77bdbf95945963c487b627d1d2008
CLIENT_HANDSHAKE_TRAFFIC_SECRET 7f0ea34a00b4d7bc00a388ea2392c7576237b587713fc009cb46594247af1854 c9739db4f653e461963c95b8b49542a30cc6c545ef7299523ffe91797c615f5d9fff7faf2132f21e8633486d182d5b08
SERVER_HANDSHAKE_TRAFFIC_SECRET 7f0ea34a00b4d7bc00a388ea2392c7576237b587713fc009cb46594247af1854 438f6e94c765b82557e29c2ece0ad2d49c951d00ad086d4b06df0518f13a969f50d99a5d79574773c827e9c60bf54d25
CLIENT_TRAFFIC_SECRET_0 7f0ea34a00b4d7bc00a388ea2392c7576237b587713fc009cb46594247af1854 d0a8b8400a88056e3051ea6e524ca903cf10d77738371a84a5985cfbfd377f199c54be4800460268e386c1e281ac4ffb
SERVER_TRAFFIC_SECRET_0 7f0ea34a00b4d7bc00a388ea2392c7576237b587713fc009cb46594247af1854 9258345fead55b9838614df21f60fe2baa209b9a57821f47bd9b4b2e30698d8ad2dcb84e87ce3f4fbeb2d8c8f9e55938
EXPORTER_SECRET 7f0ea34a00b4d7bc00a388ea2392c7576237b587713fc009cb46594247af1854 bf67c93d0ad41b34c29e2399267215bb99d991551e43cbfabbbd71b2eb4d3512990189789c57ee9d835439bd2e79078c
CLIENT_HANDSHAKE_TRAFFIC_SECRET 744ea13ac7f5b771d031a30b1acdc2e0e2830934a2c4ee6782be68b8545b360c 7d240efd7a8d82ec00cb9c6aa0e9689d58f0f959791c900eeb6dfe4c6e45915c3573034793f129837170a91004d29e1b
SERVER_HANDSHAKE_TRAFFIC_SECRET 744ea13ac7f5b771d031a30b1acdc2e0e2830934a2c4ee6782be68b8545b360c c1b7c8dc086442f2563963c50e0c2f6bbabeb31645b357adbb2f94cd8d51c9020cc179595d7d7d31a2b21282363b2318
CLIENT_TRAFFIC_SECRET_0 744ea13ac7f5b771d031a30b1acdc2e0e2830934a2c4ee6782be68b8545b360c 54d29f1598f6e8bda822255f223ca034a15005bfb0f3a3548a8a8d571e4368993335f77914b7fcdf22322ff0b4d7ff1d
SERVER_TRAFFIC_SECRET_0 744ea13ac7f5b771d031a30b1acdc2e0e2830934a2c4ee6782be68b8545b360c 7ab8d47f322f9a44c19bdb5fa09da3d039e651f45d2a7c9d39bba93353ff33a7515a401d4cb304dd1987d11868dc422c
EXPORTER_SECRET 744ea13ac7f5b771d031a30b1acdc2e0e2830934a2c4ee6782be68b8545b360c e5257f56081eaf20cf7384e9b14a4855aafaa2d29747eb52904d5d0f38b27a67d68a57181ab3515349cbe04727066df7
CLIENT_HANDSHAKE_TRAFFIC_SECRET eddead409538ba1c0af1a49373f547bd6fa98d07e41fd5c4cab167b99dd92423 42ad196044017c3a057665fe8dc7299013b1cf75be4f8bfb2839306f2ad9e25cc14396a022974accac0332b077b5faf3
SERVER_HANDSHAKE_TRAFFIC_SECRET eddead409538ba1c0af1a49373f547bd6fa98d07e41fd5c4cab167b99dd92423 9105a233a4a36dcb3424a5afa4e71edad10fce27e649fc220269f3816868c751344d285647c3e773611f58c30258ca55
CLIENT_TRAFFIC_SECRET_0 eddead409538ba1c0af1a49373f547bd6fa98d07e41fd5c4cab167b99dd92423 c77109d2348b5c2b1280525f9a2edb0155e99291d287c9fda8526921f1ce5b4d9ff6ac974df65af3d285b7b30d5ab541
SERVER_TRAFFIC_SECRET_0 eddead409538ba1c0af1a49373f547bd6fa98d07e41fd5c4cab167b99dd92423 e7de07eae9ed6415be768aa73594f2fba9fa8a282fe77caa8a91b48fef07e591d6d2b28d81bcc25770088f439fa7f3f4
EXPORTER_SECRET eddead409538ba1c0af1a49373f547bd6fa98d07e41fd5c4cab167b99dd92423 fa94219540e2b09f468d482a7e30232c91ea9803587c63454c04402badd295806fa580baae3c45ba30c430a188f7863a
CLIENT_HANDSHAKE_TRAFFIC_SECRET 10257666ed4a7de7263afbd2922b0d30eaddec5ad9bc365a478da2d3875472ee a1dbf52ad34efac5e01c8be1a5ad9224393307b10d47afa54f5b0d205b1f7f88
SERVER_HANDSHAKE_TRAFFIC_SECRET 10257666ed4a7de7263afbd2922b0d30eaddec5ad9bc365a478da2d3875472ee 55851bc28488776da7b895300d311b0e30f63a02ec695b66be0f43154fc435e5
CLIENT_HANDSHAKE_TRAFFIC_SECRET f9bd5dd7b2725958abdf64b81bcd8367017dc061b4db1ce793bbff1d5d311149 d14a0cc1458253688c2a63e6792d73ab35c4d4795793a257e2cf9b5fd669afec
SERVER_HANDSHAKE_TRAFFIC_SECRET f9bd5dd7b2725958abdf64b81bcd8367017dc061b4db1ce793bbff1d5d311149 16bcf4e30085b7a83796fe3308cfeb02a4893afff308b0bf98836d945064b729
CLIENT_TRAFFIC_SECRET_0 10257666ed4a7de7263afbd2922b0d30eaddec5ad9bc365a478da2d3875472ee 764d6fbbea1031ef9db6bdf6e18845348fa73e7e6f537aa3e86a3efc19e4e416
SERVER_TRAFFIC_SECRET_0 10257666ed4a7de7263afbd2922b0d30eaddec5ad9bc365a478da2d3875472ee 4cb7e7ba38e7ac2c3f07adcab1a80a0992afdc4b3b9266dc0380ba472bdb4d6e
EXPORTER_SECRET 10257666ed4a7de7263afbd2922b0d30eaddec5ad9bc365a478da2d3875472ee 8e464b778c81647da26b56ae954f7fb20e0d8d71448381b9a468fc9fb15e35a4
CLIENT_TRAFFIC_SECRET_0 f9bd5dd7b2725958abdf64b81bcd8367017dc061b4db1ce793bbff1d5d311149 9887bfab56874ff5427bf37a38072b66b46017408ebd22dd113241e7abd788d9
SERVER_TRAFFIC_SECRET_0 f9bd5dd7b2725958abdf64b81bcd8367017dc061b4db1ce793bbff1d5d311149 b8f6a1c11f1b9ebab36a95d73bc89f8a2de6d33f3a2b06293d6687b79f0010bc
EXPORTER_SECRET f9bd5dd7b2725958abdf64b81bcd8367017dc061b4db1ce793bbff1d5d311149 3139ffa33347eb7b7a61f303664f6ebed3c2fe3a91efed213305a5885cdef309
CLIENT_HANDSHAKE_TRAFFIC_SECRET 3c6e4bd77f4484264908ebd67259f277747205195eaab3449ef54f6f349ec038 1011bcc8b3469a2858dae442b7642e5af76594ecc8a7fe7cd6576fb723aa97d9
SERVER_HANDSHAKE_TRAFFIC_SECRET 3c6e4bd77f4484264908ebd67259f277747205195eaab3449ef54f6f349ec038 95468ad0e5995a84605ddc6ba488242df9cbb8f8a09c27a683fbf8a0d5bfa89d
CLIENT_TRAFFIC_SECRET_0 3c6e4bd77f4484264908ebd67259f277747205195eaab3449ef54f6f349ec038 9975460b2638d59532183c1101c3c39c5b031be705f90ede31024bc2a0e03987
SERVER_TRAFFIC_SECRET_0 3c6e4bd77f4484264908ebd67259f277747205195eaab3449ef54f6f349ec038 7e516ea9198144f8ecb9557b0921575a97e87aa5c907b652de61687547b6a510
EXPORTER_SECRET 3c6e4bd77f4484264908ebd67259f277747205195eaab3449ef54f6f349ec038 5c8a47544981c31f665b9dc084212c5d999c8b19e114cc361d67d81a4a5e5d75
CLIENT_EARLY_TRAFFIC_SECRET 403f085193ef2c87ab53dfb696eac2805cb576011a32ef288256b0b42206c1ed fae51bdff1ec5323d000bfd5701287afc913bdff77cdbb3a37fb753f2edcfd37
CLIENT_HANDSHAKE_TRAFFIC_SECRET 403f085193ef2c87ab53dfb696eac2805cb576011a32ef288256b0b42206c1ed 684deec16c68a3c43bc7d7c8fae7ef3da7e44475925e8d871009a4870d4e2b57
SERVER_HANDSHAKE_TRAFFIC_SECRET 403f085193ef2c87ab53dfb696eac2805cb576011a32ef288256b0b42206c1ed 157bceb0004a8ca1b5f844489c027ace267f4721d8bdb204ccaf463de4d9f87d
CLIENT_TRAFFIC_SECRET_0 403f085193ef2c87ab53dfb696eac2805cb576011a32ef288256b0b42206c1ed 7f3bc9bbee6e18ab68dfd76b2abe67828e9474a50e66abec60aab3f4c8319d02
SERVER_TRAFFIC_SECRET_0 403f085193ef2c87ab53dfb696eac2805cb576011a32ef288256b0b42206c1ed 091c478899b015102322d5b8f25c78c3e3c8f36b38d78cc3f0621944b5e24c6e
EXPORTER_SECRET 403f085193ef2c87ab53dfb696eac2805cb576011a32ef288256b0b42206c1ed 4c5178aa7d946983cfe47fa88430bb88aad4ae9f114a539daa4baf6badb3db38
CLIENT_HANDSHAKE_TRAFFIC_SECRET 0588a04e028d40a039592cc64606291daa70df274c174a652bbaab70059fa6a1 a07c9f7596d4767b328b66d5a6fcbb9eb3840708aa3ef07df50b420aa42b5c4a
SERVER_HANDSHAKE_TRAFFIC_SECRET 0588a04e028d40a039592cc64606291daa70df274c174a652bbaab70059fa6a1 d709f56e8d5af3dd77e2165f50cdd426c367d5670041d2db8b48a8c26dc4264d
CLIENT_TRAFFIC_SECRET_0 0588a04e028d40a039592cc64606291daa70df274c174a652bbaab70059fa6a1 f7b656cf72f15091059469e1d16d4c9af7b0b3dc5374b0de39cd2aa4b05678fa
SERVER_TRAFFIC_SECRET_0 0588a04e028d40a039592cc64606291daa70df274c174a652bbaab70059fa6a1 73ef9ed4a55bec198979c6ed0557cb81b0799c354f892dd53de2dc0102e7991e
EXPORTER_SECRET 0588a04e028d40a039592cc64606291daa70df274c174a652bbaab70059fa6a1 e1e74109e573e5c0e115b07f20bbee2f23be3ea998e1dccdfe4b3f42d1e70b29
CLIENT_HANDSHAKE_TRAFFIC_SECRET a157ef8db09a199606b0718c8f7c2b24ded317abd2bcf72cd99c7d761c073800 5f5686fbdb62170c414a3c90ba828f22e842019aaa8eb49076304378ba46e92f
SERVER_HANDSHAKE_TRAFFIC_SECRET a157ef8db09a199606b0718c8f7c2b24ded317abd2bcf72cd99c7d761c073800 9a17cc9a8836be5ff05b8d7b4cbc4e58f6e2b89aa241dad3111462f8ab333e3e
CLIENT_TRAFFIC_SECRET_0 a157ef8db09a199606b0718c8f7c2b24ded317abd2bcf72cd99c7d761c073800 3dbb045738506eb77afcccc5468b2ce09eebc47bec1daba4ed3c2b1e9e48ae51
SERVER_TRAFFIC_SECRET_0 a157ef8db09a199606b0718c8f7c2b24ded317abd2bcf72cd99c7d761c073800 e4dc1479289213c160644ca8d9bdc9696e88dadb45ac93aff31957ecf23a4774
EXPORTER_SECRET a157ef8db09a199606b0718c8f7c2b24ded317abd2bcf72cd99c7d761c073800 5c1af83e0c22b715c47397d3c4e6d713dcf1c6786a90a77ea4002de7b9558064
CLIENT_HANDSHAKE_TRAFFIC_SECRET e470df950f1f4bfc2e57dd1df1a1a665b6bc7b720b6506d9aa1ffe4965abbb69 630640c4e18db4148a669bb51770c0afce355446a1547b9a3195364c8847176d
SERVER_HANDSHAKE_TRAFFIC_SECRET e470df950f1f4bfc2e57dd1df1a1a665b6bc7b720b6506d9aa1ffe4965abbb69 762afd6dca6882dc8b2f5eff5684b9b1c3758344652c26a92b03eb1a832562d9
CLIENT_TRAFFIC_SECRET_0 e470df950f1f4bfc2e57dd1df1a1a665b6bc7b720b6506d9aa1ffe4965abbb69 2772e6c3411b87c8d1df5c2bdc80d27259fdecd8bf9ca50e4a289f4538960dd8
SERVER_TRAFFIC_SECRET_0 e470df950f1f4bfc2e57dd1df1a1a665b6bc7b720b6506d9aa1ffe4965abbb69 0c1372789ad8eee286f912d817ec6143e19bfaed76f533dcdea916019fb2d648
EXPORTER_SECRET e470df950f1f4bfc2e57dd1df1a1a665b6bc7b720b6506d9aa1ffe4965abbb69 259922de0b5e9f8c023060dfd12328335e2f10333988c49e5e7ddf2a041e0d13
CLIENT_HANDSHAKE_TRAFFIC_SECRET e046421e0b43e494b0317baa788669d014cacbcfdd6b8690c4eb9abf3a1860a5 06eb24bc10caaef7384e4f6dfbdad0e6d2b349d65f094e174b3eaa67715b0316
SERVER_HANDSHAKE_TRAFFIC_SECRET e046421e0b43e494b0317baa788669d014cacbcfdd6b8690c4eb9abf3a1860a5 62d9fe5757544b1b454cb21f73a5274052dd10098463774bff87d58dcbe9fbe0
CLIENT_TRAFFIC_SECRET_0 e046421e0b43e494b0317baa788669d014cacbcfdd6b8690c4eb9abf3a1860a5 2b73cee2906f82781cca34f44634770e0ef0681c777bd5ec58414ce2389772e9
SERVER_TRAFFIC_SECRET_0 e046421e0b43e494b0317baa788669d014cacbcfdd6b8690c4eb9abf3a1860a5 16f2d840801affc0c3086f4aae3de34580c7d812d8d3d31c25d27e5142a26035
EXPORTER_SECRET e046421e0b43e494b0317baa788669d014cacbcfdd6b8690c4eb9abf3a1860a5 5e07db9b4a22d81fff350a6207fa81d472fe4c32d5554f67cb0a37b27f5b4fe6
CLIENT_HANDSHAKE_TRAFFIC_SECRET 3e3bd292c17bde07f42e0d153aa54584da59cfc3b52c5c5533b7f58f06e5c1ee ec7a1b011a4f991694adb65fbde82ec40ffc466c6fadc3d904ea3939db41ee0b9d058bde235f3f57f94d6a6065cd75ca
SERVER_HANDSHAKE_TRAFFIC_SECRET 3e3bd292c17bde07f42e0d153aa54584da59cfc3b52c5c5533b7f58f06e5c1ee 6981f45ad26758d13f440c5e32dd52f7889237617c603f8be79065f86f880bf0198bdb863862e897f2ceb886bfc426ec
CLIENT_TRAFFIC_SECRET_0 3e3bd292c17bde07f42e0d153aa54584da59cfc3b52c5c5533b7f58f06e5c1ee 1d35577e48b5ea63b896fee7fcf03276cd8e0843976e768c2c7eb2fdaced259a39db32dbbf778413fec6f585113892eb
SERVER_TRAFFIC_SECRET_0 3e3bd292c17bde07f42e0d153aa54584da59cfc3b52c5c5533b7f58f06e5c1ee 79eab9bc0b27aeb7251f9d16b5c8353695977cdcd888c51c33e354bff3cb8f6334de267448317bd72015cf0a7a486c77
EXPORTER_SECRET 3e3bd292c17bde07f42e0d153aa54584da59cfc3b52c5c5533b7f58f06e5c1ee 79909d8faa54b205736f3cb2c35f6da6c235808305ab5a5d6b547032c5ee092a0119ca95bef35f0216ae94d20d3c7742
CLIENT_HANDSHAKE_TRAFFIC_SECRET b17cb60ca6cefa6c5f0173a749ed3bf2d256059bb0f27a9b7a894b3707c9cb4f b4b3d9aa92a11c91dc3a6f722cf134bee0802323318377a380c24a6ad78b788a
SERVER_HANDSHAKE_TRAFFIC_SECRET b17cb60ca6cefa6c5f0173a749ed3bf2d256059bb0f27a9b7a894b3707c9cb4f 21d56be15c47c0fcfa4b3acc480684e791269c26be5fde64d9be223938cf7156
CLIENT_TRAFFIC_SECRET_0 b17cb60ca6cefa6c5f0173a749ed3bf2d256059bb0f27a9b7a894b3707c9cb4f 8256107c1a03e187cf849f480e9519f1298b7dec8963697b3facdc483cea0d2f
SERVER_TRAFFIC_SECRET_0 b17cb60ca6cefa6c5f0173a749ed3bf2d256059bb0f27a9b7a894b3707c9cb4f 6da06082405434ae8a5145c0f8c9bcbd54f32a048db61545cb33364624e1ea7f
EXPORTER_SECRET b17cb60ca6cefa6c5f0173a749ed3bf2d256059bb0f27a9b7a894b3707c9cb4f 89ea8068b762cdf768432054ae1ddc60933653e161ab707a1f9159627c433223
CLIENT_HANDSHAKE_TRAFFIC_SECRET b55b158283b7f8f7090cc4e7918f94ac5667ecc69c7092582c1951dff0c5f56c 679d864d0abaceccd68db28c25011e7e9e1127a3f2f3495129eb8b4c69695e7945e4340a87b6de5643a02cff96fce5d2
SERVER_HANDSHAKE_TRAFFIC_SECRET b55b158283b7f8f7090cc4e7918f94ac5667ecc69c7092582c1951dff0c5f56c b1be57b8f00d2b0ab54d65b7460fffbb61f42c76d9695c440c87447a040d0e0331ee6df14a020a9e73357250396372db
CLIENT_TRAFFIC_SECRET_0 b55b158283b7f8f7090cc4e7918f94ac5667ecc69c7092582c1951dff0c5f56c 662884477000c39ab1f63e7997b32c32a4ad209414089c0f044b9a7cc6cf79a57e3864bfd8cbb7cc2655cd04aeaf949b
SERVER_TRAFFIC_SECRET_0 b55b158283b7f8f7090cc4e7918f94ac5667ecc69c7092582c1951dff0c5f56c 2586d309bc8ffd94c5716d8918772cdefd2185b7d162c054f65e4c0540811bb0f3c25b706e393479dd04e1dea674e214
EXPORTER_SECRET b55b158283b7f8f7090cc4e7918f94ac5667ecc69c7092582c1951dff0c5f56c 55e8363e0be0b01cccbcfdfc8f3f3b63e1b879e05341d8a43f8089aa3ae5a8dd46b9e85fbdd697b122138b5caa277542
CLIENT_HANDSHAKE_TRAFFIC_SECRET c80843f49054c076059e71dd4a1475ce23d106d1632c987e50a93afaf2b6ba7b 9472f99b6163d78c20c6c42378e8e7a0cfc6ef4966df11e02de6b28df479244c
SERVER_HANDSHAKE_TRAFFIC_SECRET c80843f49054c076059e71dd4a1475ce23d106d1632c987e50a93afaf2b6ba7b be3b432b10ac819556fdef39c57b88c5cc1a3ca71b2495e48aed6ebd615c981a
CLIENT_TRAFFIC_SECRET_0 c80843f49054c076059e71dd4a1475ce23d106d1632c987e50a93afaf2b6ba7b 352cf6f5063215f01c33c52e422ba7b3686bf53b8abbfee251f2938a61c19d73
SERVER_TRAFFIC_SECRET_0 c80843f49054c076059e71dd4a1475ce23d106d1632c987e50a93afaf2b6ba7b 5ca8460bbab5784de43137a5066b9c9dd7a43ab32c6ade63febd1771c2b4036e
EXPORTER_SECRET c80843f49054c076059e71dd4a1475ce23d106d1632c987e50a93afaf2b6ba7b e07b57b61d7855119d92e12ca62c5ed4df3f32d7a37c9608c64de74fde8819d6
CLIENT_HANDSHAKE_TRAFFIC_SECRET d41ab583f879d40bde99c8e3897dc0ec20064afa6da09cf2e7e125f49b1d81cf f564182bf09d449ddd7d16e3c9c39433aef98497d266791532b8bc9210e6e849
SERVER_HANDSHAKE_TRAFFIC_SECRET d41ab583f879d40bde99c8e3897dc0ec20064afa6da09cf2e7e125f49b1d81cf 0fc979da3b43fecc2c05a528a0ddd0a8fb9b988f3b1f0aa67c3ab496add88599
CLIENT_TRAFFIC_SECRET_0 d41ab583f879d40bde99c8e3897dc0ec20064afa6da09cf2e7e125f49b1d81cf 190cf4990f88512c25a3377b989bbb22ce654594a2beef237cd4541f83c73785
SERVER_TRAFFIC_SECRET_0 d41ab583f879d40bde99c8e3897dc0ec20064afa6da09cf2e7e125f49b1d81cf 98e2ab5e33c6adab30082e186e9f57822de1565fde8f7d98e29ba9f26d876435
EXPORTER_SECRET d41ab583f879d40bde99c8e3897dc0ec20064afa6da09cf2e7e125f49b1d81cf 67ce465d97e936733b5f4aaa6cf6b57b518bcfdc48a017799a1ffafda3ea0401
CLIENT_HANDSHAKE_TRAFFIC_SECRET 4b098cb0f0743bd65b3aa327332e1b45b4d80ba4a89ebd017106076c1f3093fa b29bdc5d71dfcb987ef1e2e66cfcfd9a6485043a6aa57edfd123ce9faca3a083
SERVER_HANDSHAKE_TRAFFIC_SECRET 4b098cb0f0743bd65b3aa327332e1b45b4d80ba4a89ebd017106076c1f3093fa a1628d2556db26301d55727f3e8deacbb43240c166063ccdfe5f710f7145ae2c
CLIENT_TRAFFIC_SECRET_0 4b098cb0f0743bd65b3aa327332e1b45b4d80ba4a89ebd017106076c1f3093fa aeefd8bb85950eb3f3bc0c5b1420e758c74113d25fcf8af3673341aab385fc42
SERVER_TRAFFIC_SECRET_0 4b098cb0f0743bd65b3aa327332e1b45b4d80ba4a89ebd017106076c1f3093fa c59baf7c2bf1108f9bed11315cc111077e395c225a2e0633dc2d3cf2783768ee
EXPORTER_SECRET 4b098cb0f0743bd65b3aa327332e1b45b4d80ba4a89ebd017106076c1f3093fa 236eaaf6fdda3ae5b0b648ae52db4905b6b65f8e54ab208d92ce75bc50dc6991
CLIENT_HANDSHAKE_TRAFFIC_SECRET c44879887550c579d9cd1e1058b0af401caae36f7181d857bc26e6cc71116426 87752521ef02027efae05371e887dfcd73bd850c690f9c1adca8eb013b3b649e
SERVER_HANDSHAKE_TRAFFIC_SECRET c44879887550c579d9cd1e1058b0af401caae36f7181d857bc26e6cc71116426 1461ad399a67ca283bc3941f5d5a9ccb1a95812779c8db4055cbfd618ae93594
CLIENT_TRAFFIC_SECRET_0 c44879887550c579d9cd1e1058b0af401caae36f7181d857bc26e6cc71116426 8c829bdfaa11ac3666e9b0bfd3ef3b7d35c0e23715b01bcb513e32e20a403c0b
SERVER_TRAFFIC_SECRET_0 c44879887550c579d9cd1e1058b0af401caae36f7181d857bc26e6cc71116426 93ae14e05c28ed32323391ef8e1731706308417434b5b8a3c76d7988020637c9
EXPORTER_SECRET c44879887550c579d9cd1e1058b0af401caae36f7181d857bc26e6cc71116426 f25a106faf1e63a5779d7afed661fb058951943fd1213e06928f5f56243eb15c
CLIENT_EARLY_TRAFFIC_SECRET 29b4c81e43adbb5b0bb5d72b1e8ff43d3ab0a7e81c35f7449cb3655b60170fbc 699ffe804b4327b38966d6dcd6ff265e9baefd6951e7b1a931556623a632fd3e
CLIENT_HANDSHAKE_TRAFFIC_SECRET 29b4c81e43adbb5b0bb5d72b1e8ff43d3ab0a7e81c35f7449cb3655b60170fbc bb1696a68d28c7957291e88d3978f33adc4484f5802595a06c5a3bbb8b8ec9d1
SERVER_HANDSHAKE_TRAFFIC_SECRET 29b4c81e43adbb5b0bb5d72b1e8ff43d3ab0a7e81c35f7449cb3655b60170fbc 53f014ba63d9ac433ca47673189d305f1f510586b113116ae546b5ae04b212ca
CLIENT_TRAFFIC_SECRET_0 29b4c81e43adbb5b0bb5d72b1e8ff43d3ab0a7e81c35f7449cb3655b60170fbc 81641d7447b267447013e859a5967e5d9983af08f54c35e54417a8afdacc8d5b
SERVER_TRAFFIC_SECRET_0 29b4c81e43adbb5b0bb5d72b1e8ff43d3ab0a7e81c35f7449cb3655b60170fbc 56114aef6be90210190cd413bcd9ded10297d70b7a767df3f35428b2754b6205
EXPORTER_SECRET 29b4c81e43adbb5b0bb5d72b1e8ff43d3ab0a7e81c35f7449cb3655b60170fbc 0338583da6de39f413f5e895ae75c39b6f54a83af35962c8d50a4679df509d05
CLIENT_EARLY_TRAFFIC_SECRET cc501a21bcc6f6830d244e828b4e36dbe68dc802d312dc8c723a2499ccd225f9 a8f2c347332ae70c684c549ec2bc180de0213b044eec7c75f32d1b5b6c3f57e6
CLIENT_HANDSHAKE_TRAFFIC_SECRET cc501a21bcc6f6830d244e828b4e36dbe68dc802d312dc8c723a2499ccd225f9 d02f237d7463895af78f12506561abdf4fd9fa670180eae2ccc7cccf35b34760
SERVER_HANDSHAKE_TRAFFIC_SECRET cc501a21bcc6f6830d244e828b4e36dbe68dc802d312dc8c723a2499ccd225f9 ee07811366728f037c7b025a9aa145d5e1cce645ee00ce130815dd3dfb29d3d8
CLIENT_TRAFFIC_SECRET_0 cc501a21bcc6f6830d244e828b4e36dbe68dc802d312dc8c723a2499ccd225f9 db378ff68816a6d03b44bce49c4cd10f2f43d95a96138d98c99eec4f1412e680
SERVER_TRAFFIC_SECRET_0 cc501a21bcc6f6830d244e828b4e36dbe68dc802d312dc8c723a2499ccd225f9 b8a8b4db767043f2098af4677c992af065e9c4f71827f4e11c709d6b07d94a9a
EXPORTER_SECRET cc501a21bcc6f6830d244e828b4e36dbe68dc802d312dc8c723a2499ccd225f9 4766d2cabc8678d1537d36034129db29527666a4b19f6b71e3e8e309a93353bb
