CLIENT_HANDSHAKE_TRAFFIC_SECRET 770294af90df74e239eadc4dac29f66d041cc952b0ce41a330b7c2b45cfaae09 56ff968d15470c5befa1b827f24301782c49f9611e06fc1b4c5aa54c36907a10
SERVER_HANDSHAKE_TRAFFIC_SECRET 770294af90df74e239eadc4dac29f66d041cc952b0ce41a330b7c2b45cfaae09 64b654b1d0959ad9e8c59c7e0c10504967c070beb726705d46ddb4715ed6677d
CLIENT_HANDSHAKE_TRAFFIC_SECRET 89e78e39d83e33ec837acb2cb73747411fdd8b01ed9a3a1002d5f7da5b111b6a 3245c9b2f8db1c824bcdc460f4678820ddbaf38c19324756b51cfc964c35e397e95937c9aaf6a728dc3c77b76b9163a2
SERVER_HANDSHAKE_TRAFFIC_SECRET 89e78e39d83e33ec837acb2cb73747411fdd8b01ed9a3a1002d5f7da5b111b6a 0084eb90e63f8624ed20470a074e756b098a0c73ae4df3fe67b99bf9be18d88a4024c438dbba61e340fc91ce62e78cb3
CLIENT_HANDSHAKE_TRAFFIC_SECRET e67fa28d1cde80741b1623056f71fe27650d033f19b80bf97fd0381e80ad2389 87fa34bd60e0f77a9200871024ce97419728cf2f69b2eb3fa60d096547505095
SERVER_HANDSHAKE_TRAFFIC_SECRET e67fa28d1cde80741b1623056f71fe27650d033f19b80bf97fd0381e80ad2389 9768e3d4acb0717f6b776b53713b72f2e9e5e6779320e9af08179f09adbfc9ee
CLIENT_HANDSHAKE_TRAFFIC_SECRET 276c8bde4e412629e13aca5201a2418d563cf8350811b9a1eae5a3dd959cc90c 8d1c08c4ac75d75b7d643c0e49c46c8c761ae9664a39f61676ca7e761adc38d0
SERVER_HANDSHAKE_TRAFFIC_SECRET 276c8bde4e412629e13aca5201a2418d563cf8350811b9a1eae5a3dd959cc90c a0363e646af69688b5b35856a3fd4c5f15e410757254d41087c3dd361034f5cb
CLIENT_TRAFFIC_SECRET_0 89e78e39d83e33ec837acb2cb73747411fdd8b01ed9a3a1002d5f7da5b111b6a 0368eee6873e45004963ef077077dd2d82cbc89fd89f21df95373b8044c5a008b057ef42d67670046c3970da8ce6778e
SERVER_TRAFFIC_SECRET_0 89e78e39d83e33ec837acb2cb73747411fdd8b01ed9a3a1002d5f7da5b111b6a 384cb4537395a240bb7c598d7adc8cf983100a7f1d4b13f944dd5990f25e28a17cd7669c6f4accfa87b62827bf7aca77
EXPORTER_SECRET 89e78e39d83e33ec837acb2cb73747411fdd8b01ed9a3a1002d5f7da5b111b6a 3b58322e7bb4ac0d9cf7a999740922a51d3d28d749a908f2149887a07a6871ec594cc682f4fb6019e26bcea8d52236ac
CLIENT_HANDSHAKE_TRAFFIC_SECRET b129494952f5542e5cd083c24cb481198dc90e0af9453590c9aa06c49c1d4365 b120e321ef53039a7093f91b9b2afd0b15d0143270dfdb4d7566e5c8f63fa76d
SERVER_HANDSHAKE_TRAFFIC_SECRET b129494952f5542e5cd083c24cb481198dc90e0af9453590c9aa06c49c1d4365 ba321598cf5376f254b2bb8686d3fdbec9653911fb87369cee6911e81710ad12
CLIENT_TRAFFIC_SECRET_0 770294af90df74e239eadc4dac29f66d041cc952b0ce41a330b7c2b45cfaae09 1dadf3373873cf1d93e107be48a3dc2a7198b617a05e5c9881da1a3f594d0dbf
SERVER_TRAFFIC_SECRET_0 770294af90df74e239eadc4dac29f66d041cc952b0ce41a330b7c2b45cfaae09 598455d9512cca1f358a2903eb910d32a8649ff09ace9689f43cafb33634d54e
EXPORTER_SECRET 770294af90df74e239eadc4dac29f66d041cc952b0ce41a330b7c2b45cfaae09 1e730fd1a042cf45cf9cdf954fbea578078bd7fd557b14a170035bbe4915d3d7
CLIENT_TRAFFIC_SECRET_0 e67fa28d1cde80741b1623056f71fe27650d033f19b80bf97fd0381e80ad2389 18031bebbc65b3714f35a6b3cd9d136e080ebf2b994229db37b3b1c438f37171
SERVER_TRAFFIC_SECRET_0 e67fa28d1cde80741b1623056f71fe27650d033f19b80bf97fd0381e80ad2389 d535aaa1342bcb97863edc20e043d532903c2c6e142715898e3cf7b72f37a06c
EXPORTER_SECRET e67fa28d1cde80741b1623056f71fe27650d033f19b80bf97fd0381e80ad2389 6253e1b3ff40d04de04b61a543ab1ff89eeb456d5f41008e5b3aed4f1a56c57d
CLIENT_TRAFFIC_SECRET_0 276c8bde4e412629e13aca5201a2418d563cf8350811b9a1eae5a3dd959cc90c 896b23dc187cf59bfe0dfe6d60f888ad7f46ae130839fb269c7eab6661c111e3
SERVER_TRAFFIC_SECRET_0 276c8bde4e412629e13aca5201a2418d563cf8350811b9a1eae5a3dd959cc90c e7eb21c9c6662e2004af86b4835a781b0390225bfd3ff5270f76d1396be91bd6
EXPORTER_SECRET 276c8bde4e412629e13aca5201a2418d563cf8350811b9a1eae5a3dd959cc90c d87e50d02ecd01a8aa6cc7fd22920352b6322e6304b28fb5409ac906b7e93973
CLIENT_TRAFFIC_SECRET_0 b129494952f5542e5cd083c24cb481198dc90e0af9453590c9aa06c49c1d4365 bc3e4c0aca1646352e9e3c7eff38b5e138c5e80aa28ada7df4dcc2aa7ec9cd94
SERVER_TRAFFIC_SECRET_0 b129494952f5542e5cd083c24cb481198dc90e0af9453590c9aa06c49c1d4365 122e8d47cabac13003cd6ae64b39db33b0f4e131ba0d289d1de0d37a9e18aaac
EXPORTER_SECRET b129494952f5542e5cd083c24cb481198dc90e0af9453590c9aa06c49c1d4365 4741fe314903946fbc823d698b15b2e0de1f3b1a181b2d7678078cb41c88983f
CLIENT_HANDSHAKE_TRAFFIC_SECRET 92e60bc8a8adc6bac4dffb065eb48ccef4e50c3e723689e33ffea0f1927ec632 d2b2eb334899394e91047cd2057327b22e21c037e679832965791a319e7b92b8
SERVER_HANDSHAKE_TRAFFIC_SECRET 92e60bc8a8adc6bac4dffb065eb48ccef4e50c3e723689e33ffea0f1927ec632 b851d26884f61ea78f7182f9583c865047728a5641d7281625943fb322bd1b9d
CLIENT_TRAFFIC_SECRET_0 92e60bc8a8adc6bac4dffb065eb48ccef4e50c3e723689e33ffea0f1927ec632 a2e17836b5a2519dadd2e558d4459baa2d7165c693da1c5c8030660a06408abb
SERVER_TRAFFIC_SECRET_0 92e60bc8a8adc6bac4dffb065eb48ccef4e50c3e723689e33ffea0f1927ec632 26b2b0a9529fb1d8dbf5e0a3a8644dea675b5f537c3a30571662f18f9555c66b
EXPORTER_SECRET 92e60bc8a8adc6bac4dffb065eb48ccef4e50c3e723689e33ffea0f1927ec632 c58a81e9cee60719649a94c4980f1a83ec4ff62c304e67e8882d5e30d039f7fe
CLIENT_HANDSHAKE_TRAFFIC_SECRET e97070a1282bf7290794d52139703f0eac23f5001b4f807245f7e5f39c8017fd 9523d88fd139ab2056fe74f2febdf04b8f07c73f2d0bd619f07242ecf431bbe2
SERVER_HANDSHAKE_TRAFFIC_SECRET e97070a1282bf7290794d52139703f0eac23f5001b4f807245f7e5f39c8017fd c415b261be0b83e8737b36fe4d0f5c65025fd672e9b1ff644e3615868bc466aa
CLIENT_TRAFFIC_SECRET_0 e97070a1282bf7290794d52139703f0eac23f5001b4f807245f7e5f39c8017fd 648ee2b98562fc410b6ec6e388134ec70f878cda2ad9c5fcbbd5d95cafee351c
SERVER_TRAFFIC_SECRET_0 e97070a1282bf7290794d52139703f0eac23f5001b4f807245f7e5f39c8017fd d371f35768b9c2f0d1c0503c4bb367139dbbb64d67ed49ae2624d9997b1f67c2
EXPORTER_SECRET e97070a1282bf7290794d52139703f0eac23f5001b4f807245f7e5f39c8017fd c9177db6ed146948c893f1331b1eaac3e10967b501cfdd434341721ccdc251a5
CLIENT_HANDSHAKE_TRAFFIC_SECRET 7ab99286ae7d48644c6245867991fa6cfb1001d5a689d19dbafe3bb08052fb62 9ea95d7d3586192b49b665369a78e3d2bc0caa2c0be684fba7fa7c2c139735be
SERVER_HANDSHAKE_TRAFFIC_SECRET 7ab99286ae7d48644c6245867991fa6cfb1001d5a689d19dbafe3bb08052fb62 da839bc03e23a65621866714d9fcf39f196639fb9a7bc00637421d4077c981df
CLIENT_TRAFFIC_SECRET_0 7ab99286ae7d48644c6245867991fa6cfb1001d5a689d19dbafe3bb08052fb62 5a1d469040b271dfc40d87aca67f69ddaa2ce6ac12bd4f4a92f963dcd0302a54
SERVER_TRAFFIC_SECRET_0 7ab99286ae7d48644c6245867991fa6cfb1001d5a689d19dbafe3bb08052fb62 59441d993fba21a7116b4d497a590ebd0a90cbfe36a18cfed6e35ff839b31a79
EXPORTER_SECRET 7ab99286ae7d48644c6245867991fa6cfb1001d5a689d19dbafe3bb08052fb62 f55c9d31f3fc46e9330341d84be0bbac541c666489c2c1c3622042056377b517
CLIENT_HANDSHAKE_TRAFFIC_SECRET 04fcb4bd5b1cb974c8f68009e803b0cac52a60c80a94e6729f7ed046f3edc003 4eed6d953b520444d95e2d8926a255b81ccd28360713d195e203a7ea8fe6117e
SERVER_HANDSHAKE_TRAFFIC_SECRET 04fcb4bd5b1cb974c8f68009e803b0cac52a60c80a94e6729f7ed046f3edc003 6342340db3fa0a2d244a8d0cf46f8500926842346cdf0d627097cd9714fda9eb
CLIENT_HANDSHAKE_TRAFFIC_SECRET 96176335c7597057552e881f75448a4936fa6e27057823049f6fe682c193faed 5ec2dd3e52a06d931bc54c64edd7283d0cbd81617c4ea6cd5d09cfe7987cc4ab6b261a42c10221cc79c0640a4c0fbb57
SERVER_HANDSHAKE_TRAFFIC_SECRET 96176335c7597057552e881f75448a4936fa6e27057823049f6fe682c193faed 425ac91b8d92e397df24d63b55ee573a628e2e0b0e3dc016120e1c58843c31ad07bd910299c81c8fd06d8532ccc6b7ff
CLIENT_TRAFFIC_SECRET_0 96176335c7597057552e881f75448a4936fa6e27057823049f6fe682c193faed 18c61cf4895fed2104193b61399da64aa60bb7653762518add47965434b2cadad0335138548419e7dd826125f915ad05
SERVER_TRAFFIC_SECRET_0 96176335c7597057552e881f75448a4936fa6e27057823049f6fe682c193faed 663cb3b99999c287674a75456dde8b01e85b61a077fe16ee109f185942f81e70b50108440d433dacae59c5228d0ac3eb
EXPORTER_SECRET 96176335c7597057552e881f75448a4936fa6e27057823049f6fe682c193faed 871f507ac8ce440543f48dbba8d90fbffc0a4070117a91d14cdb080f3eda5f9f8e214f20665dd063886c9695a6875835
CLIENT_TRAFFIC_SECRET_0 04fcb4bd5b1cb974c8f68009e803b0cac52a60c80a94e6729f7ed046f3edc003 cbab03f4792ee4dbe2f35e4d3d1f1df7393086217143e89a2d70a53be2d12c97
SERVER_TRAFFIC_SECRET_0 04fcb4bd5b1cb974c8f68009e803b0cac52a60c80a94e6729f7ed046f3edc003 93a621b75dbea963fc0b0d237d6af9cd8af72d2affe139cfd42b1d8ee2e720d7
EXPORTER_SECRET 04fcb4bd5b1cb974c8f68009e803b0cac52a60c80a94e6729f7ed046f3edc003 17d3667e7c5f001e8119077c8adf6e52b5ed4ffbadb8e7b88d73be8b5804a590
CLIENT_HANDSHAKE_TRAFFIC_SECRET ef6ce6c27b8b08d825db8de6b3eb2db5ebdc74d5c115c673e7f5012250f123a2 6b6d22487532d1654adcc6dae5225c7441382ef736948435f87bb8658387ac1d
SERVER_HANDSHAKE_TRAFFIC_SECRET ef6ce6c27b8b08d825db8de6b3eb2db5ebdc74d5c115c673e7f5012250f123a2 b9bf1d02ee3e69486504453f27d225b163ed75a58582f97f041e658beea1115d
CLIENT_TRAFFIC_SECRET_0 ef6ce6c27b8b08d825db8de6b3eb2db5ebdc74d5c115c673e7f5012250f123a2 f5dfafd154f984ad9dd9b6625e89bbff99ed3dcbf80a0d022cce988d92116037
SERVER_TRAFFIC_SECRET_0 ef6ce6c27b8b08d825db8de6b3eb2db5ebdc74d5c115c673e7f5012250f123a2 a49c029e33a793bcac7cdbba52dc70645f57ec3a6a114f410e8b5460c2dd75ae
EXPORTER_SECRET ef6ce6c27b8b08d825db8de6b3eb2db5ebdc74d5c115c673e7f5012250f123a2 74b8772fe3d526b3da6fe1a2a93831e6a0460053eecfa390fe178d84c07749ef
CLIENT_HANDSHAKE_TRAFFIC_SECRET c5eacad22a1a12b51f822a7afb86ee1cfca0abb987ebe65e3321e95749e21219 dddce7a675c33a54b28b85b553ff40ef06b82d460872f56f28fe4944e60e9e6a
SERVER_HANDSHAKE_TRAFFIC_SECRET c5eacad22a1a12b51f822a7afb86ee1cfca0abb987ebe65e3321e95749e21219 6b4d56f60254f74cf912c1b052d1b28c2d21cb85e9e8917419bb7e1a446d787d
CLIENT_TRAFFIC_SECRET_0 c5eacad22a1a12b51f822a7afb86ee1cfca0abb987ebe65e3321e95749e21219 3359d02459340074cc2e9f7919096c30a30e49da27825c5ef2640273646db3f5
SERVER_TRAFFIC_SECRET_0 c5eacad22a1a12b51f822a7afb86ee1cfca0abb987ebe65e3321e95749e21219 1f3bd9a8c536c9cb83ad06591a97de81d732a977410e552927d2339e4ad5899d
EXPORTER_SECRET c5eacad22a1a12b51f822a7afb86ee1cfca0abb987ebe65e3321e95749e21219 efacea9c916eaa106919b70fa4a855c99917558841a6f7892b628392631aa8af
CLIENT_EARLY_TRAFFIC_SECRET 9b28f4764faec62d9314c0d654645daea847ec64df9cb1f70189569cc7de9f2b 8730d2ae8c7dfb7016b4dc8932c591fc681b75727ac74d907245c53abbcb5031
CLIENT_HANDSHAKE_TRAFFIC_SECRET 937091f5383db73256c9d2bed77e8322692790d45f4423094212c9fe8925cb7a 3bfc254eaf60a20728a4d27153192cea95614c6dce1a98797a1912fd2b88fccf
SERVER_HANDSHAKE_TRAFFIC_SECRET 937091f5383db73256c9d2bed77e8322692790d45f4423094212c9fe8925cb7a 227620478fa1a2ab34aa184fd0c48b50321516a49a64360ad5d622c881110929
CLIENT_TRAFFIC_SECRET_0 937091f5383db73256c9d2bed77e8322692790d45f4423094212c9fe8925cb7a 5ecb4c80a589a0200e03d30d8749d6199d4a6861d455148c4cd6196211ce6fd9
SERVER_TRAFFIC_SECRET_0 937091f5383db73256c9d2bed77e8322692790d45f4423094212c9fe8925cb7a b8aaeff5a393eb523db0258f75e7f3f7e827c514fc246d0828084ed07bcc63a4
EXPORTER_SECRET 937091f5383db73256c9d2bed77e8322692790d45f4423094212c9fe8925cb7a 5e6b9be17630f11899b43b608632285b40b72ca84b942908cb54e648bf90d882
CLIENT_HANDSHAKE_TRAFFIC_SECRET 9b28f4764faec62d9314c0d654645daea847ec64df9cb1f70189569cc7de9f2b 3785ab5542a1c5b6af4116da7c59fd364617b059543193051c7926abbab3faf0
SERVER_HANDSHAKE_TRAFFIC_SECRET 9b28f4764faec62d9314c0d654645daea847ec64df9cb1f70189569cc7de9f2b a29dfbc653e969e1757c3f227ef2853436e45231294585ac9719920bc4ac1888
CLIENT_TRAFFIC_SECRET_0 9b28f4764faec62d9314c0d654645daea847ec64df9cb1f70189569cc7de9f2b bc9033133d4db3eada2be2bf080d7c071a35f059b235e6e72bc41586d007a85c
SERVER_TRAFFIC_SECRET_0 9b28f4764faec62d9314c0d654645daea847ec64df9cb1f70189569cc7de9f2b 48220e3157811153e454900b6af16bef22c3d214bfeb3571f761438d67cc6ac2
EXPORTER_SECRET 9b28f4764faec62d9314c0d654645daea847ec64df9cb1f70189569cc7de9f2b 6a76da9b4e60575ada9ea0ba5a52b65e44fed416efbf0ee488f65e674c24102a
CLIENT_HANDSHAKE_TRAFFIC_SECRET d6f6687e358148072b090a502137a6fa535500c33ebfa7738cb450d8c03baa72 4f5123e79f6d828ed99889ba8114e9f56d9a421ed4236068e17417d93fcb0b9d
SERVER_HANDSHAKE_TRAFFIC_SECRET d6f6687e358148072b090a502137a6fa535500c33ebfa7738cb450d8c03baa72 e0dcd4834e4ff66a23488476d24460b4384c81f5085302f81f83d23ba30ae4f8
CLIENT_HANDSHAKE_TRAFFIC_SECRET 21aaaf35a09f6162d4cc9cfa33ee5cd0e73e22901a844d67729c53ba05727f68 b9d312c1e2bd7936d565c38a62eb93ba702de4eb0f905c292ad73cfafa45ca4c
SERVER_HANDSHAKE_TRAFFIC_SECRET 21aaaf35a09f6162d4cc9cfa33ee5cd0e73e22901a844d67729c53ba05727f68 fe53e1d58bc939c47fde2f5cdf3c5453b5a560ff121009897a856ea6fadafb81
CLIENT_TRAFFIC_SECRET_0 d6f6687e358148072b090a502137a6fa535500c33ebfa7738cb450d8c03baa72 3b6e768a9ca5689f1c7ab42dff5d1534a557d06b1aa958e4f18f860133aad62e
SERVER_TRAFFIC_SECRET_0 d6f6687e358148072b090a502137a6fa535500c33ebfa7738cb450d8c03baa72 07dca22e9ae3de69c3222f863920017874a516ae398d002c7332b2ed63b1bb8b
EXPORTER_SECRET d6f6687e358148072b090a502137a6fa535500c33ebfa7738cb450d8c03baa72 483499dd42e2ed28408390d90f08f0d8965026ba00dde84576ca065e22ffc093
CLIENT_TRAFFIC_SECRET_0 21aaaf35a09f6162d4cc9cfa33ee5cd0e73e22901a844d67729c53ba05727f68 4d9f23f15b51069bee411cc57a8b638fad0f2c55593aaa06029cb53a703d1b6a
SERVER_TRAFFIC_SECRET_0 21aaaf35a09f6162d4cc9cfa33ee5cd0e73e22901a844d67729c53ba05727f68 e86b2f79955e2f93af013eb1ed230a25970901c8b40aaf4f32f0cf7e03ffcc6d
EXPORTER_SECRET 21aaaf35a09f6162d4cc9cfa33ee5cd0e73e22901a844d67729c53ba05727f68 7d0539961f2e14a0b8ea663a8edaa3810c6624af69d099539d7e13ce75b5b7bd
CLIENT_HANDSHAKE_TRAFFIC_SECRET d0cd5888366ad3b18c0e255ce1c5eb854675e69c039d380cd63294965c9c7f71 c99e3dfecedc97320d950e53b3a769cdd36ec8de95c6d6e5329d56e7a03c274b
SERVER_HANDSHAKE_TRAFFIC_SECRET d0cd5888366ad3b18c0e255ce1c5eb854675e69c039d380cd63294965c9c7f71 a776f1f2ba97d97e18b194a9a82760277b38137d8d75acec6f0177661d5e5d9b
CLIENT_TRAFFIC_SECRET_0 d0cd5888366ad3b18c0e255ce1c5eb854675e69c039d380cd63294965c9c7f71 a038f0ab12fd07e1fda04ca5e6ddd54b5acf5f7b0821070652f9163f720d8d73
SERVER_TRAFFIC_SECRET_0 d0cd5888366ad3b18c0e255ce1c5eb854675e69c039d380cd63294965c9c7f71 562a1d425ced4871c5162b61cd0450cdb9adc252cc2aa3a316394d760b51f75c
EXPORTER_SECRET d0cd5888366ad3b18c0e255ce1c5eb854675e69c039d380cd63294965c9c7f71 a41f6b1259b7b8f79fdd9946ecfaaa5d350b45f77f3111b40b6986d42efe71a0
CLIENT_HANDSHAKE_TRAFFIC_SECRET 5a43857d02ef79ad79d813a3271e298c9a9050917397b8cc485e85e7a3fecd0b 03a5f6173496f1a557773fb1059acd148429f3b3a06fe668d41b7da9f51f7acb
SERVER_HANDSHAKE_TRAFFIC_SECRET 5a43857d02ef79ad79d813a3271e298c9a9050917397b8cc485e85e7a3fecd0b fad50e37bbb35d3e861abcaaa5b9920894d447f4e07bd678ba83b9c4ecd21ec6
CLIENT_TRAFFIC_SECRET_0 5a43857d02ef79ad79d813a3271e298c9a9050917397b8cc485e85e7a3fecd0b b7dad041a39c92286ca51e86afdd9c7940d20a7327582625648f8bf243e2be26
SERVER_TRAFFIC_SECRET_0 5a43857d02ef79ad79d813a3271e298c9a9050917397b8cc485e85e7a3fecd0b 2ab7f2539c668846c8166815d414a46db5b5c96867e541e3fc1d2e68889941c5
EXPORTER_SECRET 5a43857d02ef79ad79d813a3271e298c9a9050917397b8cc485e85e7a3fecd0b 3c62d5d11866f452f9486c3009bfbe2c856537700bd475cc0fdb3a97a8402b83
CLIENT_HANDSHAKE_TRAFFIC_SECRET 979781dc413ab01704358bcbc9c6c83cf9913c94762df9237ed77007ff5dc36f 359dd426d607059442336c5004f98c2144542e431df8d6301a1fbd5deb9cf3e6
SERVER_HANDSHAKE_TRAFFIC_SECRET 979781dc413ab01704358bcbc9c6c83cf9913c94762df9237ed77007ff5dc36f 4515c3a792d1f80a5ea737108346826bec5e2c8058845ac474ff2bfaa5826718
CLIENT_TRAFFIC_SECRET_0 979781dc413ab01704358bcbc9c6c83cf9913c94762df9237ed77007ff5dc36f 4955c783bda14f967cba320d9461efd8ae37acbecf16f5e3491dffc28c2b52dd
SERVER_TRAFFIC_SECRET_0 979781dc413ab01704358bcbc9c6c83cf9913c94762df9237ed77007ff5dc36f c4b5019bd66b5e40109a97c54ffdd8d8e08e98cf81e53d5c2e8bbe722a3a484b
EXPORTER_SECRET 979781dc413ab01704358bcbc9c6c83cf9913c94762df9237ed77007ff5dc36f 6fdc4e82bc3b7a808f225de1b1118fa47dacee8e38649dd96898b6f04160719c
CLIENT_HANDSHAKE_TRAFFIC_SECRET 11817faef807346ef3ceddfc6d279def5a81bd493447ca2d36df6cf4dd9e8f28 88bc8754a72659dcbf7336a224cfdf4d31dbebe1168c96541234df1a87d81452
SERVER_HANDSHAKE_TRAFFIC_SECRET 11817faef807346ef3ceddfc6d279def5a81bd493447ca2d36df6cf4dd9e8f28 5a5c0ff0ffd236d9cc92c3d38144cf13b1870a0ec7a3930cef142c718be1e658
CLIENT_TRAFFIC_SECRET_0 11817faef807346ef3ceddfc6d279def5a81bd493447ca2d36df6cf4dd9e8f28 76c0b909689a9edc35e2a1ab217c2fddbd5c92a1bd02f674c380282ecb6648db
SERVER_TRAFFIC_SECRET_0 11817faef807346ef3ceddfc6d279def5a81bd493447ca2d36df6cf4dd9e8f28 c8350d62515cd846c9d80d389984b7230fb495786bb35b3e9bcb92dc50b2d005
EXPORTER_SECRET 11817faef807346ef3ceddfc6d279def5a81bd493447ca2d36df6cf4dd9e8f28 1d99900c61adb6702b90c75090aabfa9f076067205c738d8890c1145fd3118c3
CLIENT_HANDSHAKE_TRAFFIC_SECRET 772bd0a0c378ea0d2add957a33052a14e52aaff6a6071e0b6ad668476c4efd31 e474c975d1fd2967fc9e5e6b3a9898431110ae8968044c8533e49c91381eec53
SERVER_HANDSHAKE_TRAFFIC_SECRET 772bd0a0c378ea0d2add957a33052a14e52aaff6a6071e0b6ad668476c4efd31 31a8c19afe9a35adc8f9d94b6e7aa8e33d5bcebcce9962f9747cf4aedf2fd04a
CLIENT_TRAFFIC_SECRET_0 772bd0a0c378ea0d2add957a33052a14e52aaff6a6071e0b6ad668476c4efd31 dbf507d31dc17db7ffa7a0f4d4c928830750b82245cdf453e644dd5209f8f64c
SERVER_TRAFFIC_SECRET_0 772bd0a0c378ea0d2add957a33052a14e52aaff6a6071e0b6ad668476c4efd31 aa5c5b90ac503f29e605aadbdb12b7894634364c2aa5ab316927fd24db438317
EXPORTER_SECRET 772bd0a0c378ea0d2add957a33052a14e52aaff6a6071e0b6ad668476c4efd31 42e2015a24ef6013debbc5b4e8dccdeee8060e8ec4d17c0fa67ecd72b86efbbd
CLIENT_HANDSHAKE_TRAFFIC_SECRET 7222cd942e2dd1588a767bef0504df2ae864da2a9c0c34d0c2d2ded14c738bf9 ed06f97233f2ec11862d0541b2e77cddebfd73b8baacd940141cb1d95f34f8c4
SERVER_HANDSHAKE_TRAFFIC_SECRET 7222cd942e2dd1588a767bef0504df2ae864da2a9c0c34d0c2d2ded14c738bf9 cd2eadcf7dae52962cd92c8cb17433969af62d52bfed2f4622d3a1ecf075ad9e
CLIENT_TRAFFIC_SECRET_0 7222cd942e2dd1588a767bef0504df2ae864da2a9c0c34d0c2d2ded14c738bf9 bdb32002bb6d2efd8bec9d855c06d87bbf560c21c04eb91d7b667af0184c28ab
SERVER_TRAFFIC_SECRET_0 7222cd942e2dd1588a767bef0504df2ae864da2a9c0c34d0c2d2ded14c738bf9 a0acec45a252d423c49aa315fc063495e83aeadf80054e4f99bfe0c3b4127ad6
EXPORTER_SECRET 7222cd942e2dd1588a767bef0504df2ae864da2a9c0c34d0c2d2ded14c738bf9 3125afea6150fa9eb6f255f25e7df32c14f27bfb5cc931f05be8f446b508c35b
CLIENT_HANDSHAKE_TRAFFIC_SECRET f99a685764d88d9c6599bf81354be12e64f3025712e2d287d40adab147de08b8 24f10dab4d08822de9de6202dbff53efef1d7abe9a06f7872f26576a958666fd
SERVER_HANDSHAKE_TRAFFIC_SECRET f99a685764d88d9c6599bf81354be12e64f3025712e2d287d40adab147de08b8 c3cfc0cd95d834668151b2eb7d7be19c10673b2e307a0de5b5129cc72d2f7bc3
CLIENT_HANDSHAKE_TRAFFIC_SECRET 3ada32cceb889ded498c95d8f9f5ae977c625b6e8a1c30881c0284037019d4ac 2ecc0b5d13dc3ffd7b2dfd3e7e53a7ac0aa9f99d76c09d274a1e7dbe23bb1ba3
SERVER_HANDSHAKE_TRAFFIC_SECRET 3ada32cceb889ded498c95d8f9f5ae977c625b6e8a1c30881c0284037019d4ac 097c69ac88fde0b45767473741af476f1cffec475e67bd5e33e6058c58a24d2c
CLIENT_HANDSHAKE_TRAFFIC_SECRET ab0a24d83e2321c99bece841cfe5e859e8df18337ab853e55fa07b783ecd162c 771629fe446343bb92b6b4cc988ebf18ecdc905fcd373a287611fbcd9cc54ba8
SERVER_HANDSHAKE_TRAFFIC_SECRET ab0a24d83e2321c99bece841cfe5e859e8df18337ab853e55fa07b783ecd162c 97e3df17fe0294c707cb43d3007e181a3760678895e25f6344b889203c9fe86e
CLIENT_TRAFFIC_SECRET_0 f99a685764d88d9c6599bf81354be12e64f3025712e2d287d40adab147de08b8 ca848f69c7c2cc700a21345bb8246000b7632e2b09cd1d39ae0a4b4e4244e1b2
SERVER_TRAFFIC_SECRET_0 f99a685764d88d9c6599bf81354be12e64f3025712e2d287d40adab147de08b8 8378938cee0d31c3598d515f255bfc5082d532c7e7e1b200d724611dd79deaf5
EXPORTER_SECRET f99a685764d88d9c6599bf81354be12e64f3025712e2d287d40adab147de08b8 b74deaa99d6a2c2a481a4bf6dd9deb8b6c2cbd185b886ee5f9ff44de6c57662a
CLIENT_TRAFFIC_SECRET_0 3ada32cceb889ded498c95d8f9f5ae977c625b6e8a1c30881c0284037019d4ac 4c575409e66885d1da51913165e2d967529b48baec95e26bd6f99ddbc22ebffd
SERVER_TRAFFIC_SECRET_0 3ada32cceb889ded498c95d8f9f5ae977c625b6e8a1c30881c0284037019d4ac e7e4c229bba49b60c216e8a10f25da16e9a04f544be62d817b050078f1405d19
EXPORTER_SECRET 3ada32cceb889ded498c95d8f9f5ae977c625b6e8a1c30881c0284037019d4ac 0c339d52ee90221d1562bcbc7a0f8a8c085ce77df1adadcbca54ab08f5b78682
CLIENT_TRAFFIC_SECRET_0 ab0a24d83e2321c99bece841cfe5e859e8df18337ab853e55fa07b783ecd162c f70ad018301de9d3d1e0b23a3387254ddb5cc3f57fcf1931134e31e2d4c3ffd3
SERVER_TRAFFIC_SECRET_0 ab0a24d83e2321c99bece841cfe5e859e8df18337ab853e55fa07b783ecd162c 6a24219dc8ddde95a92616ed4045a86eebcb0bc2844fc0e74849a5a5177962a4
EXPORTER_SECRET ab0a24d83e2321c99bece841cfe5e859e8df18337ab853e55fa07b783ecd162c b3f0db4190f63bbae649959c242cf6fffb12e09776a54836e6c6ef9d44fbe2dd
CLIENT_HANDSHAKE_TRAFFIC_SECRET 5983edaaabd7ad70f90d799b1c7a4e833d44cc64f07e6244ad07754f1632343a 1ecc341b8ce11e6ac54690ba00ea2cedb93a94f9c0b5aa2288d6edd276af8e4d
SERVER_HANDSHAKE_TRAFFIC_SECRET 5983edaaabd7ad70f90d799b1c7a4e833d44cc64f07e6244ad07754f1632343a 88d4dfcf90a31dde8ba200cdee628644e697d3d261f39459153096a22a45913e
CLIENT_TRAFFIC_SECRET_0 5983edaaabd7ad70f90d799b1c7a4e833d44cc64f07e6244ad07754f1632343a 0f99dbe3a30fe03112891f0c0656ed87a9475c2fb19749b8b2db098eb2add6d9
SERVER_TRAFFIC_SECRET_0 5983edaaabd7ad70f90d799b1c7a4e833d44cc64f07e6244ad07754f1632343a 7a711ff7c1b0bf52331cd95d5428177098a8a0e435fcbfaaafad0dfb25f89124
EXPORTER_SECRET 5983edaaabd7ad70f90d799b1c7a4e833d44cc64f07e6244ad07754f1632343a f6a289578ec41e3ab93a3203ad23533eacbba9399ad35b04945ed0091e693869
CLIENT_HANDSHAKE_TRAFFIC_SECRET 05e61ee891d04f394d923d0f8dc73e401904c2c30ffee2c03a565e0ef4e3f06b 8e2e493f64b35fbaa3a77dfd3e8a212a26c3efaeb5955a32686edc075b945c26
SERVER_HANDSHAKE_TRAFFIC_SECRET 05e61ee891d04f394d923d0f8dc73e401904c2c30ffee2c03a565e0ef4e3f06b 9145cd6bead0b0cb1ef73626e0f0ccdf2be9a0cca8d9c59d13b332af0ebaabcc
CLIENT_TRAFFIC_SECRET_0 05e61ee891d04f394d923d0f8dc73e401904c2c30ffee2c03a565e0ef4e3f06b 4776305656dd4799aace2107629e596372006932b9409e1d22ba3dd6282458db
SERVER_TRAFFIC_SECRET_0 05e61ee891d04f394d923d0f8dc73e401904c2c30ffee2c03a565e0ef4e3f06b 1c3ad8d590ee0b12f5291e3b7a8d4ce40e83a3760122e1b3364a1ff134195149
EXPORTER_SECRET 05e61ee891d04f394d923d0f8dc73e401904c2c30ffee2c03a565e0ef4e3f06b 5e5d26647e3aa370148d4112dac89c19aa64a52ae0661daed7ab0f2ef52f56d5
CLIENT_HANDSHAKE_TRAFFIC_SECRET 4c58c56ddc10b16612844e7cb4c2855aed5fda6919648383ea16f56aa7069160 4dce3e9b9d25c0c7f781281ea3b004ce8ed0a51f9980b1e8312efbc0b71c3fe3
SERVER_HANDSHAKE_TRAFFIC_SECRET 4c58c56ddc10b16612844e7cb4c2855aed5fda6919648383ea16f56aa7069160 f998f599556d059698b2fe3c5079b00b8ce23c596f798fc6ef98b8ef45cb6130
CLIENT_TRAFFIC_SECRET_0 4c58c56ddc10b16612844e7cb4c2855aed5fda6919648383ea16f56aa7069160 403295ad2398face27da53f2d231f32c5f723582eb8b5942265fb7a5ea92869c
SERVER_TRAFFIC_SECRET_0 4c58c56ddc10b16612844e7cb4c2855aed5fda6919648383ea16f56aa7069160 8f6200a8ec5fa69daf5838fba6a99dec82b802ab64b38fd4206c0aa41c5188f4
EXPORTER_SECRET 4c58c56ddc10b16612844e7cb4c2855aed5fda6919648383ea16f56aa7069160 24b2486d8db37f1dc037eda3c7cd97eae2deaa275f2bc3e1612e81a7a093a443
CLIENT_HANDSHAKE_TRAFFIC_SECRET 6dfc497a65555550359f32d21d780b9caad5d8f3dd75c6d29d3c02a85ff75947 ebd0bc436aab8179c85a898fc66f1f426dce06a52810e00ab034d00861510705abdf92237f946899f26d114c80234865
SERVER_HANDSHAKE_TRAFFIC_SECRET 6dfc497a65555550359f32d21d780b9caad5d8f3dd75c6d29d3c02a85ff75947 17db3393ef9f874cc4e38c7ee742cfe1d18851f8a4c82e0a546d80a781e636b4c9617c279c905738a6fa131acc011bde
CLIENT_TRAFFIC_SECRET_0 6dfc497a65555550359f32d21d780b9caad5d8f3dd75c6d29d3c02a85ff75947 ebd15de2b88aaa41dd0eab78d115e025b8e83beb84d4be6b04ad6597f2fc483ee63d75bcdc67f99609d9bcf3112fbc6d
SERVER_TRAFFIC_SECRET_0 6dfc497a65555550359f32d21d780b9caad5d8f3dd75c6d29d3c02a85ff75947 e4b64541d429c0d977c192bbcf535b631c90d7ee612ad69235b4ace92793109377fbafda4bc9f6ab734d55d7c0ba6209
EXPORTER_SECRET 6dfc497a65555550359f32d21d780b9caad5d8f3dd75c6d29d3c02a85ff75947 19d7464d0cc4e65a74bd8d55756712e7c4fd2d17db12cf4035b267fac48388296c8125a20af402af2d231efd30db5396
CLIENT_EARLY_TRAFFIC_SECRET ecafe8adcc728b5c3a6eefa8e72483156f20546269949a272498a8c1f8bf58dd 79775f0c3c8fee9da29878f950572400794492b28db5e1ae27c9b7b754428d62
CLIENT_HANDSHAKE_TRAFFIC_SECRET ecafe8adcc728b5c3a6eefa8e72483156f20546269949a272498a8c1f8bf58dd 812e6661975c919566fad55c2cdb3c62c4cf1566a659737192a56b66bacabd90
SERVER_HANDSHAKE_TRAFFIC_SECRET ecafe8adcc728b5c3a6eefa8e72483156f20546269949a272498a8c1f8bf58dd d371d75b95b5faf4567fc1bd9aba09af3ab7401343cc69f3ac251ec0dd5e4a99
CLIENT_TRAFFIC_SECRET_0 ecafe8adcc728b5c3a6eefa8e72483156f20546269949a272498a8c1f8bf58dd 76fb3de25c083f0be2cc00ade972148627c8b8d021300f38e0e2f267dc38eca0
SERVER_TRAFFIC_SECRET_0 ecafe8adcc728b5c3a6eefa8e72483156f20546269949a272498a8c1f8bf58dd 4c71a46198a5f702b0b5d12e654249401152065ccd2021ff4e551e4e3ce469a8
EXPORTER_SECRET ecafe8adcc728b5c3a6eefa8e72483156f20546269949a272498a8c1f8bf58dd 3570d1a409b427518c7132b53ad85199b18f2fcc0d595213628305c6b7f28be6
CLIENT_EARLY_TRAFFIC_SECRET e658cb742233244b021fbcaecafeff72aee3f08e873b4b8835075052d7fa3153 31b02efb8ccceb32217ef14e68ab4b51cddfc46e5958fc13ac8841752b9d5228
CLIENT_HANDSHAKE_TRAFFIC_SECRET e658cb742233244b021fbcaecafeff72aee3f08e873b4b8835075052d7fa3153 24937e3f76d10f22b27c3ff5f215c330cd0fa3398efc9d7452fc739c30489bc6
SERVER_HANDSHAKE_TRAFFIC_SECRET e658cb742233244b021fbcaecafeff72aee3f08e873b4b8835075052d7fa3153 5df62331c150c205e3ab583930b8c5fc65491a7a6212a3110740343b4e10a405
CLIENT_TRAFFIC_SECRET_0 e658cb742233244b021fbcaecafeff72aee3f08e873b4b8835075052d7fa3153 0324f295529719990b8613428f569298b55320e9d66978ddbf970a1cee19d06c
SERVER_TRAFFIC_SECRET_0 e658cb742233244b021fbcaecafeff72aee3f08e873b4b8835075052d7fa3153 d8341d4eb7766a361166d0ab4f186109254e97d202a36d4b5a7a16b9e9b8f11e
EXPORTER_SECRET e658cb742233244b021fbcaecafeff72aee3f08e873b4b8835075052d7fa3153 e23c0d046fe4958e91876a1b36cee1860a6aa9fc57ae038da021b06b12820629
CLIENT_HANDSHAKE_TRAFFIC_SECRET 20ea560144f664830fd4f8a4cee72fd8761c4bf04e58a8efada96174d7f14d87 4795b1228744cd800b57cc4044afb08800dab6432fb13d496b5b66d7b4135d82
SERVER_HANDSHAKE_TRAFFIC_SECRET 20ea560144f664830fd4f8a4cee72fd8761c4bf04e58a8efada96174d7f14d87 8f77f8550cd68ea1d90428df8ef0f8928a5203003422c15b4e09e336408ab209
CLIENT_TRAFFIC_SECRET_0 20ea560144f664830fd4f8a4cee72fd8761c4bf04e58a8efada96174d7f14d87 70d38353d1a4acff79d00e7155a9076d85970539c72de8a1fe9d12f98a96cc0d
SERVER_TRAFFIC_SECRET_0 20ea560144f664830fd4f8a4cee72fd8761c4bf04e58a8efada96174d7f14d87 6e4fab3eaf46405799abfdc02de846a651dff1cff5a2718b9a43fcfaf038f7b8
EXPORTER_SECRET 20ea560144f664830fd4f8a4cee72fd8761c4bf04e58a8efada96174d7f14d87 1cac3310cd36ac47ed0e11fe1274421329c6f0f15a3f866d52d634d0807e736a
CLIENT_HANDSHAKE_TRAFFIC_SECRET 9f93fd8d6524516f5304836ad9eb01c5b0ac3add12e8298a647f8bdbc7ad0944 25aa9cd63edbf8c0df73c0a97bd3505263aa8a0098562b2df5d01fc46ee0d0cd5c533dd8574eb7db95fe5eeaa3b1ea28
SERVER_HANDSHAKE_TRAFFIC_SECRET 9f93fd8d6524516f5304836ad9eb01c5b0ac3add12e8298a647f8bdbc7ad0944 4a469f3d8f616a6fa44dee8e080266bd4e5bd88dd9223899242621fba2ad5de79754eccb6d5197069deedbecffda6433
CLIENT_TRAFFIC_SECRET_0 9f93fd8d6524516f5304836ad9eb01c5b0ac3add12e8298a647f8bdbc7ad0944 2a801de0827d52d3f1f35596eb524692427fed8e56ab820c87ee066fa671f954491ad1c3eb611ce62c8a8981bc0576d6
SERVER_TRAFFIC_SECRET_0 9f93fd8d6524516f5304836ad9eb01c5b0ac3add12e8298a647f8bdbc7ad0944 9bd4fc6eddfa9b2aba8cab1a2c36ea486036c0b6892a4d44edec2afcd9909d3928fab9abba808759f5d64e1acbfc083f
EXPORTER_SECRET 9f93fd8d6524516f5304836ad9eb01c5b0ac3add12e8298a647f8bdbc7ad0944 81ea1d2794a6a4eaab3bfc6d25dc88c230706485e0d8cf84800eb44b3bc5592985f1f6fdebe7ff95f7c583787e6bf971
CLIENT_HANDSHAKE_TRAFFIC_SECRET d0e45702a4cb411a0b2727da2003994afbb5cadb1e505c7267b3a434e7257235 9fdc378e6f3ce60d1bf479d1594f5fefc851ab078c1195cacebaa641017322abd895d53a14130bc274284ae1c4040485
SERVER_HANDSHAKE_TRAFFIC_SECRET d0e45702a4cb411a0b2727da2003994afbb5cadb1e505c7267b3a434e7257235 c227818442d257560b39eb42ec15e9b97c5cda8816d846f145223e00552d3bffbd0013530352049fbbc81f98f04d0a9d
CLIENT_TRAFFIC_SECRET_0 d0e45702a4cb411a0b2727da2003994afbb5cadb1e505c7267b3a434e7257235 1104427b58ba75e66bed8bc1ba936a7a12a89f8bb144af251ee9ed019a8d83dec3493c3208badf2b2f6b79568d446ae5
SERVER_TRAFFIC_SECRET_0 d0e45702a4cb411a0b2727da2003994afbb5cadb1e505c7267b3a434e7257235 7172811b4ff92f0a32c94ab4bcd988f2464df76b2c64d5dbf769835e997d0170dbb4d6b685db47ee25d8ac703057c078
EXPORTER_SECRET d0e45702a4cb411a0b2727da2003994afbb5cadb1e505c7267b3a434e7257235 c977d99f19e7e1f780eb82bd6ae5f29eedb09f9eed1b0e09415465dca1a385e575db4e966211771098d231220c18092e
CLIENT_HANDSHAKE_TRAFFIC_SECRET 70d3126ce09d14589606b5425b1e4f2c0d63420ff1302f7c24bab0e76433f151 d71ec5105d7ae44edd5f0bbf8cb2a0cf9ed027364a33f8280bb8b34e55d509b2
SERVER_HANDSHAKE_TRAFFIC_SECRET 70d3126ce09d14589606b5425b1e4f2c0d63420ff1302f7c24bab0e76433f151 8e0bd2b94da361706a200db4978c7521946473ea5b0bec8d93688f6056dd52ea
CLIENT_TRAFFIC_SECRET_0 70d3126ce09d14589606b5425b1e4f2c0d63420ff1302f7c24bab0e76433f151 8f6f16e7b54271eace1179f91c9fc011de909454bc94bf21364bed9d6e4d44e7
SERVER_TRAFFIC_SECRET_0 70d3126ce09d14589606b5425b1e4f2c0d63420ff1302f7c24bab0e76433f151 3177b021bc9bb409e175acf6be46f606c5f28e74a279838638400318872619e7
EXPORTER_SECRET 70d3126ce09d14589606b5425b1e4f2c0d63420ff1302f7c24bab0e76433f151 f2d65702983357fb0f40c07490b59dd0a774f51e7ffcd4196edda79d1934f592
CLIENT_HANDSHAKE_TRAFFIC_SECRET 2bccc68ac498cb36b6a72e78503c4feb4c51bbf689b7603d138cc7b9c8931fd2 ce276b1c4a1a11e4b5cfc1f468f684a3dcb903aa8df7e32a0dbc8890c7f0d204
SERVER_HANDSHAKE_TRAFFIC_SECRET 2bccc68ac498cb36b6a72e78503c4feb4c51bbf689b7603d138cc7b9c8931fd2 11ac4b6499ce5d4a3cce12c06e450374cba050dd6c5dc9fb525191848d7f167f
CLIENT_TRAFFIC_SECRET_0 2bccc68ac498cb36b6a72e78503c4feb4c51bbf689b7603d138cc7b9c8931fd2 9099b55de9ca960412ff44ab2a5dfb3a61b1643ed261be231ef7a379ffe8868b
SERVER_TRAFFIC_SECRET_0 2bccc68ac498cb36b6a72e78503c4feb4c51bbf689b7603d138cc7b9c8931fd2 6d8815d74a2f9472c6910931f9e2ae76f429f6161ef93bf4849174caf2699c9c
EXPORTER_SECRET 2bccc68ac498cb36b6a72e78503c4feb4c51bbf689b7603d138cc7b9c8931fd2 bcbf4ba19b59ebbb06701cc2f7288e816b1f0fdf5f363174eaefe2042585bf49
CLIENT_HANDSHAKE_TRAFFIC_SECRET 2fd1671a11d12111a4c0bfd6b2d5c6d972874c5d0b1942fb47fecbfb79aac04a 1013f936b844b5c524350d8b3de7ed3f07d123c571caaa9a6bef5528ebf574d8
SERVER_HANDSHAKE_TRAFFIC_SECRET 2fd1671a11d12111a4c0bfd6b2d5c6d972874c5d0b1942fb47fecbfb79aac04a e8681efa662e2022bb26a3552736b17daa919cd054e0582f7acc950e971f3df3
CLIENT_HANDSHAKE_TRAFFIC_SECRET 1b251c16829a5be6557d9954076a441aa4feed57db22e4740726d890f612e9a0 0ea2832851ed6150cad4c18bbad0d471b59de88443540c167d4dc7325a2a5680
SERVER_HANDSHAKE_TRAFFIC_SECRET 1b251c16829a5be6557d9954076a441aa4feed57db22e4740726d890f612e9a0 1651f779f1c1491393e15ad80fdefaf2757ba56aa9333da6c7780d2f20fb8c75
CLIENT_TRAFFIC_SECRET_0 2fd1671a11d12111a4c0bfd6b2d5c6d972874c5d0b1942fb47fecbfb79aac04a 782a8fd51056b2b6e93e680a87386ed0d56c2020970134d88889d09b92cc87ed
SERVER_TRAFFIC_SECRET_0 2fd1671a11d12111a4c0bfd6b2d5c6d972874c5d0b1942fb47fecbfb79aac04a 6da8b0e7a523df1cab18eaef09bec3847b3091052d54ec972a2984ff5c5ee041
EXPORTER_SECRET 2fd1671a11d12111a4c0bfd6b2d5c6d972874c5d0b1942fb47fecbfb79aac04a b1f9e5a76d825436c7180492d7983bee634836be045cbcf016a55f8f92d06660
CLIENT_TRAFFIC_SECRET_0 1b251c16829a5be6557d9954076a441aa4feed57db22e4740726d890f612e9a0 3e8333aa2b286ae1bd7f33ab878729a2e72af32b5811dbbe9031c555b2993ce1
SERVER_TRAFFIC_SECRET_0 1b251c16829a5be6557d9954076a441aa4feed57db22e4740726d890f612e9a0 7477654cc51f34a81407723825f7f7bcb4b539a9f41954a1876a2092ee048046
EXPORTER_SECRET 1b251c16829a5be6557d9954076a441aa4feed57db22e4740726d890f612e9a0 327452432f876bb08c54814c9aa73781959f71439eb506c769ec6dbfae50c154
CLIENT_HANDSHAKE_TRAFFIC_SECRET a4959081595f9e15a4e9a9a3bc57a673dd5f9d7c402ee9c423c2845e4287be29 c042ef68d970f3d474a20c7d26d81d54cd88f127aedf430328249761aa341af7
SERVER_HANDSHAKE_TRAFFIC_SECRET a4959081595f9e15a4e9a9a3bc57a673dd5f9d7c402ee9c423c2845e4287be29 6b68b5854a292d74620b45c651ceed6a61a7fc92a855913c3ed7fd68c5642008
CLIENT_TRAFFIC_SECRET_0 a4959081595f9e15a4e9a9a3bc57a673dd5f9d7c402ee9c423c2845e4287be29 df50a52d760129141a5c153b96843b98344fb3a88cf83411ad37681739326e53
SERVER_TRAFFIC_SECRET_0 a4959081595f9e15a4e9a9a3bc57a673dd5f9d7c402ee9c423c2845e4287be29 38ca27cc4bd104da5def5272489cd96d1f08fdbb3a3683fe120582b0682ff33a
EXPORTER_SECRET a4959081595f9e15a4e9a9a3bc57a673dd5f9d7c402ee9c423c2845e4287be29 b64deb05dea20b46a16e4fcea89fa20f62e62d18a9350b2da1284d1e2d5c751c
CLIENT_HANDSHAKE_TRAFFIC_SECRET 7fd367378f809eae404f7ae34608de01c5631f39a5fe23c36afd682a5a05443b c7738f1695fe051fe2b8c7d555ba0896f0d715c2b47d6f5b4a545a7806a3ff2965a042f5389f3552064b9ea59420c173
SERVER_HANDSHAKE_TRAFFIC_SECRET 7fd367378f809eae404f7ae34608de01c5631f39a5fe23c36afd682a5a05443b a54c27aca02167e79f3f1cbf96a83016c34f5299a952556e36c4048c8180cdb85c8e8186e0a42cbd83d830fc44fec257
CLIENT_TRAFFIC_SECRET_0 7fd367378f809eae404f7ae34608de01c5631f39a5fe23c36afd682a5a05443b f1dcb04975d764723e1060b6e2b24001c975c17da1ea82d7be13aef6e9c75959b026eb00d66c951d625a8b41879a1f6a
SERVER_TRAFFIC_SECRET_0 7fd367378f809eae404f7ae34608de01c5631f39a5fe23c36afd682a5a05443b 55b6d5b8ed7a17fb594cb0ec4383c3b6df1013a7bdd5505baf3e73ae692de4b1ec86a43292f6d1ef0d207414bd858e22
EXPORTER_SECRET 7fd367378f809eae404f7ae34608de01c5631f39a5fe23c36afd682a5a05443b 88a8842da17273103183c4c959b153f93a7d290e4183e7eb4b87057c714102edf68f7d285d0e886ba4aac4c2c63ba540
CLIENT_HANDSHAKE_TRAFFIC_SECRET cfcc71b112ea7a144ab98ac242a2506a4ff259120e24cd1d14836d8d4324969f d1a247d0c03a393fdcfab6ebac9460611bf6e7be1d87add5e8c04a35e6b85129
SERVER_HANDSHAKE_TRAFFIC_SECRET cfcc71b112ea7a144ab98ac242a2506a4ff259120e24cd1d14836d8d4324969f d229d133e539cc5f138fb938ba72375a7a0db216f53a66f5e9584238cfec9e8f
CLIENT_TRAFFIC_SECRET_0 cfcc71b112ea7a144ab98ac242a2506a4ff259120e24cd1d14836d8d4324969f 007119c38c111947178dce8605518a6f23584849096c525160e03075afe9a8f6
SERVER_TRAFFIC_SECRET_0 cfcc71b112ea7a144ab98ac242a2506a4ff259120e24cd1d14836d8d4324969f 3224c5e73f252f0d4ff0b28fb216d7fa675b641d3b0faa2956f100551fb2cfe4
EXPORTER_SECRET cfcc71b112ea7a144ab98ac242a2506a4ff259120e24cd1d14836d8d4324969f 4dbd1951557efa8721678f92e821f5cade20debff8054493f084b96425e2ffb5
CLIENT_HANDSHAKE_TRAFFIC_SECRET 8a04ccad0ddaf1ecdeffe7a4e4572ff243704fcd05c3a190c387c23372e8f236 1b5ccc576174334e5003f2a0d11d61d3b13a4f589ab2c3432a80ba02f4964978
SERVER_HANDSHAKE_TRAFFIC_SECRET 8a04ccad0ddaf1ecdeffe7a4e4572ff243704fcd05c3a190c387c23372e8f236 6731db565b7cb59cc35d8f69e2420704e67e4ca4cd317cab3cd795e8944b3928
CLIENT_TRAFFIC_SECRET_0 8a04ccad0ddaf1ecdeffe7a4e4572ff243704fcd05c3a190c387c23372e8f236 266720b4a8250f2d51e0010fec27d916ee73e8ce61658e2c0ef75d49fe26e9fd
SERVER_TRAFFIC_SECRET_0 8a04ccad0ddaf1ecdeffe7a4e4572ff243704fcd05c3a190c387c23372e8f236 b00084a032fcf0c322ba5f72511f1f042a7918b34ff4de3aa8d534ad8d0a952d
EXPORTER_SECRET 8a04ccad0ddaf1ecdeffe7a4e4572ff243704fcd05c3a190c387c23372e8f236 485b00fc0ecb23dcb0c18bf09565fac29511c9cfc315d4c917942a46221b3fce
CLIENT_RANDOM 3927b174998f448cf7749602de645ae5a85af8d3b27f5dd5e2682ec90e79e20d b33eb41122df7da43ae68ef9d8c616b80a47bee20a88a3df190f2bb8907bf6b5616465d777aebd74a354decb5751d3fc
CLIENT_HANDSHAKE_TRAFFIC_SECRET 3d21df3170d2a3bb8b0dd005fb8640af8ed2e9e5a1d55bf350b72630865ff25b c375b9c3f104b9e7ec69e07691a48f71026f558be3ca18ffeb3fa5d91cdfed96
SERVER_HANDSHAKE_TRAFFIC_SECRET 3d21df3170d2a3bb8b0dd005fb8640af8ed2e9e5a1d55bf350b72630865ff25b b6cd08f406d9fee91a0197196984266acd181fd154960e487fb062eb07381072
CLIENT_TRAFFIC_SECRET_0 3d21df3170d2a3bb8b0dd005fb8640af8ed2e9e5a1d55bf350b72630865ff25b 152d5447d8531014e66ce00b12ca0feaa3361daae6bcf5954fd2046329804130
SERVER_TRAFFIC_SECRET_0 3d21df3170d2a3bb8b0dd005fb8640af8ed2e9e5a1d55bf350b72630865ff25b 8291b18c441ad3f393a33d4e973f402122e70c9028400d228646ce070e6b5b68
EXPORTER_SECRET 3d21df3170d2a3bb8b0dd005fb8640af8ed2e9e5a1d55bf350b72630865ff25b 6b09f0803287d875ddff27a2871d9db4c293b145d363b395a9251b864dbd4473
CLIENT_HANDSHAKE_TRAFFIC_SECRET a05518bb0e019e56025aac27af19101d6e608059e874d6085725d856af6efd03 024c5d81c5a9e4f355238a9631d050d22bd6229af501a9ffb232f1e81c0a4a3160720948801ae89ab5d65d05c6df2e46
SERVER_HANDSHAKE_TRAFFIC_SECRET a05518bb0e019e56025aac27af19101d6e608059e874d6085725d856af6efd03 0675bbd1ac06ff7f49c27dd9c2e6173b6ac6b24351a404a0ddc0674ff2d5bc3584d42ff577f0c7a153441a68c3c4f910
CLIENT_TRAFFIC_SECRET_0 a05518bb0e019e56025aac27af19101d6e608059e874d6085725d856af6efd03 97accd2368c6318fa39bdb67eb6218bf9aa413907ff549062ade92c604f62acd285726196909278179cbc9a0754d2875
SERVER_TRAFFIC_SECRET_0 a05518bb0e019e56025aac27af19101d6e608059e874d6085725d856af6efd03 1543557291456d5e8c0f48f344cb64fe46d81426dabef146922c1223fc91c0181d09135e864704044d36fd8a04f633fc
EXPORTER_SECRET a05518bb0e019e56025aac27af19101d6e608059e874d6085725d856af6efd03 340dea883f69787adea4ef3a1a50d5f2cb90842abe0c2a0e79fc24e81570e31a9237ac8d7556f2013daaec6614dc1573
CLIENT_HANDSHAKE_TRAFFIC_SECRET c57e27d11d0eb08411569223585ee22e260eb357f417082086e2b2628b3a3a76 bfdf659c2047e10aae3e5804c7d66fbdb6b43f39cbc565406f02e7b5dbc7afc4
SERVER_HANDSHAKE_TRAFFIC_SECRET c57e27d11d0eb08411569223585ee22e260eb357f417082086e2b2628b3a3a76 e90d2678ca3f86356606ae54a4dbbcba80d5e5a6c2e44c41057186c79d90ec2b
CLIENT_HANDSHAKE_TRAFFIC_SECRET c2a57a5c31230bbdfbc1bdcb8ef9a7bed2aa48f3ed1018f11740b5872f167f41 7ff77eb15335dcc09276c799d5cf35806a8333c07295aff0845db76c18605144
SERVER_HANDSHAKE_TRAFFIC_SECRET c2a57a5c31230bbdfbc1bdcb8ef9a7bed2aa48f3ed1018f11740b5872f167f41 b6d42bd2b15c881834109190ce3c03329245a5973f6ec6a4db8a51b6bea1b319
CLIENT_TRAFFIC_SECRET_0 c2a57a5c31230bbdfbc1bdcb8ef9a7bed2aa48f3ed1018f11740b5872f167f41 ecee48c165d34ba73a109eaa41f836054c4506e0acee18c5113c47b87a1532b4
SERVER_TRAFFIC_SECRET_0 c2a57a5c31230bbdfbc1bdcb8ef9a7bed2aa48f3ed1018f11740b5872f167f41 013decad28116b67009b05b1e39a49cf321a6f049c29acc6f6685a1eb2c6ce55
EXPORTER_SECRET c2a57a5c31230bbdfbc1bdcb8ef9a7bed2aa48f3ed1018f11740b5872f167f41 bb4977a03eeec4b06e8fa50790a75054f37072151c20a11aea4c0207e839ab23
CLIENT_TRAFFIC_SECRET_0 c57e27d11d0eb08411569223585ee22e260eb357f417082086e2b2628b3a3a76 5bd6d7c388730c4d575c4827f896c9b27ceb3f982b84374eb8512841a641509c
SERVER_TRAFFIC_SECRET_0 c57e27d11d0eb08411569223585ee22e260eb357f417082086e2b2628b3a3a76 b56b1c67a7cca1093af5cfe638d32fb151585b6a1b1c25021ec36f96fdfb6b78
EXPORTER_SECRET c57e27d11d0eb08411569223585ee22e260eb357f417082086e2b2628b3a3a76 e21c9b503d2931528a602bab0784c0311165f923c03e43695bf3476526b2615a
CLIENT_HANDSHAKE_TRAFFIC_SECRET cd2788dcc939a5c0499fc0abd1691292a661630ee752bf04ee0f77516ed61370 4019a20e0af6bccb847fac137ed7d2f54b5c41e6751b245faf9c3ec0cf8f158b
SERVER_HANDSHAKE_TRAFFIC_SECRET cd2788dcc939a5c0499fc0abd1691292a661630ee752bf04ee0f77516ed61370 06a5a7d781ed9e7a32b4f854ed7eefa8264b8b803341910f985de958dac74fd9
CLIENT_TRAFFIC_SECRET_0 cd2788dcc939a5c0499fc0abd1691292a661630ee752bf04ee0f77516ed61370 1e71d64c42c416a4cda46e0ee7a613d9044d65eea8fc775dac3a822266d5c158
SERVER_TRAFFIC_SECRET_0 cd2788dcc939a5c0499fc0abd1691292a661630ee752bf04ee0f77516ed61370 0703a025e5bdb27d1c48690d90ad91327af56e3c54ff192c4cf33176b4978098
EXPORTER_SECRET cd2788dcc939a5c0499fc0abd1691292a661630ee752bf04ee0f77516ed61370 43b95f848a19727f92ca6c8776b525713170c4ec2a0d2241e11256b71ef99c10
CLIENT_HANDSHAKE_TRAFFIC_SECRET 9f3879e0aacac86043f138a7b767ba95780e3d937fff2dbc247def70cc8cbaca e41692d0703ea844296b761c7504389ebf4c7c89cb64b37c147b16c70108d14e
SERVER_HANDSHAKE_TRAFFIC_SECRET 9f3879e0aacac86043f138a7b767ba95780e3d937fff2dbc247def70cc8cbaca 2933dd6c57b44499d28cbfeeb32ac03cf33d9c29187da258a44c477f4cd763b7
CLIENT_TRAFFIC_SECRET_0 9f3879e0aacac86043f138a7b767ba95780e3d937fff2dbc247def70cc8cbaca 352c0a11fe8e6d28eb0c0e6d6773eac348c90b73aa3c0f5341af6e1589fc9bf5
SERVER_TRAFFIC_SECRET_0 9f3879e0aacac86043f138a7b767ba95780e3d937fff2dbc247def70cc8cbaca a81afbc7f69c4394e4b42c7342911165eba120e6b2e606daf6d8b9a78d04809b
EXPORTER_SECRET 9f3879e0aacac86043f138a7b767ba95780e3d937fff2dbc247def70cc8cbaca 0036c7d6a13ccf63f25db12ae6a23c2fad0d6950e16b5205b3e3f31bad3b2922
CLIENT_HANDSHAKE_TRAFFIC_SECRET b9ff8d16d82eb44c2a9851d5e50815ff178385c8f1f04132dcae196d8fcea229 b4b346ec699713f9348fcf078adc0af31a90e8df009d8a03ac4f176297aab3e9
SERVER_HANDSHAKE_TRAFFIC_SECRET b9ff8d16d82eb44c2a9851d5e50815ff178385c8f1f04132dcae196d8fcea229 fb2ed82db8043049619312bc1cdddf30784088acb0cd2aaccc16ebaa92bd624a
CLIENT_TRAFFIC_SECRET_0 b9ff8d16d82eb44c2a9851d5e50815ff178385c8f1f04132dcae196d8fcea229 35cb68d82a09be58927e6e2499b97699e15e0cc2b941e41096304eb78cfd0f8f
SERVER_TRAFFIC_SECRET_0 b9ff8d16d82eb44c2a9851d5e50815ff178385c8f1f04132dcae196d8fcea229 f942affa5f37c6248142e82fb054b46390e109a12eb6010b01371f626a4fbe17
EXPORTER_SECRET b9ff8d16d82eb44c2a9851d5e50815ff178385c8f1f04132dcae196d8fcea229 eaabf04f9fc0b10073fb47f60d639af5d0cb088390f3bc753b33118be2f083ae
CLIENT_HANDSHAKE_TRAFFIC_SECRET 513c3e066eb8a7e4306d1477f067f63780b5518d3373cfa31fbc0854826f3bef df51480284a6b82bb6bd3adb47a5e675a29f2b9866f6b95f83fd96c149c2a284
SERVER_HANDSHAKE_TRAFFIC_SECRET 513c3e066eb8a7e4306d1477f067f63780b5518d3373cfa31fbc0854826f3bef 7654170b38f39e81be0f8a584062e6b4fdca69394bb71f5eb1c989df872b548d
CLIENT_TRAFFIC_SECRET_0 513c3e066eb8a7e4306d1477f067f63780b5518d3373cfa31fbc0854826f3bef ed5aaf320749a67ec36c3591fa069f424a3bcae6f975844d0a4d8b1ba2c1c445
SERVER_TRAFFIC_SECRET_0 513c3e066eb8a7e4306d1477f067f63780b5518d3373cfa31fbc0854826f3bef 84a46a7b27a2f5150a3fb7b1729133294c89e7f7fc2c8425da10ada75d2633eb
EXPORTER_SECRET 513c3e066eb8a7e4306d1477f067f63780b5518d3373cfa31fbc0854826f3bef efa54f4528f0f4146016cef30cc7b61baba1f9871d96e8ddcbdfb82ef9e7ec8a
CLIENT_HANDSHAKE_TRAFFIC_SECRET d7a4eaa9508256541b08877f71037d69d252e2d61de0fd7577bb0d8fe23f36b1 2c82cfda890712ad353b764ee45a113f267dfbbcd8af8479be49d4f5c570087c
SERVER_HANDSHAKE_TRAFFIC_SECRET d7a4eaa9508256541b08877f71037d69d252e2d61de0fd7577bb0d8fe23f36b1 8eb653fef730ff8a8d424d81f18cdfc2e586fa61cce6c5e03d293a056fe87c31
CLIENT_TRAFFIC_SECRET_0 d7a4eaa9508256541b08877f71037d69d252e2d61de0fd7577bb0d8fe23f36b1 96abdaadac36dff4fdfaa672d26b62cd3bbb6f4e55632ac20fdcf815d35daf83
SERVER_TRAFFIC_SECRET_0 d7a4eaa9508256541b08877f71037d69d252e2d61de0fd7577bb0d8fe23f36b1 c3e60da0ec30c0c53bb0249feb159e734b8958e857e4eb7a958d8276287855ae
EXPORTER_SECRET d7a4eaa9508256541b08877f71037d69d252e2d61de0fd7577bb0d8fe23f36b1 4ad9e7a9ddff21af4b7cfa3433dddc7b5b971bfaf8ff60351ceb399c20972f8f
CLIENT_HANDSHAKE_TRAFFIC_SECRET ad3536be15132876e7fabc99c6327474ee2c5ff35c257a687a50ffc8844c936a d9a1c15baafaae0ca984f21bf8dc06464bce7572f264ecdb49fa44cb2a1d7096c470e9d3fa8413322e91ba89b228e19a
SERVER_HANDSHAKE_TRAFFIC_SECRET ad3536be15132876e7fabc99c6327474ee2c5ff35c257a687a50ffc8844c936a 7a52405c096fb8f4416f7e4b87f1c22422b7fb2a8be63f0a31d463a72c6cbcf7d53ca2ff06ab04a1088614ef6a438499
CLIENT_TRAFFIC_SECRET_0 ad3536be15132876e7fabc99c6327474ee2c5ff35c257a687a50ffc8844c936a 344c27b36f83d8a52abc1084ea78e03d4c6a068d017d09d5d7cbcb251c501fd02589424cc71a2744188a64fbf45e25b1
SERVER_TRAFFIC_SECRET_0 ad3536be15132876e7fabc99c6327474ee2c5ff35c257a687a50ffc8844c936a db70300ab28add26f04f8e7b16df3104de73a9157d3978718407f9aa709f549e1ec9e31df1ae7617a6b26d2fc1ae01f5
EXPORTER_SECRET ad3536be15132876e7fabc99c6327474ee2c5ff35c257a687a50ffc8844c936a f0c1908eeedd22776c9baec3ad59209e69e6a9cfec206d980fe52b2b098d16fe6636a73b8dc54dfe86ba47690709f2ec
CLIENT_HANDSHAKE_TRAFFIC_SECRET 398d48af70a36303b61013cf0d281388cd2bbe573163fdb9b5caedc85c22a70b c26e21648c97f44761e9a0b9a9d5f154e7aed71f6402fd066e7c8c7c005c133c
SERVER_HANDSHAKE_TRAFFIC_SECRET 398d48af70a36303b61013cf0d281388cd2bbe573163fdb9b5caedc85c22a70b a2b6e094c68fd46297f4e193e55cfa947602a08c525057f5f167df0d83498d66
CLIENT_TRAFFIC_SECRET_0 398d48af70a36303b61013cf0d281388cd2bbe573163fdb9b5caedc85c22a70b 524984a55d34a32d73f8f42cf2e993ff80949d62e53de0b75373315d5748fbc0
SERVER_TRAFFIC_SECRET_0 398d48af70a36303b61013cf0d281388cd2bbe573163fdb9b5caedc85c22a70b cb3b438e8785ad5e6497c372fce056330d4ddf3169e1d206ec45b7d3e1bed6ff
EXPORTER_SECRET 398d48af70a36303b61013cf0d281388cd2bbe573163fdb9b5caedc85c22a70b 01998c66f6d998b126e230b917d9e1216c2603800d114e312fe9ebc29b6e70aa
CLIENT_EARLY_TRAFFIC_SECRET c57677802d7edb19d556340df5a0b41263cdf8f4b05492054516d201d1889757 f947cd6e41e1ca3f268365de97b2be6ccf53467a8cd05292d94190772cf90a61
CLIENT_HANDSHAKE_TRAFFIC_SECRET dec7c4e26ff510992179d49a89275c8aee55355ee59304be74892dce18dfdb05 5af9c8251fe16ccdffcdc5f5f7d1ea2179d2f403ead399d6a42d8f6f4c7a56c9
SERVER_HANDSHAKE_TRAFFIC_SECRET dec7c4e26ff510992179d49a89275c8aee55355ee59304be74892dce18dfdb05 eb1a7aaee702ea039f9df94cc297589b3e98141b922b019f82d1c52597ea3dad
CLIENT_TRAFFIC_SECRET_0 dec7c4e26ff510992179d49a89275c8aee55355ee59304be74892dce18dfdb05 1bacb723eab22bb3690fe2bcdfdac9a0b68e16dd1ceff607797fb68127eddff4
SERVER_TRAFFIC_SECRET_0 dec7c4e26ff510992179d49a89275c8aee55355ee59304be74892dce18dfdb05 d0a9de1fc21e27044b5c0ca9d7df3c4c89545b853d758f56a205b281a5d31e04
EXPORTER_SECRET dec7c4e26ff510992179d49a89275c8aee55355ee59304be74892dce18dfdb05 0b4c67654f37973515acf82ab440a718031516c320517c569bbd547c5764d385
CLIENT_HANDSHAKE_TRAFFIC_SECRET c57677802d7edb19d556340df5a0b41263cdf8f4b05492054516d201d1889757 bb18a9f6dce578e01781c85082b342ad90d463bef2db376ad3cfc7edccb7a15f
SERVER_HANDSHAKE_TRAFFIC_SECRET c57677802d7edb19d556340df5a0b41263cdf8f4b05492054516d201d1889757 99c2bf68d05ed3fe8fd327373138c3c53a83622c3b6e3a64a27c49351331b9d3
CLIENT_TRAFFIC_SECRET_0 c57677802d7edb19d556340df5a0b41263cdf8f4b05492054516d201d1889757 3ff41555343aff3cf61ad12fe40f4bef9be4ca7f68f118a381f523c16c95fb9c
SERVER_TRAFFIC_SECRET_0 c57677802d7edb19d556340df5a0b41263cdf8f4b05492054516d201d1889757 bf13a3f3107fde8df7e4858ce155bfc192234022f57f89fcd0f6281489efa8a1
EXPORTER_SECRET c57677802d7edb19d556340df5a0b41263cdf8f4b05492054516d201d1889757 c109469c60b48cfd66fe02a9c363d35beca650852d8ee63841c37bb509476fea
CLIENT_RANDOM 216db82c743da60ad4afb5f0984cefd3b40679e88ec8fbc109f4b3f1941e113c c66d8096cf2de284f9d30955ef0d22a689ab41074c91575ee5cc30bf8e7555e472b55f102f9d2961fc49cbc11a431d21
CLIENT_RANDOM 2a956484886d976189cefd1717b095ca6a25510eb0ea553b4b41665ecc621841 0540fa7fe05329dbd0c5f24895bd3c49220abe292e4cc7499aded7cd52bdbecc53e0c1cc39049e3bff6c618c1f7df8b4
CLIENT_HANDSHAKE_TRAFFIC_SECRET 25659e48086bae60aa3ec133a429608dc041d03825cb13eed82643ee892509b5 56d94d92e0a29da834c91d6171d81e328ec38649513f29d667ac41723014c868
SERVER_HANDSHAKE_TRAFFIC_SECRET 25659e48086bae60aa3ec133a429608dc041d03825cb13eed82643ee892509b5 8a31fbadc618ec1ced625a67e0cb67643205121fba3c472fb5540aa840266852
CLIENT_TRAFFIC_SECRET_0 25659e48086bae60aa3ec133a429608dc041d03825cb13eed82643ee892509b5 ca803677c885ec9aadb49a383764581464b9bdca87887eed68be91082d40b76d
SERVER_TRAFFIC_SECRET_0 25659e48086bae60aa3ec133a429608dc041d03825cb13eed82643ee892509b5 a2b97e8dde1f7b1d14d83e30b6da1b21edeb4ce734831a0328ca030200a4f9b0
EXPORTER_SECRET 25659e48086bae60aa3ec133a429608dc041d03825cb13eed82643ee892509b5 760ea46b384e45212cdd037debd4e48ed10c0f753d588e34569c0aaa0a93a02c
CLIENT_HANDSHAKE_TRAFFIC_SECRET 0a3b38896780cdf42f683ac7b870f84e6135d81d61acb3cb68f275757b94bb06 154f9fc0ebf155625af123115cff33b55028945464372586662e77b4d85230a0
SERVER_HANDSHAKE_TRAFFIC_SECRET 0a3b38896780cdf42f683ac7b870f84e6135d81d61acb3cb68f275757b94bb06 1010b77d5a4cdd0fa827251294f6f06e6bef369df6b4f6a9e54f39836b0418f2
CLIENT_TRAFFIC_SECRET_0 0a3b38896780cdf42f683ac7b870f84e6135d81d61acb3cb68f275757b94bb06 3c14f4992f45ca66ea99e8b19bdd257436b691414bdae62ed4e9da01bd0a56e5
SERVER_TRAFFIC_SECRET_0 0a3b38896780cdf42f683ac7b870f84e6135d81d61acb3cb68f275757b94bb06 3a2fd4af93a0d49822482123038038edc568ee78c293f1c63e3f756959be1f28
EXPORTER_SECRET 0a3b38896780cdf42f683ac7b870f84e6135d81d61acb3cb68f275757b94bb06 02b189a1d6157dd567641d256c40b3e1e0dd1ecd37b20b25802f27afe674079c
CLIENT_HANDSHAKE_TRAFFIC_SECRET 494d9667076acd66a424f1db15411d7ef8811fe6b7933cc07c21675fad5bfcb5 e9a6043689e24e945d3a31c273bc2f9a9c1d5091cd849cef7b1da9701be64d38
SERVER_HANDSHAKE_TRAFFIC_SECRET 494d9667076acd66a424f1db15411d7ef8811fe6b7933cc07c21675fad5bfcb5 a7b9869aaa94635a957f7d0a01b5a0449032c0e533d6f3e82723e95cf27f624e
CLIENT_TRAFFIC_SECRET_0 494d9667076acd66a424f1db15411d7ef8811fe6b7933cc07c21675fad5bfcb5 1b8b42b2ccaa93830499b05f0642c1d11ea2e2e4655b36d109b89589922b90ed
SERVER_TRAFFIC_SECRET_0 494d9667076acd66a424f1db15411d7ef8811fe6b7933cc07c21675fad5bfcb5 dccb1d4c5e6c65c0365c35a42c96e0bd7d5b9922fc11e87b824ab0bb1156b67c
EXPORTER_SECRET 494d9667076acd66a424f1db15411d7ef8811fe6b7933cc07c21675fad5bfcb5 088f27e0e23c842a21d875a5311461169a284239c31b3f5d36d80ba2830bb3a8
CLIENT_HANDSHAKE_TRAFFIC_SECRET dea66f0b12e8dc792aab3df885fc1b9b7ef31a3d72cd84888fd6f19a2a75dcf2 86495985fe9df50adcbb401bb4a358ad2358437adee33a5925afba01c39fd1fa
SERVER_HANDSHAKE_TRAFFIC_SECRET dea66f0b12e8dc792aab3df885fc1b9b7ef31a3d72cd84888fd6f19a2a75dcf2 451972d52a80c853efa64edc96ae8f46ae7faf18d5dc3147b5561c0478738fff
CLIENT_TRAFFIC_SECRET_0 dea66f0b12e8dc792aab3df885fc1b9b7ef31a3d72cd84888fd6f19a2a75dcf2 7b74c395f99081a58a0ae6d967053703eacb21716c3725426531584f3c7be7a5
SERVER_TRAFFIC_SECRET_0 dea66f0b12e8dc792aab3df885fc1b9b7ef31a3d72cd84888fd6f19a2a75dcf2 3abb2fd8f48bce63642ac5d9ee82f36e2403b3ab9a5ac734638711251c88643d
EXPORTER_SECRET dea66f0b12e8dc792aab3df885fc1b9b7ef31a3d72cd84888fd6f19a2a75dcf2 32c1ddf69867adab15b7eafa4f7d9bc686febe24a76aa8fe13876aa182fe07b0
CLIENT_HANDSHAKE_TRAFFIC_SECRET 2aa0f22f676c7f02f4a538a2817a66cc90659d182ef46ffcd90a15a053d2b789 c98e0c0c54189fa84bfe39e5a2b19f4ffc38b129a6a556dd5e08a0b7e359165e
SERVER_HANDSHAKE_TRAFFIC_SECRET 2aa0f22f676c7f02f4a538a2817a66cc90659d182ef46ffcd90a15a053d2b789 9eb834bfaceac8a06fc1715f64501ad081fcd1142a0185a9e3afe64862772641
CLIENT_TRAFFIC_SECRET_0 2aa0f22f676c7f02f4a538a2817a66cc90659d182ef46ffcd90a15a053d2b789 b4ea07a641b1e7b7e340d44490ddca9c858a2f567ddd6a6e74c56fa74b062d82
SERVER_TRAFFIC_SECRET_0 2aa0f22f676c7f02f4a538a2817a66cc90659d182ef46ffcd90a15a053d2b789 49e03e4c25a6a401d19ce33e9c6678356bb420b00375dbc451227860040f2139
EXPORTER_SECRET 2aa0f22f676c7f02f4a538a2817a66cc90659d182ef46ffcd90a15a053d2b789 80340a7b27865adf40f6722530a99c814ddf9b033c414604489ddfcf1e9c3432
CLIENT_RANDOM a8eea3a5322b9bfb6f223c5a09425178302d06e067120c44b4da4fb4087c6f2b 0fb292d348e6e8db05458ffc7ad12f0ad195e4ab8e4d6ef2027a33f33ff8b1cc07cd32968b438a6e11b7c27381f938a5
CLIENT_HANDSHAKE_TRAFFIC_SECRET ba0025602badc1d6994d2df12706a20c7a0904c6df9aa645bd116a087e00700b c89217ce277d783678cfd00d5cf241f61dc0f76a5813add658e1871514bdf02e
SERVER_HANDSHAKE_TRAFFIC_SECRET ba0025602badc1d6994d2df12706a20c7a0904c6df9aa645bd116a087e00700b 7995c5f41abb5bc5a74e4978a6a9914f4b0b04b6b3ebd2520fd44601db46771a
CLIENT_TRAFFIC_SECRET_0 ba0025602badc1d6994d2df12706a20c7a0904c6df9aa645bd116a087e00700b 2ebe64fa18079976456430a430ca298669c80f426d578112be1365359b9154dc
SERVER_TRAFFIC_SECRET_0 ba0025602badc1d6994d2df12706a20c7a0904c6df9aa645bd116a087e00700b 3b23f881be99a4099110d774cd3c99d7fdd15be5b38535d9d8d57b5039db60af
EXPORTER_SECRET ba0025602badc1d6994d2df12706a20c7a0904c6df9aa645bd116a087e00700b a0d43fd79d7b7ad8ec8ee87cc05aa3ddb105133c90eef119161095d4666eda61
CLIENT_HANDSHAKE_TRAFFIC_SECRET 5581edc321fc85e4324cee17d6736ea883259aefd0bab57feb3ddf1595cda245 6cb7132acd7f19bc80f2ba5930d0e691019200207d04fde86b699414cf5ce60d
SERVER_HANDSHAKE_TRAFFIC_SECRET 5581edc321fc85e4324cee17d6736ea883259aefd0bab57feb3ddf1595cda245 38629cdeef2378fdd7cbf2ab97681dc84767300dee1328817af3da8081ee4056
CLIENT_TRAFFIC_SECRET_0 5581edc321fc85e4324cee17d6736ea883259aefd0bab57feb3ddf1595cda245 6894db4d29131b066e894224962edf139b5dca30edd73dbac178b365dc1ba5ed
SERVER_TRAFFIC_SECRET_0 5581edc321fc85e4324cee17d6736ea883259aefd0bab57feb3ddf1595cda245 f7dfc5f4d272891e3967b6ac35a6c301526d0c5ca878f1ec3418ae1b60345254
EXPORTER_SECRET 5581edc321fc85e4324cee17d6736ea883259aefd0bab57feb3ddf1595cda245 dcbe89383cf6da2e6173fe161929b0fd536a85042801c36771b2fffee5ef1561
CLIENT_HANDSHAKE_TRAFFIC_SECRET dd521c82c5b2357b7749d66dc9ea3e03fcdd8708f1814f4ebf3de787d524b8b3 dc83fec6e9eebdb423c74771d259849bf4835cd92e33b2af875199a7967e1805
SERVER_HANDSHAKE_TRAFFIC_SECRET dd521c82c5b2357b7749d66dc9ea3e03fcdd8708f1814f4ebf3de787d524b8b3 a33c5bb625f846f8be5e8341723abaac1d8c7b6ed1f1ce5ba782418f288ea4ad
CLIENT_TRAFFIC_SECRET_0 dd521c82c5b2357b7749d66dc9ea3e03fcdd8708f1814f4ebf3de787d524b8b3 1e7da4a422917c9e45938032fc5f2e33cf352b9eb277448e609d6dde9775a24d
SERVER_TRAFFIC_SECRET_0 dd521c82c5b2357b7749d66dc9ea3e03fcdd8708f1814f4ebf3de787d524b8b3 7e60c9466bcddd30ca3bfd1a0b8c4f81999252e979807b14248f82803d27585b
EXPORTER_SECRET dd521c82c5b2357b7749d66dc9ea3e03fcdd8708f1814f4ebf3de787d524b8b3 300656d6b23a4ac2a6c61b2c9483814c839292010dea7c1a703039d8b21eb384
CLIENT_HANDSHAKE_TRAFFIC_SECRET 80fce0d2bb6288fa0f7962c990bbbd4ccfdaa12ba38b76b62265ededbf0cd67b 074105447e83fb7e01f801c24c4cfc610db26bf68d662efbd14d79a4f506014d
SERVER_HANDSHAKE_TRAFFIC_SECRET 80fce0d2bb6288fa0f7962c990bbbd4ccfdaa12ba38b76b62265ededbf0cd67b 7547dd9126c217491d9ce2f104ae135d6457e140ebcf7c8e0fdbf810321583c6
CLIENT_TRAFFIC_SECRET_0 80fce0d2bb6288fa0f7962c990bbbd4ccfdaa12ba38b76b62265ededbf0cd67b 23c6e1331f21da89fcfb02901fbc4d1dd90ecacd85f240933f4190177edb637f
SERVER_TRAFFIC_SECRET_0 80fce0d2bb6288fa0f7962c990bbbd4ccfdaa12ba38b76b62265ededbf0cd67b 0320ded3c76c350ad88afc2f187dfae45bcdd5ff1f61caed0262d61077d2d1b2
EXPORTER_SECRET 80fce0d2bb6288fa0f7962c990bbbd4ccfdaa12ba38b76b62265ededbf0cd67b 760c0898e96b934af7389c57f6fe791ba9c48211eaca6e026ff86bc32c7cbc66
CLIENT_HANDSHAKE_TRAFFIC_SECRET 78e43cd4cc01888bf85d9ea8b731f9f6bcff92b70fbeb70ad3a08a32634c746a da412cbb3ec12996fda351bd76aa113769bc269e7dfdbeb6f608278bba381e66
SERVER_HANDSHAKE_TRAFFIC_SECRET 78e43cd4cc01888bf85d9ea8b731f9f6bcff92b70fbeb70ad3a08a32634c746a 931bb7a55b3bcaf6d297f97d6233a13f976185246a8f704745acf5779c4d1fd7
CLIENT_TRAFFIC_SECRET_0 78e43cd4cc01888bf85d9ea8b731f9f6bcff92b70fbeb70ad3a08a32634c746a 787db37b7ac082a9eec46c1fb147938101291a8c32a11366d7c5ca76233c7ebc
SERVER_TRAFFIC_SECRET_0 78e43cd4cc01888bf85d9ea8b731f9f6bcff92b70fbeb70ad3a08a32634c746a 31e1a324cda9a98c963c9db2428370617d6465e655f641e8a49e227530784f6f
EXPORTER_SECRET 78e43cd4cc01888bf85d9ea8b731f9f6bcff92b70fbeb70ad3a08a32634c746a 756bb9bcc0c58548b7d0a8b0e76d204d013b67a46035443a5848fe0c629047d5
CLIENT_HANDSHAKE_TRAFFIC_SECRET cc1dbc5275edec0b7404512eb589ee95e5206557862c39f27f68daf9b42d9b17 df75ab664ad3394c036d0bc3c103797a1e98101a55ff4244655262103ac72ed3bd4f2fba9e2a5cf8f9d2b5b35818acd3
SERVER_HANDSHAKE_TRAFFIC_SECRET cc1dbc5275edec0b7404512eb589ee95e5206557862c39f27f68daf9b42d9b17 97d286e27957cb166ae903bd5bf01d5c8c0ae50dd8149aaf74d749ab673db46d3a018333ccee1740f462d501e636d898
CLIENT_TRAFFIC_SECRET_0 cc1dbc5275edec0b7404512eb589ee95e5206557862c39f27f68daf9b42d9b17 cfb8a7501ee77a10b28df59f865a203c572cb22973c675cd196288accf891764a8cfc3c86ff4d244f768ede7620b8469
SERVER_TRAFFIC_SECRET_0 cc1dbc5275edec0b7404512eb589ee95e5206557862c39f27f68daf9b42d9b17 61c966322e29f868e1a93f9a53dae2f595d3d0ca259f22d59d952292d6f17190977f45c3a7cf23a84cfc3d129236aafa
EXPORTER_SECRET cc1dbc5275edec0b7404512eb589ee95e5206557862c39f27f68daf9b42d9b17 3ca0b7f7c595454379f0c4eddba0b756205306fe209c44a4b8ab6b042567dabfaf4e6dd0d9921a26a4c4b1b3d7acd244
CLIENT_RANDOM eb023269a6a6e7f34b0726005e174fa9f8f8d3cd8142515beca01bbf10cb4e63 91958a042ef1f49d75f3b2b4f2c89122dc7024c3a7d6741e964622a6372a6b01cf93849331efb31171564219232d9377
CLIENT_HANDSHAKE_TRAFFIC_SECRET 6797d806f423cd882ca74c84a35a7f40a8fb1b26fd6ac329d162dd40e2831544 3eb25fa7c14c2a2ca41d57a33e2361a800af327acb99a25508cd03285ac06a96
SERVER_HANDSHAKE_TRAFFIC_SECRET 6797d806f423cd882ca74c84a35a7f40a8fb1b26fd6ac329d162dd40e2831544 df2b74e3f91ebabb2f7f2e5c485c2749c01fd99a186e1e5e9c813c46ba028583
CLIENT_TRAFFIC_SECRET_0 6797d806f423cd882ca74c84a35a7f40a8fb1b26fd6ac329d162dd40e2831544 ba325536f626ecb1db7a3cd0bc827b4e5b7eb46933536b8153abbbb6019c1dde
SERVER_TRAFFIC_SECRET_0 6797d806f423cd882ca74c84a35a7f40a8fb1b26fd6ac329d162dd40e2831544 ede8bc3e7da615497d5a35147ebba706c06f2d7e2384c2dd7b78cfd0f04c164c
EXPORTER_SECRET 6797d806f423cd882ca74c84a35a7f40a8fb1b26fd6ac329d162dd40e2831544 9c1174eec848e15c28ab251104cf3cfe0f1b8a2852d651eb4261369dddd85bab
CLIENT_HANDSHAKE_TRAFFIC_SECRET 7eb70d5d3c1db023eb0327e13c3d0d409e2a10998bcb64964c4907dadef523b6 0d139176cf20c487b44764a5b204d92d4ee0de7c3217de752ed79c726846c52f
SERVER_HANDSHAKE_TRAFFIC_SECRET 7eb70d5d3c1db023eb0327e13c3d0d409e2a10998bcb64964c4907dadef523b6 9c7ff8e4ebdbf9e0e5efc09849d3f26dcd74f8ba7ab93424eae2fa83c9aa39dc
CLIENT_TRAFFIC_SECRET_0 7eb70d5d3c1db023eb0327e13c3d0d409e2a10998bcb64964c4907dadef523b6 e7301686fae5aa9d45a91a3f7ef2809ac28840419dbe5546ac77a2864c264e41
SERVER_TRAFFIC_SECRET_0 7eb70d5d3c1db023eb0327e13c3d0d409e2a10998bcb64964c4907dadef523b6 1b51cc75746da572a488e343a8971c96d1166724075887eef537c465f35f4a11
EXPORTER_SECRET 7eb70d5d3c1db023eb0327e13c3d0d409e2a10998bcb64964c4907dadef523b6 8969ff59c2db687a1302b8bf37281964eda0d12731ad16a51d3f1d184ba7001d
CLIENT_HANDSHAKE_TRAFFIC_SECRET 1e687a9e557d8db34e27bae2249ac8ff3df32eebc23f15fc35b9f0a3d493536b 2b38080ede0c1a6a5404bc2fcddae305c330bdea8d481658909767922f3aa087
SERVER_HANDSHAKE_TRAFFIC_SECRET 1e687a9e557d8db34e27bae2249ac8ff3df32eebc23f15fc35b9f0a3d493536b 3ced984c1cea64dcdc339632826dd663fd24fc4dd889dcb3bfcb63da4ef23e17
CLIENT_HANDSHAKE_TRAFFIC_SECRET 896cc39cf1b30b6e4d0eb4a6d57b1a7707417636d3917858790e979aa1900aa1 e949cf11541c2ed7fe32e1c0657c957e6e3d6043aabcacab84752d1bef6bf197
SERVER_HANDSHAKE_TRAFFIC_SECRET 896cc39cf1b30b6e4d0eb4a6d57b1a7707417636d3917858790e979aa1900aa1 f16e540a4fed04345969a072041d2a07d7505ed531a2c3dda69cdf4ad3e2ceca
CLIENT_TRAFFIC_SECRET_0 1e687a9e557d8db34e27bae2249ac8ff3df32eebc23f15fc35b9f0a3d493536b 0e47e570ccd4bebded65a9cb9add1fa7706b165ca1984a7579df89c6b9d6200b
SERVER_TRAFFIC_SECRET_0 1e687a9e557d8db34e27bae2249ac8ff3df32eebc23f15fc35b9f0a3d493536b 227ddf295e826bbd93004837cade6437ff524652488f9f289c1deb3615a0048c
EXPORTER_SECRET 1e687a9e557d8db34e27bae2249ac8ff3df32eebc23f15fc35b9f0a3d493536b f57338628e40eb30e2a2d40022205f573602b4122eefad00288bc724e0dc4372
CLIENT_TRAFFIC_SECRET_0 896cc39cf1b30b6e4d0eb4a6d57b1a7707417636d3917858790e979aa1900aa1 9304c93e5e56f80613a86ddc7f7dbd8e1e2e1d686c86e5419e718a2627572326
SERVER_TRAFFIC_SECRET_0 896cc39cf1b30b6e4d0eb4a6d57b1a7707417636d3917858790e979aa1900aa1 aaea0001f5e89752877875e63da5bd7d1dc3aca8284029a822b3b86c67f942e9
EXPORTER_SECRET 896cc39cf1b30b6e4d0eb4a6d57b1a7707417636d3917858790e979aa1900aa1 f4b2a3d097f34d2b6f19cd7b4aaf93fe96d0a38f8bed74f22f332f366b7961fa
CLIENT_HANDSHAKE_TRAFFIC_SECRET 09400ae9926d5b05ebcd78b20d830597065712b6b5814fb5bb0ca45c70644673 cc83f57be198119c1d312aaf881b7c48d6fe052f93d15e83ed80b3bcf3531d7e
SERVER_HANDSHAKE_TRAFFIC_SECRET 09400ae9926d5b05ebcd78b20d830597065712b6b5814fb5bb0ca45c70644673 4ec51b49e7e50309fd81b011bf6895cc12163cc8ff74895b8c63defdf5345059
CLIENT_TRAFFIC_SECRET_0 09400ae9926d5b05ebcd78b20d830597065712b6b5814fb5bb0ca45c70644673 1464286b618aaf1e813cf27df045f4751c674388b9042b3f74af5e1286321f1a
SERVER_TRAFFIC_SECRET_0 09400ae9926d5b05ebcd78b20d830597065712b6b5814fb5bb0ca45c70644673 a56202016b22e1d47e808fbeb0984843ee73d55983c91fcd2dd4f6b9df9eb593
EXPORTER_SECRET 09400ae9926d5b05ebcd78b20d830597065712b6b5814fb5bb0ca45c70644673 321cacc26750ee5c954f5313649adabfb487a7243a7b9463f124f51124ac9895
CLIENT_HANDSHAKE_TRAFFIC_SECRET 40de98553220a8f41124b6e03615a5521199dfaf1e64ac12379fb6b22f0b1a9e 49c59e9ae4855dc41091c1fe6340f6811e0c495ac29a0cbc9204efa6083380e6
SERVER_HANDSHAKE_TRAFFIC_SECRET 40de98553220a8f41124b6e03615a5521199dfaf1e64ac12379fb6b22f0b1a9e 55bbc0006917b9507e6b00ab658a60823af6b9825594f3f18b700e343748390d
CLIENT_TRAFFIC_SECRET_0 40de98553220a8f41124b6e03615a5521199dfaf1e64ac12379fb6b22f0b1a9e 6e7242e682f7320e9f61457c0cd462c6cde7d9d8d1cce7ce8b160deb47516555
SERVER_TRAFFIC_SECRET_0 40de98553220a8f41124b6e03615a5521199dfaf1e64ac12379fb6b22f0b1a9e 28f0038baf1c3fc0a74a97a0107745ef80c9b10ea5df6d2833ffa53c9578589d
EXPORTER_SECRET 40de98553220a8f41124b6e03615a5521199dfaf1e64ac12379fb6b22f0b1a9e 318851786f3e7a5ce3754bf247af6e1feb24d3423e337fbcc2e3f0a54a91cb8b
CLIENT_HANDSHAKE_TRAFFIC_SECRET 4d88d331830470945f0a23b8bf01a1a035c060b5858cd23c77b2b975ebfd57f5 928a85a4fd2476d0adf22da41224c3d60d9319b83144a0e9aa0e439ea9aa5c45
SERVER_HANDSHAKE_TRAFFIC_SECRET 4d88d331830470945f0a23b8bf01a1a035c060b5858cd23c77b2b975ebfd57f5 a3aeac26d98ee0d160a975c61c02941eb7fc79c85e5ba64be00d9f9c9522741d
CLIENT_TRAFFIC_SECRET_0 4d88d331830470945f0a23b8bf01a1a035c060b5858cd23c77b2b975ebfd57f5 cd2ac516b84e34a359faa231ae3de0723aaa062320ff3fbded793bcb91be979b
SERVER_TRAFFIC_SECRET_0 4d88d331830470945f0a23b8bf01a1a035c060b5858cd23c77b2b975ebfd57f5 ca77ea898d51b4f5f79b0a90255fe693bb340392f55e6ebb1de73d89a74e1e5a
EXPORTER_SECRET 4d88d331830470945f0a23b8bf01a1a035c060b5858cd23c77b2b975ebfd57f5 1aa42cb7ad7597495cb353e5105f60d1ac5f959443a9e46b0f637a19a99833ef
CLIENT_HANDSHAKE_TRAFFIC_SECRET 60e1ec8aac21bf5170fffd44eb3a43310c4d8b4a3d399ab8fd27ba4245bafdf8 bf26634a25c3110c0ac343ddb342165a9038b5ef9f69d5e5b89075bd88327c53
SERVER_HANDSHAKE_TRAFFIC_SECRET 60e1ec8aac21bf5170fffd44eb3a43310c4d8b4a3d399ab8fd27ba4245bafdf8 b5547d723fd2f2eda73d00ae3bd9546ade5ced197348965350c475e8e4ce1ff2
CLIENT_TRAFFIC_SECRET_0 60e1ec8aac21bf5170fffd44eb3a43310c4d8b4a3d399ab8fd27ba4245bafdf8 b2e6a40095cdf6ea1d38327bafb91c0b081b784a9dd70bfdf1ff3e26190cfbec
SERVER_TRAFFIC_SECRET_0 60e1ec8aac21bf5170fffd44eb3a43310c4d8b4a3d399ab8fd27ba4245bafdf8 e3d02dfeb27ce5899f592b13cc8f8f4867c7051a2b164a4170232a02e36b1f87
EXPORTER_SECRET 60e1ec8aac21bf5170fffd44eb3a43310c4d8b4a3d399ab8fd27ba4245bafdf8 487f697ab4a1661029a05b337a6ec971b264286de6579526cd29db9ea6950f0d
CLIENT_HANDSHAKE_TRAFFIC_SECRET d5a369984cfa10974c15292f4e7c19e75761625c457cc2c7727eb474eb7dd63b 29bbe2d301e9c7d3660408aef175590cddea268c28a74446a15cc9bb2560fd2b
SERVER_HANDSHAKE_TRAFFIC_SECRET d5a369984cfa10974c15292f4e7c19e75761625c457cc2c7727eb474eb7dd63b 8d7770eb65d77fd384bef68ab6c12adf949aacc011f29648e69151ad2d360d27
CLIENT_TRAFFIC_SECRET_0 d5a369984cfa10974c15292f4e7c19e75761625c457cc2c7727eb474eb7dd63b e6e2d3a5f59d056cc2bbfc2d410c298900c139da7d8cf5742c37ba64009fb8b4
SERVER_TRAFFIC_SECRET_0 d5a369984cfa10974c15292f4e7c19e75761625c457cc2c7727eb474eb7dd63b f02379436cdb0fa7e606cf24f95a12c1eafb142d039d5b5c34f8f88deb3113ec
EXPORTER_SECRET d5a369984cfa10974c15292f4e7c19e75761625c457cc2c7727eb474eb7dd63b 1e97324fbbed6e9056e2a70a4458779d5128b68337880acaef6d48b03f078450
CLIENT_HANDSHAKE_TRAFFIC_SECRET 59f9f1d754a2d0f67810d1a0469bceee0b5539abe93cda0767bd3da6fdc9403e fd72b4c776f0de2c2e21eadac33a3bd8caac1e60772196740fb43e785d8e2ca6
SERVER_HANDSHAKE_TRAFFIC_SECRET 59f9f1d754a2d0f67810d1a0469bceee0b5539abe93cda0767bd3da6fdc9403e ac18b2eee815968503b1b9e31b6d205c5312e8381e087ec9e9b59a9935a0eaeb
CLIENT_TRAFFIC_SECRET_0 59f9f1d754a2d0f67810d1a0469bceee0b5539abe93cda0767bd3da6fdc9403e 0c58ef60c79d2406c78c73f44663cc1b762ca1726dffaaf95a5b47ba6fe4ea3e
SERVER_TRAFFIC_SECRET_0 59f9f1d754a2d0f67810d1a0469bceee0b5539abe93cda0767bd3da6fdc9403e fd88a8594b5ceb67b1daa77a4b6a0d413775084942397bc6f29c21523bc05ba6
EXPORTER_SECRET 59f9f1d754a2d0f67810d1a0469bceee0b5539abe93cda0767bd3da6fdc9403e dd6d69f428f5c06fb0a1578b2f6299eb8520bcce193612156ee4edd8314c3a8e
CLIENT_HANDSHAKE_TRAFFIC_SECRET bd3af4631e5bc7f4ae8d08aac5b62abf7b9d7960c62b5c216be5da4833d45f80 83915339310458ca794e682e5e3c85b6fb899932526228cbbb420a1f6a907f99
SERVER_HANDSHAKE_TRAFFIC_SECRET bd3af4631e5bc7f4ae8d08aac5b62abf7b9d7960c62b5c216be5da4833d45f80 ae9c0dbb4092bc50e0dfe82c9d21361fa91ce6bc39ecea4f833c028b952e0afa
CLIENT_TRAFFIC_SECRET_0 bd3af4631e5bc7f4ae8d08aac5b62abf7b9d7960c62b5c216be5da4833d45f80 52e2f8341c93873d5c287ca3cbb58d5986faea53583b73c9bd7b97dfce31b050
SERVER_TRAFFIC_SECRET_0 bd3af4631e5bc7f4ae8d08aac5b62abf7b9d7960c62b5c216be5da4833d45f80 1e0702b00e991671f02612dfb9ce971f831c95c333b74eaca458521953a044aa
EXPORTER_SECRET bd3af4631e5bc7f4ae8d08aac5b62abf7b9d7960c62b5c216be5da4833d45f80 10cac1a4dc57ee3dfa9644801ca17d9abc0b20701a9a4fc4487ca2ba571a6eaa
CLIENT_HANDSHAKE_TRAFFIC_SECRET cda2852a27a18c57d1fed85a4242873494444d06a4cbad8a0aceb5a3bd21307c c0ee454d8935c959ad783e00ec8cc98a32958c694932d34265afe4adbbe0e153
SERVER_HANDSHAKE_TRAFFIC_SECRET cda2852a27a18c57d1fed85a4242873494444d06a4cbad8a0aceb5a3bd21307c c1f76b360efe2ab6c32beefd65321b00b8627c4b2db92edff64cf9559c797852
CLIENT_TRAFFIC_SECRET_0 cda2852a27a18c57d1fed85a4242873494444d06a4cbad8a0aceb5a3bd21307c ec799abf3f83b4f13926914befcd1a562f78dc3b1dbe0c0e8dae224429ef1591
SERVER_TRAFFIC_SECRET_0 cda2852a27a18c57d1fed85a4242873494444d06a4cbad8a0aceb5a3bd21307c 43bf16af5796af7c586165c78b445f94c78d34aac163d29b7852358938c325e9
EXPORTER_SECRET cda2852a27a18c57d1fed85a4242873494444d06a4cbad8a0aceb5a3bd21307c 10d22b20346052f28ca728a70645d4de090984c09429c21ceb25c4d8f9de71a4
CLIENT_HANDSHAKE_TRAFFIC_SECRET 329d9769740bf6b01838aeca4c9e285dc28ece56dee334fbc8a5558a76a43945 802be33ada1eac372952ed60a2419685126617d94ccc83f49566282e7781f1b9
SERVER_HANDSHAKE_TRAFFIC_SECRET 329d9769740bf6b01838aeca4c9e285dc28ece56dee334fbc8a5558a76a43945 346ef82fe2876303dcd8d77b9d317d178e042121f21b3342a89d720535010841
CLIENT_TRAFFIC_SECRET_0 329d9769740bf6b01838aeca4c9e285dc28ece56dee334fbc8a5558a76a43945 5b38cd023d66ec27b99852a4e9db178d2de5c317bec7c852152de4b3ba6f040e
SERVER_TRAFFIC_SECRET_0 329d9769740bf6b01838aeca4c9e285dc28ece56dee334fbc8a5558a76a43945 2ab8432f24b680489f5f26a8c699b58c6dc3078afcae46e18ed1d44ed108a2d1
EXPORTER_SECRET 329d9769740bf6b01838aeca4c9e285dc28ece56dee334fbc8a5558a76a43945 c867bda74ba416e09fb92bc9bf9a5dbd2bac75d67698d6d60a7040df0c515ea2
CLIENT_HANDSHAKE_TRAFFIC_SECRET 986218bbbebc63f323c215e2d069000363d75299eb766f70e8e89a5ab6b43d4e de4a4d12913cb6e7d2630d9592099f52df94888a9c85e713861e2b54fc60ae9c
SERVER_HANDSHAKE_TRAFFIC_SECRET 986218bbbebc63f323c215e2d069000363d75299eb766f70e8e89a5ab6b43d4e 6b45026f9bc4eec0958bb86442bea93cf7f86e4b717787a6f6adde64c388fc2e
CLIENT_TRAFFIC_SECRET_0 986218bbbebc63f323c215e2d069000363d75299eb766f70e8e89a5ab6b43d4e 3697e5efe323f81b617a682b4eae524496d89310620936580a93015bfe421fd5
SERVER_TRAFFIC_SECRET_0 986218bbbebc63f323c215e2d069000363d75299eb766f70e8e89a5ab6b43d4e d781ba2219d812dcf060ec6785acbd7b4de7f6434e3a120aeff07a2ac891b262
EXPORTER_SECRET 986218bbbebc63f323c215e2d069000363d75299eb766f70e8e89a5ab6b43d4e fd59c8c9112f80042401297e08b8178a54e0206fc4c44013e8e70a68f1f3ced8
