CLIENT_HANDSHAKE_TRAFFIC_SECRET d5b110bcebcccf2074bad580e15b5f778acd1777cc783a5d4571cd41a9612a2e 622d734cb5498bafd367a2f056cbe79087d9743f5f4dfdf80ed53b5ac06dc3d4
SERVER_HANDSHAKE_TRAFFIC_SECRET d5b110bcebcccf2074bad580e15b5f778acd1777cc783a5d4571cd41a9612a2e 1124af0adb2311f2b7e6daa575e5b37e2b6176efd2c90b9898e2aefe34717279
CLIENT_HANDSHAKE_TRAFFIC_SECRET bc1adbf9ccd7db4844d41ec0e51d89f4998500cdaea9c36dafa9ad9b57c8c15b dd66a041b16bfdb3454510f9453d40b7b54927632d74cb428c601e1033ddec8ec28be4676bc3dc72cb6ae70bd1aa210e
SERVER_HANDSHAKE_TRAFFIC_SECRET bc1adbf9ccd7db4844d41ec0e51d89f4998500cdaea9c36dafa9ad9b57c8c15b 9003e142d4eeaeea4f1729afbb92e66b96808a85ce0d20822cfce70d6fea267afe6d30020cb81d25226b2bde2db64eaa
CLIENT_HANDSHAKE_TRAFFIC_SECRET 9728ee01866be8bfa459f49da919c25f91bca0d68a5e8954334c38fd963052f8 f8e1fa4447c87d09356746a4e34146ff7638d3d8490a765f873f0c5c85624ded
SERVER_HANDSHAKE_TRAFFIC_SECRET 9728ee01866be8bfa459f49da919c25f91bca0d68a5e8954334c38fd963052f8 0fccd790728edafb6262b02c960c0007ca7cefbccbf4223b94fc15fd3655360b
CLIENT_HANDSHAKE_TRAFFIC_SECRET 91b78487952bd832227e145dbe0c9535bcfeec1adbedb22ddad63fd60c4a8f5b 991e502e3cf63622e9200e97fc34ff9be07ecf52919ec13256554762525cd720
SERVER_HANDSHAKE_TRAFFIC_SECRET 91b78487952bd832227e145dbe0c9535bcfeec1adbedb22ddad63fd60c4a8f5b c4528ef7dec149d197d10de6a6f5cb51947e0dab46d19985a8bd9c94fd625057
CLIENT_HANDSHAKE_TRAFFIC_SECRET 7a0622108320200ac319aec25c026686a43804577ff8c396c46a44d853893d47 3a9a01de8b29da8952cb1a64906638acc30aabd4f70e5137f83ab9b6be250eac
SERVER_HANDSHAKE_TRAFFIC_SECRET 7a0622108320200ac319aec25c026686a43804577ff8c396c46a44d853893d47 f0d435373916a71e491ed02ec75f32833b59793595174bafae264a1043c0cf40
CLIENT_TRAFFIC_SECRET_0 d5b110bcebcccf2074bad580e15b5f778acd1777cc783a5d4571cd41a9612a2e 482862669b2fde445fb0ac11536be927cf2e81dab50759e21533b96ced3eaa24
SERVER_TRAFFIC_SECRET_0 d5b110bcebcccf2074bad580e15b5f778acd1777cc783a5d4571cd41a9612a2e d2f5e1593e6f5ab44af8bdb7d3c0cc6884ddeb791c722df52b73ba74fd224a66
EXPORTER_SECRET d5b110bcebcccf2074bad580e15b5f778acd1777cc783a5d4571cd41a9612a2e 7a026147991aa820c76d0e86f457a2c8dbb088af2824d1260d4c6c05e7121bae
CLIENT_TRAFFIC_SECRET_0 bc1adbf9ccd7db4844d41ec0e51d89f4998500cdaea9c36dafa9ad9b57c8c15b 88dd48d264d991bdf117cdc9b4dd84a76ff2b2bf81c773dd08941a330fbaa6e60775bbc51d40c12e5fce128eafa68bc2
SERVER_TRAFFIC_SECRET_0 bc1adbf9ccd7db4844d41ec0e51d89f4998500cdaea9c36dafa9ad9b57c8c15b 58ad90d6c61e4c465f4a923e4c28f222e695608e91090b1949fe4375b3f0eb29d6c2908d8e96c76a6b6850e56839fc0a
EXPORTER_SECRET bc1adbf9ccd7db4844d41ec0e51d89f4998500cdaea9c36dafa9ad9b57c8c15b 7d6d9060d0120c8419b26fb27d30127072fc3675610afa9fa8b5ecfd9d175bab041668259e5080805451510bfcfc9b51
CLIENT_TRAFFIC_SECRET_0 91b78487952bd832227e145dbe0c9535bcfeec1adbedb22ddad63fd60c4a8f5b bd506930d64cebbb9a986592236519624f28c7ca9448755f1ef6e268a3b5ccfd
SERVER_TRAFFIC_SECRET_0 91b78487952bd832227e145dbe0c9535bcfeec1adbedb22ddad63fd60c4a8f5b 66032cc24a54c4725084b24acaaff63b9e5bbc7687c0b887cba8132fd1a8557c
EXPORTER_SECRET 91b78487952bd832227e145dbe0c9535bcfeec1adbedb22ddad63fd60c4a8f5b a493cff8afbc29d367693900a1538f027d69232c8dfaceb6c157ce865d723815
CLIENT_TRAFFIC_SECRET_0 9728ee01866be8bfa459f49da919c25f91bca0d68a5e8954334c38fd963052f8 f7cac8bdc2c438b42af042e2806631ffed0b64d451966dd573306c0de70b465a
SERVER_TRAFFIC_SECRET_0 9728ee01866be8bfa459f49da919c25f91bca0d68a5e8954334c38fd963052f8 f6f33033b641a9b0746622cd369af295ee1bfb8be38f770d8a513a456d418f4d
EXPORTER_SECRET 9728ee01866be8bfa459f49da919c25f91bca0d68a5e8954334c38fd963052f8 2cfe3b34a21f7ce75d3fab591172e3eb62cf20c0b786f453e505d3326fabab09
CLIENT_HANDSHAKE_TRAFFIC_SECRET c4daa687c8aa50031a303848c46de5406c530f85df1e1874c754498b2da933de 10e9898aa6362fc4e7df880485dcf0a87f800da0a98ced20e276a9b37d9485cd
SERVER_HANDSHAKE_TRAFFIC_SECRET c4daa687c8aa50031a303848c46de5406c530f85df1e1874c754498b2da933de e8a3894b012c4db56109fdc1ca78eafc1e77f97440ca4b06243a45c9c0e5f367
CLIENT_TRAFFIC_SECRET_0 7a0622108320200ac319aec25c026686a43804577ff8c396c46a44d853893d47 734ce718de9cb9f7d98d63535bb3c4d5e8b0830a94cc53bc81d9535d362acf13
SERVER_TRAFFIC_SECRET_0 7a0622108320200ac319aec25c026686a43804577ff8c396c46a44d853893d47 c393f6d83b2b1ad89102de933e080e8493fbc018b97850b26fbdf51dcc52353a
EXPORTER_SECRET 7a0622108320200ac319aec25c026686a43804577ff8c396c46a44d853893d47 860f70ba8409c2a8b0302b58a1146c870cda086a63c5643d3768a5c23aec1e01
CLIENT_TRAFFIC_SECRET_0 c4daa687c8aa50031a303848c46de5406c530f85df1e1874c754498b2da933de dadd7a2f743ae6f6833551f7f2ef1aa0c64cfea9456601dc9b592280fc4e316e
SERVER_TRAFFIC_SECRET_0 c4daa687c8aa50031a303848c46de5406c530f85df1e1874c754498b2da933de c7709bd86b4688f0c8ee1c1748bb6490942640fde69f5aa91b090ed6c6c8b27c
EXPORTER_SECRET c4daa687c8aa50031a303848c46de5406c530f85df1e1874c754498b2da933de 95048426f3c4716035055e6b9af3a100f30766ab5b94f1215571fe3db95b7fe2
CLIENT_HANDSHAKE_TRAFFIC_SECRET 61a6b78e9daafbee59a3f5c59ca7a48d69e554f182a106014354199e7669c18a 77af08a376ea5cf10f13385f5f3ac95d0804966aacf03e5d1b8f822bb1d076ca
SERVER_HANDSHAKE_TRAFFIC_SECRET 61a6b78e9daafbee59a3f5c59ca7a48d69e554f182a106014354199e7669c18a f3e48bf70aedecf67626e292a71f19487bf9c2a865d9a912e6792c158b5e2a0e
CLIENT_TRAFFIC_SECRET_0 61a6b78e9daafbee59a3f5c59ca7a48d69e554f182a106014354199e7669c18a 965e45a0486c32ab4a2b738e11b6041f6bcbee318b04c998015d7bcc712d26b8
SERVER_TRAFFIC_SECRET_0 61a6b78e9daafbee59a3f5c59ca7a48d69e554f182a106014354199e7669c18a 7271e8289d39edd5e3180c8c2467a3605ac1421e1a7911c02cefe23179a46cc2
EXPORTER_SECRET 61a6b78e9daafbee59a3f5c59ca7a48d69e554f182a106014354199e7669c18a 3d5b9145d8ba519e2098f0318b066dcd172516f7be962067cf31325cb453fdd1
CLIENT_HANDSHAKE_TRAFFIC_SECRET 933f5d67d65982c933a1efd52e16b5c3ec5b7d055fed8cf1c9aadb186d46ee46 c3252d3ab85ab6e7756f36bd96a13b28f4ddde2ab42a1eb6fee2dcda331652f5
SERVER_HANDSHAKE_TRAFFIC_SECRET 933f5d67d65982c933a1efd52e16b5c3ec5b7d055fed8cf1c9aadb186d46ee46 c8989fd4a5bd795f4555dade5f9feb902ab857534ad79586dda7b3032015ad13
CLIENT_TRAFFIC_SECRET_0 933f5d67d65982c933a1efd52e16b5c3ec5b7d055fed8cf1c9aadb186d46ee46 ff6746ef24633d31a130767fecf7e26773b1fa0a3ebfd1020235222e3704be86
SERVER_TRAFFIC_SECRET_0 933f5d67d65982c933a1efd52e16b5c3ec5b7d055fed8cf1c9aadb186d46ee46 caa1239bc95598b525f14a5ec144bc60548c564a60e6e4867a514376ea3de942
EXPORTER_SECRET 933f5d67d65982c933a1efd52e16b5c3ec5b7d055fed8cf1c9aadb186d46ee46 d094fc02e1b58a3a4cc8b7a2a01e2db46248286ecc94c01ca8ca1848e4d947d4
CLIENT_HANDSHAKE_TRAFFIC_SECRET f052ad33f79b160906013e69ce3330b5f9c73d33b62b2c05d43adf26f88d63c8 d43399b314318169b84064624fb639e17142bf37f08dd6905861faebefd970b4
SERVER_HANDSHAKE_TRAFFIC_SECRET f052ad33f79b160906013e69ce3330b5f9c73d33b62b2c05d43adf26f88d63c8 670734b5e2fc2f38d7500075eb75c0c5c5358ac1da49ea48234e7a04735eab89
CLIENT_TRAFFIC_SECRET_0 f052ad33f79b160906013e69ce3330b5f9c73d33b62b2c05d43adf26f88d63c8 bcb2990a4139b95a7ff2a4808d801dbae7125d3ac67fa1041267237a9c1ed8e0
SERVER_TRAFFIC_SECRET_0 f052ad33f79b160906013e69ce3330b5f9c73d33b62b2c05d43adf26f88d63c8 0131810a8fde80565ecb1e4d46b435b2ebee29ac4cb42bc091c309008016ed6d
EXPORTER_SECRET f052ad33f79b160906013e69ce3330b5f9c73d33b62b2c05d43adf26f88d63c8 e8b2387a31602400cf73263595c79f228cc80476f8bacfaf64c9d4b150f50fe3
CLIENT_HANDSHAKE_TRAFFIC_SECRET 9f218712d643347cd9a1432b9be9661b4831e8dcb592780a908153b7e61dbf17 9215117d178ca14aa5adcee034edead5817666710ff630f5694f6a2914f82afb
SERVER_HANDSHAKE_TRAFFIC_SECRET 9f218712d643347cd9a1432b9be9661b4831e8dcb592780a908153b7e61dbf17 f27e2896996a2acb520447063ceba0f4122af3f06752071e9b4abbb630608329
CLIENT_TRAFFIC_SECRET_0 9f218712d643347cd9a1432b9be9661b4831e8dcb592780a908153b7e61dbf17 8ab59029053c97aea73d34d231a7ebb2abf978ad449570d045f309791c6fb97a
SERVER_TRAFFIC_SECRET_0 9f218712d643347cd9a1432b9be9661b4831e8dcb592780a908153b7e61dbf17 3fea52ce5d9cb4d7f45815cf48280f8535edcc852a97f57ef17901eace42b25a
EXPORTER_SECRET 9f218712d643347cd9a1432b9be9661b4831e8dcb592780a908153b7e61dbf17 74eba24dc4fbce45dce0ad68a9c638f088b2be82fce5fe84830e640d6948c8a8
CLIENT_HANDSHAKE_TRAFFIC_SECRET bf9f84378d54a99a361dd57ac88a40fc99b9987aa93f911c7dd6bb298856e4c6 547abba87d4b5364654956b81204e0d6b08651bf123ab92b4b27ce4ce0210c74
SERVER_HANDSHAKE_TRAFFIC_SECRET bf9f84378d54a99a361dd57ac88a40fc99b9987aa93f911c7dd6bb298856e4c6 66f367c62ff140c3516691782c37189ef569db9eb945c89e5717af6539d99138
CLIENT_TRAFFIC_SECRET_0 bf9f84378d54a99a361dd57ac88a40fc99b9987aa93f911c7dd6bb298856e4c6 d23c2cd094cfbb396424d95779870139eeff0de9f9d25dfd9e8772fc9c81f13d
SERVER_TRAFFIC_SECRET_0 bf9f84378d54a99a361dd57ac88a40fc99b9987aa93f911c7dd6bb298856e4c6 be4e7d5055acc2183ff8bc843c7ce26e83ca7d1547c905b028f4707b6e972736
EXPORTER_SECRET bf9f84378d54a99a361dd57ac88a40fc99b9987aa93f911c7dd6bb298856e4c6 9b7feec24f9822c0bb645c04205bee06ddf8e42274a53829ac8c3ad2ab86ff53
CLIENT_EARLY_TRAFFIC_SECRET 32876a406944b6d1b64a6d05e43bd0b15d00ca92229c1cc5532fa4416e54d5c0 69a4fd9f4381cfd2dbe588abf7ec79d8f6d8f174e4edc9c1a93b0e62676f9cbc
CLIENT_HANDSHAKE_TRAFFIC_SECRET 32876a406944b6d1b64a6d05e43bd0b15d00ca92229c1cc5532fa4416e54d5c0 45aa596e8f564535b866bc9118a976ca3225d3478148baa1bff78495b881d710
SERVER_HANDSHAKE_TRAFFIC_SECRET 32876a406944b6d1b64a6d05e43bd0b15d00ca92229c1cc5532fa4416e54d5c0 48af12c481b68bd601d705e53d01120eecfe3998f58546baf1ab159c16fa01a3
CLIENT_TRAFFIC_SECRET_0 32876a406944b6d1b64a6d05e43bd0b15d00ca92229c1cc5532fa4416e54d5c0 67c5fda5bd0f24bc9457a345e289e5996e5837df99d93bd70c4ce00dc884c321
SERVER_TRAFFIC_SECRET_0 32876a406944b6d1b64a6d05e43bd0b15d00ca92229c1cc5532fa4416e54d5c0 8640264bb1cb3f58e6cddce5190e3588fea4aaeaddf9bc252106d650f35a071c
EXPORTER_SECRET 32876a406944b6d1b64a6d05e43bd0b15d00ca92229c1cc5532fa4416e54d5c0 218632fe9a08cc16c695161491f412ff897e657fb754da3a7b07ea202ad4ca38
CLIENT_HANDSHAKE_TRAFFIC_SECRET 02ed254a8cfe031aabe275842ee365fdfbfe9a73963feca599fc8d5487349899 56e8d7b0af11e1954cd6a4557f00c37d30b01c65cea2917615a0bbe60d92860b
SERVER_HANDSHAKE_TRAFFIC_SECRET 02ed254a8cfe031aabe275842ee365fdfbfe9a73963feca599fc8d5487349899 9a5c64d1a62395e9010e1ddc0c59fba631d5431e9bc7cac24b53563ba6c55b89
CLIENT_TRAFFIC_SECRET_0 02ed254a8cfe031aabe275842ee365fdfbfe9a73963feca599fc8d5487349899 09a9810571f1db3378d94dcb54ab139f28812b240b7dfef7889b40ab15465b1c
SERVER_TRAFFIC_SECRET_0 02ed254a8cfe031aabe275842ee365fdfbfe9a73963feca599fc8d5487349899 a7916b3fe932b2488f2e1b8577f3b51cf461943a69aa3627374e9c5be9a6ef93
EXPORTER_SECRET 02ed254a8cfe031aabe275842ee365fdfbfe9a73963feca599fc8d5487349899 ddd2e38549a9833d68b52c2873b4c37923e8b41097ed1b99b59c5b4ee8321ca6
CLIENT_HANDSHAKE_TRAFFIC_SECRET 4d663e9aaa4ad4eb2dc6116887fc87b0e5b35c129faa47e73bec4f8dd142c79f eed06134b0a752168f59913dfde0b22753be6dc197184de14650a68dc95e8984
SERVER_HANDSHAKE_TRAFFIC_SECRET 4d663e9aaa4ad4eb2dc6116887fc87b0e5b35c129faa47e73bec4f8dd142c79f 5e2478870989c2205f96a578536b65ba0c5639aa9df9d18f00df9acc46506677
CLIENT_TRAFFIC_SECRET_0 4d663e9aaa4ad4eb2dc6116887fc87b0e5b35c129faa47e73bec4f8dd142c79f ca7d0b8c3e504adb858fa760cad32b382b0f0334325f52fea00df7e9af64e491
SERVER_TRAFFIC_SECRET_0 4d663e9aaa4ad4eb2dc6116887fc87b0e5b35c129faa47e73bec4f8dd142c79f 44353aa742ee7f48317a81c7bbc6d5e6d3d26013d04c531ebbf70732d9f15f54
EXPORTER_SECRET 4d663e9aaa4ad4eb2dc6116887fc87b0e5b35c129faa47e73bec4f8dd142c79f b2b6e96c01dc15139b2eb8865d31506b29f6091d348eaa13d564011dbf1f2d93
CLIENT_HANDSHAKE_TRAFFIC_SECRET 230aa45abd5997ef5c7816a56eecaf71bcf1d7154a24d6895dabf88f1dfffe1b b6ff865bc9bf63ceb6408fc1eb8b635b337b91e916cf568303676ac2d0bcf911
SERVER_HANDSHAKE_TRAFFIC_SECRET 230aa45abd5997ef5c7816a56eecaf71bcf1d7154a24d6895dabf88f1dfffe1b ea6dbe8a269101eb032e68e01a06cca0ece911a99710a57a5f0e01c0ed01ebbe
CLIENT_HANDSHAKE_TRAFFIC_SECRET 1d3420f1edb0d86a67d2059459adb93b5393235a85d6b78cde59da80a601b20f 622eefbcc67c7c06c09898681713efdfc359b95ef6a940bbadbe24d8e36c330c
SERVER_HANDSHAKE_TRAFFIC_SECRET 1d3420f1edb0d86a67d2059459adb93b5393235a85d6b78cde59da80a601b20f b4a11b5455960c11572703108178fada42ca90ed4650a6be6d468f0094ced6e4
CLIENT_TRAFFIC_SECRET_0 230aa45abd5997ef5c7816a56eecaf71bcf1d7154a24d6895dabf88f1dfffe1b b6b222a044138db3062a8e3c7b5f6039368c25f8941e298302c275ceb91d1ac0
SERVER_TRAFFIC_SECRET_0 230aa45abd5997ef5c7816a56eecaf71bcf1d7154a24d6895dabf88f1dfffe1b 6bb06e59b480294ca5d5bccf666970cb666ea76df19f26a76de0f92ae32eeaaa
EXPORTER_SECRET 230aa45abd5997ef5c7816a56eecaf71bcf1d7154a24d6895dabf88f1dfffe1b 2003df071b13c2de2e2a75d0c43d3768e357b9ee2083acb4f88a05e292bb777f
CLIENT_TRAFFIC_SECRET_0 1d3420f1edb0d86a67d2059459adb93b5393235a85d6b78cde59da80a601b20f 02b899d74c58bad85c39e9fb066e7e0bd09fa80ac148526f28d196f0baa4b228
SERVER_TRAFFIC_SECRET_0 1d3420f1edb0d86a67d2059459adb93b5393235a85d6b78cde59da80a601b20f 21ed9d8de657d92883928338660c96b7d7e9691f1ae69d0dfe117b39d2292f42
EXPORTER_SECRET 1d3420f1edb0d86a67d2059459adb93b5393235a85d6b78cde59da80a601b20f 2b0d991774111094410cd91b3ab5102021a9368296d7e234dcc2760ef07d1352
CLIENT_HANDSHAKE_TRAFFIC_SECRET a11389f6896e0f870d094bd93a69e653b8857a5f8ec35eb48dee81e08383ca0a 3cc4b7f74038c61ad461e0dc59b6fab2cff996ca89ec50c9420434ad9ca33f44
SERVER_HANDSHAKE_TRAFFIC_SECRET a11389f6896e0f870d094bd93a69e653b8857a5f8ec35eb48dee81e08383ca0a a6aa8b4a2f50bd67fd0a6645e0e8cd3d3e3380fe51a7f8caf6c0852b164885e8
CLIENT_TRAFFIC_SECRET_0 a11389f6896e0f870d094bd93a69e653b8857a5f8ec35eb48dee81e08383ca0a 0351a62acb595083726e35b546b930b0690d0cadecbc00eeb4e35bdb0f512b0c
SERVER_TRAFFIC_SECRET_0 a11389f6896e0f870d094bd93a69e653b8857a5f8ec35eb48dee81e08383ca0a f5b0224ca3434bcf98d7d1e85e1c46b2f9e907f96264ed2da30632ee469ea7bf
EXPORTER_SECRET a11389f6896e0f870d094bd93a69e653b8857a5f8ec35eb48dee81e08383ca0a 100aab7de74432d2c21c96b451da7fa6c59929c0db5c40ef55224598e4c6b5ab
CLIENT_HANDSHAKE_TRAFFIC_SECRET 4b8982863ab4d9d4e3e9b2feef9b87f815baa70393b6de8d22a9ed116dcd0f9c fe8ce4b8a3ff5166a78a2ad3435988b4c83a564e3470f8e5562d300ce1a282de
SERVER_HANDSHAKE_TRAFFIC_SECRET 4b8982863ab4d9d4e3e9b2feef9b87f815baa70393b6de8d22a9ed116dcd0f9c 16c4e875c56fe42bb9ee3876c00b94fa400e7bc6069f0c8603995b51c04e3460
CLIENT_HANDSHAKE_TRAFFIC_SECRET 19ebd7dcb81276ae59c63c2f6e2c5f230675f62b72f432cc19ca7f65b359ab03 e583b4f59f62626df9a7a014de9428430c73d96a644cb6638e4db5059cfd03cc0b11e1e53a4901e4360770a0b2097e60
SERVER_HANDSHAKE_TRAFFIC_SECRET 19ebd7dcb81276ae59c63c2f6e2c5f230675f62b72f432cc19ca7f65b359ab03 cd8436f3ab88de7d0f6fd48acf7295e63a68552cf0a65bc1cbb9a96ae122f6c5e6772fe62791cbceb51a462d36e9b8b6
CLIENT_TRAFFIC_SECRET_0 4b8982863ab4d9d4e3e9b2feef9b87f815baa70393b6de8d22a9ed116dcd0f9c f759324468595d853fc1d53df28dc8195a2b04af5191c30eb16035a2cc946152
SERVER_TRAFFIC_SECRET_0 4b8982863ab4d9d4e3e9b2feef9b87f815baa70393b6de8d22a9ed116dcd0f9c 7e462af55ecd64f29b13e29f4e48bb17c898766f506fcfe875cf8b1851673ec2
EXPORTER_SECRET 4b8982863ab4d9d4e3e9b2feef9b87f815baa70393b6de8d22a9ed116dcd0f9c eb6fdfbfd209a0a82d73602b6c291ff6856aa6262f84a533ba917bb423078ffc
CLIENT_TRAFFIC_SECRET_0 19ebd7dcb81276ae59c63c2f6e2c5f230675f62b72f432cc19ca7f65b359ab03 d44c811b8eeb980a30da668279071bcd13b33c9c9007c892e5b9930d5f91e23aba608f3e7688a5d825f920a939bbf3fd
SERVER_TRAFFIC_SECRET_0 19ebd7dcb81276ae59c63c2f6e2c5f230675f62b72f432cc19ca7f65b359ab03 9f805710cfba1dfc5099e77cdbd8fc3ffa88823647a373207b43f95076164830917c0e9814220c9bae6a552e1149c76b
EXPORTER_SECRET 19ebd7dcb81276ae59c63c2f6e2c5f230675f62b72f432cc19ca7f65b359ab03 bc3c6d40eca668e706fc70e5bad8b654bee50211906a4559bc6346cba24768bd8c7a6ffc166122137dfd94c6cecee3f5
CLIENT_HANDSHAKE_TRAFFIC_SECRET 4a81cda908a2f8d04f0f6d4bd7689db792d1c681412f2acebebe7a9ccc1d2621 b82d3cc85d73cc984f7de66459a39f57864fe0a826531e741f008907eefdd493
SERVER_HANDSHAKE_TRAFFIC_SECRET 4a81cda908a2f8d04f0f6d4bd7689db792d1c681412f2acebebe7a9ccc1d2621 505e82ad23b267fa77fca9512a6590497d29346514a379ed821bcc199c97c4d8
CLIENT_TRAFFIC_SECRET_0 4a81cda908a2f8d04f0f6d4bd7689db792d1c681412f2acebebe7a9ccc1d2621 84aac0f8dc506a35ab183e5fe7a10607bafa0cd7f140d3b55e377ca379ffe90e
SERVER_TRAFFIC_SECRET_0 4a81cda908a2f8d04f0f6d4bd7689db792d1c681412f2acebebe7a9ccc1d2621 8e4bac1d9a44ed5828b4d20f25f760686a0a4b7472c2c5c0bd96fca9007d6137
EXPORTER_SECRET 4a81cda908a2f8d04f0f6d4bd7689db792d1c681412f2acebebe7a9ccc1d2621 d50f90c40da0a98112cc8a27026377c10986a20180fb3359718b220b64e5b43b
CLIENT_EARLY_TRAFFIC_SECRET 8dc788956fb924c389f72e78c6ad0d3ca29a341a6e6f1a644a123fcf9616ebae a30c419d6662dccf6cee1825d5d1e6eaea7e425e07e211d4b6ae977e5bb1daf6
CLIENT_HANDSHAKE_TRAFFIC_SECRET e64a25f1a41b9d46ab2436165d02086fe3fa009c537a056d2689ad504215d7bf 44b2d2a4b1688c057868913152ee510c7abe615120acd1b18e1ae23f665be389
SERVER_HANDSHAKE_TRAFFIC_SECRET e64a25f1a41b9d46ab2436165d02086fe3fa009c537a056d2689ad504215d7bf 1fcc70e757111ab24af17330629645d74c4bcff7939b251138ecaa125859b30b
CLIENT_HANDSHAKE_TRAFFIC_SECRET 8dc788956fb924c389f72e78c6ad0d3ca29a341a6e6f1a644a123fcf9616ebae 0250dabe3a35c824c9b4ee4ecde99ba7ebbbb81b634953b3c8ab7b9cdb041614
SERVER_HANDSHAKE_TRAFFIC_SECRET 8dc788956fb924c389f72e78c6ad0d3ca29a341a6e6f1a644a123fcf9616ebae 87801cbe5e7558586e59e5ae549978d4c489670f56eb54587b52e80270e3a970
CLIENT_TRAFFIC_SECRET_0 8dc788956fb924c389f72e78c6ad0d3ca29a341a6e6f1a644a123fcf9616ebae c3b6c4e1549d64a9ffc06ed0496bbbd1bdd40d801d7d2aa064772c0cf6aca89d
SERVER_TRAFFIC_SECRET_0 8dc788956fb924c389f72e78c6ad0d3ca29a341a6e6f1a644a123fcf9616ebae 119819a2dcbdefd94aae36a1b91f13df6c088b58248f4ca937270330962ed16f
EXPORTER_SECRET 8dc788956fb924c389f72e78c6ad0d3ca29a341a6e6f1a644a123fcf9616ebae 776282e6f360c0b31d9ff45a2e0fec86f1f38c2d6f0bf49e52535bcc811614ff
CLIENT_TRAFFIC_SECRET_0 e64a25f1a41b9d46ab2436165d02086fe3fa009c537a056d2689ad504215d7bf 0d6f7655a59b7db84fdc9112195dda02cda2236e2a3a71c5b186c31097e5295e
SERVER_TRAFFIC_SECRET_0 e64a25f1a41b9d46ab2436165d02086fe3fa009c537a056d2689ad504215d7bf 963edeae4ba75b8dd85e90992ae4f8f8e949d873435f68f33fd16e7dccf9acb0
EXPORTER_SECRET e64a25f1a41b9d46ab2436165d02086fe3fa009c537a056d2689ad504215d7bf f28b716020185a8cc0ac0adf38a0b5876a6c80b48f912ace8a9ddf2119206199
CLIENT_HANDSHAKE_TRAFFIC_SECRET 1571d99afd110d08acc7b660e5710362e5e908b7eabd4b4d1391120a912fc8d0 dfed9c69bde3b101902efa368046e4246c8c405febaf27bb8026190ee41e0c2f
SERVER_HANDSHAKE_TRAFFIC_SECRET 1571d99afd110d08acc7b660e5710362e5e908b7eabd4b4d1391120a912fc8d0 bd36f71baa45d3ddf21d7400c3029515fbad17cc5fdaf5c77293d1996993409a
CLIENT_HANDSHAKE_TRAFFIC_SECRET 0751ad6bb91b1e6dc1e2d3313ffc479473f2bb231360550266cd02f2f21a6d88 5ffd7c295d64874ad9df7927c85faa2ff5c571cdd329b1d904e47c8d2f7f574c
SERVER_HANDSHAKE_TRAFFIC_SECRET 0751ad6bb91b1e6dc1e2d3313ffc479473f2bb231360550266cd02f2f21a6d88 81ab707c413003c32434154b3b2dd55a0f2931a5b24b9e992840ccf91aed6246
CLIENT_TRAFFIC_SECRET_0 1571d99afd110d08acc7b660e5710362e5e908b7eabd4b4d1391120a912fc8d0 475050f0e3ffef57d14164858ff42a297bc741fd9becc84a0a0443a6e642b84d
SERVER_TRAFFIC_SECRET_0 1571d99afd110d08acc7b660e5710362e5e908b7eabd4b4d1391120a912fc8d0 3f4de3e9bfc6eb3288908f9a5a66d6867ba773fc4192e45d54f53f2aa95ef299
EXPORTER_SECRET 1571d99afd110d08acc7b660e5710362e5e908b7eabd4b4d1391120a912fc8d0 b095e8e50255e66dc6ba3eb812defa3e2ea26f8f4dc86d40c7fa289c7a6fd7e5
CLIENT_EARLY_TRAFFIC_SECRET e0b8ff296ed718b92de2b8177e635800d844f21eb0872be304a6f297be476ab5 bb4a048330686f57d4bb4c8b3c5a02e0a1dfd8f6236a51716a2d3378ad00bc88
CLIENT_HANDSHAKE_TRAFFIC_SECRET e0b8ff296ed718b92de2b8177e635800d844f21eb0872be304a6f297be476ab5 6ae2128cc958ab6d3a4ddcb0b0ff1495e5e616f4aa2783793e2020c096aa4cb0
SERVER_HANDSHAKE_TRAFFIC_SECRET e0b8ff296ed718b92de2b8177e635800d844f21eb0872be304a6f297be476ab5 0ea3e91ecee73f052c942a26d61c5f1b811e4f4539dca72ed349674c43476364
CLIENT_TRAFFIC_SECRET_0 e0b8ff296ed718b92de2b8177e635800d844f21eb0872be304a6f297be476ab5 0b1112e8a82fac442719a3625ed81141c01263234fa7e89f15fac6717dcd71f2
SERVER_TRAFFIC_SECRET_0 e0b8ff296ed718b92de2b8177e635800d844f21eb0872be304a6f297be476ab5 c6ef6a021fa0834ce108f5d35923115efe8132158e5a6cbcc25187f9c703d6ee
EXPORTER_SECRET e0b8ff296ed718b92de2b8177e635800d844f21eb0872be304a6f297be476ab5 0fa351e1eabbf8c7908e9c66994da9eface85138ca5c3f02ebd50bf0328052ed
CLIENT_HANDSHAKE_TRAFFIC_SECRET 9f41fbcae2acb97410e0489cce336b50c85fb5f42703fff92ef2a57843c69f41 7542531d62a0c5db0cac5bb0d615093dc3405ca3d58d5039fed10421b654c566
SERVER_HANDSHAKE_TRAFFIC_SECRET 9f41fbcae2acb97410e0489cce336b50c85fb5f42703fff92ef2a57843c69f41 1192e45588c0412f9af8f4d5471fc4d4d59f8063d5713a54192bece961429298
CLIENT_TRAFFIC_SECRET_0 9f41fbcae2acb97410e0489cce336b50c85fb5f42703fff92ef2a57843c69f41 12328568c1b241baa04df0b7c3e24da2e6c1ed75adcff50856ad5e6f2f1726ac
SERVER_TRAFFIC_SECRET_0 9f41fbcae2acb97410e0489cce336b50c85fb5f42703fff92ef2a57843c69f41 0e14ae75b185d635bb2085aa124417c119ca9924129889c9ad93fd0361cd53e9
EXPORTER_SECRET 9f41fbcae2acb97410e0489cce336b50c85fb5f42703fff92ef2a57843c69f41 29921023afe83857a072517af0051cf8d096a6e9437042497fd47fda79ce3488
CLIENT_HANDSHAKE_TRAFFIC_SECRET 5da1a54fe07b25c0cfb2de3223181280073ad292c39a1260759be133ad3fc928 30d4bee775becab96101b077172a1876d4858502adc15724ebb2e921b303b592
SERVER_HANDSHAKE_TRAFFIC_SECRET 5da1a54fe07b25c0cfb2de3223181280073ad292c39a1260759be133ad3fc928 a89dcecb63158befee06c3de7c2a46d17ea5bb0216c866c8c8d29acc988f014d
CLIENT_TRAFFIC_SECRET_0 5da1a54fe07b25c0cfb2de3223181280073ad292c39a1260759be133ad3fc928 165eb1767e9ccfdceb0964e614c983c8b0c439ff590e7061b62937683fa3a5f6
SERVER_TRAFFIC_SECRET_0 5da1a54fe07b25c0cfb2de3223181280073ad292c39a1260759be133ad3fc928 0f52d881af7bbe15f888b08fd03a8f01447b7d57275adb4ee6b07a612ba2139b
EXPORTER_SECRET 5da1a54fe07b25c0cfb2de3223181280073ad292c39a1260759be133ad3fc928 1cacf334fd7a1f3ea2dc6924c4468d326f29efa1b4ea3d979a7f3a41ea7ad5e1
CLIENT_HANDSHAKE_TRAFFIC_SECRET 02830768a7a934964d411fff11b2cc7b3038ad6019257df1ee3ee02fbf1a4f56 03d1e3859645d5a24b07b54bb87833d25124b74c7726cdb32a669e073f84ba63
SERVER_HANDSHAKE_TRAFFIC_SECRET 02830768a7a934964d411fff11b2cc7b3038ad6019257df1ee3ee02fbf1a4f56 8d384f3c897267367832fc9eded14595a46a3ac189184ea54555e6575e55c852
CLIENT_HANDSHAKE_TRAFFIC_SECRET 775223fc8a9f02395f40d2613375c9d112091b33cca5d37a72c12cd18cedde86 aa521799b327bdc6b7275f1488a5e492339d99eb0c410bdcdc0c89e56a0b2780
SERVER_HANDSHAKE_TRAFFIC_SECRET 775223fc8a9f02395f40d2613375c9d112091b33cca5d37a72c12cd18cedde86 8e6bc66b4ecd6b11f3e62881e7acf85c4f12b73759c232ef9c5a676148cd6438
CLIENT_TRAFFIC_SECRET_0 02830768a7a934964d411fff11b2cc7b3038ad6019257df1ee3ee02fbf1a4f56 88b842314d9cd71b76f5ad64f16ff099ae0ec962e4a0900aed8d703e48693d18
SERVER_TRAFFIC_SECRET_0 02830768a7a934964d411fff11b2cc7b3038ad6019257df1ee3ee02fbf1a4f56 d6878b89711ea413a242a31ae4a76101ddad2e59addf4a58b3df4ca9fa90ef00
EXPORTER_SECRET 02830768a7a934964d411fff11b2cc7b3038ad6019257df1ee3ee02fbf1a4f56 29fab98f046242f1cc200677501f58fe2febce7782cc3d7206e119c41b46d5be
CLIENT_TRAFFIC_SECRET_0 775223fc8a9f02395f40d2613375c9d112091b33cca5d37a72c12cd18cedde86 39795b9c74a9d09e6055ccbfe0c2b2baf106c0820f1cc6c926c2d5ab02d1ed18
SERVER_TRAFFIC_SECRET_0 775223fc8a9f02395f40d2613375c9d112091b33cca5d37a72c12cd18cedde86 18bb2f59d7096778f3f8e69727bd2b36ab9f42d663ce10b688d5df1e8eaeceab
EXPORTER_SECRET 775223fc8a9f02395f40d2613375c9d112091b33cca5d37a72c12cd18cedde86 ab8368eced2c41502da1d916201138ebc7b546b3e254bcd01367eeec81c73bb9
CLIENT_HANDSHAKE_TRAFFIC_SECRET 49cfa828a0bf2fefd96a5ff6a0097275cc3add2a13da6acece9f38dbbed6a53d edd8f037d9e6f4e0f8438921ed9aa3521e48606ce5bd936ae7ce7b19b9b05c7d
SERVER_HANDSHAKE_TRAFFIC_SECRET 49cfa828a0bf2fefd96a5ff6a0097275cc3add2a13da6acece9f38dbbed6a53d e053d4b1a0b17f0668d4a081d4f2b8ea9c7e1173ab5b2db11fc65ccc1baed01d
CLIENT_TRAFFIC_SECRET_0 49cfa828a0bf2fefd96a5ff6a0097275cc3add2a13da6acece9f38dbbed6a53d bc1a2ab4b057b88aaf56bac880e3b756a0193d8839197b9c27eff7cbc18473c1
SERVER_TRAFFIC_SECRET_0 49cfa828a0bf2fefd96a5ff6a0097275cc3add2a13da6acece9f38dbbed6a53d 351a821c8e8064e9ea0a98cb3ea75b28364dab35d97ffb8c8e788e3c457cde9b
EXPORTER_SECRET 49cfa828a0bf2fefd96a5ff6a0097275cc3add2a13da6acece9f38dbbed6a53d 43fd25cb0763b815d25f91c82201beb0f2895b7694720e5e4ed9f4f72cf13ad3
CLIENT_HANDSHAKE_TRAFFIC_SECRET f328d81a70792d7b9dbe8f88cd4e0118e1047de83d56018c5e89e4c0bac727f4 523feea05aa68ba3c32b20e744268cb5626fb378b5b3b6fea664001a5486352edf8eae4d69d33bf5f52226b2ebcda758
SERVER_HANDSHAKE_TRAFFIC_SECRET f328d81a70792d7b9dbe8f88cd4e0118e1047de83d56018c5e89e4c0bac727f4 84c7edb1f009aba7f09ef3eebaa5218aff47d7527f0e00318c5faf7e0b5d2544d41d221efca12575ef46243dd09d4ed4
CLIENT_TRAFFIC_SECRET_0 f328d81a70792d7b9dbe8f88cd4e0118e1047de83d56018c5e89e4c0bac727f4 230c67b244a25a2e4e5cc346bfb01d4f35b61c6dbaaeb9a714157f25234fe97500d0908950212dd152078dc1ef0a735a
SERVER_TRAFFIC_SECRET_0 f328d81a70792d7b9dbe8f88cd4e0118e1047de83d56018c5e89e4c0bac727f4 c1118c663c663da5acde2876593b5846a0b56339bf64ca03b373f8ce4ebf15569d19d950c971e315d43721c85cfc402c
EXPORTER_SECRET f328d81a70792d7b9dbe8f88cd4e0118e1047de83d56018c5e89e4c0bac727f4 cf5af1170efc23a580b766600ba7a013c453211223b00dd39ad01bf6b618797da3988628bbce89083510b9df1e174078
CLIENT_HANDSHAKE_TRAFFIC_SECRET e5244572a81a2d2d8f603fc5bdbc4ae5ccd3c13bd846b6c9b24ebca0665281de 1253908c55a3421ad6aa04f140d6bfc3e98693dedbed39764cd71a0dd6e2df8d
SERVER_HANDSHAKE_TRAFFIC_SECRET e5244572a81a2d2d8f603fc5bdbc4ae5ccd3c13bd846b6c9b24ebca0665281de 1c36f91c631ed95e7b99ec6a37ffe3d5f0f5f5d12ea317fea531ef681cc817a9
CLIENT_TRAFFIC_SECRET_0 e5244572a81a2d2d8f603fc5bdbc4ae5ccd3c13bd846b6c9b24ebca0665281de 79cec74e6dee515f34dd944c3d35553a06e4a1e63831720b3c0fc1c1303830e8
SERVER_TRAFFIC_SECRET_0 e5244572a81a2d2d8f603fc5bdbc4ae5ccd3c13bd846b6c9b24ebca0665281de 727ed63c207691d4fa5ea5ab6a70642c2df3616a0589d9e086ce54ecfdaf90a7
EXPORTER_SECRET e5244572a81a2d2d8f603fc5bdbc4ae5ccd3c13bd846b6c9b24ebca0665281de 80445fa8978218e6912d6ff66e9a9954abd8e42b36d9330359cf2a962e6928e4
CLIENT_HANDSHAKE_TRAFFIC_SECRET 9d3db4ee12fa977651cf679f673d4a122466cee1ffbae51b294c089bbec75285 3acbcb2679eea739d634e9d038e1db0335d3d9b00c9d14c5fa46abb5d53b6a5e
SERVER_HANDSHAKE_TRAFFIC_SECRET 9d3db4ee12fa977651cf679f673d4a122466cee1ffbae51b294c089bbec75285 fa139c3b79ee9683f6d95384a30beb04dd589aa8b3887c72c7b02440a442e1ba
CLIENT_TRAFFIC_SECRET_0 9d3db4ee12fa977651cf679f673d4a122466cee1ffbae51b294c089bbec75285 9ca12474071ac3f4612d4880d5266edbdaa21071118c9e66fd24c152c4096ccc
SERVER_TRAFFIC_SECRET_0 9d3db4ee12fa977651cf679f673d4a122466cee1ffbae51b294c089bbec75285 31d9987c96365f6ad8389333ec8f53dae0486e30a6a54f3b7ad08ea22dc247ef
EXPORTER_SECRET 9d3db4ee12fa977651cf679f673d4a122466cee1ffbae51b294c089bbec75285 38cba2674199dbf243f50b85cccef5d17bc18f1a215dd8c3b0f492e0dd92a373
CLIENT_HANDSHAKE_TRAFFIC_SECRET a4e0e258403c46e3c9ff786ed990162d4e3294e2159ab9fe48745a319a98ec9c b096997fb267f1ac770463e5c2f13c9f56c2bde827dc6ac382ae87257663885f
SERVER_HANDSHAKE_TRAFFIC_SECRET a4e0e258403c46e3c9ff786ed990162d4e3294e2159ab9fe48745a319a98ec9c 66cc0b7ad3866e2f172f88d1e446d3d7aa600c76f841721391ac1129b550c9b4
CLIENT_TRAFFIC_SECRET_0 a4e0e258403c46e3c9ff786ed990162d4e3294e2159ab9fe48745a319a98ec9c d780a1067ad945345cc94b1286431371fc71947732aa1a11806eb0d377a996e9
SERVER_TRAFFIC_SECRET_0 a4e0e258403c46e3c9ff786ed990162d4e3294e2159ab9fe48745a319a98ec9c 6f705d48c8f8e4b693d3ff1832c094d4fa5d2ab66566fce6fbe11df7997cdc3d
EXPORTER_SECRET a4e0e258403c46e3c9ff786ed990162d4e3294e2159ab9fe48745a319a98ec9c 0043e5a2a691f082cdd4f9805ff1df66aa77b77cb286e75ad047d8b8ad604649
CLIENT_HANDSHAKE_TRAFFIC_SECRET 24ef6de9d54f69c0380f0a4c6fa326c49368f2e7ac5007d140fdfc3fe98239a5 9a9d85573004cceea801a7d25aec0d7144600aef9dd9b198137f08039387ab6f
SERVER_HANDSHAKE_TRAFFIC_SECRET 24ef6de9d54f69c0380f0a4c6fa326c49368f2e7ac5007d140fdfc3fe98239a5 10f4af201e0d7ee7a12864e121a42787f3bfa659c14d60d0d1ae1257caec4e65
CLIENT_TRAFFIC_SECRET_0 24ef6de9d54f69c0380f0a4c6fa326c49368f2e7ac5007d140fdfc3fe98239a5 184240ab733febb45799f8914875ce5c250635b29adb3d3a74cf055a2d0cccdf
SERVER_TRAFFIC_SECRET_0 24ef6de9d54f69c0380f0a4c6fa326c49368f2e7ac5007d140fdfc3fe98239a5 a1c634dac64411177c931e46366d817a53bdac35fa16967428b7ab2574778359
EXPORTER_SECRET 24ef6de9d54f69c0380f0a4c6fa326c49368f2e7ac5007d140fdfc3fe98239a5 8c91d563f43c1ee3b1142baff4aef3db970f89e541f2946294a61245ac76b8f7
CLIENT_HANDSHAKE_TRAFFIC_SECRET 33faf561b4d764a336885fd4a47caf9375a3b9d081d8ac09bf69299ad55ee688 3528e2bf82ed33baeaada5889c26fd94a4ea8d99d2e8af08c0da3c060e06521b
SERVER_HANDSHAKE_TRAFFIC_SECRET 33faf561b4d764a336885fd4a47caf9375a3b9d081d8ac09bf69299ad55ee688 0a8c9f1c96cea31d9578b5ca868addf369ec1777ffbed7879f84bed40f97f94a
CLIENT_TRAFFIC_SECRET_0 33faf561b4d764a336885fd4a47caf9375a3b9d081d8ac09bf69299ad55ee688 6a3a2f0ffdf047200e523b071665f06dfd9853d4eb6ca3558bcd70d7b058c571
SERVER_TRAFFIC_SECRET_0 33faf561b4d764a336885fd4a47caf9375a3b9d081d8ac09bf69299ad55ee688 0e8159234b4c1c81346bec6305725a21d0f677c06b61724febf55f142296256c
EXPORTER_SECRET 33faf561b4d764a336885fd4a47caf9375a3b9d081d8ac09bf69299ad55ee688 70e6e08423b07fdba45c1a931468b73ffb3fabded82534b1f3a2554f08dd2828
CLIENT_HANDSHAKE_TRAFFIC_SECRET 8cebc190dd0f1c4ad4648b0c2b65f8cd3102c807b05f58893add100fa6e237c5 6b433705b03d76daf2a06d50df53679fe0d81a70069cf0faa2a0b1422650e52f
SERVER_HANDSHAKE_TRAFFIC_SECRET 8cebc190dd0f1c4ad4648b0c2b65f8cd3102c807b05f58893add100fa6e237c5 da17dfce64ee59b45072cfddfe2c08e4159ffbbb736dacb57c3a37af433e7f6f
CLIENT_TRAFFIC_SECRET_0 8cebc190dd0f1c4ad4648b0c2b65f8cd3102c807b05f58893add100fa6e237c5 ebc888308ce0f0c6ab34340b6025dc186596c5d8f96b1be3015283b1aff4f132
SERVER_TRAFFIC_SECRET_0 8cebc190dd0f1c4ad4648b0c2b65f8cd3102c807b05f58893add100fa6e237c5 5d19ab3576169b002d01257c16c53b2a7415193138e8f2c1ccbfaf411eb3546a
EXPORTER_SECRET 8cebc190dd0f1c4ad4648b0c2b65f8cd3102c807b05f58893add100fa6e237c5 33a65c7c9299b862df906ab48cb2d882dc6274553581333fd213c49f7820b897
CLIENT_HANDSHAKE_TRAFFIC_SECRET 2d62c8a0deed24235b3c68cb1d3279e90f41e8fd5e76a9db30b3d77d2c4678d5 d6a9c60b03abb215867a6c21222b7e17a852485ab10e082d4581e0c77c0f0b94
SERVER_HANDSHAKE_TRAFFIC_SECRET 2d62c8a0deed24235b3c68cb1d3279e90f41e8fd5e76a9db30b3d77d2c4678d5 0de70ae7e9e4f5ce0ee9b814b8df8d8f0ade1dabc0eaa5395aded06f952a96fe
CLIENT_TRAFFIC_SECRET_0 2d62c8a0deed24235b3c68cb1d3279e90f41e8fd5e76a9db30b3d77d2c4678d5 b0dbdc672711de4fa948d91f2d4ade5f61484635e8f110062911e235fd032e20
SERVER_TRAFFIC_SECRET_0 2d62c8a0deed24235b3c68cb1d3279e90f41e8fd5e76a9db30b3d77d2c4678d5 70c70658341004d6f4c7c832b2778c5b39348f7d06b7123bc10aa0006858df7f
EXPORTER_SECRET 2d62c8a0deed24235b3c68cb1d3279e90f41e8fd5e76a9db30b3d77d2c4678d5 73a16b005c8e975c3bec5b989f203354b3ad796cf9ac2bf79d60a0c70347a6bc
CLIENT_HANDSHAKE_TRAFFIC_SECRET 1960f3129cd247a7deaacc6a18eb10f12ffe036352f47d9e3d90fe53480ca9f8 5d7b3a7a4e96afee0b889a9e3c83fc549826dcb2d750fee4efa4c0fd86310619
SERVER_HANDSHAKE_TRAFFIC_SECRET 1960f3129cd247a7deaacc6a18eb10f12ffe036352f47d9e3d90fe53480ca9f8 b43d1bfcef704da5aa89da8217c6bdea060588bca6131aa52c7a3a59941d967d
CLIENT_TRAFFIC_SECRET_0 1960f3129cd247a7deaacc6a18eb10f12ffe036352f47d9e3d90fe53480ca9f8 15bbf9fdaed2efcaa6f9e96265d3a29471c56841ba29d1be28a70e3ab118c541
SERVER_TRAFFIC_SECRET_0 1960f3129cd247a7deaacc6a18eb10f12ffe036352f47d9e3d90fe53480ca9f8 66ed6d498c4da205b184498a0c5b3c369cba1e5fb3a18f7bc34becd593416cbf
EXPORTER_SECRET 1960f3129cd247a7deaacc6a18eb10f12ffe036352f47d9e3d90fe53480ca9f8 6df73f6f9e36868e493025bb3de78113ab5980f19fb9275a62faa218521946ad
CLIENT_HANDSHAKE_TRAFFIC_SECRET c41b4a7c85c024d4116df8e55a7c538f91c78bcd43987703c2c89a9fa2031462 0e41dfaa81911b04fc95e30f4cbfa6d8c60faff7371af564f99daff82b3d25ee
SERVER_HANDSHAKE_TRAFFIC_SECRET c41b4a7c85c024d4116df8e55a7c538f91c78bcd43987703c2c89a9fa2031462 e80aa682aa39ec7ad0185ea3eb89d5abcb8bc6a15cb91734c99de2031ecb70e4
CLIENT_TRAFFIC_SECRET_0 c41b4a7c85c024d4116df8e55a7c538f91c78bcd43987703c2c89a9fa2031462 63d2302160f0a973e28208d5ea29165ef43e56278ef3f34ac0bef375bbbe094a
SERVER_TRAFFIC_SECRET_0 c41b4a7c85c024d4116df8e55a7c538f91c78bcd43987703c2c89a9fa2031462 f9553e159f630babe4a18e9fd60dd297d44517fbba3dd25e1b2ba1092206db62
EXPORTER_SECRET c41b4a7c85c024d4116df8e55a7c538f91c78bcd43987703c2c89a9fa2031462 78b16ac873d91e8f21bedea6f065d523e8524232ae4183063904fa26c5851216
CLIENT_HANDSHAKE_TRAFFIC_SECRET a9abdc13d13704d007a6699e989ace92978cf58c4fe275f9a78433224826c47b ad017ef5ade18dd465674ae26e033e58f3ae2365f12e5b0caed0456c159d20f8272545188197573c63b24771222d7a89
SERVER_HANDSHAKE_TRAFFIC_SECRET a9abdc13d13704d007a6699e989ace92978cf58c4fe275f9a78433224826c47b accb77a09109ebfd6fb282577cf6378e6b669f667d3547fe498fa18ffd569b3632c7d63825f0e039e15201d97500d906
CLIENT_TRAFFIC_SECRET_0 a9abdc13d13704d007a6699e989ace92978cf58c4fe275f9a78433224826c47b eb0674fdf24775e58e8edd72c163c3ee2e7dfc28115d8c34aba618046dba0dd8ca88d2fc54903d1d4b03589dd478cc4d
SERVER_TRAFFIC_SECRET_0 a9abdc13d13704d007a6699e989ace92978cf58c4fe275f9a78433224826c47b 93c16d3c945dd56c6c4b9caebbf5c971a39208103c11d9a0b652d48622e2585a2ad8f01032bef98e870be0ff834f6ca9
EXPORTER_SECRET a9abdc13d13704d007a6699e989ace92978cf58c4fe275f9a78433224826c47b 4569671f27cb9f095ee89ee43cc475c9997c4c5bea097084136ad5ddc90698bc17e414e9c4539134f6fd61cbc5d0afdb
CLIENT_HANDSHAKE_TRAFFIC_SECRET ce9f0d9dc031e8cf6e749824261c950ca1b008c7b580e372b12f761bdf41854e 1280a663581af6987d47f1d37118f613dbebe80697547c895c6e852aec4c8dd439b52bb689d37a956274a0738569245b
SERVER_HANDSHAKE_TRAFFIC_SECRET ce9f0d9dc031e8cf6e749824261c950ca1b008c7b580e372b12f761bdf41854e a0d4924007df879ae2a9337489bf2b43e931b8cb12319f13392b543a8b36e1d2c8421f53d2ec666523203b41d95301b2
CLIENT_TRAFFIC_SECRET_0 ce9f0d9dc031e8cf6e749824261c950ca1b008c7b580e372b12f761bdf41854e 677dd40bd7de1e45d4e1c104d3ff8996db6fed78c6b2e9fcc95680c67a94c22618edb6563edc1e135bea9351a94ad9d0
SERVER_TRAFFIC_SECRET_0 ce9f0d9dc031e8cf6e749824261c950ca1b008c7b580e372b12f761bdf41854e e0065f7b320f487ac5872844212fa4ef9e486e003ad7aafcfc2ceef79e10d0b0eba78424e0a406c874348914a6a57bd0
EXPORTER_SECRET ce9f0d9dc031e8cf6e749824261c950ca1b008c7b580e372b12f761bdf41854e 9434dbea9fda82719ae3146b45cbffd03e8bae51c14a31088548a9e4c2857eec7e7943331cccf857f371af1432d80265
CLIENT_HANDSHAKE_TRAFFIC_SECRET 40ede2f5b3fab0910f4736d72a0cea77bc6f6b5bb85c428e7e5458915c41f96e f5fba90ca5ad2e3f0916f1c06f5f1ae88e53630d8e35dbcb037c27c60e98a920
SERVER_HANDSHAKE_TRAFFIC_SECRET 40ede2f5b3fab0910f4736d72a0cea77bc6f6b5bb85c428e7e5458915c41f96e a21ffc2441a0d6f8d055128d2e0d198a73d0924cc54783ca3726b9c9d249af95
CLIENT_TRAFFIC_SECRET_0 40ede2f5b3fab0910f4736d72a0cea77bc6f6b5bb85c428e7e5458915c41f96e cb43fa49c61d4398596a2ce9971dae8ac7f0ec8b6af1394088b9eafffec52040
SERVER_TRAFFIC_SECRET_0 40ede2f5b3fab0910f4736d72a0cea77bc6f6b5bb85c428e7e5458915c41f96e 1f8c3f1dd9878d6b0f810e9a67b16188d2e2cc9d97455e6e00ec7de388e309df
EXPORTER_SECRET 40ede2f5b3fab0910f4736d72a0cea77bc6f6b5bb85c428e7e5458915c41f96e b98a82265f086d350f88cdf28acbeada55f67c9f8c7246acf8844ab6ffe1638a
CLIENT_HANDSHAKE_TRAFFIC_SECRET 36101b2ae3948e24fde209e070d2b1c4abd97f421a309b824f23ce773cf2081b 20865c665a4de03921c8e2d882f655797853ea47fc167a04be534ccc4fb8b34c
SERVER_HANDSHAKE_TRAFFIC_SECRET 36101b2ae3948e24fde209e070d2b1c4abd97f421a309b824f23ce773cf2081b fe5c05ee23a3de72328306bb6b686429ded4dea40ddbab14f0ddd0d00de80136
CLIENT_TRAFFIC_SECRET_0 36101b2ae3948e24fde209e070d2b1c4abd97f421a309b824f23ce773cf2081b 9af4a2703a64af74eb2c6130b13ec3516fb9912b616e516d9727ad48e1b8cdc6
SERVER_TRAFFIC_SECRET_0 36101b2ae3948e24fde209e070d2b1c4abd97f421a309b824f23ce773cf2081b d210fe30f7183c40fc12a3484187a2dd2636c5a0663e73af0ef96604e4302bfe
EXPORTER_SECRET 36101b2ae3948e24fde209e070d2b1c4abd97f421a309b824f23ce773cf2081b dcb14876fab3f2757adf8da0af73efe7f106b3db0bcf0ced43edc1ae795f3e46
CLIENT_HANDSHAKE_TRAFFIC_SECRET 10f74b88f1a61358f58de0d6f6642469a2947c5b4b1c458e06af4b16b989b0e2 c17b9a204dd4af755d5038c768411622d5060fc12a511902c98006f8294faed9
SERVER_HANDSHAKE_TRAFFIC_SECRET 10f74b88f1a61358f58de0d6f6642469a2947c5b4b1c458e06af4b16b989b0e2 388d1a10b33d8169d102e1c9dcd36fbb91562339d2465227b3fea6923af2e5d9
CLIENT_TRAFFIC_SECRET_0 10f74b88f1a61358f58de0d6f6642469a2947c5b4b1c458e06af4b16b989b0e2 d216f0a4b4fde9944767a7e94aa6478a3767bd6b3daa78bf38634366f8f89d94
SERVER_TRAFFIC_SECRET_0 10f74b88f1a61358f58de0d6f6642469a2947c5b4b1c458e06af4b16b989b0e2 b5a03ab4198bbb7572793cc496566cc5c3db6854bbbf297a21a9dae279eaa21d
EXPORTER_SECRET 10f74b88f1a61358f58de0d6f6642469a2947c5b4b1c458e06af4b16b989b0e2 057782c40d31ff5eebaf1ab0b0b082882e364c47fc6a24f8221a9ebae8e7ca9a
CLIENT_HANDSHAKE_TRAFFIC_SECRET 9950a558a4cf2467c1e99f54bf301be31552f6bbb7bf98424e5c8dfb8993485b d2f2c4abe1a60b5250280e4d774dbcce7c906fdc18279bed3a94aba9607f1ab8
SERVER_HANDSHAKE_TRAFFIC_SECRET 9950a558a4cf2467c1e99f54bf301be31552f6bbb7bf98424e5c8dfb8993485b cc0676d0d3b7b10c8029818705b0046d20c2dd06cdddc29540b9b712492a3aac
CLIENT_TRAFFIC_SECRET_0 9950a558a4cf2467c1e99f54bf301be31552f6bbb7bf98424e5c8dfb8993485b b1fb812019885ef8f97359d96b621333c8f6ade70b39648b710d3868ab25dee6
SERVER_TRAFFIC_SECRET_0 9950a558a4cf2467c1e99f54bf301be31552f6bbb7bf98424e5c8dfb8993485b 86cd0bbe8c517e8618255654c22057f0b75413c23717d50381d6962ab06a43de
EXPORTER_SECRET 9950a558a4cf2467c1e99f54bf301be31552f6bbb7bf98424e5c8dfb8993485b 4f0a71b99b924fb8afda4de8e04b08ab4492fc881cc7c90d45d816115d9b9c49
CLIENT_HANDSHAKE_TRAFFIC_SECRET a443a394720e3301e2a673952035adba2b19c36fcf40833e0037d4a499bd9b28 b77aaec370505b50cbdbde84884771a9264c5c2a5ba0db68f168821a21eb17d5
SERVER_HANDSHAKE_TRAFFIC_SECRET a443a394720e3301e2a673952035adba2b19c36fcf40833e0037d4a499bd9b28 377bc82e63e8443ebb652b2768c405dc46bf55f398ed55ba7affd2b5fc7c6de9
CLIENT_TRAFFIC_SECRET_0 a443a394720e3301e2a673952035adba2b19c36fcf40833e0037d4a499bd9b28 10c073f3cda6b1daa81a4fea7c72859c46f7e94cc9bf6df5a8bd578d111b7ed6
SERVER_TRAFFIC_SECRET_0 a443a394720e3301e2a673952035adba2b19c36fcf40833e0037d4a499bd9b28 5c359e12279fb9e8be4a8321f78ce961d17192147975025f16eaaba99c5d9aeb
EXPORTER_SECRET a443a394720e3301e2a673952035adba2b19c36fcf40833e0037d4a499bd9b28 51a9b0f23af43e0229723f5f776a00ad3b29e156f4bdef66c272e8a8e0946b34
CLIENT_HANDSHAKE_TRAFFIC_SECRET 7389c9d7089f83b04a3cdc629a75d912b3601f0ac9741357dbfbe734f71ce201 33fe91c758ecdb6d74d3d2658438e181448d47d3228dc385a2239a8abda241ea389805ddf7a8aea72d6aabab92677160
SERVER_HANDSHAKE_TRAFFIC_SECRET 7389c9d7089f83b04a3cdc629a75d912b3601f0ac9741357dbfbe734f71ce201 064fec05154dc582a832974d1933302608fe8432152b8e7bd8d822b825acf83d499a4decb930c5636336fed02a2b4733
CLIENT_TRAFFIC_SECRET_0 7389c9d7089f83b04a3cdc629a75d912b3601f0ac9741357dbfbe734f71ce201 a4743d067ed5e7d28a210537c363857e9def63cab8d86e36b1e552cdee6255381698fb1a9a8ab74a74dc901a966a60e3
SERVER_TRAFFIC_SECRET_0 7389c9d7089f83b04a3cdc629a75d912b3601f0ac9741357dbfbe734f71ce201 2744b59a9dbc724f9b236a6fa922cd176b517248d2c03be69db73319acb994fb4b6861938c1628d1fe78bb3517f0b482
EXPORTER_SECRET 7389c9d7089f83b04a3cdc629a75d912b3601f0ac9741357dbfbe734f71ce201 d9d7112d2651ed19b85e2111f6dce1561d199b26f92eaadf8e13665015d1f9e9081799e2d69ed6cbed65a1ee8d4f0b73
CLIENT_HANDSHAKE_TRAFFIC_SECRET 5a34b6689f2747891594fd5da26c48e4ba37eb3e0fa596beb7e5fc5a4ae3dbd4 8c593ffbc9ba4f7e67ed393b59729588d40f42cfbe1eca8258b33e19057f8d11
SERVER_HANDSHAKE_TRAFFIC_SECRET 5a34b6689f2747891594fd5da26c48e4ba37eb3e0fa596beb7e5fc5a4ae3dbd4 71d4e4639c5881f7ba16112d999d2d74b1d4ad345880f15edd87643f8ae04dfd
CLIENT_TRAFFIC_SECRET_0 5a34b6689f2747891594fd5da26c48e4ba37eb3e0fa596beb7e5fc5a4ae3dbd4 c37205221d99704df0960799ef7fb6fd89d22ab6ae07a6662cdf16a6091c7e86
SERVER_TRAFFIC_SECRET_0 5a34b6689f2747891594fd5da26c48e4ba37eb3e0fa596beb7e5fc5a4ae3dbd4 0f4f188b3115ac8a5155f1227f11bf42c1a74c9d27f72352b30344bb9ca21389
EXPORTER_SECRET 5a34b6689f2747891594fd5da26c48e4ba37eb3e0fa596beb7e5fc5a4ae3dbd4 155f2eb73d66402e97d8e50dc1db7d6e24ac0b25f8dde2b2ee15fabc8c1be41e
CLIENT_EARLY_TRAFFIC_SECRET 3a2869a71e1b07b5321e9e858e449dd46f9862da95be928f528bbc735a40d46d 89ea90cbd69542687a6349eb58f89e655310163556ee0c9300d135d4d4d7240d
CLIENT_HANDSHAKE_TRAFFIC_SECRET 3a2869a71e1b07b5321e9e858e449dd46f9862da95be928f528bbc735a40d46d 44980d90d714d8fbc34dfbd1d68f1edac2647e1c79db917a33e69ba49ffa8094
SERVER_HANDSHAKE_TRAFFIC_SECRET 3a2869a71e1b07b5321e9e858e449dd46f9862da95be928f528bbc735a40d46d 0665c4f6113505fc5e0e0e8d478728d122137363572816699c057b0f3e1d76ee
CLIENT_TRAFFIC_SECRET_0 3a2869a71e1b07b5321e9e858e449dd46f9862da95be928f528bbc735a40d46d 4fd6f3d23c91c179b8584f6fb078cf92e3fd60c38279c9241b2b4ccdb7b6cb8a
SERVER_TRAFFIC_SECRET_0 3a2869a71e1b07b5321e9e858e449dd46f9862da95be928f528bbc735a40d46d 3821e9e5c43b244e36fea209263e919856e473adc2aca36454610f6466aae66a
EXPORTER_SECRET 3a2869a71e1b07b5321e9e858e449dd46f9862da95be928f528bbc735a40d46d 8a40bc1c69db72aabe4e061d9af7ad6e6660124f379589a8f6750b663610dd94
CLIENT_HANDSHAKE_TRAFFIC_SECRET 2f421ba121ccea7546a77b0e7bcc01061e4d58ff2862975d3dafb5e618c78434 43677d7e55c131dc75c603f77e3c539b0ad6c9ec1908582cb941d9c71ad5efa9
SERVER_HANDSHAKE_TRAFFIC_SECRET 2f421ba121ccea7546a77b0e7bcc01061e4d58ff2862975d3dafb5e618c78434 e8e80414d30cbb22f547be97acd2a1eb615f71aae311447970e07ca45b18cc25
CLIENT_TRAFFIC_SECRET_0 2f421ba121ccea7546a77b0e7bcc01061e4d58ff2862975d3dafb5e618c78434 c90519b98f956d160bc0e7e2e92a8585fe8af8eb91113c8c1911077ba9fd37d0
SERVER_TRAFFIC_SECRET_0 2f421ba121ccea7546a77b0e7bcc01061e4d58ff2862975d3dafb5e618c78434 57e2843124e26d111091a0b1263bef90fac93ade6831e8fd142d384ed27f0401
EXPORTER_SECRET 2f421ba121ccea7546a77b0e7bcc01061e4d58ff2862975d3dafb5e618c78434 c743f9717af8f20f21610b1e197a89956cffced8e1ea12e430e88413c7df772f
CLIENT_HANDSHAKE_TRAFFIC_SECRET b2319d564e9a929da10c13428fc63d79f609d95690aeb88967e90843bb3f6101 cade231db59744f6780a61ab2457fb1d0cbd436945f2f5b5d5d0d948e6c1df5c1b2f7fb1e1dc0ab670f26b2cc5847e19
SERVER_HANDSHAKE_TRAFFIC_SECRET b2319d564e9a929da10c13428fc63d79f609d95690aeb88967e90843bb3f6101 fa739310f1943ff4d6631bce1a6d8513ea05b6503e82b9640166019d2d92b9b95fc8140431ad7f9b51e4b267a70a59fe
CLIENT_TRAFFIC_SECRET_0 b2319d564e9a929da10c13428fc63d79f609d95690aeb88967e90843bb3f6101 823489e19140bdcb6eda88a3998a7efd1cafbebbd201d653ebdc44048cead270a23d2f7c6f739042ed133547b91f4fe2
SERVER_TRAFFIC_SECRET_0 b2319d564e9a929da10c13428fc63d79f609d95690aeb88967e90843bb3f6101 d3fc2e897adb98703a73d0d288717cfb9ded4ca76f528b74be5823fb347fb72b6f77fe977b3a67d429373a3df7628f4d
EXPORTER_SECRET b2319d564e9a929da10c13428fc63d79f609d95690aeb88967e90843bb3f6101 97a1542fd479838ea8061cc13334839346211d78e21fcdad8d1d55a1deddae6bd2ac94e9c8e10ec08fa767c8bc5f6f57
CLIENT_HANDSHAKE_TRAFFIC_SECRET 07760acdc876a08a856d315b7d667f68ce8e798a1f16be6f62f2826881ef2614 58c8c67e47bee3cb0d3d11d92be5d6267279f6c92e833ee8d705203db95660a2587469cab85dd43814fc21dedb45e05a
SERVER_HANDSHAKE_TRAFFIC_SECRET 07760acdc876a08a856d315b7d667f68ce8e798a1f16be6f62f2826881ef2614 7265ac484efbbe6df1e616ffced3f7851b283db93f83181b9881575ca02b27276540bbdd5effc83f62c65942573ba82e
CLIENT_TRAFFIC_SECRET_0 07760acdc876a08a856d315b7d667f68ce8e798a1f16be6f62f2826881ef2614 179e25c1460dcf5cb7d53a7137d9681d08e7c65a680f7b160c561faa717360de7fda286ccd2a9d6ea9d5a58697b2f92a
SERVER_TRAFFIC_SECRET_0 07760acdc876a08a856d315b7d667f68ce8e798a1f16be6f62f2826881ef2614 1b024630d272a69ea2b71eb06ebd1ebb9ae030f28bcb459251837c6ece49f3e420d1d378e14848ce128ab41a9d113f86
EXPORTER_SECRET 07760acdc876a08a856d315b7d667f68ce8e798a1f16be6f62f2826881ef2614 bcfeac515d00d4caa33e500fba9f856ebccdf4a1c827888e35f43a172b8b56150e6b888c95861940c6526165c7d2dd02
CLIENT_HANDSHAKE_TRAFFIC_SECRET 9dca7e8fcf898d4f29303f4e29190a023b04c0b10c3025ad73f48cbf233c87cf cb5947603b555e6dfe803b807f0e62bf1757ed73e414caa257ec0c12ca90a29a
SERVER_HANDSHAKE_TRAFFIC_SECRET 9dca7e8fcf898d4f29303f4e29190a023b04c0b10c3025ad73f48cbf233c87cf b6ee3da26b945684875f49e1be82dd10d39b31add832ed3ebe142bc1307afff2
CLIENT_TRAFFIC_SECRET_0 9dca7e8fcf898d4f29303f4e29190a023b04c0b10c3025ad73f48cbf233c87cf 4114b59f3fc85454477be3a939a243ff645350a2ea4c75bc5c765027b32ed8ba
SERVER_TRAFFIC_SECRET_0 9dca7e8fcf898d4f29303f4e29190a023b04c0b10c3025ad73f48cbf233c87cf 0810b00921bc41ce78107657e71f233ca877fd176084a33ec4c1393b1084f71d
EXPORTER_SECRET 9dca7e8fcf898d4f29303f4e29190a023b04c0b10c3025ad73f48cbf233c87cf e3b34454c0f5e15d39c8ae308623c438ae852e47e816a783d8192a4bede59b92
