CLIENT_HANDSHAKE_TRAFFIC_SECRET c937dcb527442dfe54b52dd3d918f50325697849041e85dfd8818a18a50ced70 0298b8b2531f95a7479023211a2cecacea5ae4039360669abbae9dc2ff97f4d2
SERVER_HANDSHAKE_TRAFFIC_SECRET c937dcb527442dfe54b52dd3d918f50325697849041e85dfd8818a18a50ced70 30d51ca6584bd4a230345e3801bd6e17af43007ff018cc57b1dcdfbba8a8d5c5
CLIENT_HANDSHAKE_TRAFFIC_SECRET 4ae7bdfa996005e4b589baa4d7d27b8512dea0845eab429b0c591ce3f4944403 be17fe0fc82b964709535902e810373f1cfb420c28b0e3c617b8f2d953ca153d55215ec27add5746066315781d56a999
SERVER_HANDSHAKE_TRAFFIC_SECRET 4ae7bdfa996005e4b589baa4d7d27b8512dea0845eab429b0c591ce3f4944403 48beb4410289db26147b7e303ca535033a3e4a0f354d9a97e8b8c7d02c8bf41b8bc9d9c192ec7e85253c41a414f12b3e
CLIENT_HANDSHAKE_TRAFFIC_SECRET 81aa02292a32fd4b30f29cb72aea9d6f70c929583fd896e29830b7b66ae2f484 20f5a4e78d15801ef6917b179408d3a58b1d1122ba475362c5f4fb54ae7ec7b0
SERVER_HANDSHAKE_TRAFFIC_SECRET 81aa02292a32fd4b30f29cb72aea9d6f70c929583fd896e29830b7b66ae2f484 fa9d9acbb309af695924937e2a6c550f55dc0d38324947107d1d885e1abc99bb
CLIENT_HANDSHAKE_TRAFFIC_SECRET f606fcbc5d1f16c836d9e710fb65e847de18db39a51f6f4ed05451870b4f269d 7b91033d23cc949e8467cce26bc4c4bf08fb19bc982adfee559b1a9b1411d3f7
SERVER_HANDSHAKE_TRAFFIC_SECRET f606fcbc5d1f16c836d9e710fb65e847de18db39a51f6f4ed05451870b4f269d 05404097a88f86b4b41df1a1c4581816f442c99eceb151e0ea9e9955ca90634d
CLIENT_TRAFFIC_SECRET_0 c937dcb527442dfe54b52dd3d918f50325697849041e85dfd8818a18a50ced70 d6ff594864d2dd5b3ae0d0ad6337b7f954732f24a93116abb77479e7553a7a1c
SERVER_TRAFFIC_SECRET_0 c937dcb527442dfe54b52dd3d918f50325697849041e85dfd8818a18a50ced70 26cd44338bfded447bd2117c49e911eaaebf4ed524198092ca18e99210250d18
EXPORTER_SECRET c937dcb527442dfe54b52dd3d918f50325697849041e85dfd8818a18a50ced70 3c937e211de7d8f6e85e7e672b3f78c133d900d14e030dcde6149e36a9b17ffd
CLIENT_HANDSHAKE_TRAFFIC_SECRET 8f8d38ae8a0e4619872f028749b369e5f5cb2c5c7353cc5e3cd90abbffa033df f27fb23b174e02819d26d1ec9f3438f0e2626559396462f69e5cf9ce7e7eadc2
SERVER_HANDSHAKE_TRAFFIC_SECRET 8f8d38ae8a0e4619872f028749b369e5f5cb2c5c7353cc5e3cd90abbffa033df 0975ffe6ffcef663bb0c23627a3f4c7f932a0936e262eafb7e65b5501a6ba7f0
CLIENT_TRAFFIC_SECRET_0 4ae7bdfa996005e4b589baa4d7d27b8512dea0845eab429b0c591ce3f4944403 08abfda241c2308405a47eb1c9a5368ae2542098358f880b8036f815cd07117221e80b8d53cdf54d4168444bd8e07b92
SERVER_TRAFFIC_SECRET_0 4ae7bdfa996005e4b589baa4d7d27b8512dea0845eab429b0c591ce3f4944403 b9ad4233d461d7bf36236cab480402a2b151a048a6a3ca16052a665e85860815e954305798104ac94ba91484182bf2df
EXPORTER_SECRET 4ae7bdfa996005e4b589baa4d7d27b8512dea0845eab429b0c591ce3f4944403 896c38a9c1cc1612a44a29b2178ff75458ed125891892cccc6fd42f05302c013b6cf7c1908fb02f0e9d687cd8d34d72f
CLIENT_TRAFFIC_SECRET_0 81aa02292a32fd4b30f29cb72aea9d6f70c929583fd896e29830b7b66ae2f484 cb8a2d3819adad8fc80f01403ea4610a72efa66f5e56300a8131d29e8859a750
SERVER_TRAFFIC_SECRET_0 81aa02292a32fd4b30f29cb72aea9d6f70c929583fd896e29830b7b66ae2f484 a6f42f5765ba53ba503aea76578b776592e5580d1c2ac7ce0e26bc04d1106a60
EXPORTER_SECRET 81aa02292a32fd4b30f29cb72aea9d6f70c929583fd896e29830b7b66ae2f484 31dd5885060a8f78fe354d51fc1e6030e4e1fd7ead2f97a0910a4a5a759efc08
CLIENT_TRAFFIC_SECRET_0 8f8d38ae8a0e4619872f028749b369e5f5cb2c5c7353cc5e3cd90abbffa033df 0e34b584d716c688c0229a71b7c8306d8f1cf4af16de52a21a36e81c88daaea9
SERVER_TRAFFIC_SECRET_0 8f8d38ae8a0e4619872f028749b369e5f5cb2c5c7353cc5e3cd90abbffa033df 2b788b99692750e63d5c10e8a6c2047698263a44fa447c1eccdb23f59fd316db
EXPORTER_SECRET 8f8d38ae8a0e4619872f028749b369e5f5cb2c5c7353cc5e3cd90abbffa033df 0f6ba698c1e2f94d3f96570ed75a3882b3451a1ce17384865e7776575afe8f55
CLIENT_TRAFFIC_SECRET_0 f606fcbc5d1f16c836d9e710fb65e847de18db39a51f6f4ed05451870b4f269d d1ef0fc5643d20ed8a160ff50382529b985c660c41588f944a0a3180fd0489b1
SERVER_TRAFFIC_SECRET_0 f606fcbc5d1f16c836d9e710fb65e847de18db39a51f6f4ed05451870b4f269d b52f3a8ba95bc6a9d728858d907e6a6225b03022644d04ecbc5bf34a09441115
EXPORTER_SECRET f606fcbc5d1f16c836d9e710fb65e847de18db39a51f6f4ed05451870b4f269d c94acb4975d328f95d1feecd0647e1c028e89fb870fdb33b588c66bbe811eebd
CLIENT_HANDSHAKE_TRAFFIC_SECRET 4e6d1c64401150d78391c1fd9e0a750c4af406f4be089dae8fbefee70c1316ae 61390ab628e85172aa94e52570beeb22bd7295fd31253180396cdb5a15ccfc21
SERVER_HANDSHAKE_TRAFFIC_SECRET 4e6d1c64401150d78391c1fd9e0a750c4af406f4be089dae8fbefee70c1316ae fed76adff833a74102e0a544f353eff1961212dd88ae8dcdf827808e058366eb
CLIENT_TRAFFIC_SECRET_0 4e6d1c64401150d78391c1fd9e0a750c4af406f4be089dae8fbefee70c1316ae 923711810f90e314075cb25283cba04557586bdbb8d11c057e7ccc5067f234cc
SERVER_TRAFFIC_SECRET_0 4e6d1c64401150d78391c1fd9e0a750c4af406f4be089dae8fbefee70c1316ae 4efd8bb7774236b3d8c850a001cbb4a63d4524248cf758101dcf8852ded29e70
EXPORTER_SECRET 4e6d1c64401150d78391c1fd9e0a750c4af406f4be089dae8fbefee70c1316ae d96cde7bffe54dee27a37b524376bf224100d90258756ea7f30bb1fbd5570af7
CLIENT_HANDSHAKE_TRAFFIC_SECRET f5caaef938f4368ed7da19fb811d075a4d0c1cf3d71d10c787a507faf449e0fa eb682f25fc90cabbb02ee0b7b8d7bd6da0ccd64a34559546a875f4c3b524e58c
SERVER_HANDSHAKE_TRAFFIC_SECRET f5caaef938f4368ed7da19fb811d075a4d0c1cf3d71d10c787a507faf449e0fa 68b17dc16a65c5eee16e574671210e5bc485a39e92c7305909b820945533735e
CLIENT_TRAFFIC_SECRET_0 f5caaef938f4368ed7da19fb811d075a4d0c1cf3d71d10c787a507faf449e0fa dc3d21c3fd0af66f3b261334012a6ea726bf25b7a063b9cde28ee409f715bb6a
SERVER_TRAFFIC_SECRET_0 f5caaef938f4368ed7da19fb811d075a4d0c1cf3d71d10c787a507faf449e0fa 25b0aa698d1c2a31e74226a8f92f61d55701f66f3fed69579251e2d40cde7fb7
EXPORTER_SECRET f5caaef938f4368ed7da19fb811d075a4d0c1cf3d71d10c787a507faf449e0fa 2d5fd57c3791c06b72c523dba7bab25a7074c19ba1accbec17c30331abd58673
CLIENT_HANDSHAKE_TRAFFIC_SECRET 2a544c0f9e9b1d50a51901ead1cf93847aae917b3f6add6fe350f258eaf2e335 78f56e1bc4de95bab7c16b704d9812cabee4e47f79d6c925ba1046aa364d1538
SERVER_HANDSHAKE_TRAFFIC_SECRET 2a544c0f9e9b1d50a51901ead1cf93847aae917b3f6add6fe350f258eaf2e335 b09a065be412c46b25e1c8d82748ead0af23a2209a5936c40a85634af3288638
CLIENT_TRAFFIC_SECRET_0 2a544c0f9e9b1d50a51901ead1cf93847aae917b3f6add6fe350f258eaf2e335 5134e5e198d3975758785f53a58aa1fae55563627d73e8efb3aa75a9298bf62e
SERVER_TRAFFIC_SECRET_0 2a544c0f9e9b1d50a51901ead1cf93847aae917b3f6add6fe350f258eaf2e335 d1d103276cf61c3b0df1eb84c130cd9a50584b4bb5dfe5a39c0b00f6a84540c9
EXPORTER_SECRET 2a544c0f9e9b1d50a51901ead1cf93847aae917b3f6add6fe350f258eaf2e335 ac41d2eb0dcb04fec3800f5e3d32a800735763c3d61430eced59ad85cec06480
CLIENT_HANDSHAKE_TRAFFIC_SECRET f8387871c2205d4f46896fe33e49453606e23f2f3ab9b14bebd194a7808a7eb0 ca47619cd659d86ec7ba9b9944cc5d3c404d8e91318b71ef2b1da4d79c30f559
SERVER_HANDSHAKE_TRAFFIC_SECRET f8387871c2205d4f46896fe33e49453606e23f2f3ab9b14bebd194a7808a7eb0 d18e4dabe5ce9e8f40ffd64d9d5e6f59a80dffd5d309d4f9c8c6271f30b37a63
CLIENT_TRAFFIC_SECRET_0 f8387871c2205d4f46896fe33e49453606e23f2f3ab9b14bebd194a7808a7eb0 d2cc90bb1743cab5221380b4ebc5a15836ba621b542f4eb3d9d2042a682761ce
SERVER_TRAFFIC_SECRET_0 f8387871c2205d4f46896fe33e49453606e23f2f3ab9b14bebd194a7808a7eb0 6782c9bafbc600afe9a9ac04a063ed7c56eac4cd361cfb8ff7aae237a62ade92
EXPORTER_SECRET f8387871c2205d4f46896fe33e49453606e23f2f3ab9b14bebd194a7808a7eb0 b9684c3ebbb21f0e02de53b1487a56e4e779621597a96bc37e04bf00f9174b53
CLIENT_HANDSHAKE_TRAFFIC_SECRET e1366d1508109da4856fe82bc9cd4c1adc3828b6dab21c080dd6ddf164720cb2 9f2d261fb37554439353a122f3a9d1b2e08b47ed32ccb416d62aa5691f108988d00607287e310fe83f2287bb31f11247
SERVER_HANDSHAKE_TRAFFIC_SECRET e1366d1508109da4856fe82bc9cd4c1adc3828b6dab21c080dd6ddf164720cb2 37dc1a9b2c19888aa0543686804b5b478a2b2841ad479f7a9902d1b874f04d2649d1ba68654a29163377276849489aa3
CLIENT_TRAFFIC_SECRET_0 e1366d1508109da4856fe82bc9cd4c1adc3828b6dab21c080dd6ddf164720cb2 59ade1dce8849ccc9d354c0a87e597695d7bfb6d96cb5762c02646d7603436e5f850846dd075eda029cd10b4e16355b4
SERVER_TRAFFIC_SECRET_0 e1366d1508109da4856fe82bc9cd4c1adc3828b6dab21c080dd6ddf164720cb2 61831e369c2e0fa4f6f52a788b2d891d70285bb33df60ace1086985708ca6e7ec53fe71c094da601dca3e3d784da54ce
EXPORTER_SECRET e1366d1508109da4856fe82bc9cd4c1adc3828b6dab21c080dd6ddf164720cb2 165e74a6494be537af2703d7114589cc10042feee9c2c048e98a268752b7198663ddd15af8c1a2f19301ed5b524cff45
CLIENT_HANDSHAKE_TRAFFIC_SECRET 80a20a61ec37fcb6dde32940e28b0f310bd24a8ea5ccb1ca028736a563301f2d b5caa23e9d115bde375f2ff53304e96d7899519874c60a01734a1fbc3bb4fd48
SERVER_HANDSHAKE_TRAFFIC_SECRET 80a20a61ec37fcb6dde32940e28b0f310bd24a8ea5ccb1ca028736a563301f2d 06b77f3b7e41da9cf96d7258e9775f86226879e3ef73769b00ad2d5f5766ceef
CLIENT_TRAFFIC_SECRET_0 80a20a61ec37fcb6dde32940e28b0f310bd24a8ea5ccb1ca028736a563301f2d cd7d610b2ea2b75f8c381ad0c1754146a897952999421cc84a9f1d7a5dbb3c2d
SERVER_TRAFFIC_SECRET_0 80a20a61ec37fcb6dde32940e28b0f310bd24a8ea5ccb1ca028736a563301f2d 8c74285274547994dccb46b08be2a943eba14e1c49806944fa5cb259ccc4019a
EXPORTER_SECRET 80a20a61ec37fcb6dde32940e28b0f310bd24a8ea5ccb1ca028736a563301f2d 33f2ac5b2151ab719f68ab24a6aa79c9dbcf6b80da9888b975e4b508b016d8cf
CLIENT_HANDSHAKE_TRAFFIC_SECRET 131a43cfddf287ae90b56f8a00f281725ce048188be1c22d649580c7449a550a f4cc40e82c0434b005733db62cc58ee99b849290d760ab28a7d75a24f44133c7
SERVER_HANDSHAKE_TRAFFIC_SECRET 131a43cfddf287ae90b56f8a00f281725ce048188be1c22d649580c7449a550a 52561d410250547f8342d8ccf7c01a7b4edddbaec5f96ce25d7cb14f0638473c
CLIENT_TRAFFIC_SECRET_0 131a43cfddf287ae90b56f8a00f281725ce048188be1c22d649580c7449a550a 3d4feb8192318c0bb388406c1560b0d5739a4c16e8cbf879eb29249370abc8ab
SERVER_TRAFFIC_SECRET_0 131a43cfddf287ae90b56f8a00f281725ce048188be1c22d649580c7449a550a 2f2d407f843997d9601a22575228b8dd67e16a79324cfc212d7a19ce9931fab9
EXPORTER_SECRET 131a43cfddf287ae90b56f8a00f281725ce048188be1c22d649580c7449a550a 1e03e65db8c76b7f3e643454aaf6135dc6ff8edd67f94f1ce29814c41ba084cb
CLIENT_HANDSHAKE_TRAFFIC_SECRET b0ebbe52cdbad2a01d2bc6e4f1a942181813c9dc8ad3d2bce45dff59f11eedfb 9c3634f3f4806776c41cba779f2fe00ba76c603e4e3284cdcecad11752be2109
SERVER_HANDSHAKE_TRAFFIC_SECRET b0ebbe52cdbad2a01d2bc6e4f1a942181813c9dc8ad3d2bce45dff59f11eedfb afecd401ee64e8df4fe9c92f5c766c67d9fd067a1b454dd6af8d6a89235b6c31
CLIENT_TRAFFIC_SECRET_0 b0ebbe52cdbad2a01d2bc6e4f1a942181813c9dc8ad3d2bce45dff59f11eedfb bda5c7d80c88f8e3be224cbc9482e0263570ad8f92a2224c52859f7961b6ef1f
SERVER_TRAFFIC_SECRET_0 b0ebbe52cdbad2a01d2bc6e4f1a942181813c9dc8ad3d2bce45dff59f11eedfb ad3431eb1d1a9761c939a12a4eb2a0b4a362ae2f4e3e9de22e8d0adbaad53dc1
EXPORTER_SECRET b0ebbe52cdbad2a01d2bc6e4f1a942181813c9dc8ad3d2bce45dff59f11eedfb 95e80e872d9317fd7284ffd010be03d666156794b352713b527594ba2d87bf13
CLIENT_EARLY_TRAFFIC_SECRET d077b94b65f9c969ac0976339b2a22d4d8327b81ea7bf941163e0639af1942fa e46848258f12402881e36da028e533076300f699fe1b10ae22bad8166f43ca5a
CLIENT_HANDSHAKE_TRAFFIC_SECRET d077b94b65f9c969ac0976339b2a22d4d8327b81ea7bf941163e0639af1942fa c9cfb1d4e46343311302442f2e663334e6ce1187a27bce44c7a8010a8e69fdd8
SERVER_HANDSHAKE_TRAFFIC_SECRET d077b94b65f9c969ac0976339b2a22d4d8327b81ea7bf941163e0639af1942fa ef248b9c19d56b0d764ebf96318ed1675a99fc2f1035e0c82f62812d7891f8a4
CLIENT_TRAFFIC_SECRET_0 d077b94b65f9c969ac0976339b2a22d4d8327b81ea7bf941163e0639af1942fa 0a83b790580d9cc696450b23d5da14ab3912d47cca9f4bc7a1754baf44c3ae57
SERVER_TRAFFIC_SECRET_0 d077b94b65f9c969ac0976339b2a22d4d8327b81ea7bf941163e0639af1942fa a3c09a2346c01119f58efaf54e9e3c926c6f8cbe92260c37d012977f7cb318ed
EXPORTER_SECRET d077b94b65f9c969ac0976339b2a22d4d8327b81ea7bf941163e0639af1942fa 84ef3b5f5d0bb07a74ecf30982b60d6e39c793088c34865ee9f83ab3eb4938f8
CLIENT_HANDSHAKE_TRAFFIC_SECRET a8d0313a85fcf13e2148710225c2e6992256817da66c0ba78e0ca3e0c2dcd594 d9fc234e6d16997b4da9c8177ef2f587d7668992b2a894827208077637ca114f78c5ae1b2139a96426d2e9c9fef60fea
SERVER_HANDSHAKE_TRAFFIC_SECRET a8d0313a85fcf13e2148710225c2e6992256817da66c0ba78e0ca3e0c2dcd594 a827519c7519c88a38e70471806203e61a1b57aa92ae7336c2cd75cf7b46f97a2bea76e3d1492722a721b69ea45248d0
CLIENT_TRAFFIC_SECRET_0 a8d0313a85fcf13e2148710225c2e6992256817da66c0ba78e0ca3e0c2dcd594 eab80b52ce47fb21966629b9ab017b8960e7aa0436583f3d12c539462825c92a587646aa28852e7fe645529a1ce499fe
SERVER_TRAFFIC_SECRET_0 a8d0313a85fcf13e2148710225c2e6992256817da66c0ba78e0ca3e0c2dcd594 58fd03888393afef11a60b3b14082baced3639dac492305e6d301e1e37508ed6f458ee14aedc73921f52a4fe4a171ae3
EXPORTER_SECRET a8d0313a85fcf13e2148710225c2e6992256817da66c0ba78e0ca3e0c2dcd594 0cc2ccd1800d08fd91db6898ff93cf0b7145458109e3b58ad81d52e8305824060afbaac1d652e2a13dda83d00f23dd98
CLIENT_HANDSHAKE_TRAFFIC_SECRET 0d7d93c8f9e26dbc79b849a62b1f33e9e59ed0506b3baa062c6fb8f3044032e5 1225665c9d9735122481ab68983bbe1e5474f21dbf18fcd95c7e20b3d5f42057
SERVER_HANDSHAKE_TRAFFIC_SECRET 0d7d93c8f9e26dbc79b849a62b1f33e9e59ed0506b3baa062c6fb8f3044032e5 c5f2c1e16e1683bec6a61366baed8d64b25bd0e0c640ef5c0126e7f6285f7ca8
CLIENT_TRAFFIC_SECRET_0 0d7d93c8f9e26dbc79b849a62b1f33e9e59ed0506b3baa062c6fb8f3044032e5 4b75c8c7cc08bfff208b67e6ee97d9420427cd6b7ebda3fe252caa7a352516c6
SERVER_TRAFFIC_SECRET_0 0d7d93c8f9e26dbc79b849a62b1f33e9e59ed0506b3baa062c6fb8f3044032e5 de42853be9e5d4df608429bcf40d04b3b88c409613ede3b1e938aa42730849e3
EXPORTER_SECRET 0d7d93c8f9e26dbc79b849a62b1f33e9e59ed0506b3baa062c6fb8f3044032e5 6bc48071c297c75ecd5e755650f57ee85d1e2279f1a609b3fc009e19eda97017
CLIENT_HANDSHAKE_TRAFFIC_SECRET 91531ffaa30a5f24bbd9cbed1846364ae23a7ccdfd248d6e5500d98a0e0ee9fd 3efbc3612228e3d378e005de7ac60ec538a85b57371edfa16cc8799fcd42673160d6be2056f5ad305896149100d2b9ec
SERVER_HANDSHAKE_TRAFFIC_SECRET 91531ffaa30a5f24bbd9cbed1846364ae23a7ccdfd248d6e5500d98a0e0ee9fd 1541cf85b494d81d986c40942b9705022b9d6f18fe2b83fa754488ef7da15135db927971397874c0358c090f1f70d3ca
CLIENT_TRAFFIC_SECRET_0 91531ffaa30a5f24bbd9cbed1846364ae23a7ccdfd248d6e5500d98a0e0ee9fd 9a0a9f7a43bb8dc6f417d400d189db8e8466c17c4ec13f11f6a0b0279fe8ffadfc8cb01513c4f0f5e5ec7e09c8ba8b08
SERVER_TRAFFIC_SECRET_0 91531ffaa30a5f24bbd9cbed1846364ae23a7ccdfd248d6e5500d98a0e0ee9fd 0c9abf7cc299d470e384bc3f5adf7defb7521592cb14dace01f7e363f47aa7e416b4cc7c915691e3ec108b787e00da15
EXPORTER_SECRET 91531ffaa30a5f24bbd9cbed1846364ae23a7ccdfd248d6e5500d98a0e0ee9fd 15b9006bb9653998c096da035a61ea5b1960c1157030b8aeb1185f91b71d5a0f5a291673322eac2a2c0f767a6c3e85a7
CLIENT_HANDSHAKE_TRAFFIC_SECRET 583f9bd3ada81b7d16433ba58b13c127b5ae0c78bf2d2a58546bdd027fddc9eb 1ab072b84fe3e350504603695ccd7cd0322b75b0dd1eecb88db47bb387c47ace
SERVER_HANDSHAKE_TRAFFIC_SECRET 583f9bd3ada81b7d16433ba58b13c127b5ae0c78bf2d2a58546bdd027fddc9eb dac53ae0da0c98d274f3d5639b839e6ba941e54324828e4effd83692d4d4baf2
CLIENT_TRAFFIC_SECRET_0 583f9bd3ada81b7d16433ba58b13c127b5ae0c78bf2d2a58546bdd027fddc9eb c62861d7dc6b5ebd3b0ec391d854d0572d65b96e58bef6c7ac85709da4754f88
SERVER_TRAFFIC_SECRET_0 583f9bd3ada81b7d16433ba58b13c127b5ae0c78bf2d2a58546bdd027fddc9eb 6386d8aabb8b9ee453c84a0e1ccb67b181b20d0a2a8551808a460cacd5aea7ac
EXPORTER_SECRET 583f9bd3ada81b7d16433ba58b13c127b5ae0c78bf2d2a58546bdd027fddc9eb 79e5eddaeed3acff1d612ce0746644f80f79aad7f58db643675d43219079cf52
CLIENT_HANDSHAKE_TRAFFIC_SECRET f18feb012164340b25f8b03df0b0568b77916c172d957062339d9ed902690b95 772b5f2de1be8ff7548905c31fc8994f57ad2053a376e59a7f3f595df7847b60
SERVER_HANDSHAKE_TRAFFIC_SECRET f18feb012164340b25f8b03df0b0568b77916c172d957062339d9ed902690b95 f33ad15da62b2c6727c6777df8690338565e0586696a2945f84850c57c97c117
CLIENT_TRAFFIC_SECRET_0 f18feb012164340b25f8b03df0b0568b77916c172d957062339d9ed902690b95 53c61387664c3e01d26be001472f5d5e22cd7c55b3b168f61506da295cc1619c
SERVER_TRAFFIC_SECRET_0 f18feb012164340b25f8b03df0b0568b77916c172d957062339d9ed902690b95 894304fca94dad955c139756351af94be97393940dd9b54654457aa41136f793
EXPORTER_SECRET f18feb012164340b25f8b03df0b0568b77916c172d957062339d9ed902690b95 7fff468b750651b2d2c11d8b9f35994404d11e4ec790be1297fbc82c841d72bb
CLIENT_EARLY_TRAFFIC_SECRET 8168dfad762f4ef7e717e8bdbf0e1aacd20feb6a682d19111b02bab4958cd9dd d245b27f6738b95b90dc7519f1293ed59a668680d430a89e1d674f40370d2f02
CLIENT_HANDSHAKE_TRAFFIC_SECRET 8168dfad762f4ef7e717e8bdbf0e1aacd20feb6a682d19111b02bab4958cd9dd 7d8347e3726d3a31e890fb218a48a5c6640830c84edcf75fbaa7d7375203ac6d
SERVER_HANDSHAKE_TRAFFIC_SECRET 8168dfad762f4ef7e717e8bdbf0e1aacd20feb6a682d19111b02bab4958cd9dd f9841c27c233003bc692fc2c2718c067a92fd7a8bc9effddb44320b1c04a5ed8
CLIENT_TRAFFIC_SECRET_0 8168dfad762f4ef7e717e8bdbf0e1aacd20feb6a682d19111b02bab4958cd9dd f28ac4aa3e1426e32e3b636cca4df1755bf37dde332c92e4dfa8644349f78c83
SERVER_TRAFFIC_SECRET_0 8168dfad762f4ef7e717e8bdbf0e1aacd20feb6a682d19111b02bab4958cd9dd a4f66e2088f2900a0f6066016c031eeb540ae48aba10d5890bcc1b400632c25d
EXPORTER_SECRET 8168dfad762f4ef7e717e8bdbf0e1aacd20feb6a682d19111b02bab4958cd9dd 2c6ed694de9bc9fddec2499392a34f12ca40ad920ee27a74c019f0176fc3f813
CLIENT_HANDSHAKE_TRAFFIC_SECRET 86f7f51a66980f07aee2e69b51fec8edcc86609461b6ddb08c5b513827eb56df 1c80fa8243dbfc3e70c8aa8442c3abc582da4ef3d213672c5f6cb6ba136a5596
SERVER_HANDSHAKE_TRAFFIC_SECRET 86f7f51a66980f07aee2e69b51fec8edcc86609461b6ddb08c5b513827eb56df c68fb5d83ed73bb6af8fd5fe72b8888bca99bec35a16ec79a43e95ec65a246d3
CLIENT_HANDSHAKE_TRAFFIC_SECRET 87be174111f53625da56bb48b7a78383fb3d85ddee55b51394e13d73f14cb8f6 2b5d8947c4ecfa33f892c23890815d9933d96ddf7aa86b1c337e20f62b18b90b
SERVER_HANDSHAKE_TRAFFIC_SECRET 87be174111f53625da56bb48b7a78383fb3d85ddee55b51394e13d73f14cb8f6 fa8a35069de1d88b0588da859ac110db2582fd09e294ebf1d15e7230d8ea50cd
CLIENT_TRAFFIC_SECRET_0 86f7f51a66980f07aee2e69b51fec8edcc86609461b6ddb08c5b513827eb56df b99d10f89f9e0a9265febc0a2b319ebedf61d840d7d5de181670f56f3478550e
SERVER_TRAFFIC_SECRET_0 86f7f51a66980f07aee2e69b51fec8edcc86609461b6ddb08c5b513827eb56df 0c5b8411535972ab018b76e92a5e5c9e38e5a5f8683c5f00b64074cde4ec626e
EXPORTER_SECRET 86f7f51a66980f07aee2e69b51fec8edcc86609461b6ddb08c5b513827eb56df c86629f055ef1060bfaf896e26e8952c598f59e5b44230c68e604e96c29e04bd
CLIENT_HANDSHAKE_TRAFFIC_SECRET 5af20b64505a34234a83fb8b6cf1e37dd1f7b016c661203181dcf7b8f4e02fe9 d378eb83e0d1db175d7720d706b04ce21ac4009b04780cc4e6be46238d4d73d6
SERVER_HANDSHAKE_TRAFFIC_SECRET 5af20b64505a34234a83fb8b6cf1e37dd1f7b016c661203181dcf7b8f4e02fe9 c5052a8fe1eb876a7a5f7ee99598cb1ed27b59eff5725509e83b23e2115e6644
CLIENT_TRAFFIC_SECRET_0 5af20b64505a34234a83fb8b6cf1e37dd1f7b016c661203181dcf7b8f4e02fe9 01adc22c432e293b24b42a39b00d68b7c429026eed9f94f207f697d16ff0e992
SERVER_TRAFFIC_SECRET_0 5af20b64505a34234a83fb8b6cf1e37dd1f7b016c661203181dcf7b8f4e02fe9 c93e88e161547bf04793c180f3e759fcbc7deb2cfd637c2b0e39cdfdc02df4a4
EXPORTER_SECRET 5af20b64505a34234a83fb8b6cf1e37dd1f7b016c661203181dcf7b8f4e02fe9 432257bb8e565ddf4ae0dc9d4109d3e0ed2cbf52936153ffc57a26f967a95843
CLIENT_HANDSHAKE_TRAFFIC_SECRET c70dccf5343334ba531560893b1304a9b7b814164d6f8ab0a5582049314411ac a7ad63704f15db99713f69e0e9256fc2801a3e4b053609dd6731c10ea92cfbb59aa5f6080e83ea7d84325676c37ebe0a
SERVER_HANDSHAKE_TRAFFIC_SECRET c70dccf5343334ba531560893b1304a9b7b814164d6f8ab0a5582049314411ac 39f113b65554af29af53ce2029afb5b2af92f1129dc87993bc100cc456e963f24a3e9cbd9784ddb914571a3d7cb6ae03
CLIENT_TRAFFIC_SECRET_0 c70dccf5343334ba531560893b1304a9b7b814164d6f8ab0a5582049314411ac 19011590a50813d5adbf516998cad620eb90ef83d7c810f243eb0e9af25bcb709a98fe69d5698f6da7ad3499a0b6659a
SERVER_TRAFFIC_SECRET_0 c70dccf5343334ba531560893b1304a9b7b814164d6f8ab0a5582049314411ac df2c1a4a0b1a34cfc47a37fd29e2eb73c91c812df56dce56e7177c5afd064d028c28d5d3751067bcecfba4d81f81d9d3
EXPORTER_SECRET c70dccf5343334ba531560893b1304a9b7b814164d6f8ab0a5582049314411ac 4f493a4a9241106f335d84d9a38394e9c8468de8f2042e5e4707527401f7581778376f92e19677f4c47efef5455a823d
CLIENT_HANDSHAKE_TRAFFIC_SECRET 4bbc3c65d079d7148085b91c180c7b9053d5b7f7f35e683f336a0d4e5fa466db 56b517257845676f36a92556ba12015c605a48ac2d1040683d7e0145603afd4c
SERVER_HANDSHAKE_TRAFFIC_SECRET 4bbc3c65d079d7148085b91c180c7b9053d5b7f7f35e683f336a0d4e5fa466db a4d0dbbd522e47b82a641d4678613b64153a746f2f6fa338f294335077b5bc1a
CLIENT_TRAFFIC_SECRET_0 4bbc3c65d079d7148085b91c180c7b9053d5b7f7f35e683f336a0d4e5fa466db 51e0f75c02ea667b9e0d5d4b8c16a93e5c5ac64644692fbede5f933a19cf62ec
SERVER_TRAFFIC_SECRET_0 4bbc3c65d079d7148085b91c180c7b9053d5b7f7f35e683f336a0d4e5fa466db 573c4b79be6058097cea27bfd7f6397c482a029b469994c850a52587ddc13ef0
EXPORTER_SECRET 4bbc3c65d079d7148085b91c180c7b9053d5b7f7f35e683f336a0d4e5fa466db 36eebd74f088ec2141dd719794302881164667358ffed8a519cb4685a8e663df
CLIENT_HANDSHAKE_TRAFFIC_SECRET 81986d4dc5e7b15f1fcdfd1786cda33f906ba0003e67c9dd07e8ff023b58b477 f44cfb43113272db36879cacc503498f4f83a0ce76e0348690bed7d863058442
SERVER_HANDSHAKE_TRAFFIC_SECRET 81986d4dc5e7b15f1fcdfd1786cda33f906ba0003e67c9dd07e8ff023b58b477 6147eb76c127d4de7d0b025c730c810e4f8e9e316ac8945fad65302d7d8d687c
CLIENT_TRAFFIC_SECRET_0 81986d4dc5e7b15f1fcdfd1786cda33f906ba0003e67c9dd07e8ff023b58b477 dc5e7fdec5d730bdb6d548ae2634e5462cb208f9b393ff51d6a3e71f6c492ee8
SERVER_TRAFFIC_SECRET_0 81986d4dc5e7b15f1fcdfd1786cda33f906ba0003e67c9dd07e8ff023b58b477 ea358b10a3bf2951499b1b8fffb4374a289d0e6093708d0a13bc3faba34b9152
EXPORTER_SECRET 81986d4dc5e7b15f1fcdfd1786cda33f906ba0003e67c9dd07e8ff023b58b477 7115d0b4c988ff9a7fad7caa58af96ffa9791d68b255592c9ac4f06c836004bd
CLIENT_HANDSHAKE_TRAFFIC_SECRET e283848430b61b5d84ff0091799facfc5f613e501cbadc4c57369625d8851be5 b39f78947cb99531e5a2d6e75653656eaea13617d24d1f8e6b18ea08159e5112
SERVER_HANDSHAKE_TRAFFIC_SECRET e283848430b61b5d84ff0091799facfc5f613e501cbadc4c57369625d8851be5 7fea1e55a6f279394046d54124af167233c2c1053ee87e3eadc4b8696a213c1b
CLIENT_TRAFFIC_SECRET_0 e283848430b61b5d84ff0091799facfc5f613e501cbadc4c57369625d8851be5 b6c8dab214962f77383cd45aba5598004fb54961be8396f7acf637f1584cd26e
SERVER_TRAFFIC_SECRET_0 e283848430b61b5d84ff0091799facfc5f613e501cbadc4c57369625d8851be5 db75054c235fc983e5687c012cc675b75fae24a965065ea712fa1991550c938f
EXPORTER_SECRET e283848430b61b5d84ff0091799facfc5f613e501cbadc4c57369625d8851be5 b2590ff45c10b0cb0254e23ebe40f285ba929f087a1f0148127afacaf0e8997a
CLIENT_HANDSHAKE_TRAFFIC_SECRET ee93e7b89a841093a838aa51bb7b1cdf072bf82ae7d0cc627126be9a4b58a07c ae50a7651d6f8941b29a5e5dacbc5a2dffd44ddefbc96c1d9946b613b45d3deb
SERVER_HANDSHAKE_TRAFFIC_SECRET ee93e7b89a841093a838aa51bb7b1cdf072bf82ae7d0cc627126be9a4b58a07c 4f2039c9825925acad073a0aca1ee8c2418cb5453596d723951ffebedf331a48
CLIENT_HANDSHAKE_TRAFFIC_SECRET 0d0a0d6c566dae1db8c048fd65fffd75f9e0584b6fcedc3530c3c688078e670c 4bf76fba380c10306af9301c9ddcb58c5e7c6a30c596e9bd585bdc3e24939007
SERVER_HANDSHAKE_TRAFFIC_SECRET 0d0a0d6c566dae1db8c048fd65fffd75f9e0584b6fcedc3530c3c688078e670c 9237797e38221685dc17f838adae3a6b7530b1072e44fa4b9da369aefac88393
CLIENT_TRAFFIC_SECRET_0 ee93e7b89a841093a838aa51bb7b1cdf072bf82ae7d0cc627126be9a4b58a07c 143f70565f2ea3b0633e3c19d38162e462ab8e217f141001ba46208b12efc2e6
SERVER_TRAFFIC_SECRET_0 ee93e7b89a841093a838aa51bb7b1cdf072bf82ae7d0cc627126be9a4b58a07c 70dddabcd72c796aa8a94752765847393473c0f26018df7267c69f05e71d4f6c
EXPORTER_SECRET ee93e7b89a841093a838aa51bb7b1cdf072bf82ae7d0cc627126be9a4b58a07c 71001ba0461303dd048313fdf483d1d14c5e045a23106eb51eb6b9fea900536d
CLIENT_TRAFFIC_SECRET_0 0d0a0d6c566dae1db8c048fd65fffd75f9e0584b6fcedc3530c3c688078e670c a1fd3e029828734da526b57d50fa798bf6588d26833de2115e1ed56a4550394b
SERVER_TRAFFIC_SECRET_0 0d0a0d6c566dae1db8c048fd65fffd75f9e0584b6fcedc3530c3c688078e670c 501377b2e3127cbfd8ef6280c158c4902062b0faf2314df6389ee090e644a857
EXPORTER_SECRET 0d0a0d6c566dae1db8c048fd65fffd75f9e0584b6fcedc3530c3c688078e670c 8bde79e4c381b7377b52a6ceb8af1033ecc1a2a03187ba91ddba99f1adbedf33
CLIENT_HANDSHAKE_TRAFFIC_SECRET b693ecbe65cc27cd77f0d91252e619390cc5644648253e8d718f20751c20d836 ad143a79e54be46815bfd3b2c8702d2dda70d681b1198a16c435f5d82cc48430
SERVER_HANDSHAKE_TRAFFIC_SECRET b693ecbe65cc27cd77f0d91252e619390cc5644648253e8d718f20751c20d836 22b881bb23b549849b2ce2d5d23ac12802ac6306049478bbaa6a7997659849f4
CLIENT_TRAFFIC_SECRET_0 b693ecbe65cc27cd77f0d91252e619390cc5644648253e8d718f20751c20d836 4d3f5ab973cde1f490513f7fd10ca2caa354b45d29c9c3ba58fde1ac1802f831
SERVER_TRAFFIC_SECRET_0 b693ecbe65cc27cd77f0d91252e619390cc5644648253e8d718f20751c20d836 0dceb211a9d410b8b7c7ec24a891bf61bf69d8759fce4a4ba5c918e688959ce8
EXPORTER_SECRET b693ecbe65cc27cd77f0d91252e619390cc5644648253e8d718f20751c20d836 6f07e9f6d3cdd2e9794230eb9b7dec61f911fefa5ed4fb2364378fda800ca654
CLIENT_HANDSHAKE_TRAFFIC_SECRET 3da6ef7c5b2fd040c851ffb8886f868124dabcc4eb42ae1486d7547b027dfe29 189f0bbe5852b0135b900a7b6b83a56e05810a3fdf17aa26e8c63e05f279a80577b47df7b9791752566d25d4972d8fb6
SERVER_HANDSHAKE_TRAFFIC_SECRET 3da6ef7c5b2fd040c851ffb8886f868124dabcc4eb42ae1486d7547b027dfe29 8fd73f22072e08877cdc38fd3eb572550b6428abb27daf9508cc238f4ebf28681bf0aedf97979076362fc2894122e69b
CLIENT_TRAFFIC_SECRET_0 3da6ef7c5b2fd040c851ffb8886f868124dabcc4eb42ae1486d7547b027dfe29 f71a0286d464f42749a1b542efc16cf86ca43a61f257e8e0f4025b62160ebfa682f590c02682a0389cb30e243a72ea4a
SERVER_TRAFFIC_SECRET_0 3da6ef7c5b2fd040c851ffb8886f868124dabcc4eb42ae1486d7547b027dfe29 612a6a7b4a1755a92b7268770d8f1f7d577d4c8ef5ee800c183b8677f4b516a7391f472689662115cd4de299980b7e87
EXPORTER_SECRET 3da6ef7c5b2fd040c851ffb8886f868124dabcc4eb42ae1486d7547b027dfe29 bd1d39a039495219614df1c99abe91a16d5817f21bb8a5d5e248db390f99b963c8369e383e1861474aa33f4653de09a2
CLIENT_HANDSHAKE_TRAFFIC_SECRET 61708d793e1460e40d0be43fe317c94ee166aac77157245fdef5b6c673da8761 e7fcd3776a5e8b490dbdc2c3168e263a4863a09fcad2a2943b03fbe813d8f866
SERVER_HANDSHAKE_TRAFFIC_SECRET 61708d793e1460e40d0be43fe317c94ee166aac77157245fdef5b6c673da8761 4301dde57d5340d4ea08c7873e2dd721c36108651be4d42edf2fda274be2cf57
CLIENT_TRAFFIC_SECRET_0 61708d793e1460e40d0be43fe317c94ee166aac77157245fdef5b6c673da8761 4f8b168644531f58a660d7d92db515833e64fb26f65bf9cd839a40c2954d3760
SERVER_TRAFFIC_SECRET_0 61708d793e1460e40d0be43fe317c94ee166aac77157245fdef5b6c673da8761 b9c483fe22f0aa59d4ab48df27e83ee0911ab60f3ad10f1cdc8c89d8e165af5b
EXPORTER_SECRET 61708d793e1460e40d0be43fe317c94ee166aac77157245fdef5b6c673da8761 322cd9c05156b77a850298e7e228111a2491f4627503ec0b9b807283979a6972
CLIENT_HANDSHAKE_TRAFFIC_SECRET c626e02ed465573e0073c9218a2c45b78728378fbc9909bc02656c2de8dc7e57 9df96f7b8eda3769fec2c9a5eab1c5bf1ae6411b1909af1febffae696ecc819ff4a3985b39100e08a8a517a0b6d21d5e
SERVER_HANDSHAKE_TRAFFIC_SECRET c626e02ed465573e0073c9218a2c45b78728378fbc9909bc02656c2de8dc7e57 34b4d8cb61c18eafadfe252b4d7e7208af33aceca74a1c7a81f674446ec35cef662a4ed53b7fd89c502960c0535fc194
CLIENT_TRAFFIC_SECRET_0 c626e02ed465573e0073c9218a2c45b78728378fbc9909bc02656c2de8dc7e57 95b9d5a307e860accadf9cf7517cd0d322e7aa44c014b392e54427efaa19c3a533e6af4b6c87bf9d55b5f3563e1200a8
SERVER_TRAFFIC_SECRET_0 c626e02ed465573e0073c9218a2c45b78728378fbc9909bc02656c2de8dc7e57 2394b980c6d6ed34a3a3ef57cc72eeaffbfb1dda3e67357c61a1b7171891f9a8969ae87d91223ed839e2469e4e404e23
EXPORTER_SECRET c626e02ed465573e0073c9218a2c45b78728378fbc9909bc02656c2de8dc7e57 76101e3a48e5b71042aec01f1db20809742aea4693a7e0fd0958f2a493019e4e40b4ae400b035a6489971f716efb3691
CLIENT_HANDSHAKE_TRAFFIC_SECRET 5f2536d2e89f1a817bfea550c08c6eab9092f16ad8258c1d849c2cdce5e3c4d5 3e72d487e477747588cfb4efe9dfda26a14e8bcaa1d6c328a1b2edd6c682f081
SERVER_HANDSHAKE_TRAFFIC_SECRET 5f2536d2e89f1a817bfea550c08c6eab9092f16ad8258c1d849c2cdce5e3c4d5 64b7faca3664a87c125b3fa20faa092311a6771b14fdbb7cf0b37a59ce43ed67
CLIENT_TRAFFIC_SECRET_0 5f2536d2e89f1a817bfea550c08c6eab9092f16ad8258c1d849c2cdce5e3c4d5 8c7f17f4c4f59268daca6319eb0eb376db1e7e80047aba5edfe5669d7ae1c20a
SERVER_TRAFFIC_SECRET_0 5f2536d2e89f1a817bfea550c08c6eab9092f16ad8258c1d849c2cdce5e3c4d5 2eeb2724b3d5237e990ac0ddc1f17ce1fa6018d52696412057b18cea4613f12e
EXPORTER_SECRET 5f2536d2e89f1a817bfea550c08c6eab9092f16ad8258c1d849c2cdce5e3c4d5 8bc79d88d94907f475d2f6f892f986dacecd2b617cbbd18b0c359f21385f07d1
