CLIENT_HANDSHAKE_TRAFFIC_SECRET 2b80820301570d4aaa8b48d30272160098beae3567449767930cc59908d4465a ad1e858ee851b883c431d8fb7d4e6cbc6877a567a0abd0ecd3fdb3ec7fb0dad1
SERVER_HANDSHAKE_TRAFFIC_SECRET 2b80820301570d4aaa8b48d30272160098beae3567449767930cc59908d4465a 9d3ec32425f8924c4effb9a70f4faf9f6856b5f4ca7a229c9ea602250c20d001
CLIENT_HANDSHAKE_TRAFFIC_SECRET a69aa2fb81a8ebb0f75c74e41eb9d8c61213ebf87cd020fe42c638978b260abf 43df66155547fa84998fab358aea42dc890c3514c48b5506d32fae99451d201c
SERVER_HANDSHAKE_TRAFFIC_SECRET a69aa2fb81a8ebb0f75c74e41eb9d8c61213ebf87cd020fe42c638978b260abf 52c37073d4ffaf37a5b429bd7ebc6b0349e8af3d069c461e26711d0077d9fdab
CLIENT_HANDSHAKE_TRAFFIC_SECRET c7cf116f1d59cfbe6ed05ccc40f7c3fbee186086c1ef169b802e0182e9a817d0 99551690c50e66cb306c3ab388fc914877d227657039e081888f3275c81cd6da
SERVER_HANDSHAKE_TRAFFIC_SECRET c7cf116f1d59cfbe6ed05ccc40f7c3fbee186086c1ef169b802e0182e9a817d0 ddea29696dca8aad46563335c804115fa2b42b22f4d6b3f7080316b3e19c1111
CLIENT_HANDSHAKE_TRAFFIC_SECRET cb3bb133865923515e596393d2bd5aa16bdfaf1e4b6a14dd80836f5deb4032ff 061783f980be0f072fa1bab06223282e156fa3b8d5b525cca78c88bb35d38ab8f0ed03d57e3c42761358bd953476e830
SERVER_HANDSHAKE_TRAFFIC_SECRET cb3bb133865923515e596393d2bd5aa16bdfaf1e4b6a14dd80836f5deb4032ff 2cd0a672a9c42e4332fd505feba232b9dc1352bcadfddf765b566957df087a444d698179675394e2670d242e3418b5da
CLIENT_HANDSHAKE_TRAFFIC_SECRET 338fcbd472da82afce99a08494733f323b868be9a49ea3966d081dbf4d08da3c bd39508d7e4be1fd6bd319f9f829cf51b2115c1e1742e425c3783c8eac02b810
SERVER_HANDSHAKE_TRAFFIC_SECRET 338fcbd472da82afce99a08494733f323b868be9a49ea3966d081dbf4d08da3c 3efedfae54654d0fcd6fc983945edd7f4ab279583e174c445745e05d4bf14317
CLIENT_HANDSHAKE_TRAFFIC_SECRET f7ad3febd9cee8f50ca0c4a3d9ed09730168036c6a64d6229533177fdf1da5ca f82ed18cb3b8afb3af82033742c0ba8fc26806b45a66cff2c2801070e54020b9
SERVER_HANDSHAKE_TRAFFIC_SECRET f7ad3febd9cee8f50ca0c4a3d9ed09730168036c6a64d6229533177fdf1da5ca 703a6a5fd1dff713259789187bc245aed776fbe646e6fa2669e7c3079871c66b
CLIENT_TRAFFIC_SECRET_0 2b80820301570d4aaa8b48d30272160098beae3567449767930cc59908d4465a 4d3f6c5031e952a63eb5c307cc837de4cc118240582aedea25d41f58ace4326d
SERVER_TRAFFIC_SECRET_0 2b80820301570d4aaa8b48d30272160098beae3567449767930cc59908d4465a 06aaa65f46afe436d27473f58426c9bf2757ed46747f245b6592b0413ae00e99
EXPORTER_SECRET 2b80820301570d4aaa8b48d30272160098beae3567449767930cc59908d4465a 296018c7dd61275b7c7051d01e6e2e6f0643b0eb80cc4aa528ba868473f3fea5
CLIENT_TRAFFIC_SECRET_0 a69aa2fb81a8ebb0f75c74e41eb9d8c61213ebf87cd020fe42c638978b260abf 2bbe5afc74e9cd6b76b251f5cfb0cc55e15fb3144e4a765f85471ad43e0a3a85
SERVER_TRAFFIC_SECRET_0 a69aa2fb81a8ebb0f75c74e41eb9d8c61213ebf87cd020fe42c638978b260abf e086b71681bef49aab80b7682551fd23ef0a7f245c264a7b879b91cdca62a2cc
EXPORTER_SECRET a69aa2fb81a8ebb0f75c74e41eb9d8c61213ebf87cd020fe42c638978b260abf da628f50024af9eea2c1a5e108dbdb0672cba771fd199d87d17ee3ae073a7962
CLIENT_TRAFFIC_SECRET_0 cb3bb133865923515e596393d2bd5aa16bdfaf1e4b6a14dd80836f5deb4032ff 52709129a1203c7351f06e4da37a662bca7aed6ceb7ad78a2f4f07ec018b259673fe79f513a3230833f4639d46b0feee
SERVER_TRAFFIC_SECRET_0 cb3bb133865923515e596393d2bd5aa16bdfaf1e4b6a14dd80836f5deb4032ff 0a22f9570555bae688bce98196f669fa3222ff263cb679faa9f5c026dfa4eb0850870559f1ab305368d8f82ce7e5ce08
EXPORTER_SECRET cb3bb133865923515e596393d2bd5aa16bdfaf1e4b6a14dd80836f5deb4032ff 4ec04021d20abf1594b1aa2717832a1b95ce0f97050d4d2c41436eedc438dc8f70cd8f28bc90c5cac85ca19045e958b4
CLIENT_TRAFFIC_SECRET_0 338fcbd472da82afce99a08494733f323b868be9a49ea3966d081dbf4d08da3c 06e9da68f5f7a3aedc3b14965715ab1b9ff012e290b0c24fd4b5ebba38670329
SERVER_TRAFFIC_SECRET_0 338fcbd472da82afce99a08494733f323b868be9a49ea3966d081dbf4d08da3c 9d839762367950da63a870cf30e7a548764026a31435c466452605784e227ca3
EXPORTER_SECRET 338fcbd472da82afce99a08494733f323b868be9a49ea3966d081dbf4d08da3c 55d457cd28b6919c1fca6d312332aa697b186221f596082fe7fba13eaaf65b1c
CLIENT_HANDSHAKE_TRAFFIC_SECRET fc61608806aa106317016cebaff26408f82b8a675c0fb0575f09ae224efce6c7 3eb5103189c0781e8d447ff37a342171e835b1d1aee0cd494be26ce8c55c9f33
SERVER_HANDSHAKE_TRAFFIC_SECRET fc61608806aa106317016cebaff26408f82b8a675c0fb0575f09ae224efce6c7 23f6d9cb0009e9d88323b1daa27759855f9713f8aaa1f016d61b2fc5df145424
CLIENT_TRAFFIC_SECRET_0 f7ad3febd9cee8f50ca0c4a3d9ed09730168036c6a64d6229533177fdf1da5ca da4d5810f2d585026c7ffd4138f1d1ee976f14838c2f04b22523589627d6bad0
SERVER_TRAFFIC_SECRET_0 f7ad3febd9cee8f50ca0c4a3d9ed09730168036c6a64d6229533177fdf1da5ca f86ecefa7cfcc61e3786363538f940db845685e3dc93cef6caba816b3a522208
EXPORTER_SECRET f7ad3febd9cee8f50ca0c4a3d9ed09730168036c6a64d6229533177fdf1da5ca 3785552f6595ae4b2d3dcf8f0870231c1e9d387666f381da2bc7faf7e53e5711
CLIENT_TRAFFIC_SECRET_0 c7cf116f1d59cfbe6ed05ccc40f7c3fbee186086c1ef169b802e0182e9a817d0 d2457ceaf3a8cfbe9b423a1f7862684fba50cc03df640fdd0ccecd290aa77718
SERVER_TRAFFIC_SECRET_0 c7cf116f1d59cfbe6ed05ccc40f7c3fbee186086c1ef169b802e0182e9a817d0 7503a558a6e9a2169cf91c94cbd072ac97eef34cebc3ce83af21a9bee22de172
EXPORTER_SECRET c7cf116f1d59cfbe6ed05ccc40f7c3fbee186086c1ef169b802e0182e9a817d0 0f6920dae44804ffa5aa878a414b8e0d8e5c0ba3cdbbd984589f3bdae415b046
CLIENT_TRAFFIC_SECRET_0 fc61608806aa106317016cebaff26408f82b8a675c0fb0575f09ae224efce6c7 674c1570aa10f4028b964e3d323286c15efd9071ad921012b307856ecd701fca
SERVER_TRAFFIC_SECRET_0 fc61608806aa106317016cebaff26408f82b8a675c0fb0575f09ae224efce6c7 67957a52faf8427accd8cdec3c8dc3637a246e866dbb5b15ff7c9f908fd903bc
EXPORTER_SECRET fc61608806aa106317016cebaff26408f82b8a675c0fb0575f09ae224efce6c7 6c76c49705a842306ad8992b3fcfd738ddb11942984e8020790a5c9bae0c4358
CLIENT_HANDSHAKE_TRAFFIC_SECRET a3f89850d94c03a243baba53c4c86401a8499ee05c5e905f322a404c46b5a650 f6888b7ca1146dd485e4b5847b753ce57bd3cd6c58c78a4a545323baa3d38a2a
SERVER_HANDSHAKE_TRAFFIC_SECRET a3f89850d94c03a243baba53c4c86401a8499ee05c5e905f322a404c46b5a650 abe134ee7af868e24498fcb574c013822d96d674dc6b71dfabb1d821529f5e1e
CLIENT_TRAFFIC_SECRET_0 a3f89850d94c03a243baba53c4c86401a8499ee05c5e905f322a404c46b5a650 df55c92f03fcdb761574a0ebad9ff5465c06dd96a2e1a9071b87a4348452fd9d
SERVER_TRAFFIC_SECRET_0 a3f89850d94c03a243baba53c4c86401a8499ee05c5e905f322a404c46b5a650 3e5bbe8619c3837eb1375547a16308be4fd84ad9f6ed364808ac6614ef4739cc
EXPORTER_SECRET a3f89850d94c03a243baba53c4c86401a8499ee05c5e905f322a404c46b5a650 43e741b9745e4ad8d71a568bbe9e116ad06a9fb7f9aa5a78925053b3e366486b
CLIENT_HANDSHAKE_TRAFFIC_SECRET 1b26757aca545dd4a13237f66bde174c2c445045accc4292ab1b4ebab9effe0b 12ef80eb6a991f2a3e9502043a34ef8e4e0bf7ba570710ca030c4a4043b9e13f
SERVER_HANDSHAKE_TRAFFIC_SECRET 1b26757aca545dd4a13237f66bde174c2c445045accc4292ab1b4ebab9effe0b 497ad0f2f62d780b94e22ce794145f824cf6258da4378aaa1282d024686fda3b
CLIENT_TRAFFIC_SECRET_0 1b26757aca545dd4a13237f66bde174c2c445045accc4292ab1b4ebab9effe0b 0f7f06861111b63fa3a411b76e5d9cc5d706f5d8c56b112f3c8411a5669e66a8
SERVER_TRAFFIC_SECRET_0 1b26757aca545dd4a13237f66bde174c2c445045accc4292ab1b4ebab9effe0b 36f02579e0a6bc28938818334689b00f9d7209a73c19288707fb120db1b8ee6e
EXPORTER_SECRET 1b26757aca545dd4a13237f66bde174c2c445045accc4292ab1b4ebab9effe0b 0085a7935c886a4176f092d0345c13069753a664c31688aa092a0e54c575e12c
CLIENT_HANDSHAKE_TRAFFIC_SECRET 6882c03775ec7c0ca6191ee0a28c8f4eca6bc8bb22989f39b7375b015b044eb6 3f729dabf9ff40413d87cc89470f8db78ff3c28b429a4c0a3770b5925ff640c7
SERVER_HANDSHAKE_TRAFFIC_SECRET 6882c03775ec7c0ca6191ee0a28c8f4eca6bc8bb22989f39b7375b015b044eb6 c5a988ab81a6cca43473bb2e38a1685e388865728ed7df139b1ed7d2019a96cd
CLIENT_TRAFFIC_SECRET_0 6882c03775ec7c0ca6191ee0a28c8f4eca6bc8bb22989f39b7375b015b044eb6 cf947f937e8f43a458f5c34b725c624b9c8093bd9c6a6bb8417458b78d2d5a60
SERVER_TRAFFIC_SECRET_0 6882c03775ec7c0ca6191ee0a28c8f4eca6bc8bb22989f39b7375b015b044eb6 c3073b48eeca9991d5d92d78f2fd08a604768216b5ed06bc1738f27639ede38d
EXPORTER_SECRET 6882c03775ec7c0ca6191ee0a28c8f4eca6bc8bb22989f39b7375b015b044eb6 4d84e099e3b0745cb8e5d2fec4cff0999385f2c2c91d0dd594a2a397a33bee06
CLIENT_HANDSHAKE_TRAFFIC_SECRET ad4920a710907c30dbacb348b0174e279d5e783e64cf8b6810a7dde952226c44 94a62c3fd8fbadc7057cc7a479b2dbce916561c806e0150f5809673fea5ff34d
SERVER_HANDSHAKE_TRAFFIC_SECRET ad4920a710907c30dbacb348b0174e279d5e783e64cf8b6810a7dde952226c44 f0bb1b391b8dbc3c5a5e9047ba8acaaba2c3bce5f1ae313f699aebb46e008ebe
CLIENT_TRAFFIC_SECRET_0 ad4920a710907c30dbacb348b0174e279d5e783e64cf8b6810a7dde952226c44 e89c56394a1b45c17f7c9ce8f8dc26e0e1ae2c1f40640521c06748f0c5ccfe0f
SERVER_TRAFFIC_SECRET_0 ad4920a710907c30dbacb348b0174e279d5e783e64cf8b6810a7dde952226c44 f87868a3cae2613c7c48eb6850f9259b7771be7228e3dde1e5e8badf4dd8508f
EXPORTER_SECRET ad4920a710907c30dbacb348b0174e279d5e783e64cf8b6810a7dde952226c44 749224cffebd8acc1e43b862cd4a07a401fc76cb5f562130a9c75452126b8a47
CLIENT_EARLY_TRAFFIC_SECRET 6203a9af318097d1ecd0b3b25a283e7b4367383dac051f9aa204a908d4c10f03 16161ab3770b0fa2aac8142f260fc33c588a08213fc23dcb29528afd4919f757
CLIENT_HANDSHAKE_TRAFFIC_SECRET 6203a9af318097d1ecd0b3b25a283e7b4367383dac051f9aa204a908d4c10f03 09a3f691cc4ca5f2a8fa6279d455af0cd2ab79df9d697247e749705d603ea1ed
SERVER_HANDSHAKE_TRAFFIC_SECRET 6203a9af318097d1ecd0b3b25a283e7b4367383dac051f9aa204a908d4c10f03 796eed0fbf26cc1006edc333398fbeed73d99600cb081c579e63ef5e2ab9147a
CLIENT_TRAFFIC_SECRET_0 6203a9af318097d1ecd0b3b25a283e7b4367383dac051f9aa204a908d4c10f03 8c6f3163c306d980b93de473b1a9a8fb707da75c7fd010508b3288534c9f642f
SERVER_TRAFFIC_SECRET_0 6203a9af318097d1ecd0b3b25a283e7b4367383dac051f9aa204a908d4c10f03 54239d29db23aa9bee2992615fa32ce88689257ebc7f000c58881b9ae1281f83
EXPORTER_SECRET 6203a9af318097d1ecd0b3b25a283e7b4367383dac051f9aa204a908d4c10f03 125c38217ba3e17dc943a6d3c7ec09948f93d8d23fd1b5d8b74f85512111cd19
CLIENT_HANDSHAKE_TRAFFIC_SECRET 7a5c423e29f7d4ca4fc8616b88866d95a3cbf344c4f149811ee0ebd7d70d88fc 96c935e9ac4a4f6aa772de405d5876aebc154b61e67ddb39f31f40cafb744ea2
SERVER_HANDSHAKE_TRAFFIC_SECRET 7a5c423e29f7d4ca4fc8616b88866d95a3cbf344c4f149811ee0ebd7d70d88fc 93399d22e8008bfded47ac0aeb08d3077b4059df667c0db30a94596460edd78f
CLIENT_TRAFFIC_SECRET_0 7a5c423e29f7d4ca4fc8616b88866d95a3cbf344c4f149811ee0ebd7d70d88fc 48283d0d729defe016b9c82ce5ec23144e7f808284482a78531e24bf39590b79
SERVER_TRAFFIC_SECRET_0 7a5c423e29f7d4ca4fc8616b88866d95a3cbf344c4f149811ee0ebd7d70d88fc 9e72f7a51c3a6483da859f3786d5290ce24f2d6dcc0fd96d82e29329ec5ea396
EXPORTER_SECRET 7a5c423e29f7d4ca4fc8616b88866d95a3cbf344c4f149811ee0ebd7d70d88fc 7a22354b4cf6894e7510d4bea006748bf0cd8a683a8f4cd1e0662ed2b2d7de24
CLIENT_HANDSHAKE_TRAFFIC_SECRET 2f05c97f6e801836c197216921c29dfc845dc0a857bf12c93f3ba3768c72c4e7 fed14c7c149a542dc1f45d98dcbc5d8d3f66542dae96a6b68f75267c5ee495be79869bd8408a654d008fe4dd3344c714
SERVER_HANDSHAKE_TRAFFIC_SECRET 2f05c97f6e801836c197216921c29dfc845dc0a857bf12c93f3ba3768c72c4e7 77888ead4c79745428a448b2b61c9fe40ef7a83573f323dde505fb9a8254a7536fb5ee25e051706184041e834fcee764
CLIENT_TRAFFIC_SECRET_0 2f05c97f6e801836c197216921c29dfc845dc0a857bf12c93f3ba3768c72c4e7 d65ac2ad15aefb544d0c0dfbf45dba37104d31cf3a88f54018aa64e099a9fb3abf4cf59e8c2b5b353c792c13aae95804
SERVER_TRAFFIC_SECRET_0 2f05c97f6e801836c197216921c29dfc845dc0a857bf12c93f3ba3768c72c4e7 aab543d496197fa257d3fd1c81d729dfe8df4020f75bdfae5dbb520a8d4b67f3bac8d2e51c81cff2cd9162c2236860c3
EXPORTER_SECRET 2f05c97f6e801836c197216921c29dfc845dc0a857bf12c93f3ba3768c72c4e7 a1a292e2b63ee41a6785fb15262da1135628cb749983b3fb644f8b6ffc4ea8cabb848eca7a48156ed43243c293338084
CLIENT_HANDSHAKE_TRAFFIC_SECRET c714a827b4f8d599ca65743ab9e64a6e5c82f978a62bacd5ccdba08b593bfdd7 2d669ef742a84000fa76ff41709fcc722961423a8d248ab1e3f38d214d04de79
SERVER_HANDSHAKE_TRAFFIC_SECRET c714a827b4f8d599ca65743ab9e64a6e5c82f978a62bacd5ccdba08b593bfdd7 31941f966e5f0b820281297787ff99a81cb2b00308a05cd0d7236e1a25451b7c
CLIENT_TRAFFIC_SECRET_0 c714a827b4f8d599ca65743ab9e64a6e5c82f978a62bacd5ccdba08b593bfdd7 0e749c94df898ba74f74c128c5673194ea889cced72a9950402f740610b1e801
SERVER_TRAFFIC_SECRET_0 c714a827b4f8d599ca65743ab9e64a6e5c82f978a62bacd5ccdba08b593bfdd7 7dc511e7a076fc8f023649d8f68642856c045bd8808567804c361b01af0aedff
EXPORTER_SECRET c714a827b4f8d599ca65743ab9e64a6e5c82f978a62bacd5ccdba08b593bfdd7 6f079711979fe334573dc8b47b96757e3f7c9bc9cbbea9ab56a014d28b257f3f
CLIENT_HANDSHAKE_TRAFFIC_SECRET 265354a5d5f217ff271b44c528727963087437613583f37eb17f4362e786bcde 0e27e227bbe0923247517846b7616861d41df6decbadfde33fed028e7367982b
SERVER_HANDSHAKE_TRAFFIC_SECRET 265354a5d5f217ff271b44c528727963087437613583f37eb17f4362e786bcde 6c1a00176eec27ce64d83cd21ec6432f6328b7abe38f7df15f99f8066bb3b119
CLIENT_TRAFFIC_SECRET_0 265354a5d5f217ff271b44c528727963087437613583f37eb17f4362e786bcde f43ccbbde9b3be717420d54b80204990270ebc21b8a1ebfb75aeeb61a13cefd4
SERVER_TRAFFIC_SECRET_0 265354a5d5f217ff271b44c528727963087437613583f37eb17f4362e786bcde e6f3d1957c08d15b6a43e0674a4a8873fb8a4ad3892833f450da42bbc40818ab
EXPORTER_SECRET 265354a5d5f217ff271b44c528727963087437613583f37eb17f4362e786bcde e90c03f3607bd1c5066a19fc11bd4d941a8d28fd693fe99e6468cd8423c8380d
CLIENT_HANDSHAKE_TRAFFIC_SECRET fbe125e6225d8a58bca2cf4112fa7555ab49a1a19621af3bf2c7b04a5f58768d 97380e43055bca9ebcf1e479410d2d15eeb4a130af3cbc865a70afcb942e0c4d
SERVER_HANDSHAKE_TRAFFIC_SECRET fbe125e6225d8a58bca2cf4112fa7555ab49a1a19621af3bf2c7b04a5f58768d f098b6e85ed155dd3a25e94b7f0d8d49dff2190b595722c54bceb6be31b85d37
CLIENT_TRAFFIC_SECRET_0 fbe125e6225d8a58bca2cf4112fa7555ab49a1a19621af3bf2c7b04a5f58768d 0cacca0a301aaa228d3bc514527875831dbcfafc55afbaf4c47e7b357a328a77
SERVER_TRAFFIC_SECRET_0 fbe125e6225d8a58bca2cf4112fa7555ab49a1a19621af3bf2c7b04a5f58768d 34131c328155d1e01d9dc62434c475c663704dc839fdcfbc5e3b39963359702c
EXPORTER_SECRET fbe125e6225d8a58bca2cf4112fa7555ab49a1a19621af3bf2c7b04a5f58768d 0f3cd3b3819ff19b03429f735662a4f2bb789a023c37dfe30f376c053c0f4993
CLIENT_HANDSHAKE_TRAFFIC_SECRET 79ff6eccc38c096b93da735fe4c5ca9df54193edffa569a75192fdf36e932f14 6101618293b83f6c0d4bf2c81c7138b68759957b8c3193e73507647c4df732a9
SERVER_HANDSHAKE_TRAFFIC_SECRET 79ff6eccc38c096b93da735fe4c5ca9df54193edffa569a75192fdf36e932f14 4c212f966ca9439570e1d0db9a9347f004448428861f4612a7b28b3b5ffb3d79
CLIENT_TRAFFIC_SECRET_0 79ff6eccc38c096b93da735fe4c5ca9df54193edffa569a75192fdf36e932f14 a262220178f168bd74999732f3171e0657df2010a2087088e4b9c8e5ab57c6d7
SERVER_TRAFFIC_SECRET_0 79ff6eccc38c096b93da735fe4c5ca9df54193edffa569a75192fdf36e932f14 34e6a6f09998e22af4f4bbae812f184d739ec0d37a6a7aff779842ce3c7a1cfe
EXPORTER_SECRET 79ff6eccc38c096b93da735fe4c5ca9df54193edffa569a75192fdf36e932f14 75130267ed71eb56821dc0facd3a8458a24f3d6f6809b7b723240a5893b701ea
CLIENT_HANDSHAKE_TRAFFIC_SECRET 6761670e05ac116c4170565d00613b17e8060a8fe3f44ead2de0f780a51d1123 f820c5fa0d6f8ff3a3a87c897e07e5e4aaf664ec621b469c07bc14168774f8d1
SERVER_HANDSHAKE_TRAFFIC_SECRET 6761670e05ac116c4170565d00613b17e8060a8fe3f44ead2de0f780a51d1123 71f2a48bb757f9508e19675a6b45e1bf36a56401154a4f25c2dff5f40a4c8f9c
CLIENT_TRAFFIC_SECRET_0 6761670e05ac116c4170565d00613b17e8060a8fe3f44ead2de0f780a51d1123 f6627228f001b1dadb7adce8da30d83a50aea54338e1d79f751d0d9abe471c22
SERVER_TRAFFIC_SECRET_0 6761670e05ac116c4170565d00613b17e8060a8fe3f44ead2de0f780a51d1123 fc3599b6ad7123f89510d26fb6fcecc07e140a4c08fe467ac92b4e238a8357bd
EXPORTER_SECRET 6761670e05ac116c4170565d00613b17e8060a8fe3f44ead2de0f780a51d1123 def28382cc0eaf0a4f30396fd7bd3ce6c26127df059cf73c8c34e62b6787e7d4
CLIENT_HANDSHAKE_TRAFFIC_SECRET a1bb1e562f05d9923b340da73cff9a4a8eb0aca0a3d1139a8b22776741b5e165 378adb67d84996a2b5d7408a77d372f687d038b92ffebc3d83b8327cba38e75bcc0e2f0c6a8a514a6254b01a309121b6
SERVER_HANDSHAKE_TRAFFIC_SECRET a1bb1e562f05d9923b340da73cff9a4a8eb0aca0a3d1139a8b22776741b5e165 9081b17da5bd293cd1ba4799cc98386aec6dd048f4193e0daada2a212e5e7e7e9c54aca4f529b70b7b59a3fda859da41
CLIENT_TRAFFIC_SECRET_0 a1bb1e562f05d9923b340da73cff9a4a8eb0aca0a3d1139a8b22776741b5e165 f2c2ee6314db7fe71f4ca98c009772b5a3cda1c26b5b878df5cf329b5a53cff267439d9bb246d90280340cb80ae7e5ae
SERVER_TRAFFIC_SECRET_0 a1bb1e562f05d9923b340da73cff9a4a8eb0aca0a3d1139a8b22776741b5e165 2de3f64453df429640fb67659812b9b91d1f01a4059569ed2a7fa2c8046f01e752f34a3767ee81f44e76ab9ae3b164b0
EXPORTER_SECRET a1bb1e562f05d9923b340da73cff9a4a8eb0aca0a3d1139a8b22776741b5e165 12f51df4750c91e973b5e947835df1dc26bea5b5ce423d53c1447047d62f8818c2daf26b47cf75823f69333191833384
CLIENT_HANDSHAKE_TRAFFIC_SECRET 08943a940b203b0f2a7a278cf12c5bf9ce7213647fcf31f1da7276e8205647ca 8c70114c5a247360933b4351c302df238570d3e2368d1db3a67c689782f80270
SERVER_HANDSHAKE_TRAFFIC_SECRET 08943a940b203b0f2a7a278cf12c5bf9ce7213647fcf31f1da7276e8205647ca b09e13f2c7e920a67a24d07e7cf1111417bce533ebe78a1e5a8c05462bab68c1
CLIENT_TRAFFIC_SECRET_0 08943a940b203b0f2a7a278cf12c5bf9ce7213647fcf31f1da7276e8205647ca c042e9c75d248c90e83a7b74b7f252cb2ce28282f89fb3de154f1dbb5c09a9e2
SERVER_TRAFFIC_SECRET_0 08943a940b203b0f2a7a278cf12c5bf9ce7213647fcf31f1da7276e8205647ca b2d4c471906fb0de616107a2aa166c2b755890ee5381e30c2d54964847f59096
EXPORTER_SECRET 08943a940b203b0f2a7a278cf12c5bf9ce7213647fcf31f1da7276e8205647ca 0ec171fae74559a591541dec24fcde04fa915bd5753b85c1db8fdfb6d2821b1c
CLIENT_HANDSHAKE_TRAFFIC_SECRET 0061c9a860df62e16f2a5abb08c9108f9a94bd9d44bd531f7acb13b058874e85 639ddfba79b84a60e7fffdd7bb5043ee529bb03f560b14ce16f3dfe2f708f5a6
SERVER_HANDSHAKE_TRAFFIC_SECRET 0061c9a860df62e16f2a5abb08c9108f9a94bd9d44bd531f7acb13b058874e85 ed7ba7d9f8a39793d426bdb11b3c394cfae43945a2f15e7767fa36893675d68d
CLIENT_HANDSHAKE_TRAFFIC_SECRET 86cda0350143cb1a4189f86e97d435fd6bddd1b3f7717d6a10e3497a3d18f8c2 8ae3e0d9f0e2bce72d31d543cb600bb97cbdd6504e0f295a632a5b8df941f146
SERVER_HANDSHAKE_TRAFFIC_SECRET 86cda0350143cb1a4189f86e97d435fd6bddd1b3f7717d6a10e3497a3d18f8c2 7b465220847878a717b822c543095e01b20bd7fb666d9c5f137e35dba3df3870
CLIENT_TRAFFIC_SECRET_0 0061c9a860df62e16f2a5abb08c9108f9a94bd9d44bd531f7acb13b058874e85 8713393e0fd0528c80ba9b977181d9ec6c3ce2a1acc59a162060de68f0b98758
SERVER_TRAFFIC_SECRET_0 0061c9a860df62e16f2a5abb08c9108f9a94bd9d44bd531f7acb13b058874e85 08857cebe3dbcab446946d3f7a2094c03128ff34559c864ada9db566d78bf541
EXPORTER_SECRET 0061c9a860df62e16f2a5abb08c9108f9a94bd9d44bd531f7acb13b058874e85 5f8147999b3257fdf33b2731f6b11d38f254c5f7c062d485ae8e950f93033330
CLIENT_TRAFFIC_SECRET_0 86cda0350143cb1a4189f86e97d435fd6bddd1b3f7717d6a10e3497a3d18f8c2 5a6f7f0abeff195b3e736a047f072782f5aacc7ed76472261d27d875585aee19
SERVER_TRAFFIC_SECRET_0 86cda0350143cb1a4189f86e97d435fd6bddd1b3f7717d6a10e3497a3d18f8c2 8f317238c837bd7f443fd69efdaef19fecb9a488276590cc1746657c2c41880f
EXPORTER_SECRET 86cda0350143cb1a4189f86e97d435fd6bddd1b3f7717d6a10e3497a3d18f8c2 3919414228c41946b32168bb5648c07a2ca1780fbc62d579afa3afe533262c3e
CLIENT_HANDSHAKE_TRAFFIC_SECRET 7d55bc2e85cf6f20f36540019b73459a5db48675bb338f06a945f3778489ebb0 d8304a98a910178d8b34c525fdfd8fa97047caff7f4c51bfb11a3c0ba6c79a5696bfa2a72cab031cde55388eff31463b
SERVER_HANDSHAKE_TRAFFIC_SECRET 7d55bc2e85cf6f20f36540019b73459a5db48675bb338f06a945f3778489ebb0 759ae012edab46dc67aae2561829157b3f7e840b4bd096c267c3db92ff2654c5b86bdf6eda89d694121499d035bcae47
CLIENT_TRAFFIC_SECRET_0 7d55bc2e85cf6f20f36540019b73459a5db48675bb338f06a945f3778489ebb0 8ee9fc4c4464a26b6118c0f95f677d274beb081ffbf4919d1a52c89ada11680f3a50e953710a86a098454799c2d6800f
SERVER_TRAFFIC_SECRET_0 7d55bc2e85cf6f20f36540019b73459a5db48675bb338f06a945f3778489ebb0 c8673d3c665dae418bac2467069b62516f648b203e94d69dc0eb8f170f320c12ceba7ac928eeb62a163e8a454147a52a
EXPORTER_SECRET 7d55bc2e85cf6f20f36540019b73459a5db48675bb338f06a945f3778489ebb0 ed984e6d79daa39adcff630903a1743d92c805702af3cd81557c3b9ab594aef0f119ba353ea163d11f75428bea3b8134
CLIENT_HANDSHAKE_TRAFFIC_SECRET 72d82ee81041e93dc601af576d50e08f4f40a7aba641c81f310e3e25c6d35bc5 4bccd730ae8820b49b3407205ebc8f844f03e612ea4625b53190e1fcd4bcdd0a1bdd43b6b9ab1038ac908e96597b6583
SERVER_HANDSHAKE_TRAFFIC_SECRET 72d82ee81041e93dc601af576d50e08f4f40a7aba641c81f310e3e25c6d35bc5 0c303ba9d21b19a3772f47d65638e538269b4b8581b6c082b926df51291c1ccccd8b2d76300af526e54c506e595e30ce
CLIENT_TRAFFIC_SECRET_0 72d82ee81041e93dc601af576d50e08f4f40a7aba641c81f310e3e25c6d35bc5 41e61f80120d30a5ab115d2d705d614f2bc033161035ec9ddfbb881f9ade94e6f97bc74e2522a687a7d6a9880070d668
SERVER_TRAFFIC_SECRET_0 72d82ee81041e93dc601af576d50e08f4f40a7aba641c81f310e3e25c6d35bc5 b65602ab4c69eca983fb008c909f029fd5182fd4883b712e965f8d8c5ddaa6c732f7f453de0fbd5f6ad565cca41108b1
EXPORTER_SECRET 72d82ee81041e93dc601af576d50e08f4f40a7aba641c81f310e3e25c6d35bc5 469bc557fd3837e321846089a662e3087bc80af56fe75505248aaefb97ab1789154034cfac7346cdfcffd331fa64fad4
CLIENT_HANDSHAKE_TRAFFIC_SECRET 1fc97e2a6d86cab3f947c2714ac4da4cb79af5a6436d70720cdc257eb2641669 62409b3ce928666303bef69b16a679fb2d8f332e72db8a70cd6688df0e341f19
SERVER_HANDSHAKE_TRAFFIC_SECRET 1fc97e2a6d86cab3f947c2714ac4da4cb79af5a6436d70720cdc257eb2641669 c69c9fd4d937c0bf505fca52c3630388702b8fa0536ce7326210add8d75713bd
CLIENT_TRAFFIC_SECRET_0 1fc97e2a6d86cab3f947c2714ac4da4cb79af5a6436d70720cdc257eb2641669 458ed5f81241d52e359d91f7907b3e2b319d4746e766fb31d1180b11c5af2f88
SERVER_TRAFFIC_SECRET_0 1fc97e2a6d86cab3f947c2714ac4da4cb79af5a6436d70720cdc257eb2641669 4acc0cc7a1a8bae591d8eebd0f3f3eb837685a1569941a7380aaebe0763253de
EXPORTER_SECRET 1fc97e2a6d86cab3f947c2714ac4da4cb79af5a6436d70720cdc257eb2641669 ae23c1a067018da78b417e97a0700169e7173ecebd395c1ad1dbee5d37517956
CLIENT_HANDSHAKE_TRAFFIC_SECRET 32c28a187f98c44851b6335afee74f6f1d8b81faa591e4129c09e8cfa7339862 22ffeb3f57d62be54e6abf329f648ae2e8a86c1c811eb756fadddc6b1f021e0b
SERVER_HANDSHAKE_TRAFFIC_SECRET 32c28a187f98c44851b6335afee74f6f1d8b81faa591e4129c09e8cfa7339862 97dd8e0a03dd25b1174557c6cd747b7424ebc1104230e6a4697e21d4818c5bff
CLIENT_TRAFFIC_SECRET_0 32c28a187f98c44851b6335afee74f6f1d8b81faa591e4129c09e8cfa7339862 4c6cd9a4f5581a4375b4a002901c3f316d6f0be1ecb1c5e6a52d75948577db5c
SERVER_TRAFFIC_SECRET_0 32c28a187f98c44851b6335afee74f6f1d8b81faa591e4129c09e8cfa7339862 9ad897fcb9ae620102136378c1fa0d3bae26d0be4eb9f533c38ff9734fbf2a59
EXPORTER_SECRET 32c28a187f98c44851b6335afee74f6f1d8b81faa591e4129c09e8cfa7339862 e7238f220ff19db38309c8241adf91b3d9e4da9ce8766ceaa649fdf82a449bc9
CLIENT_HANDSHAKE_TRAFFIC_SECRET 2280d56b2c31fbf2baa6af15aa6d10686e7f453c3a80bad63f873ec950c1ee43 035a60e866cec2d7f2873fa3c84d845a4802f803927f7ac1ed07a7742f5c971e
SERVER_HANDSHAKE_TRAFFIC_SECRET 2280d56b2c31fbf2baa6af15aa6d10686e7f453c3a80bad63f873ec950c1ee43 b2a25f6c78e8e643d7ab0468d5b662afe0c244dfd28d9d61029b6522d49167b4
CLIENT_TRAFFIC_SECRET_0 2280d56b2c31fbf2baa6af15aa6d10686e7f453c3a80bad63f873ec950c1ee43 2db0bb7e222c9e003f6bb09cd355f4f50c7de973c280c0c1679358e1b786fce2
SERVER_TRAFFIC_SECRET_0 2280d56b2c31fbf2baa6af15aa6d10686e7f453c3a80bad63f873ec950c1ee43 ecd3a43e195ee0eecbbd0a9b8b1239896aa6edab52fea2ad46767153a4b424f0
EXPORTER_SECRET 2280d56b2c31fbf2baa6af15aa6d10686e7f453c3a80bad63f873ec950c1ee43 1e9d6f64ab1319611760bf56e2372adbb2da66de43d7cab2930d0ec5e446b7dc
CLIENT_HANDSHAKE_TRAFFIC_SECRET 3c6c9c32385b7031e2b22bea1b58ca950113748db14adef4a6a9f1ebdc850dc2 a8bbb064df5db210e985416ac324127455ca001b2cf32134c0800bd0a900e157
SERVER_HANDSHAKE_TRAFFIC_SECRET 3c6c9c32385b7031e2b22bea1b58ca950113748db14adef4a6a9f1ebdc850dc2 be8cda7b690fb139f782bb406e8dae645f4507e9055fd72e54ac152cbe1ba843
CLIENT_TRAFFIC_SECRET_0 3c6c9c32385b7031e2b22bea1b58ca950113748db14adef4a6a9f1ebdc850dc2 16b46a2750a6f92b8498a2621e34634636bdb47e8aabae8f2abc73a747a7466a
SERVER_TRAFFIC_SECRET_0 3c6c9c32385b7031e2b22bea1b58ca950113748db14adef4a6a9f1ebdc850dc2 7835ffac2d201e5155e5399c5c700b6677e3d895043822002ec51323714090a1
EXPORTER_SECRET 3c6c9c32385b7031e2b22bea1b58ca950113748db14adef4a6a9f1ebdc850dc2 42b0cf4f9f521f746d16777830eb7d8b662a54c6c3a20843ecab7decddad5b04
CLIENT_HANDSHAKE_TRAFFIC_SECRET ae716bec29f00e7b0d04b5916c3f3f42245920feb3723519ebed9fb506e078ae c42fee58ea7a1c26b5d36a452483ed0fc92cc215c81ad6d1121f1d3141651d0c
SERVER_HANDSHAKE_TRAFFIC_SECRET ae716bec29f00e7b0d04b5916c3f3f42245920feb3723519ebed9fb506e078ae f4fc6627648c0f22c464d6d3c588a46d88fcb110f8ab4a0ca9a141dc80de9146
CLIENT_TRAFFIC_SECRET_0 ae716bec29f00e7b0d04b5916c3f3f42245920feb3723519ebed9fb506e078ae af420300238a448836ee7b271ac47072355250447ea4e339a3be567642015a3a
SERVER_TRAFFIC_SECRET_0 ae716bec29f00e7b0d04b5916c3f3f42245920feb3723519ebed9fb506e078ae 1afc1899410de7e90b35e774eac9dc5c7c1f66e8e276c5545bc246d2e9a7388d
EXPORTER_SECRET ae716bec29f00e7b0d04b5916c3f3f42245920feb3723519ebed9fb506e078ae be0d487ac47b99c92367d9622a8208327aec5c9eb79961553103043477a2d354
CLIENT_EARLY_TRAFFIC_SECRET f2d76e92bdcba535a2ecca7fa2a71ae0f3ecfe5890ea8c7743052e0ab144aebd 1d9d59d311973afb4081d03f5819fb29086a114098d97120be36137ec26b4efe
CLIENT_HANDSHAKE_TRAFFIC_SECRET f2d76e92bdcba535a2ecca7fa2a71ae0f3ecfe5890ea8c7743052e0ab144aebd c358deced42a316654fc6cd5a75c7e9264b9c116670d71a9546af6db6ce1e78c
SERVER_HANDSHAKE_TRAFFIC_SECRET f2d76e92bdcba535a2ecca7fa2a71ae0f3ecfe5890ea8c7743052e0ab144aebd 6cd009e7e927be29651175a13b97e0264b0a9468f52d45a37306347d223055b8
CLIENT_TRAFFIC_SECRET_0 f2d76e92bdcba535a2ecca7fa2a71ae0f3ecfe5890ea8c7743052e0ab144aebd 98c9414b62f518cba9c474418ffecee1a42304f9f713eec78af32ae453874595
SERVER_TRAFFIC_SECRET_0 f2d76e92bdcba535a2ecca7fa2a71ae0f3ecfe5890ea8c7743052e0ab144aebd e2bc11095fb859f75dfea9faeab0fa00a5134d38d6fd51659830dbd9f3ede4aa
EXPORTER_SECRET f2d76e92bdcba535a2ecca7fa2a71ae0f3ecfe5890ea8c7743052e0ab144aebd 7bef1092da41ef7398280e11dc05c4cc0f931d4488bd8183af9d38cbf9666eb2
CLIENT_HANDSHAKE_TRAFFIC_SECRET 7035a551060b6de3bee40ce11ce891c890f9fc26c1e707f143ae42dcc2df504a b361d44678ba2628673fd6aa1e821419cce110ea5a043c04ec5709671ecec102
SERVER_HANDSHAKE_TRAFFIC_SECRET 7035a551060b6de3bee40ce11ce891c890f9fc26c1e707f143ae42dcc2df504a b4460795c48d23d91f78bd1b2ae697bc9a3c33d58b3abc9d41afd7bf49a7cb60
CLIENT_TRAFFIC_SECRET_0 7035a551060b6de3bee40ce11ce891c890f9fc26c1e707f143ae42dcc2df504a 34d958e9b3e71a7097a188a9d6eaea738df8c38e4c075999d58a76922b2b46d9
SERVER_TRAFFIC_SECRET_0 7035a551060b6de3bee40ce11ce891c890f9fc26c1e707f143ae42dcc2df504a a7f6a22551bfefa9af028fae495a16628a4c2a0b66c82ef3f51de7c48d8f8750
EXPORTER_SECRET 7035a551060b6de3bee40ce11ce891c890f9fc26c1e707f143ae42dcc2df504a 7983c657e0e1ad427c8b5dfa48253e05d64e3d1129f7ca6729007271cd70419b
CLIENT_HANDSHAKE_TRAFFIC_SECRET 94723ff1761c6c7b1803f612bbac257e000fcc460312507c93a7dfb2d2dcd296 b9386a3579f41eee867433d45636657e10823c56c8e082d465f6484ffce9207a
SERVER_HANDSHAKE_TRAFFIC_SECRET 94723ff1761c6c7b1803f612bbac257e000fcc460312507c93a7dfb2d2dcd296 2b321df98759cb4e111315e4410bc95af8c9d124f94e0c770d4afdd37d4af74b
CLIENT_TRAFFIC_SECRET_0 94723ff1761c6c7b1803f612bbac257e000fcc460312507c93a7dfb2d2dcd296 b3518c6421c976b8fae5c5fe4878c8bebab3fc18636a62d0ea86481e1b3b6b92
SERVER_TRAFFIC_SECRET_0 94723ff1761c6c7b1803f612bbac257e000fcc460312507c93a7dfb2d2dcd296 fc435d72c85de9e240e0a1dcc7592f15fd87ddc2b0cb0f8f0f4e773b53381c4e
EXPORTER_SECRET 94723ff1761c6c7b1803f612bbac257e000fcc460312507c93a7dfb2d2dcd296 337e6dee81df3fb572744754cb367536aa59e01e856b67d65d6c9de73f68f539
CLIENT_HANDSHAKE_TRAFFIC_SECRET 1d26386fc29476ec9d6b31b6d5b315b2f7848a3ea80f3ad2e6db8038bdc16f96 a2d3773c6fdf2639c3d00a772a9ed2c0e99fd25a8f19299a52711de89127687c
SERVER_HANDSHAKE_TRAFFIC_SECRET 1d26386fc29476ec9d6b31b6d5b315b2f7848a3ea80f3ad2e6db8038bdc16f96 4f3a60fcf6092e32a9b56d24aa70a336ea113aae73e6005419561de40309139d
CLIENT_TRAFFIC_SECRET_0 1d26386fc29476ec9d6b31b6d5b315b2f7848a3ea80f3ad2e6db8038bdc16f96 169965d3df44acfb8b48a85453da93418760f885c500378d0d9dec6cc7028f9c
SERVER_TRAFFIC_SECRET_0 1d26386fc29476ec9d6b31b6d5b315b2f7848a3ea80f3ad2e6db8038bdc16f96 999fd9ea151d9c03dd919e030ce6f7ddf5a701cf7e06795808446f677a6589ce
EXPORTER_SECRET 1d26386fc29476ec9d6b31b6d5b315b2f7848a3ea80f3ad2e6db8038bdc16f96 2e831608bf95f060f6cda6a98bc9e74cc7f683b73a608df8680e18ffebc40469
CLIENT_HANDSHAKE_TRAFFIC_SECRET 050308b9de5335afb1ad12878c352851efee1e5c73d84de5b828e07f839ace39 0431f11941d659c77d49419a8d5a043a0a90192bbaaf06b8306192b46c84e30bcad073a4071eb7cfcbbb7e3b4a49fff4
SERVER_HANDSHAKE_TRAFFIC_SECRET 050308b9de5335afb1ad12878c352851efee1e5c73d84de5b828e07f839ace39 45ac263ac183da8ac097b36c20669938e878bba26f17017a44213705c0066249988d7d6ed014286916738a10a8d79ff1
CLIENT_TRAFFIC_SECRET_0 050308b9de5335afb1ad12878c352851efee1e5c73d84de5b828e07f839ace39 5705503c28b11b27e2cb844ba536bbd05816f85e22c8f11af07354696933082839c9ac7340319fae648d1d6c8ab72acd
SERVER_TRAFFIC_SECRET_0 050308b9de5335afb1ad12878c352851efee1e5c73d84de5b828e07f839ace39 361af6c3f4d2d26421c0d5622bee891ca4718213f84dade82947c17f5b6a3e65a635bfc3528f5b7b99484a865073f7b0
EXPORTER_SECRET 050308b9de5335afb1ad12878c352851efee1e5c73d84de5b828e07f839ace39 10fe6e7dab60e3aebc9717b0431a29378c65b88d6f4a4c59fce19f7b1967a89554a1655da82f26fa2dbc3ba0cb3636cb
CLIENT_HANDSHAKE_TRAFFIC_SECRET 918fd4cdd05746acfa31d258ea3f7cc8494cd5dc883ac02839f1928a60745786 28c088a36bc5ae557f5f242026be8c7a1826ee2a3b4169bdff6e9e6c36ee1b3c
SERVER_HANDSHAKE_TRAFFIC_SECRET 918fd4cdd05746acfa31d258ea3f7cc8494cd5dc883ac02839f1928a60745786 4cf4e60ef18021db947ad03cfc260d23024b4289ff7da1577df7183ac88be7cc
CLIENT_HANDSHAKE_TRAFFIC_SECRET 1b27a34fcf0c191ef1623fe57071426d248fbb942ed9a1a0f2f296e6f5020ec2 6d9c34dac342cf000b47822c2547d2a3631ba2e2bef63393185c3bc71737237b
SERVER_HANDSHAKE_TRAFFIC_SECRET 1b27a34fcf0c191ef1623fe57071426d248fbb942ed9a1a0f2f296e6f5020ec2 3151ee994d4a77e33e45ce50d93c868f14aa6dc1c94ef5945f32587ed709bc2c
CLIENT_TRAFFIC_SECRET_0 918fd4cdd05746acfa31d258ea3f7cc8494cd5dc883ac02839f1928a60745786 a4eea9170aed398a8e1004647917aa3f2b2e1014c3d18a5cc25671e4c9900c70
SERVER_TRAFFIC_SECRET_0 918fd4cdd05746acfa31d258ea3f7cc8494cd5dc883ac02839f1928a60745786 0e1bdfa8823ddb166b7f4d576910fe5b555ef8d321e766227e8be33567cd0aab
EXPORTER_SECRET 918fd4cdd05746acfa31d258ea3f7cc8494cd5dc883ac02839f1928a60745786 7ebb620b90da96ba30024786b213d227da58e0e76b93a04ef1e2eeb3f1f5fab7
CLIENT_TRAFFIC_SECRET_0 1b27a34fcf0c191ef1623fe57071426d248fbb942ed9a1a0f2f296e6f5020ec2 4ac32cd91ac6de5a27af6f75d179e174d5f41c624b813c6c7b009348ca5e47f9
SERVER_TRAFFIC_SECRET_0 1b27a34fcf0c191ef1623fe57071426d248fbb942ed9a1a0f2f296e6f5020ec2 5130499142b72e10358462c68525848472ac369cb82a086cc065484411573afd
EXPORTER_SECRET 1b27a34fcf0c191ef1623fe57071426d248fbb942ed9a1a0f2f296e6f5020ec2 381e50aaa662684445bf7d66b92507d37395bb38a37d525edc9d6eb047473500
CLIENT_HANDSHAKE_TRAFFIC_SECRET 6be733e76e2c189f71da4f36632a36206cc2af3cd94720f11a035f3fda027421 c7e00cd6c583e612ca6472afc716641b60f4e2810faea661996203beb54a189c1babd4e9a53d2bcc006156dd4b508c17
SERVER_HANDSHAKE_TRAFFIC_SECRET 6be733e76e2c189f71da4f36632a36206cc2af3cd94720f11a035f3fda027421 446394666f31a90d76c5c76a9e8d05eb8dec0a9130ec31edfcfc70986891288d3cb2289cad4383b004398dbf0781f56c
CLIENT_TRAFFIC_SECRET_0 6be733e76e2c189f71da4f36632a36206cc2af3cd94720f11a035f3fda027421 3ac857be756efd242afc4af8e30f0c862a0f912169950758f5fd926d93e4ba8c44c6a0eda3c720a4f378b729d2975c8c
SERVER_TRAFFIC_SECRET_0 6be733e76e2c189f71da4f36632a36206cc2af3cd94720f11a035f3fda027421 b79cd85da421c882ab3c20e493fecff59e1632a59b55b6b12270a5d2de7afb8e845587b1e80c83f4be2adc27d200f78e
EXPORTER_SECRET 6be733e76e2c189f71da4f36632a36206cc2af3cd94720f11a035f3fda027421 447191875729ba25822f95f91c60e5212ab33c747145b3046160ba50fb6c3c3e5e07e07c63d497bc3ed23f7441c14a79
CLIENT_HANDSHAKE_TRAFFIC_SECRET 2f99abb00c37cc240c812d7c805458532af3672539e1fa38148a44a6f4d99e45 d424bd3e5639ca51b1a24fb528b5fa5899efc03e43b5cd3da1654db2326b3a50416024cc942efd1a50ab3ef37d2c0c3a
SERVER_HANDSHAKE_TRAFFIC_SECRET 2f99abb00c37cc240c812d7c805458532af3672539e1fa38148a44a6f4d99e45 1bc28ef6f52e60e28fa4e7a8ea84ae7cbc0443096e056d1432594fc218ea3ba49f4f0384cc40984c7b183ffa41971491
CLIENT_TRAFFIC_SECRET_0 2f99abb00c37cc240c812d7c805458532af3672539e1fa38148a44a6f4d99e45 3cdcc9137e254250592317aab206df248c85ab62234987b5c280605a1f053dbac467657574e1373814aa3241d7bea196
SERVER_TRAFFIC_SECRET_0 2f99abb00c37cc240c812d7c805458532af3672539e1fa38148a44a6f4d99e45 f2a035055fd53978af89cbed1e3ed9f36ceef32c5827795574be37d92a359b67a9c17ba0590e5628b89f91ccd3a0cde2
EXPORTER_SECRET 2f99abb00c37cc240c812d7c805458532af3672539e1fa38148a44a6f4d99e45 471a3adf1b546917923b7e19b90cac7f3a49e3e07e5b7d1dcf218bf7d64c5fcca40032fd10e59bedfc953fc462c5c80d
CLIENT_HANDSHAKE_TRAFFIC_SECRET e377077d7bb4c3ddb4f597813125ec85a196950d405d52ce90bc39cac6dcd6e8 b3a327849f35a6158291ea96b910d19091b6f7578b2726b5eadfc36abf6ae5d2bb74d95ce6e2e43071c9a366fd94a686
SERVER_HANDSHAKE_TRAFFIC_SECRET e377077d7bb4c3ddb4f597813125ec85a196950d405d52ce90bc39cac6dcd6e8 cd6b0304e5ad9305e6ef62a8674ab01671f2762e245fdab1d51d69b90e274c0335c4e3443cdace0f25edd4c4085e21d5
CLIENT_TRAFFIC_SECRET_0 e377077d7bb4c3ddb4f597813125ec85a196950d405d52ce90bc39cac6dcd6e8 5117286a3f754dbd847450e263645c0fc3170edd4bfa678b29655a40eefc13df9df032ee861c969d0921ade4cbed583d
SERVER_TRAFFIC_SECRET_0 e377077d7bb4c3ddb4f597813125ec85a196950d405d52ce90bc39cac6dcd6e8 19528f99f47d02c4f499a2437eee74874a517288c07c32fb8debbdb7ea0d73d5a3885202a623b038fd2fbdf309e46376
EXPORTER_SECRET e377077d7bb4c3ddb4f597813125ec85a196950d405d52ce90bc39cac6dcd6e8 7c5e7f5b1b0c9d3a6fc76f87b54df4d106709a5796b98839c740bc9df8e3dcff7ae5331c53b0156de291bebb21f0e1ab
CLIENT_HANDSHAKE_TRAFFIC_SECRET 6cc0948e9b4bf55c86fdb84f9742ff4cf4d6ce7d44c85d672e54b9d7803918c5 de0912301c56daabf3a03ff03f8241b397ef462035a9b50a1ac978abde7eb25cec0ddc91aa8c72a99b6c10eae0958c38
SERVER_HANDSHAKE_TRAFFIC_SECRET 6cc0948e9b4bf55c86fdb84f9742ff4cf4d6ce7d44c85d672e54b9d7803918c5 44df3ce7dee675e7594cdea837b9fa5118890e3464d1c30e83c4dfa0073e0c7574de263a9207141a0370a6c961deeeb4
CLIENT_TRAFFIC_SECRET_0 6cc0948e9b4bf55c86fdb84f9742ff4cf4d6ce7d44c85d672e54b9d7803918c5 e68f58b605e2d56be2953e8dacc3a2dbb90e16f075785567166e0219c08e5a508b4b4aa35dd98e6a979a15f277a2a429
SERVER_TRAFFIC_SECRET_0 6cc0948e9b4bf55c86fdb84f9742ff4cf4d6ce7d44c85d672e54b9d7803918c5 6ade0536221dc31e8ecdb2a0db4338661621dfeb3046310c409c23e3289037e52abcfae5da9fc29e62dc562ed55b350a
EXPORTER_SECRET 6cc0948e9b4bf55c86fdb84f9742ff4cf4d6ce7d44c85d672e54b9d7803918c5 9429c009ba62b5a62512dc67933cfd1baafec8cf03dd11c7066cc4680e147265765ed65fab3342459b40e3660b0047e0
CLIENT_HANDSHAKE_TRAFFIC_SECRET 9c06f7c81c346eeaf7efc91b2da54b6be51be81de165a535c4d4f97daf632deb 2ed59da26c3e75a8040ea8f8bcb4ec36315c16f597a89b08e8645c2ae6b7ab6a
SERVER_HANDSHAKE_TRAFFIC_SECRET 9c06f7c81c346eeaf7efc91b2da54b6be51be81de165a535c4d4f97daf632deb 35ddd3b566742e205728bbfe9ee9b527dbcf032275c461ddbd1d82357ba812b0
CLIENT_TRAFFIC_SECRET_0 9c06f7c81c346eeaf7efc91b2da54b6be51be81de165a535c4d4f97daf632deb 37a4a0e32205417bc654d1838fde497a59f7907087dbba5a3800a770f878b012
SERVER_TRAFFIC_SECRET_0 9c06f7c81c346eeaf7efc91b2da54b6be51be81de165a535c4d4f97daf632deb bf07b46a12ee2be6dd44b3ce6650902e2b51745b80378a30553e5b61b8a4da63
EXPORTER_SECRET 9c06f7c81c346eeaf7efc91b2da54b6be51be81de165a535c4d4f97daf632deb 37835202c2dc6513304a7706b2970a39a800fa494078ff07c9569a0e7b7e982a
CLIENT_HANDSHAKE_TRAFFIC_SECRET b7604dd0155d7067ceee22bbb3b2656adea66fbb424869186b8474cf35862e00 692a24ce78b5f1f5ca8404dfece5aa4a03fad669363477562fc09aac8418bc2a3e3c463c34efe898f7f4e0955632c025
SERVER_HANDSHAKE_TRAFFIC_SECRET b7604dd0155d7067ceee22bbb3b2656adea66fbb424869186b8474cf35862e00 747b5c641355d81bae80614a48a291955a6063f44eb5002eeab90ac506bcf436ad1b6f3b61ab68ef5e3afce2f2b9f481
CLIENT_TRAFFIC_SECRET_0 b7604dd0155d7067ceee22bbb3b2656adea66fbb424869186b8474cf35862e00 83849f4f585517607bcda61fdfa14f04370a34e8b424109ca9abd343fd3c5c20a97d91d04bb8a8f8ab9098439d7fda61
SERVER_TRAFFIC_SECRET_0 b7604dd0155d7067ceee22bbb3b2656adea66fbb424869186b8474cf35862e00 b2e9458d7a6692c1827a9e131bccc51c53cf2dc4e93bba7b8da077ddf3a0376e29a271d9211a3ef7748c048788ab8bfc
EXPORTER_SECRET b7604dd0155d7067ceee22bbb3b2656adea66fbb424869186b8474cf35862e00 b30d8c5e2f5a3610db332f75c8b6894d2e6dcfc2de0b0ac6154684cc2ed6af20ba5fff5474a33cbff938750399db46a7
CLIENT_EARLY_TRAFFIC_SECRET e36f93a2c14112bea78af24fdb7dbda9a36072d1d3231e5366dee6321d65aa3f ba6a99b73c08300a1a5cae5fcdfd58b5fd355f262044f3b616c5dae84400b4ec
CLIENT_HANDSHAKE_TRAFFIC_SECRET e36f93a2c14112bea78af24fdb7dbda9a36072d1d3231e5366dee6321d65aa3f 08ab3dc99eaa50472181dd0db2f0e1e6b396fa2188492375413613846cf280d9
SERVER_HANDSHAKE_TRAFFIC_SECRET e36f93a2c14112bea78af24fdb7dbda9a36072d1d3231e5366dee6321d65aa3f 761b016f58c4e92bc957ac687b98d62b559e4b806e502894f79253bc02024231
CLIENT_TRAFFIC_SECRET_0 e36f93a2c14112bea78af24fdb7dbda9a36072d1d3231e5366dee6321d65aa3f fa84ca28a396c98703e73f7acd81609cbfc5e3999815fd839bbb47b429377618
SERVER_TRAFFIC_SECRET_0 e36f93a2c14112bea78af24fdb7dbda9a36072d1d3231e5366dee6321d65aa3f 3497d9eb01f37625631aa04305d515056e280b70e1fdbed067576381e639c8a2
EXPORTER_SECRET e36f93a2c14112bea78af24fdb7dbda9a36072d1d3231e5366dee6321d65aa3f 58880d70ee9f9650a3c9d04bd77c4c148831cb3edbbba92dbe529c67671c8dab
CLIENT_HANDSHAKE_TRAFFIC_SECRET 98725e9085d58a779a865bdf6f991afce151e5f53baae79a3192f4f16060176d 9582e9dd1254fc407f5f29d5dd03eb9a7855b14a0bdd9345b59426bca1def53f
SERVER_HANDSHAKE_TRAFFIC_SECRET 98725e9085d58a779a865bdf6f991afce151e5f53baae79a3192f4f16060176d 412aec9344890cff74a802c569a0ae46c24be010e329623976d1d192fb4e3a8d
CLIENT_TRAFFIC_SECRET_0 98725e9085d58a779a865bdf6f991afce151e5f53baae79a3192f4f16060176d 8833fb96e9fa3105be5806d8ea6081b8ea9d08fb0d0acc1072f3d4b672aa2ced
SERVER_TRAFFIC_SECRET_0 98725e9085d58a779a865bdf6f991afce151e5f53baae79a3192f4f16060176d 30c570f358ba6af77da4cfecfb3407f21500b158bed08de49cc23014231e310e
EXPORTER_SECRET 98725e9085d58a779a865bdf6f991afce151e5f53baae79a3192f4f16060176d d0ee738082266d6b9915d5055ae64ec4fbe157adbf98039e7e1120c010589155
CLIENT_HANDSHAKE_TRAFFIC_SECRET ec5ca1dcad5b1c2dda0d1b782b1701e1b3e7195d2d68e341e50a8d5f0c39f83a b8288932a2de238cbca0887ae47c8f4173566cf563687f9b8bbb114f94d9bf074e54cf025204e41b4e170d1c12133a92
SERVER_HANDSHAKE_TRAFFIC_SECRET ec5ca1dcad5b1c2dda0d1b782b1701e1b3e7195d2d68e341e50a8d5f0c39f83a ec39112d05a12f1acb7da7e83eda2fdf394b371e28bb8dd70a0ab524238ba2c93a75d89b5fb3dd2aeb821b23e93e776d
CLIENT_TRAFFIC_SECRET_0 ec5ca1dcad5b1c2dda0d1b782b1701e1b3e7195d2d68e341e50a8d5f0c39f83a 4db9a177c6d4ed17d57b98240573559c0c207645909c1e7729e28d17f5e576a8bd1097a3c4fa96ce60f7dea29d80fc8c
SERVER_TRAFFIC_SECRET_0 ec5ca1dcad5b1c2dda0d1b782b1701e1b3e7195d2d68e341e50a8d5f0c39f83a b5be552dfb4ee955887c0ae338cfcb740c0b391208a21bbac3d728d0f58d0f9b57c3824b1164e0d3c01defc5a3f8a52f
EXPORTER_SECRET ec5ca1dcad5b1c2dda0d1b782b1701e1b3e7195d2d68e341e50a8d5f0c39f83a 41f041f68cc9c6bb66526ec6bb4acf43da2c0199bb4c6009a375f7278d7f53e662c0663dc8504e0b0c157156ae8b18ae
CLIENT_HANDSHAKE_TRAFFIC_SECRET 3ce3e8b0215e4d33015d692e9341b697109660455c540fafe1dff96fba0aaac1 5726df75b8ce4f6de1c5a6910d5ca2ea954e7e4988e8333205fc3ce078fa82122f87f68dee8adcebeb67b501823be6ea
SERVER_HANDSHAKE_TRAFFIC_SECRET 3ce3e8b0215e4d33015d692e9341b697109660455c540fafe1dff96fba0aaac1 aac458645b5445986838885b5e1f2f2d91cb84cc519a3c18b7a4f1565a05e87ee0807ce8d54361b55b2734abb90209ff
CLIENT_TRAFFIC_SECRET_0 3ce3e8b0215e4d33015d692e9341b697109660455c540fafe1dff96fba0aaac1 61932d9f0ac8b8886c79a06b34a9c6ac00bd1cc37f5779a9665bc6b31e2006ece889b1b5ae8553b20c0ad9e9098408ff
SERVER_TRAFFIC_SECRET_0 3ce3e8b0215e4d33015d692e9341b697109660455c540fafe1dff96fba0aaac1 649e4beb89d14893f62e2e33b9e5dea8457bedc9c3863f126e2bfefe9821cb14644a031a0e63421af1c860d67c098cd1
EXPORTER_SECRET 3ce3e8b0215e4d33015d692e9341b697109660455c540fafe1dff96fba0aaac1 b3e8c74114a44513fa35b0bc2729bd8a41387682717efd8a904c0bfa46ad77cfe1b947b6b44677df9bb6aacbb4b0d577
CLIENT_HANDSHAKE_TRAFFIC_SECRET 769dcb104608e208b6dab4d5241ce1b41e9bb653ff79e526e315d11f0646e64e fffa69d088bd353868c31bfbc8c3636c24af14aa680ab04a2968c6d281e85d54
SERVER_HANDSHAKE_TRAFFIC_SECRET 769dcb104608e208b6dab4d5241ce1b41e9bb653ff79e526e315d11f0646e64e f31d67e9828affb370f1ee1711d83df442dfed387080e58c829b8995691f6802
CLIENT_TRAFFIC_SECRET_0 769dcb104608e208b6dab4d5241ce1b41e9bb653ff79e526e315d11f0646e64e e10a4af99a4286c251cdf6728ba5e85f0f20582d656fee3a31b35d6b548fd12f
SERVER_TRAFFIC_SECRET_0 769dcb104608e208b6dab4d5241ce1b41e9bb653ff79e526e315d11f0646e64e 4c087a032a571b3dd5202df5bc8a8a745a1f8f972c6511cab58212f46d0ed272
EXPORTER_SECRET 769dcb104608e208b6dab4d5241ce1b41e9bb653ff79e526e315d11f0646e64e a36461db73ce76c9a25197f5aca3204415375c6c61c60f596e72145dbfc7b029
CLIENT_HANDSHAKE_TRAFFIC_SECRET 29dbcf6b55d37d81baaa7c5e662d555b368d82d2f8bb37d1e9eed543d86a3924 1263ef5d57240c730ed7964b646d25aaeb4ec48292ed4431564f7a6c186d65ba
SERVER_HANDSHAKE_TRAFFIC_SECRET 29dbcf6b55d37d81baaa7c5e662d555b368d82d2f8bb37d1e9eed543d86a3924 896d31f6bfabfc20a51969d96a462316bcc33f6a4f3634480f001aa09af977e5
CLIENT_TRAFFIC_SECRET_0 29dbcf6b55d37d81baaa7c5e662d555b368d82d2f8bb37d1e9eed543d86a3924 0809a52ef0da3c7fbc30eaf9b75342fa287b27f49d26e3d8f5b5ec9d50e93c87
SERVER_TRAFFIC_SECRET_0 29dbcf6b55d37d81baaa7c5e662d555b368d82d2f8bb37d1e9eed543d86a3924 7b55a832ae502eb3df674ef7f2d48aeb0eb5190e2601aa4298a742550f4796d9
EXPORTER_SECRET 29dbcf6b55d37d81baaa7c5e662d555b368d82d2f8bb37d1e9eed543d86a3924 b8612634f566a2b3bcca9a393e3dcf359eb6ca6aeabe01a318c5d13a368cda11
CLIENT_HANDSHAKE_TRAFFIC_SECRET fe6bad11f4d13bdfaee775b32c33b825c6ba2ebd0350b4f5e94361ef8c08b17d ec984127af25341a5d44755458a4dc0255ac3c6ca356183d373b51c8551a947b
SERVER_HANDSHAKE_TRAFFIC_SECRET fe6bad11f4d13bdfaee775b32c33b825c6ba2ebd0350b4f5e94361ef8c08b17d 4abf99a0737ae66fc643dff1d0039766bcf87dc1c70d8e5a786816047c4c249f
CLIENT_TRAFFIC_SECRET_0 fe6bad11f4d13bdfaee775b32c33b825c6ba2ebd0350b4f5e94361ef8c08b17d 13b9a02bba5d98d876049fe360cfb811e663590aad35297101a749507263826d
SERVER_TRAFFIC_SECRET_0 fe6bad11f4d13bdfaee775b32c33b825c6ba2ebd0350b4f5e94361ef8c08b17d c39c0f9a8f6edfaf12e63878f3a97f06766b68c4a630d7e08ed9a925c711e639
EXPORTER_SECRET fe6bad11f4d13bdfaee775b32c33b825c6ba2ebd0350b4f5e94361ef8c08b17d ed3b43b5796e0325e7215695a4c097b6f485d6cd63ecd73e6fa36c590417db25
CLIENT_EARLY_TRAFFIC_SECRET bd8454750f176185c298a56452c69f8e3bd12ec087d581d822b8281564ac7dc3 b31bab6472d5ce1651ab97bfa7e1aecbd8773e1cf7fa6183794b25066d605be4
CLIENT_HANDSHAKE_TRAFFIC_SECRET bd8454750f176185c298a56452c69f8e3bd12ec087d581d822b8281564ac7dc3 686412580c8f9e4767e0289b2c11ec1fdad6b4847ea3effae2eab17e978fd3a2
SERVER_HANDSHAKE_TRAFFIC_SECRET bd8454750f176185c298a56452c69f8e3bd12ec087d581d822b8281564ac7dc3 9d3099119cddb2c0287057f8a8b200c7e91b3679ff990c8af8e870082740e1ce
CLIENT_TRAFFIC_SECRET_0 bd8454750f176185c298a56452c69f8e3bd12ec087d581d822b8281564ac7dc3 715ac2d3145705ba6daacee44f3e2e64ba15bc6bbe9ef7965e73bc5e1d0f7a5b
SERVER_TRAFFIC_SECRET_0 bd8454750f176185c298a56452c69f8e3bd12ec087d581d822b8281564ac7dc3 c45cf0c998ebc8d39407254d4cf275b8105788ad8924a19d70596013457b0dc7
EXPORTER_SECRET bd8454750f176185c298a56452c69f8e3bd12ec087d581d822b8281564ac7dc3 132c835687d22b6dc440a4c8035438cac06bcb6fb6388a747ccd1661f2fe35c0
CLIENT_EARLY_TRAFFIC_SECRET 2c3e43e52361617daffe1cb653b87b3f9b8018a44f9ad3978511eccd26fcfef5 a47c096b22967aef81b5b0974ca2ca7ca7a7e46a881c0fb30f85e98492f9b8ec
CLIENT_HANDSHAKE_TRAFFIC_SECRET 2c3e43e52361617daffe1cb653b87b3f9b8018a44f9ad3978511eccd26fcfef5 95eb7e82029b7bf14f7f99a620713ed1697e7938099419911d03a893e08ff1c7
SERVER_HANDSHAKE_TRAFFIC_SECRET 2c3e43e52361617daffe1cb653b87b3f9b8018a44f9ad3978511eccd26fcfef5 efe3873d32cff1e099250b083ffdc4f9b203b5aeaf895de6bca08982a319c22d
CLIENT_TRAFFIC_SECRET_0 2c3e43e52361617daffe1cb653b87b3f9b8018a44f9ad3978511eccd26fcfef5 4c8e551b695939cc3c156ae05330152a8e29dd711351f3c097d2a965255fdb18
SERVER_TRAFFIC_SECRET_0 2c3e43e52361617daffe1cb653b87b3f9b8018a44f9ad3978511eccd26fcfef5 7d106c47f9c33a67bd379387f8b1da8b1a989e412b394912e7e8ba2c5e86598c
EXPORTER_SECRET 2c3e43e52361617daffe1cb653b87b3f9b8018a44f9ad3978511eccd26fcfef5 1996896116e8b8812cadd2e2b4c9de603df1ccf7ea9d6994faf651400f150113
