CLIENT_HANDSHAKE_TRAFFIC_SECRET be4b7a039e65e1e7fc699fcee73a25bf1b141336ae9ab6ea0484b126afd6cc85 322fcfabfc17372919174302adb44a732e0a9b924974571f3d28f84bf93fdf98
SERVER_HANDSHAKE_TRAFFIC_SECRET be4b7a039e65e1e7fc699fcee73a25bf1b141336ae9ab6ea0484b126afd6cc85 4c744d5167d19e497261f0e7d0dfd4a6ed3e2a55921a92ef70d64003a5f19453
CLIENT_HANDSHAKE_TRAFFIC_SECRET 149c0323bea4c67400b1bba6581458114eca8a4f41f9d0c8d2b944488d57fb85 ace624bcb2a24ec08cd9b19ee14c6ea5bbab8de1442abe0291a0ceb0e8b17e834115c55132a52a1767e121d04534227d
SERVER_HANDSHAKE_TRAFFIC_SECRET 149c0323bea4c67400b1bba6581458114eca8a4f41f9d0c8d2b944488d57fb85 bacac8156ece3817a30664ea84155191c5d19c2d9b15ef730e699073ef60a62353d171943888365ddf24e762dc80953c
CLIENT_HANDSHAKE_TRAFFIC_SECRET 1f6048e8552465ee47da5df53781933902c832b899aaec3ca785bf9bee76956d b9f2a33c90ff2bc8973c4e68aa5964dbb0c6567794dfbc38a79c3e4135d569bf
SERVER_HANDSHAKE_TRAFFIC_SECRET 1f6048e8552465ee47da5df53781933902c832b899aaec3ca785bf9bee76956d 15a444d148e4f531462eddf61c456b52bb755577ba8d54b17b8193c2a9a904f2
CLIENT_TRAFFIC_SECRET_0 149c0323bea4c67400b1bba6581458114eca8a4f41f9d0c8d2b944488d57fb85 bb8a16ecead45f769611f55d112b0f2a494208e70e6a861a5945327e174e3111d4e9936e57b3006efa9b1ef886329c8e
SERVER_TRAFFIC_SECRET_0 149c0323bea4c67400b1bba6581458114eca8a4f41f9d0c8d2b944488d57fb85 028a7ff9bf7619fd47d822358297d47fe2713120a3b5f84afccda1a23e6438474aa44688a5868302da9c8d0536bd8b38
EXPORTER_SECRET 149c0323bea4c67400b1bba6581458114eca8a4f41f9d0c8d2b944488d57fb85 7d6074afeab9fb9bbd0b1db7d488a931160cf4b52d02a63c36790908804b2b8518a55720e6fcdb705ce37ee8ae223070
CLIENT_TRAFFIC_SECRET_0 be4b7a039e65e1e7fc699fcee73a25bf1b141336ae9ab6ea0484b126afd6cc85 5cb4e83df640bae9e063ec0869874049dd30477c991a113ccb93b64b13052733
SERVER_TRAFFIC_SECRET_0 be4b7a039e65e1e7fc699fcee73a25bf1b141336ae9ab6ea0484b126afd6cc85 4716955a49be1c0c2e484b63992d887b8bf696e9cddbcf78da9079cff869c4bf
EXPORTER_SECRET be4b7a039e65e1e7fc699fcee73a25bf1b141336ae9ab6ea0484b126afd6cc85 facffdc357a789010f67e90b5a69c48a88ccd9a577d1c32f6109bb03e76e113b
CLIENT_HANDSHAKE_TRAFFIC_SECRET 6a0eaf1f08f8ff623de1701c87fe5bd784c4c583e942337c65cdc17fa328969e 014d0ef1ffde64147065f7ff28c2d88794a57785534483da9864a232550af037
SERVER_HANDSHAKE_TRAFFIC_SECRET 6a0eaf1f08f8ff623de1701c87fe5bd784c4c583e942337c65cdc17fa328969e 3cd7d1f5985a04b4b484d0942d0678448a4520d958a4456670e8f61d0728c679
CLIENT_HANDSHAKE_TRAFFIC_SECRET 5e7fd8ef5dc71ae68bf831071729a27f0a274fe33a2724a54d3a3027b69ab3e8 cb48ff52c3ed9f93cc850212bf6333225b18eee05fefccf549d154c8aed2f29e
SERVER_HANDSHAKE_TRAFFIC_SECRET 5e7fd8ef5dc71ae68bf831071729a27f0a274fe33a2724a54d3a3027b69ab3e8 154fd744d95e38906781b2cf45e3e937324fbf432c4d9883e2d81ac1e808ffb3
CLIENT_TRAFFIC_SECRET_0 1f6048e8552465ee47da5df53781933902c832b899aaec3ca785bf9bee76956d 400e8274f937e26be9a77564257a7746519d1f254c2e94171b70f59ea901b141
SERVER_TRAFFIC_SECRET_0 1f6048e8552465ee47da5df53781933902c832b899aaec3ca785bf9bee76956d 4d2b04294dbccab1af31737b4b2a33d453814b266ed19be193a2cd9b2f2fb132
EXPORTER_SECRET 1f6048e8552465ee47da5df53781933902c832b899aaec3ca785bf9bee76956d 9c0eca183993d2e12fea2471ec6fbcc2f1f2a9ea410e94a50d5a7ce50448a978
CLIENT_TRAFFIC_SECRET_0 5e7fd8ef5dc71ae68bf831071729a27f0a274fe33a2724a54d3a3027b69ab3e8 b0d7526e9abbd6b4fb2ffd4d7c9ea08af4ab8e1b57d5f2d4adeddb4d4d93611d
SERVER_TRAFFIC_SECRET_0 5e7fd8ef5dc71ae68bf831071729a27f0a274fe33a2724a54d3a3027b69ab3e8 d22bbcc1b1093aa6ae695b13bfdc06eb8e4ade330cdbb2f896605aa5ed6c3840
EXPORTER_SECRET 5e7fd8ef5dc71ae68bf831071729a27f0a274fe33a2724a54d3a3027b69ab3e8 6d6602738cdc7a0924e39b46c834db9b37ebf34ff3f990d28ae3afb8ff6be59c
CLIENT_TRAFFIC_SECRET_0 6a0eaf1f08f8ff623de1701c87fe5bd784c4c583e942337c65cdc17fa328969e 1c56492d14ca1ffa3e3457a980f1a0e4371da7fd4979eec9ea9ab0253709681d
SERVER_TRAFFIC_SECRET_0 6a0eaf1f08f8ff623de1701c87fe5bd784c4c583e942337c65cdc17fa328969e 7d92dd53f46330ac442bb41e3c5f6a9b6ebc793ee6c1019daedab78a21bad8c7
EXPORTER_SECRET 6a0eaf1f08f8ff623de1701c87fe5bd784c4c583e942337c65cdc17fa328969e 25ff66aa0813c7b7ae69009a9570706c4c804624e6d8acf47da8ea0c9747281d
CLIENT_HANDSHAKE_TRAFFIC_SECRET 06a14757b3bc8c794d6b07ecbffba9914ecd1b495f105a8e60293edf37e032d4 03f7caf1ef3526691f17eac76bea4513a72e15be15f4116dc91eb88df4c1a928
SERVER_HANDSHAKE_TRAFFIC_SECRET 06a14757b3bc8c794d6b07ecbffba9914ecd1b495f105a8e60293edf37e032d4 d4263ed6249f1f4b9f05cd6fe9d0126151b50257688ddeb814df14261a24a7ff
CLIENT_TRAFFIC_SECRET_0 06a14757b3bc8c794d6b07ecbffba9914ecd1b495f105a8e60293edf37e032d4 f9bdb81bdbb6927b14992bbd9505698d7cb79b4a05a7578e41ab8d70c6c1572f
SERVER_TRAFFIC_SECRET_0 06a14757b3bc8c794d6b07ecbffba9914ecd1b495f105a8e60293edf37e032d4 a8f89f795b5c90deed238cce52eb07e173c77a6f9f96a58d041457f8b9a68ebf
EXPORTER_SECRET 06a14757b3bc8c794d6b07ecbffba9914ecd1b495f105a8e60293edf37e032d4 54409554171905f1b2428bbda05aaf4a4a26e950333fa03309ffeaa4aeab284e
CLIENT_HANDSHAKE_TRAFFIC_SECRET 80f8a9209ce4c9d6c1ba86ccbc0388d4287dfbcdcdcc5a3cb3164d92e326600a 1b33f2a8174d6a2a4e138b1402a495d8e571c6c63b84ffbc95b4a2ead5eca3fd
SERVER_HANDSHAKE_TRAFFIC_SECRET 80f8a9209ce4c9d6c1ba86ccbc0388d4287dfbcdcdcc5a3cb3164d92e326600a 906ba310d2306403611e64e4e7f62c3dfc54741f86e89b7e15e744e7d87bc2bf
CLIENT_TRAFFIC_SECRET_0 80f8a9209ce4c9d6c1ba86ccbc0388d4287dfbcdcdcc5a3cb3164d92e326600a f1ca2d64fd1aeb7959ea826b0c5897f7e237ec7c5fccb5f0c62492b336ce0f46
SERVER_TRAFFIC_SECRET_0 80f8a9209ce4c9d6c1ba86ccbc0388d4287dfbcdcdcc5a3cb3164d92e326600a a1d66ab85cfa413a71132999c01c090f5354bb632169a04d5c9e44db00673efd
EXPORTER_SECRET 80f8a9209ce4c9d6c1ba86ccbc0388d4287dfbcdcdcc5a3cb3164d92e326600a 14777cc2d3e6164ca9f41f81bfaff8e361603edf3f5d0b1e5d20399b547a1c07
CLIENT_HANDSHAKE_TRAFFIC_SECRET fa35ae520cd2f9a032317d5bd2135e3b0a16ad485f25f9a9688c62bd20af041d 1930bf925ccea54aa56c17659322c9a97e42d1f0f793379a20539e685d90a6cb
SERVER_HANDSHAKE_TRAFFIC_SECRET fa35ae520cd2f9a032317d5bd2135e3b0a16ad485f25f9a9688c62bd20af041d a9bc765636915f9100e9702dec7defcfe01470f444f106de0452de5aea82ebab
CLIENT_TRAFFIC_SECRET_0 fa35ae520cd2f9a032317d5bd2135e3b0a16ad485f25f9a9688c62bd20af041d 0fc18b7005f826de496ecc9c209eb0950ee32a11c5918a9583810870f6c59392
SERVER_TRAFFIC_SECRET_0 fa35ae520cd2f9a032317d5bd2135e3b0a16ad485f25f9a9688c62bd20af041d 71787600c35783aa88cfca71ce959d16e2eb94c5a06670ea5662d168dd94d265
EXPORTER_SECRET fa35ae520cd2f9a032317d5bd2135e3b0a16ad485f25f9a9688c62bd20af041d cc1d9ce17b876814a2edf1ea11d09f98d7221ef13d36c8434a3c7885f8cab1f7
CLIENT_HANDSHAKE_TRAFFIC_SECRET 077cd732d52ecf23baf472d8b7205135e08a7c9809902f36f50874017cfd32ea 621250921d38c78d4608476a91843a16f4d5d372277977c44515ce77600d9dd9
SERVER_HANDSHAKE_TRAFFIC_SECRET 077cd732d52ecf23baf472d8b7205135e08a7c9809902f36f50874017cfd32ea 0a106687a316552b377323bac15036147deae14880b23d8f3a0915b642d0b10b
CLIENT_TRAFFIC_SECRET_0 077cd732d52ecf23baf472d8b7205135e08a7c9809902f36f50874017cfd32ea 825b0c89478d0b485ec433baff22e7d42371a0aebf2013561feddf75712815fc
SERVER_TRAFFIC_SECRET_0 077cd732d52ecf23baf472d8b7205135e08a7c9809902f36f50874017cfd32ea 7ee44ad393f3fcf157a84136404c19e660756d82d5384e5cf4b630296a8c552c
EXPORTER_SECRET 077cd732d52ecf23baf472d8b7205135e08a7c9809902f36f50874017cfd32ea 7be95e0665d9c14b81e72050b43801f58d66a31de522f4df32500534d0aba24f
CLIENT_HANDSHAKE_TRAFFIC_SECRET 5e9158652353ebb6218baaacbcd1e99e4cb8e0718fe93023383d496420a02f71 0cabcaf32298e0e0f7658724ae28569f4f0fbe93c4643e815a49465ba2a0ff37
SERVER_HANDSHAKE_TRAFFIC_SECRET 5e9158652353ebb6218baaacbcd1e99e4cb8e0718fe93023383d496420a02f71 ccab481f30857fe9273dc607c55f2daf55e1deb9852012f102304225660ab466
CLIENT_TRAFFIC_SECRET_0 5e9158652353ebb6218baaacbcd1e99e4cb8e0718fe93023383d496420a02f71 911775edba5093ffa49b43b305f00f241873236216b445c1db0a6b01459c3eb4
SERVER_TRAFFIC_SECRET_0 5e9158652353ebb6218baaacbcd1e99e4cb8e0718fe93023383d496420a02f71 50de1026d4b0be4f086a664097963fed00e25ce62eac9ede9b510db69d2ff42f
EXPORTER_SECRET 5e9158652353ebb6218baaacbcd1e99e4cb8e0718fe93023383d496420a02f71 2b193680b8e4f9beca2c75cac67fc5d8d11c06332bb1197586edfd88b824e5b1
CLIENT_HANDSHAKE_TRAFFIC_SECRET a527c4aeda68138a6106bf5e3f11c4882d2bcdde5556d3a99ba04c91327fd746 b08fae8d69aee65afb3d64a2f42b13069a93f72d889b1dd7a4c99781aa28c955
SERVER_HANDSHAKE_TRAFFIC_SECRET a527c4aeda68138a6106bf5e3f11c4882d2bcdde5556d3a99ba04c91327fd746 0b1b06d04fed636bbacfa1ab34ffa430f49f8c7f6a09f93e548541d09ed21e45
CLIENT_TRAFFIC_SECRET_0 a527c4aeda68138a6106bf5e3f11c4882d2bcdde5556d3a99ba04c91327fd746 64c40391ef212e340d70e4d55b7231dd86724fae9004a65b0ba243264e929d47
SERVER_TRAFFIC_SECRET_0 a527c4aeda68138a6106bf5e3f11c4882d2bcdde5556d3a99ba04c91327fd746 32a11c54b51059f403d448d6796a6df0146086206ff66b689eb4d75269889465
EXPORTER_SECRET a527c4aeda68138a6106bf5e3f11c4882d2bcdde5556d3a99ba04c91327fd746 2a6d6580a6781320a94809931c0ba6b64741ded72704ed8120d44519f44456fa
CLIENT_HANDSHAKE_TRAFFIC_SECRET 00f46f092fe3a79c015ea1d52822ddb489a0780ff9a8a5c52aac82de73a84542 71efdf876adadc33b7ddc16f0066091240a7a047eb3cc014d5952ea3a6b2d8c4
SERVER_HANDSHAKE_TRAFFIC_SECRET 00f46f092fe3a79c015ea1d52822ddb489a0780ff9a8a5c52aac82de73a84542 f3311170f42669c9738d7c3a0a920893422d540423de4241c52f2c55ccb6aab5
CLIENT_TRAFFIC_SECRET_0 00f46f092fe3a79c015ea1d52822ddb489a0780ff9a8a5c52aac82de73a84542 dc178f58648d77e382f6a7acb0f65cf1de9e4079cda1b997c27d9c19dcf4e42d
SERVER_TRAFFIC_SECRET_0 00f46f092fe3a79c015ea1d52822ddb489a0780ff9a8a5c52aac82de73a84542 f3928d1ece6b9fed418c177dcb5c8ed3c6f82ce3bcf17e41f823716a67534baf
EXPORTER_SECRET 00f46f092fe3a79c015ea1d52822ddb489a0780ff9a8a5c52aac82de73a84542 9cea3245c0a92a5135971c793d771fd760e26b6bbd18b5013bbac7d297bd9f1a
CLIENT_HANDSHAKE_TRAFFIC_SECRET de2386621d2b833bdd81c3ffb2e4e9ec5c49ca5ab7df2f487bf3315f94cca40c 5fa49d40355e17e893f0f676baa5d28bdb1a88ef6e3922fe9b6851c6899bc6eb
SERVER_HANDSHAKE_TRAFFIC_SECRET de2386621d2b833bdd81c3ffb2e4e9ec5c49ca5ab7df2f487bf3315f94cca40c 2c67694d3bb4d5ec16d17f3966ad888643609021fb95dcfa1416fa41e0fcdf66
CLIENT_TRAFFIC_SECRET_0 de2386621d2b833bdd81c3ffb2e4e9ec5c49ca5ab7df2f487bf3315f94cca40c 107e1651aeff9a33ba4fe385ddf9302715cd199845997a9fe8b774207b777e6e
SERVER_TRAFFIC_SECRET_0 de2386621d2b833bdd81c3ffb2e4e9ec5c49ca5ab7df2f487bf3315f94cca40c 21b80edecda867241814bbc2a9f6532c3d41e2c2f59c27e46a044a6a807bf900
EXPORTER_SECRET de2386621d2b833bdd81c3ffb2e4e9ec5c49ca5ab7df2f487bf3315f94cca40c 6099592158c336c5963568b8f4704498bc51bc8af40d200ced1c21c6e8091ef0
CLIENT_HANDSHAKE_TRAFFIC_SECRET ed38fe10bd75d1df7e6f0b5aea87425c261cd6679c7daa8bc378cf413a901071 e4519df031161fb6601fa561ba2358fb49a0797da761f9641943524774d280b7
SERVER_HANDSHAKE_TRAFFIC_SECRET ed38fe10bd75d1df7e6f0b5aea87425c261cd6679c7daa8bc378cf413a901071 f14bdcf7dc0afec3b4394976780c81f01fbcd1e6d3775081604681d8f06b6d7b
CLIENT_TRAFFIC_SECRET_0 ed38fe10bd75d1df7e6f0b5aea87425c261cd6679c7daa8bc378cf413a901071 2d778649a3a9655d41ad07bac564c297197a9d3c665714ee90f0e992555bea9c
SERVER_TRAFFIC_SECRET_0 ed38fe10bd75d1df7e6f0b5aea87425c261cd6679c7daa8bc378cf413a901071 60fec3f85606984e316245b5c0636d1c5bbf7550a91002d14b955e14a3ee1b22
EXPORTER_SECRET ed38fe10bd75d1df7e6f0b5aea87425c261cd6679c7daa8bc378cf413a901071 79749e94b4ddaef1b675b69455124975f1eb56f55cb3e9636bc3a18995f88783
CLIENT_HANDSHAKE_TRAFFIC_SECRET 8de84dbc07161b5750fad73498c360d4c94883162a715f666d80f11e7a9fe15a df817e560ed143492fe8e4f58f7578519ba5f6eb22812dab47ec8f9c07fd2bc0
SERVER_HANDSHAKE_TRAFFIC_SECRET 8de84dbc07161b5750fad73498c360d4c94883162a715f666d80f11e7a9fe15a b3dd6eebba06c7ed2a24b4896714874a2a9bfecedb01787dd5a557bd49e3d334
CLIENT_HANDSHAKE_TRAFFIC_SECRET 8601d6341861d906cf6d8b96a9254a1ae41e72fdb26bb21cfb4c9113e74a584e 60da27250d69aa1dc303e1156ae423e420645e65e5a239bb02efeef370d9a606
SERVER_HANDSHAKE_TRAFFIC_SECRET 8601d6341861d906cf6d8b96a9254a1ae41e72fdb26bb21cfb4c9113e74a584e cd28a13a5bbf4b2c62d5077f6ffedf36f79d407687ffe86d72a0312bd5b6d034
CLIENT_EARLY_TRAFFIC_SECRET bf54f63b32a0cb4f6700f744354aa82fe83005dee540be90f4428a9388bab8c5 bdb361eca60ea5420019af900c54049684598755cd27717143cec00146ae66eb
CLIENT_HANDSHAKE_TRAFFIC_SECRET f35cce30fdf938daa441e6c5db4fb5b1339c91d78027969ed41bc138ac22d8a3 dbe58f16f62b1c189200ca7790648ea139e71c0aecfb44b44c880056042b384f
SERVER_HANDSHAKE_TRAFFIC_SECRET f35cce30fdf938daa441e6c5db4fb5b1339c91d78027969ed41bc138ac22d8a3 9ac774b7a8396a1ccb68619b490bf34ae1b177fbd334eec2227a5653b44d158d
CLIENT_TRAFFIC_SECRET_0 8601d6341861d906cf6d8b96a9254a1ae41e72fdb26bb21cfb4c9113e74a584e ad5542629fb163d8a07f33d1d91e76efc0fbf9e5a8b03cd9e82900f1cf54b896
SERVER_TRAFFIC_SECRET_0 8601d6341861d906cf6d8b96a9254a1ae41e72fdb26bb21cfb4c9113e74a584e 1e67519018bca9bf1412ea7531485fdc7e69ee37db1843f29cb7569cdbde6fd2
EXPORTER_SECRET 8601d6341861d906cf6d8b96a9254a1ae41e72fdb26bb21cfb4c9113e74a584e 925b2e1031551c5d651c3262a236d14c460462513b6b814d4205e0d803dcca88
CLIENT_HANDSHAKE_TRAFFIC_SECRET 614ad87c545d5821ff6e7235ce36f50941319547df37741aeb612898de84660a 25c00185383d03e00920d220c5093fb1a2e7d4f7f34b70892fe48145210444ef
SERVER_HANDSHAKE_TRAFFIC_SECRET 614ad87c545d5821ff6e7235ce36f50941319547df37741aeb612898de84660a cda4b0aaa38ad7624924a9681a4437205ec130a6da5cb368ec7757dce9714cf8
CLIENT_TRAFFIC_SECRET_0 614ad87c545d5821ff6e7235ce36f50941319547df37741aeb612898de84660a 3068498290571e1a8f8887b8151c688779a350e9a9d1b09b32d775891421c833
SERVER_TRAFFIC_SECRET_0 614ad87c545d5821ff6e7235ce36f50941319547df37741aeb612898de84660a 6b001148a8e5c020e2f891b1f47d9d44f434c39c7441f2cede198020dedcb35e
EXPORTER_SECRET 614ad87c545d5821ff6e7235ce36f50941319547df37741aeb612898de84660a 9f102fb17ac6f83552a0ecef9bf3bfab2ace91f016dfde725b9a1cb1430d50a8
CLIENT_TRAFFIC_SECRET_0 8de84dbc07161b5750fad73498c360d4c94883162a715f666d80f11e7a9fe15a 9a1ed65c7b94973c178698a0837a881606ec6edf2a27edf6dbc858732ebf620f
SERVER_TRAFFIC_SECRET_0 8de84dbc07161b5750fad73498c360d4c94883162a715f666d80f11e7a9fe15a 5aa9cc5f846ab9fbdc9942e4e50962a07c7bbdd18f4155ce7e7edab48b0f83f6
EXPORTER_SECRET 8de84dbc07161b5750fad73498c360d4c94883162a715f666d80f11e7a9fe15a 00d3f9b20d6c26c9a36a4498f7712416d6236cd3a77ef65e751d1bb83522303e
CLIENT_HANDSHAKE_TRAFFIC_SECRET bf54f63b32a0cb4f6700f744354aa82fe83005dee540be90f4428a9388bab8c5 35dc07b1e75a3a63e59f47fe9b7bdedf2dd56a6fd4058860768c23d2517d813c
SERVER_HANDSHAKE_TRAFFIC_SECRET bf54f63b32a0cb4f6700f744354aa82fe83005dee540be90f4428a9388bab8c5 818d204cdae44eef4876db09a1fc1466a55c27f020d359d37d8eba0b0ac87b2c
CLIENT_TRAFFIC_SECRET_0 bf54f63b32a0cb4f6700f744354aa82fe83005dee540be90f4428a9388bab8c5 8a7ef36d37fccb18023ff390b908e7e6cffa44315e64c7ec284cc931ee2f8392
SERVER_TRAFFIC_SECRET_0 bf54f63b32a0cb4f6700f744354aa82fe83005dee540be90f4428a9388bab8c5 d3bab28a14c70af0cac808e5703fd65e668d20d1efe59da4870ec997ad78fc1f
EXPORTER_SECRET bf54f63b32a0cb4f6700f744354aa82fe83005dee540be90f4428a9388bab8c5 eeae68fa3d8e670d5ef93cadd4c2faf40b11e8f017f0df9857dd6136359ac6ea
CLIENT_HANDSHAKE_TRAFFIC_SECRET ffb619f1c2f11988750f53d97c578f8a4fb5408632da01f9e402d08df0fd1cc5 255714c8b2810b64479a92a58c8bbc67fee4d09c6505609c7891a39a6d558385bec0b4f6b1a08630880dbfc3b328e94d
SERVER_HANDSHAKE_TRAFFIC_SECRET ffb619f1c2f11988750f53d97c578f8a4fb5408632da01f9e402d08df0fd1cc5 845347f29eaf1bc5faed53725d94b0118749b4f40b1d80482ac5727ab12489fa6d3e64e3f986127d8aa26ce6ed64fcea
CLIENT_TRAFFIC_SECRET_0 ffb619f1c2f11988750f53d97c578f8a4fb5408632da01f9e402d08df0fd1cc5 e1875f351d80e8f7cad79e08228f2b34cd7cad8866e453ece664d7aa9ac6452c7f9f14ceadbce86a4fbba469727fec54
SERVER_TRAFFIC_SECRET_0 ffb619f1c2f11988750f53d97c578f8a4fb5408632da01f9e402d08df0fd1cc5 10787d823ebe1c03541c6b49770268106ffe0eb8e4501bee27f1f5fc62fe30d5367d9256408e0c0f5d16ee05364f939d
EXPORTER_SECRET ffb619f1c2f11988750f53d97c578f8a4fb5408632da01f9e402d08df0fd1cc5 9b8d9086e2236bafaa26d0ad1b3a98731a1e11fdddc99cdb71d9f3928cfbad598e8ced8f883ce89a42dd145b4de3b75e
CLIENT_HANDSHAKE_TRAFFIC_SECRET 3a693fd379a28b6489974ff7e72e19697dbdd2e065c7824a044584deba7c021a 4700b4138642cee0f36ad364bba503126f23478b43eff9d037211f07de3e3b1e9967bae38492fc0b33940512cc9ba2bc
SERVER_HANDSHAKE_TRAFFIC_SECRET 3a693fd379a28b6489974ff7e72e19697dbdd2e065c7824a044584deba7c021a e814f83d9587747cb6d2416c5e294e8ac9342d0d640ab596f3c7e458d8fea277d609e3b953ae0ea5a24ab7b02611eb1f
CLIENT_TRAFFIC_SECRET_0 3a693fd379a28b6489974ff7e72e19697dbdd2e065c7824a044584deba7c021a 8b439b0a18a549eee5331d55d626d1011fdb1cdb63b757489e26770b671d0b1b75ac12a0bf13d6b588e75d99a43cc24e
SERVER_TRAFFIC_SECRET_0 3a693fd379a28b6489974ff7e72e19697dbdd2e065c7824a044584deba7c021a 384594c38e88c5c15c9c45100ac92f16029e9ffc1b383a18f607d4917bcc32d1bc7f90cd5381ab1852637e2b8b56de88
EXPORTER_SECRET 3a693fd379a28b6489974ff7e72e19697dbdd2e065c7824a044584deba7c021a 08a2fd158d49c0e60de22b6af3eddf06e1dcecd226761ad853e3f0b90e41ec37c49568c189e44410301171f0bf8016b0
CLIENT_HANDSHAKE_TRAFFIC_SECRET 0ec3f9deb4c697f05bea7582076daf4f6fa7fe99a0e0174e375553576b6df467 eb41ba549609752b4e3b2df2721bff9fea0607cefad66da27cf52db1525e2b57
SERVER_HANDSHAKE_TRAFFIC_SECRET 0ec3f9deb4c697f05bea7582076daf4f6fa7fe99a0e0174e375553576b6df467 872f8a8d4dd69280564dd33ac7878d5c99716f346aee724f77e66eafb9e26bd7
CLIENT_TRAFFIC_SECRET_0 0ec3f9deb4c697f05bea7582076daf4f6fa7fe99a0e0174e375553576b6df467 b9174e6ff063f468d96905efc359cd0c9a2bc21012d085790646e21eeec3535a
SERVER_TRAFFIC_SECRET_0 0ec3f9deb4c697f05bea7582076daf4f6fa7fe99a0e0174e375553576b6df467 78906774bd3430bea448e6396bc883b8d889c117584c3c5f4cbf6338f5410727
EXPORTER_SECRET 0ec3f9deb4c697f05bea7582076daf4f6fa7fe99a0e0174e375553576b6df467 4fba5719532d105c4814ad212d812f471452aa32d0e0f7ffa7762de21be8d0be
CLIENT_HANDSHAKE_TRAFFIC_SECRET aded16d707f40a433cf6ae1b2391ea288ef89803d61c8b73d866d7900105db6b 8f4df38562d5192d79eb2b67fa9d21d9f01f3ea0ff80570c14eb5609b9b04f64
SERVER_HANDSHAKE_TRAFFIC_SECRET aded16d707f40a433cf6ae1b2391ea288ef89803d61c8b73d866d7900105db6b 3aa590a2100937600d460e3653a85c397ffb4389c21ab691f1343d94a90da394
CLIENT_TRAFFIC_SECRET_0 aded16d707f40a433cf6ae1b2391ea288ef89803d61c8b73d866d7900105db6b a62f96c28502e1025713158e15ecbdb07eb2e0609cc709dedf27666967b2eec0
SERVER_TRAFFIC_SECRET_0 aded16d707f40a433cf6ae1b2391ea288ef89803d61c8b73d866d7900105db6b 67ead1cb95b41792888151674e19ed0d22af3b16dcac8daabf2356e5f5869aa4
EXPORTER_SECRET aded16d707f40a433cf6ae1b2391ea288ef89803d61c8b73d866d7900105db6b 09ffb6c85109bde4235e922add20004de04682bfec5bc1e644d5d190c9fbb2e6
CLIENT_HANDSHAKE_TRAFFIC_SECRET 7e161c24ec3f4c1c090fd2efe5455b923013165d51475645e277b54277878ece f827f657b89d308c7a06d816f1f0108df7585dace63d0acdc3d7d6ae1afae287
SERVER_HANDSHAKE_TRAFFIC_SECRET 7e161c24ec3f4c1c090fd2efe5455b923013165d51475645e277b54277878ece 3619a1ae3f103375ccb3209c6e7601048489a91f9915376a22de81dc0422a629
CLIENT_HANDSHAKE_TRAFFIC_SECRET 4d218fbf7862a853acc034fad5ca5740897e2bf87729c7eff51f660331731f7f 7567bc7eb869f38366b23c14364a49d7039dc2fba836cc387787a2cd797cf892
SERVER_HANDSHAKE_TRAFFIC_SECRET 4d218fbf7862a853acc034fad5ca5740897e2bf87729c7eff51f660331731f7f 301743c46ece181680855edd2a4817d72ecc53545463fa0244e1fa749ff1918f
CLIENT_TRAFFIC_SECRET_0 7e161c24ec3f4c1c090fd2efe5455b923013165d51475645e277b54277878ece f85609f2c1e3fd48fbdce7ce1978bf70c2ddddf0693a0d25772942b233179d20
SERVER_TRAFFIC_SECRET_0 7e161c24ec3f4c1c090fd2efe5455b923013165d51475645e277b54277878ece 23530313cd745b46a8c0138820ddc517b7c72991fe2e9198a7456474fb6973ad
EXPORTER_SECRET 7e161c24ec3f4c1c090fd2efe5455b923013165d51475645e277b54277878ece 9f04830254582404a88090040ffe6135078b99ba802ad2d76ef9e48464d2b0fb
CLIENT_TRAFFIC_SECRET_0 4d218fbf7862a853acc034fad5ca5740897e2bf87729c7eff51f660331731f7f 365a53438bb4bd4ca802c0824fbc3bcdbcb87c9bf93e9c54d3698557065ae70c
SERVER_TRAFFIC_SECRET_0 4d218fbf7862a853acc034fad5ca5740897e2bf87729c7eff51f660331731f7f 324e8c2f974ebcb4c23b6821e7247e49a613aca7eeae460c129aa1269ef87ae2
EXPORTER_SECRET 4d218fbf7862a853acc034fad5ca5740897e2bf87729c7eff51f660331731f7f 00f4165cb5228a568949f44cfe1aad6b0f1885cd2f29564c3237cb029a030743
CLIENT_HANDSHAKE_TRAFFIC_SECRET da7907e15db74ed426bc725b46e3bd35bbc164def173041c9eeb3947fced4b1e cdeb19309082b66b9a942f1ee69539034cc690fd5aade6743c083703a99c9039
SERVER_HANDSHAKE_TRAFFIC_SECRET da7907e15db74ed426bc725b46e3bd35bbc164def173041c9eeb3947fced4b1e 47577cb9d007328e19a4230b058513cde89457292ed1aba62956242ccbb3bd12
CLIENT_TRAFFIC_SECRET_0 da7907e15db74ed426bc725b46e3bd35bbc164def173041c9eeb3947fced4b1e 43931615b18ade8c8f4dd1620f72726a075df44560fe2cbddc9e20397ed388be
SERVER_TRAFFIC_SECRET_0 da7907e15db74ed426bc725b46e3bd35bbc164def173041c9eeb3947fced4b1e 5bfb284ae365783aa89d482573aa47e0ab1cfb2351f38b18a1db73b7d36b0437
EXPORTER_SECRET da7907e15db74ed426bc725b46e3bd35bbc164def173041c9eeb3947fced4b1e 2eae52d3842168f2b9b0c9c17b65d0b6f4feca5419bd2a38806638b80cfb41be
CLIENT_HANDSHAKE_TRAFFIC_SECRET b1fbdccc9d2f8a8cedff6877534b31c573f86d23c2e239057cc3a6c727025c12 95a776dc5e48db72cfb86647482d0ee369a2734a84eade08a3876f6c80853ca4
SERVER_HANDSHAKE_TRAFFIC_SECRET b1fbdccc9d2f8a8cedff6877534b31c573f86d23c2e239057cc3a6c727025c12 df0cc871eff1d139947d8c281ca5cb3a2d7f4f68a21f1bf3402404b22c9187f9
CLIENT_TRAFFIC_SECRET_0 b1fbdccc9d2f8a8cedff6877534b31c573f86d23c2e239057cc3a6c727025c12 fbab2a2eb396dc2967b429313ff36a247a35d500bbf8440a3a4b1f071beb6be2
SERVER_TRAFFIC_SECRET_0 b1fbdccc9d2f8a8cedff6877534b31c573f86d23c2e239057cc3a6c727025c12 bce2f2d34df851e871fd6f120760d0b3eecde943e53d60833c606582638bc3e6
EXPORTER_SECRET b1fbdccc9d2f8a8cedff6877534b31c573f86d23c2e239057cc3a6c727025c12 6ebf2154bce686f24b6b76a2a66532e731434f44a1f2c72fd6a8f59ced92e138
CLIENT_HANDSHAKE_TRAFFIC_SECRET 015036bc2ea2552c0910858572052f63ea1758c57305aa4f7083cd938e10e2af 27e97dd022341c4c52ca95e706ce68ebf247d8cf7a25fae711cb83bd8dc4f59e
SERVER_HANDSHAKE_TRAFFIC_SECRET 015036bc2ea2552c0910858572052f63ea1758c57305aa4f7083cd938e10e2af 6f234d3eb312d0e873768d237933723259b7116953e255e66b1ceec5940e171c
CLIENT_TRAFFIC_SECRET_0 015036bc2ea2552c0910858572052f63ea1758c57305aa4f7083cd938e10e2af e07812b98ad34ce25643e5a16db90e41782219f9c58e1e9ff37bc900b315d857
SERVER_TRAFFIC_SECRET_0 015036bc2ea2552c0910858572052f63ea1758c57305aa4f7083cd938e10e2af f25aa1db45a29b2683643e3b9101baf2caa2bed45891bc8addb3090845a48975
EXPORTER_SECRET 015036bc2ea2552c0910858572052f63ea1758c57305aa4f7083cd938e10e2af 1225e6fe3bb4eb735c4ad1cbf7ca4f943a41e35c9f4defcf5151f821ae272c72
CLIENT_HANDSHAKE_TRAFFIC_SECRET 651c5b10fa9c85cf52c957f66cce56b72a4066d6dcb224f7ef9169c98da91c05 8bc7a4e21e354eeeb9261a43c22aa9389b430d35b1b0259adbc92c920471421deef402d939ce6bb7457828c2c94545bf
SERVER_HANDSHAKE_TRAFFIC_SECRET 651c5b10fa9c85cf52c957f66cce56b72a4066d6dcb224f7ef9169c98da91c05 35177dcd7efc9ce5ee76daa70b7a3fc4c805bf03497ef6cdce689463d49adb23c6ea62992c77ef9b774af72f40458071
CLIENT_TRAFFIC_SECRET_0 651c5b10fa9c85cf52c957f66cce56b72a4066d6dcb224f7ef9169c98da91c05 d999966dc00f9d1acd56fb2dd8b4c04f13a9442ce0c20fa95b86c30ec03e62eed317c346788476f71f000b7f7bac8a16
SERVER_TRAFFIC_SECRET_0 651c5b10fa9c85cf52c957f66cce56b72a4066d6dcb224f7ef9169c98da91c05 6eebf7160aa70f78d9166626cb2e282849431070401413814a5d3cfdaca9f676cf23e262460be179be09ef5feaa13cfc
EXPORTER_SECRET 651c5b10fa9c85cf52c957f66cce56b72a4066d6dcb224f7ef9169c98da91c05 b0e98687732470948d8de07a5de8a2b1b3fce710c81dfa609d85bc25846ba12d03d372dc146b3e03196aa0832c25bf73
CLIENT_HANDSHAKE_TRAFFIC_SECRET ed9f47f752892a448313abe8a8f63780da9d67ed687468a0a1ccc295a8cca991 eebb8b9f47939aaa5b273610ef3537c63389f2c880f425824b0f07bb0cd55739
SERVER_HANDSHAKE_TRAFFIC_SECRET ed9f47f752892a448313abe8a8f63780da9d67ed687468a0a1ccc295a8cca991 2a0582a863122871bd6455668e51f471245601a57c09a0b129ad99a1f57b818c
CLIENT_TRAFFIC_SECRET_0 ed9f47f752892a448313abe8a8f63780da9d67ed687468a0a1ccc295a8cca991 cbdcecd60e971345d8c455f0a0976671234bfcac6f8eefa8458a1a359d3080af
SERVER_TRAFFIC_SECRET_0 ed9f47f752892a448313abe8a8f63780da9d67ed687468a0a1ccc295a8cca991 72d082be90d613effb8ebd0d1ebc21bf3ca3128341b8e3b1d5b0e10931417f6d
EXPORTER_SECRET ed9f47f752892a448313abe8a8f63780da9d67ed687468a0a1ccc295a8cca991 4561de1c9051fbb466fd1572ebffc5cbea7e60f8e0fef07b3d9e07a67982c2fa
CLIENT_HANDSHAKE_TRAFFIC_SECRET 3981f1c0b2078e1dec906f5bec51db065620da4f69dc0a22cd195950d147abbf 4729033b0a356b3136436b0e8ed35482c1e9de5601dbd4d0ee7aa359101e36e8
SERVER_HANDSHAKE_TRAFFIC_SECRET 3981f1c0b2078e1dec906f5bec51db065620da4f69dc0a22cd195950d147abbf 8ed5e8ff4ff22f361f163755240ee2a4e31349aad0f44c2acca9bfe41d3636f5
CLIENT_TRAFFIC_SECRET_0 3981f1c0b2078e1dec906f5bec51db065620da4f69dc0a22cd195950d147abbf 032fa40c5107ae2d88b82d6c51c9119a8f6236a9dccc242bf0503440b0cab74a
SERVER_TRAFFIC_SECRET_0 3981f1c0b2078e1dec906f5bec51db065620da4f69dc0a22cd195950d147abbf 6476c29b98fabca045e647e0c4ff7271edfe0014f5bf64f8154eb0a6cc4ccdf7
EXPORTER_SECRET 3981f1c0b2078e1dec906f5bec51db065620da4f69dc0a22cd195950d147abbf 4b08bba829fb0cad294acaeb3472bd2ed506345705d49b572cdbfa545f02edba
CLIENT_HANDSHAKE_TRAFFIC_SECRET 5d21ef7ebc02856a0aaee68b6cedaf9f9c38cd2015cfc06998873bea6d8ced39 28b6689993fb0984a4dd8e890a78ab1ec980282f9849f1958e321b9a4ee10458
SERVER_HANDSHAKE_TRAFFIC_SECRET 5d21ef7ebc02856a0aaee68b6cedaf9f9c38cd2015cfc06998873bea6d8ced39 99b16c8dc23660e8681b16437b74339f73bc6fe9cefc75c2ffd18818c9423a60
CLIENT_TRAFFIC_SECRET_0 5d21ef7ebc02856a0aaee68b6cedaf9f9c38cd2015cfc06998873bea6d8ced39 1f1c708445d51138edf88083716dfdd559b1f1a5f7a72970f7d315c42f9d1dde
SERVER_TRAFFIC_SECRET_0 5d21ef7ebc02856a0aaee68b6cedaf9f9c38cd2015cfc06998873bea6d8ced39 fa124351195302182716970d7cafcc9063ac5007b5ee47614ad226318d64ace6
EXPORTER_SECRET 5d21ef7ebc02856a0aaee68b6cedaf9f9c38cd2015cfc06998873bea6d8ced39 fc549b46ed811194fcbf2282c5dc2a3922757ec9f2b3275636f0c24fde22c4be
CLIENT_HANDSHAKE_TRAFFIC_SECRET 6eb01070b2e5330a2d359d59ce2f660dd575cca3762fc85a1e673e42581de3ac 13bea899f8e6c02aa9556ac561e5be87420063bf9f87fe4c11e0b56c836ff2b1
SERVER_HANDSHAKE_TRAFFIC_SECRET 6eb01070b2e5330a2d359d59ce2f660dd575cca3762fc85a1e673e42581de3ac 82eb892fc5dd26385dbdc8a44f0ae1dc157fecfd14dc2ccb097f97636f795dbe
CLIENT_TRAFFIC_SECRET_0 6eb01070b2e5330a2d359d59ce2f660dd575cca3762fc85a1e673e42581de3ac 38aa003f8f8b8e27640dfe07ed16829dabf6bb536df3fd4337633eeda226381b
SERVER_TRAFFIC_SECRET_0 6eb01070b2e5330a2d359d59ce2f660dd575cca3762fc85a1e673e42581de3ac f21fe6371b682121100a6fe639e626bd574335f8f2ec1287101806b75b7c1c20
EXPORTER_SECRET 6eb01070b2e5330a2d359d59ce2f660dd575cca3762fc85a1e673e42581de3ac d05c56f014c943a9192d9306c4c8043432c0ab7726ae599f8767558e72d81811
CLIENT_HANDSHAKE_TRAFFIC_SECRET ac886a29dfd977f9739c5b7d9394c67275075d5c8a90b69e6529469531046557 b0932539ed79d644eb7645029f8d7f05280a60c56da8c5ea1306976f165956d0
SERVER_HANDSHAKE_TRAFFIC_SECRET ac886a29dfd977f9739c5b7d9394c67275075d5c8a90b69e6529469531046557 4a28ea9c1eefa4279a592a7d0b8add15a47caa5ff4823e402b7b64a58e236a53
CLIENT_TRAFFIC_SECRET_0 ac886a29dfd977f9739c5b7d9394c67275075d5c8a90b69e6529469531046557 da12ad107237b8b6faa13d97759704e554d7ecdda28d66fb206b6e12a5d97ddb
SERVER_TRAFFIC_SECRET_0 ac886a29dfd977f9739c5b7d9394c67275075d5c8a90b69e6529469531046557 28bcd50eeadcfb4ccc2544f9197be42bd7da8f1babe463f8378bc28e9a38f044
EXPORTER_SECRET ac886a29dfd977f9739c5b7d9394c67275075d5c8a90b69e6529469531046557 843e3235cd96ced87db7124f7af92e8bf7d75f54045af2a729fc771b3520d580
CLIENT_HANDSHAKE_TRAFFIC_SECRET 674d07f8d540fc7a96a8df6f2730fbdaa0b4ff69daa326d0e25e94ea54d4b772 237dfe21e506d92e626233b04aa5cd890d072ac87d9b54cac22447c65812ec39
SERVER_HANDSHAKE_TRAFFIC_SECRET 674d07f8d540fc7a96a8df6f2730fbdaa0b4ff69daa326d0e25e94ea54d4b772 89ae3bd155ab9bde784726d59bab3e0734cbbc80bc988d4eeb321fc4eda25464
CLIENT_TRAFFIC_SECRET_0 674d07f8d540fc7a96a8df6f2730fbdaa0b4ff69daa326d0e25e94ea54d4b772 7c4888c5ac4dfef2e29ba3eaa2df1e4f2a2ba6b42b3322625af40246aed0064e
SERVER_TRAFFIC_SECRET_0 674d07f8d540fc7a96a8df6f2730fbdaa0b4ff69daa326d0e25e94ea54d4b772 080f8112ad2681b841d0c11874d8edcc39f5d033dd76d4b2f542e4327445bf4e
EXPORTER_SECRET 674d07f8d540fc7a96a8df6f2730fbdaa0b4ff69daa326d0e25e94ea54d4b772 24eba03c4715a05c5547a678ee4f30e0620c05213faffbd6828e38864baa99da
CLIENT_HANDSHAKE_TRAFFIC_SECRET 996378c1403b0336ac919b7d27dec4e7ea109c8fcc698843152edaa5a883b514 78a2142cf89425e0ee3102203a103a111c3e3f696036971799aa3b6a53528c11
SERVER_HANDSHAKE_TRAFFIC_SECRET 996378c1403b0336ac919b7d27dec4e7ea109c8fcc698843152edaa5a883b514 dc5ded8ffcdba9c6b396a56f67c2e2edcdaacfb61153436922a9c9a01068e0c2
CLIENT_TRAFFIC_SECRET_0 996378c1403b0336ac919b7d27dec4e7ea109c8fcc698843152edaa5a883b514 80cfc1cdb103fc1f19941c74b607efd1843dd5d2f9f03b9b377092a87be84746
SERVER_TRAFFIC_SECRET_0 996378c1403b0336ac919b7d27dec4e7ea109c8fcc698843152edaa5a883b514 4eb8459a59ae9b244a6a46de74a75c711bdec337b9a54c3dec1267789833122b
EXPORTER_SECRET 996378c1403b0336ac919b7d27dec4e7ea109c8fcc698843152edaa5a883b514 c251e9b80898028c555dae315f851036d3dc96b29eaa357c28d6ec9456bfa134
CLIENT_HANDSHAKE_TRAFFIC_SECRET a9c411a32d1e5a53ac21dfb9bb0cbd694f16ccb0c877b5ca3bcbe93ec1f2929a 7dff7362c91fad2ce2039d14ba59a87342dfa545ba5aa69d4cf9b7ef5178d251
SERVER_HANDSHAKE_TRAFFIC_SECRET a9c411a32d1e5a53ac21dfb9bb0cbd694f16ccb0c877b5ca3bcbe93ec1f2929a 5c304048a363793de2aa1983c22c01a7bfbd4c9825807afcfc2b8b5d8e07f84f
CLIENT_TRAFFIC_SECRET_0 a9c411a32d1e5a53ac21dfb9bb0cbd694f16ccb0c877b5ca3bcbe93ec1f2929a 4902eb487765ce3a34ea2c79f812a4d5779977ef6191ae9b404739b8241739d9
SERVER_TRAFFIC_SECRET_0 a9c411a32d1e5a53ac21dfb9bb0cbd694f16ccb0c877b5ca3bcbe93ec1f2929a 55ee73b6680fb092d734647cd68ac6f0e65ad939c50c5df4b7e39c42a1d79694
EXPORTER_SECRET a9c411a32d1e5a53ac21dfb9bb0cbd694f16ccb0c877b5ca3bcbe93ec1f2929a fba32760c99d69139e399df011b5e512327e7f228a929bd8ab34f9f7e420b11f
CLIENT_HANDSHAKE_TRAFFIC_SECRET f2641773c9f4354a1086ad1a762c37cbbc2660cc65153275917bc2170849ff48 0c2ad0f5d0dda88ff8bbca8e536edd9ad89f9319e2da7a38ba18526554421ad5
SERVER_HANDSHAKE_TRAFFIC_SECRET f2641773c9f4354a1086ad1a762c37cbbc2660cc65153275917bc2170849ff48 b8682c7941f4d92a7897127e80556d6525e7a1d64ae9758b568bddbf5bbef3fe
CLIENT_TRAFFIC_SECRET_0 f2641773c9f4354a1086ad1a762c37cbbc2660cc65153275917bc2170849ff48 815db0b4dab59ebb72c6f65b2228979b4c2d4d6b0ec276da5b8f82e8fdad8f0e
SERVER_TRAFFIC_SECRET_0 f2641773c9f4354a1086ad1a762c37cbbc2660cc65153275917bc2170849ff48 b6023fbad39049833e8303cebd35f0a5f96fda61385f01cf01e97711c3756043
EXPORTER_SECRET f2641773c9f4354a1086ad1a762c37cbbc2660cc65153275917bc2170849ff48 5c31e361eb7ac36580f216d09e5dc5c5da55e5aea21533d0364627140e5b1352
CLIENT_HANDSHAKE_TRAFFIC_SECRET f0d48a1a607df990a4edeea9384f7169f1a0a0b68e869b898c74c4581ae2fcf8 703efe65391d10e1a1a2ae99d41735495815392be0ad538edb08392f0c8a895e
SERVER_HANDSHAKE_TRAFFIC_SECRET f0d48a1a607df990a4edeea9384f7169f1a0a0b68e869b898c74c4581ae2fcf8 df9f8a687acac4c592712b6d44ac87478b87f53dc44b23349e00339fd2c34035
CLIENT_TRAFFIC_SECRET_0 f0d48a1a607df990a4edeea9384f7169f1a0a0b68e869b898c74c4581ae2fcf8 cec8bdba4a16bb43955ad9efb855643540c48e4786960ba6f72d67a09e1acea1
SERVER_TRAFFIC_SECRET_0 f0d48a1a607df990a4edeea9384f7169f1a0a0b68e869b898c74c4581ae2fcf8 754950f66eed5a53ed053d5047665c12669430d8050ace49477ec5016545a8ca
EXPORTER_SECRET f0d48a1a607df990a4edeea9384f7169f1a0a0b68e869b898c74c4581ae2fcf8 57f8ef07c5007b22df5c514b91dc70ab6231f08c5d0f0b6e871be3651e15352d
CLIENT_HANDSHAKE_TRAFFIC_SECRET 81ad40e952e140ab8cdae625df89769e80a82bafd46786d70028c7b75727ceaf 1d6fab07d027bd05022fdad037b8d79edd10592427a2b1deeb165d0fb0cd1f2e
SERVER_HANDSHAKE_TRAFFIC_SECRET 81ad40e952e140ab8cdae625df89769e80a82bafd46786d70028c7b75727ceaf 40d4eb68350d066dfb2912badfcd847da818ec4e925115da7757319aa68873ad
CLIENT_TRAFFIC_SECRET_0 81ad40e952e140ab8cdae625df89769e80a82bafd46786d70028c7b75727ceaf 7ad161bbeb9087259e51b8c4867ecf208918a91d96b50a183cbb2d440ee74872
SERVER_TRAFFIC_SECRET_0 81ad40e952e140ab8cdae625df89769e80a82bafd46786d70028c7b75727ceaf 342d6f46ade2b4168554a9d711878bf5e0acdfd7dd9b17fb09b8789ae2fd19ef
EXPORTER_SECRET 81ad40e952e140ab8cdae625df89769e80a82bafd46786d70028c7b75727ceaf 066e1374ef6b1124ab01a41a1f76d53539f1e78a6ac8cc92b5e601818b6a4c23
CLIENT_HANDSHAKE_TRAFFIC_SECRET 918e5ac9e480dab9f5b151285867268b82e4ae476b10c0dc2dee798d9a99ba41 d497b24992d74d241afc89de4510603c9186be215d42c52f4f867f80f0e89be5557dc767819bb33c30baef6c414f1b1e
SERVER_HANDSHAKE_TRAFFIC_SECRET 918e5ac9e480dab9f5b151285867268b82e4ae476b10c0dc2dee798d9a99ba41 b91ad1cba1341416645d4d6529486f67132c0d53119922359f0e33774067648e44d2077b3d5c7ca6ff66d5d8bc2a8526
CLIENT_TRAFFIC_SECRET_0 918e5ac9e480dab9f5b151285867268b82e4ae476b10c0dc2dee798d9a99ba41 b5d219f9dd6142c9883500712d8d77fdb8d39311b41785aa94c3830abeb80f91b0706798c1bc9142763438abe4942997
SERVER_TRAFFIC_SECRET_0 918e5ac9e480dab9f5b151285867268b82e4ae476b10c0dc2dee798d9a99ba41 a193fd9caf0964b4762674ff28b234041ac73aa89a31da9d879c20044c5348ec83838e12c40da5fab5e520e04a90ff68
EXPORTER_SECRET 918e5ac9e480dab9f5b151285867268b82e4ae476b10c0dc2dee798d9a99ba41 aff879e8da10c64c5d9009608d7a1dccb41cb570902671acce31b263c579c4f4b79d277a572a5dfe75beb1d893b7909e
CLIENT_HANDSHAKE_TRAFFIC_SECRET 7632e9f1975e6db77c5117faca503cbb1385365aec8d372f1bb508d2f2481238 8f083ae3616c7497f06ba52e6dbc8993c1cfac0e228a9495f35a92d423960061
SERVER_HANDSHAKE_TRAFFIC_SECRET 7632e9f1975e6db77c5117faca503cbb1385365aec8d372f1bb508d2f2481238 1f0f772380b56e5ee89b9706e62070a566b4f1875b33815ab922fe88c31a54e4
CLIENT_TRAFFIC_SECRET_0 7632e9f1975e6db77c5117faca503cbb1385365aec8d372f1bb508d2f2481238 e69fa12f7a3f66737585cf888bc09bc591a43b0a6cdf1a5d4f123e8ff32d1a6f
SERVER_TRAFFIC_SECRET_0 7632e9f1975e6db77c5117faca503cbb1385365aec8d372f1bb508d2f2481238 27265bee61c0bb6aeb420e8d53205da507b194302d465ab845ed59806a265fc1
EXPORTER_SECRET 7632e9f1975e6db77c5117faca503cbb1385365aec8d372f1bb508d2f2481238 2ad61f61d2972b53e6bffe41937c730b669542a9c9d974528d9ae7fc922b6dae
CLIENT_HANDSHAKE_TRAFFIC_SECRET 96463abb054cf22f4495fc01809e7b1cc151919f3106bf7ea48e4819df831881 389714aa0b9c64b2d19e56f183a2241cda6b3242674966ace79e41ec26a36041
SERVER_HANDSHAKE_TRAFFIC_SECRET 96463abb054cf22f4495fc01809e7b1cc151919f3106bf7ea48e4819df831881 8b7fe3277986d9da8cb928dfd4ecb65986120337699cf5b0f86118453af033ff
CLIENT_TRAFFIC_SECRET_0 96463abb054cf22f4495fc01809e7b1cc151919f3106bf7ea48e4819df831881 2fce9459416980dc804be8965718ef9c71d1811e65301745b8c83828d9481af2
SERVER_TRAFFIC_SECRET_0 96463abb054cf22f4495fc01809e7b1cc151919f3106bf7ea48e4819df831881 9e8e75755457dd2347e57c6884aa433273d15268f9b8593961051a4bd040f5ed
EXPORTER_SECRET 96463abb054cf22f4495fc01809e7b1cc151919f3106bf7ea48e4819df831881 4ab53511444fdf22b589fb05efffaeb2e085af81bb452f0c621ef1fef8cd62e0
CLIENT_HANDSHAKE_TRAFFIC_SECRET 1b02b428effaaaf5024a0d640b1ac02f5c0617617448bbc3e6c2443df5dbb719 59d912d897cb3c57fcbe5de13e5cdd05d8a6bbc7769032dc84146028a181a2a3
SERVER_HANDSHAKE_TRAFFIC_SECRET 1b02b428effaaaf5024a0d640b1ac02f5c0617617448bbc3e6c2443df5dbb719 e0c2ca4a8a84eb91605e7ac150bd88a75a2ea77b3178e2eb39bc149aeb1f9ab4
CLIENT_TRAFFIC_SECRET_0 1b02b428effaaaf5024a0d640b1ac02f5c0617617448bbc3e6c2443df5dbb719 a1b158314d47bf41d9c1991d870dfe7072c29b3fd85f6f67721c8373c6028a7f
SERVER_TRAFFIC_SECRET_0 1b02b428effaaaf5024a0d640b1ac02f5c0617617448bbc3e6c2443df5dbb719 55f3ac8893ecc477ee50f0011aab61b95ae790dac5aa7de0f5b4aeca252fddc3
EXPORTER_SECRET 1b02b428effaaaf5024a0d640b1ac02f5c0617617448bbc3e6c2443df5dbb719 a2dbcd586ebf39899b07b290f82853b545cf297ab97f6b9b8b85c8e417f98c53
CLIENT_HANDSHAKE_TRAFFIC_SECRET 0ce104c3e30db523c6c228cc378295e76e7cb0956b913425aba506815157a391 93999617e7b16d64bc266b06dcf65667a17178f2132a5d3444ffc30efd967e07
SERVER_HANDSHAKE_TRAFFIC_SECRET 0ce104c3e30db523c6c228cc378295e76e7cb0956b913425aba506815157a391 4369feb49af15313811dbbace29abc29e5fd0d986a02be7e9549a4cd1679d81c
CLIENT_TRAFFIC_SECRET_0 0ce104c3e30db523c6c228cc378295e76e7cb0956b913425aba506815157a391 9650563dfb11ced7bd207dacc4aaa9f254a6bddbef73df44f2a669ab2386fe1b
SERVER_TRAFFIC_SECRET_0 0ce104c3e30db523c6c228cc378295e76e7cb0956b913425aba506815157a391 0852ee90abff21bcece904093f4fea3789e8c34784bf61963515bce85ce99afd
EXPORTER_SECRET 0ce104c3e30db523c6c228cc378295e76e7cb0956b913425aba506815157a391 421c42e5e0bdb7b3fe31962c205c8d91ab171b73ff6d4a213e925c6151c269a9
CLIENT_HANDSHAKE_TRAFFIC_SECRET afb6f5b728b47f9ee4c23203b6313c3930b4522f302bb4ce583d7331634ff4b4 f651efb2d130b4bc7f6102c7ae8cf47828d09e943b6d9627aadb33cd0990e735
SERVER_HANDSHAKE_TRAFFIC_SECRET afb6f5b728b47f9ee4c23203b6313c3930b4522f302bb4ce583d7331634ff4b4 399f672cd216c3e1d82efed4b1547c3475a4fafd265c92f6ff04bf5444d088a1
CLIENT_TRAFFIC_SECRET_0 afb6f5b728b47f9ee4c23203b6313c3930b4522f302bb4ce583d7331634ff4b4 ef5e781849b686274ee56e5c2f48b4e80aefd3ef622d8e6694f96b7505b3b959
SERVER_TRAFFIC_SECRET_0 afb6f5b728b47f9ee4c23203b6313c3930b4522f302bb4ce583d7331634ff4b4 5b48ba41fe943bbddf200d003b14831480daa8b6157fcb5e5e34b5ec04a2745d
EXPORTER_SECRET afb6f5b728b47f9ee4c23203b6313c3930b4522f302bb4ce583d7331634ff4b4 1822249d25e5c43b8bb9264b5ced25798ef9e11aa3a4356dcb9fc32585aa915b
CLIENT_HANDSHAKE_TRAFFIC_SECRET 15d43738afa111e232af263226521df93d6eb6ec0810951e58ad220b0a63506d ec0cc653554676fc96b8cc75f346e207d51219aef4b8acf1dc8e41bf51bf1666
SERVER_HANDSHAKE_TRAFFIC_SECRET 15d43738afa111e232af263226521df93d6eb6ec0810951e58ad220b0a63506d 2c1d6f06870c8714256e5847da84a40f1723bfeb3fae3cc37badbf7b4ea68fc1
CLIENT_HANDSHAKE_TRAFFIC_SECRET f28f4e558c42baba1507e71b182b69623b1620bb42255d54ea6e812ea30e6860 be060ef0fe2afe71c5ec7606e2b7d7a2de94612cc3cb9a6fee8af8148cedf966
SERVER_HANDSHAKE_TRAFFIC_SECRET f28f4e558c42baba1507e71b182b69623b1620bb42255d54ea6e812ea30e6860 9959f9b7a12d60db08ac03ee5bd4223f929fda895ed30a151de1bf72f8d0263e
CLIENT_TRAFFIC_SECRET_0 15d43738afa111e232af263226521df93d6eb6ec0810951e58ad220b0a63506d c273449816441ac546cf9fede432524d57778569556e38a0cb0f12acbd440376
SERVER_TRAFFIC_SECRET_0 15d43738afa111e232af263226521df93d6eb6ec0810951e58ad220b0a63506d 1e945887944ddfcf24a6706614029d2948f8bfcca71def7e79a47e380fea3f94
EXPORTER_SECRET 15d43738afa111e232af263226521df93d6eb6ec0810951e58ad220b0a63506d e04ea5b9f1129b0281862a8b8daf29cd2563a2ffc867e806d64e311e170c5504
CLIENT_HANDSHAKE_TRAFFIC_SECRET 4343d4e568e390c1fed0aae90bec3cc972a2d5cad2d1657a070087e60b905ab8 d82ece176ec2b5ea0d31dcc09a06c18fae31885503621f005e3d268028f0e661
SERVER_HANDSHAKE_TRAFFIC_SECRET 4343d4e568e390c1fed0aae90bec3cc972a2d5cad2d1657a070087e60b905ab8 04b4d0a07c685b899ad4a248e17ccd9c5f55992078aaec541df1f67c32e6db13
CLIENT_TRAFFIC_SECRET_0 4343d4e568e390c1fed0aae90bec3cc972a2d5cad2d1657a070087e60b905ab8 14e14f61e7d9541ce31aa3be809dbb9289deeb248d4de3754de4bb64feacdcb6
SERVER_TRAFFIC_SECRET_0 4343d4e568e390c1fed0aae90bec3cc972a2d5cad2d1657a070087e60b905ab8 1b0fc8a3daa8aa20d1c474d87a2885ef875d9ff568f19fe5aeae27af865502b0
EXPORTER_SECRET 4343d4e568e390c1fed0aae90bec3cc972a2d5cad2d1657a070087e60b905ab8 e0b203740a77743cf6f5c88b8a0bc15988ebe1076581e838c5c943077eeee80e
CLIENT_HANDSHAKE_TRAFFIC_SECRET 4966a88fe7307ea832a492a08984eca616c1911c153e08bd28a612d6d8e41874 4a592f9a29d44c4808056ab0466a43fe278a2581925b190b55704b6e79255337
SERVER_HANDSHAKE_TRAFFIC_SECRET 4966a88fe7307ea832a492a08984eca616c1911c153e08bd28a612d6d8e41874 55ad5064e6920664738509310f4a50a61530692c592b01682331a724b227cd59
CLIENT_TRAFFIC_SECRET_0 4966a88fe7307ea832a492a08984eca616c1911c153e08bd28a612d6d8e41874 0293b9a3a7a288d5e7dda665faa7f029f596a801dade01b85706dc333e92b4bc
SERVER_TRAFFIC_SECRET_0 4966a88fe7307ea832a492a08984eca616c1911c153e08bd28a612d6d8e41874 5a1476656257ab85a53d99e4cd4abb4c62435dceba88708bf1c1730c24f02675
EXPORTER_SECRET 4966a88fe7307ea832a492a08984eca616c1911c153e08bd28a612d6d8e41874 a7bce45658b5ab1702066230fd1b1b7dd96216aacb2c56e105e80b8f98fb4dd9
CLIENT_HANDSHAKE_TRAFFIC_SECRET efc16ca411e56903466fcfd94bce28c658f3295ab8bc31c9cbb47c4aa5d4eb03 b2a408468cd0c9c283967c32903b57e115ca6af4c0a15e783ea06b8b671119e6
SERVER_HANDSHAKE_TRAFFIC_SECRET efc16ca411e56903466fcfd94bce28c658f3295ab8bc31c9cbb47c4aa5d4eb03 8173d06b90f8cd2b67760e9002479178e4dba396b21bca93a83c04447266ea95
CLIENT_TRAFFIC_SECRET_0 efc16ca411e56903466fcfd94bce28c658f3295ab8bc31c9cbb47c4aa5d4eb03 c0521be91ae82b639b25331174a13c3332593d41db80a057bfba5168dc9a1b86
SERVER_TRAFFIC_SECRET_0 efc16ca411e56903466fcfd94bce28c658f3295ab8bc31c9cbb47c4aa5d4eb03 fa1cd98e89868581f86bc725d9b9a08e3a32617d11b451028e33fa08fc81e35b
EXPORTER_SECRET efc16ca411e56903466fcfd94bce28c658f3295ab8bc31c9cbb47c4aa5d4eb03 1aebdf4da251c2aa3c6c31605f1c5885147e4caa4f70da24a1f4123bed0cdacd
CLIENT_HANDSHAKE_TRAFFIC_SECRET 08ab0b98900000beab03a411e89aaead916a4b906ad5e348ffb50faeb10ffccb d3f74e65411821adb70e0f7d6773151c404f06818dca4da3885b4089712f27a230eddf24cd0143d9c0f6e53eb83128b4
SERVER_HANDSHAKE_TRAFFIC_SECRET 08ab0b98900000beab03a411e89aaead916a4b906ad5e348ffb50faeb10ffccb afa16c16026728b680795f0d077f66fd52ece87cc35107bc4956947b704688489ab661383ec6821c91379e1af070e71b
CLIENT_TRAFFIC_SECRET_0 08ab0b98900000beab03a411e89aaead916a4b906ad5e348ffb50faeb10ffccb eb76ed2e1ac8efb4c0c63a274d7de1e81f6cf7f29341ceb6906563f1ebf0a80c8431b4ef8d3c2de7c391707959edc3b5
SERVER_TRAFFIC_SECRET_0 08ab0b98900000beab03a411e89aaead916a4b906ad5e348ffb50faeb10ffccb 8001f0aad385c192979c8becee13eb02c06aedc7973c17690b7daa372143c9ef90f4760cf21b5658f48af85229e49c9f
EXPORTER_SECRET 08ab0b98900000beab03a411e89aaead916a4b906ad5e348ffb50faeb10ffccb 6e8ddd8155f02e13ae4aacebf31c1567cb2a5451d39744ad5cc653ab713a006603c99e79e46fc2e867af90e317b55458
CLIENT_HANDSHAKE_TRAFFIC_SECRET ba2e2b28d8bc679e88ec5c07e2f379ffb090a7ec08dca9dae9144a37c8ba421d da99991329f1645ff359fed5a66135c50083ddbd308f99e97c8e6308415b5f53
SERVER_HANDSHAKE_TRAFFIC_SECRET ba2e2b28d8bc679e88ec5c07e2f379ffb090a7ec08dca9dae9144a37c8ba421d ce1a2b52fdc0031d078ed7959ededec7c0997c91c84fde9a93dc7e5c6d1a89a0
CLIENT_TRAFFIC_SECRET_0 ba2e2b28d8bc679e88ec5c07e2f379ffb090a7ec08dca9dae9144a37c8ba421d b5376c83b8e3477672fa2a0b53553282fe0449eb484a70f333116bac74676085
SERVER_TRAFFIC_SECRET_0 ba2e2b28d8bc679e88ec5c07e2f379ffb090a7ec08dca9dae9144a37c8ba421d aee8c7ffd20989ecaecae243f389204aa943d3a882ffe37c512547719bea6ef0
EXPORTER_SECRET ba2e2b28d8bc679e88ec5c07e2f379ffb090a7ec08dca9dae9144a37c8ba421d 0e503cfddb2a4af93b0d62df3e4b0c3f35966f73f520cd5d240956234e664c82
CLIENT_EARLY_TRAFFIC_SECRET aa3c64df3ae0a442f200be4b559ba8c1e451e555da1e4ea48fb1de80ec61c97b 9d482a6ce2eab96e8e83198218125cc26ca0b063c147125b39cb5cb27cfc08fc
CLIENT_HANDSHAKE_TRAFFIC_SECRET aa3c64df3ae0a442f200be4b559ba8c1e451e555da1e4ea48fb1de80ec61c97b bbd98526ce09a4bcdbb0fce9311f92f19fee53fb0a376cde444cc46ca79d6d9d
SERVER_HANDSHAKE_TRAFFIC_SECRET aa3c64df3ae0a442f200be4b559ba8c1e451e555da1e4ea48fb1de80ec61c97b 8d9d24bc4fd1dde46c1e46802fc7449a4f8d633d2834b62a7715f923c4bfa5e8
CLIENT_TRAFFIC_SECRET_0 aa3c64df3ae0a442f200be4b559ba8c1e451e555da1e4ea48fb1de80ec61c97b 24ecd298e1f70af3b564febeb86d784ab86d0c9499c40fb587d2b495b719e955
SERVER_TRAFFIC_SECRET_0 aa3c64df3ae0a442f200be4b559ba8c1e451e555da1e4ea48fb1de80ec61c97b 1c539506e971b1cf52a81dd04919c7e96c96894ed96145191926d5100f0e5fcf
EXPORTER_SECRET aa3c64df3ae0a442f200be4b559ba8c1e451e555da1e4ea48fb1de80ec61c97b e9446d3c1c1b6a87cb56334bc8ff50a2638cce7ab5b879daafff1823e31ae466
CLIENT_EARLY_TRAFFIC_SECRET 0797c1c5744f423a0fcb35b54bea88784a433e720a04826c50edfd3897aee564 a64df86483262324ac33526c1cc260529b8f93dddc0fe1d5d0eae517cacb5d09
CLIENT_HANDSHAKE_TRAFFIC_SECRET 0797c1c5744f423a0fcb35b54bea88784a433e720a04826c50edfd3897aee564 9866f52e765d3069c83d6db289f4d3919e4d637704d7ba97e38c6046dbd0203f
SERVER_HANDSHAKE_TRAFFIC_SECRET 0797c1c5744f423a0fcb35b54bea88784a433e720a04826c50edfd3897aee564 dd3a5b6962da4484c909c3f17aa79ed93fc5165e5c45c68f89e6bd3919ae3f3e
CLIENT_TRAFFIC_SECRET_0 0797c1c5744f423a0fcb35b54bea88784a433e720a04826c50edfd3897aee564 7783f4e6fa44fc6f138186b8c262669a3fa33bee5dcae7e90c0507ac2d775d88
SERVER_TRAFFIC_SECRET_0 0797c1c5744f423a0fcb35b54bea88784a433e720a04826c50edfd3897aee564 b368c371b8d3b4e1d5300b4905f29a5ed4ec47b96d6728d0a48c1b0c11e77275
EXPORTER_SECRET 0797c1c5744f423a0fcb35b54bea88784a433e720a04826c50edfd3897aee564 da6f3b78e20f713ec9ccf42f87d03403056a9249e16d48eb6a781e9f70acb196
CLIENT_EARLY_TRAFFIC_SECRET 838a08b7ba4c122ee5d28126ab43b0666d3b91ac29b8599b60b622bd0c09f734 365a6e0b5ac0b419d511e1aa5b2b778b447f0aa52dae2e4840a2a9df1215d75f
CLIENT_HANDSHAKE_TRAFFIC_SECRET 838a08b7ba4c122ee5d28126ab43b0666d3b91ac29b8599b60b622bd0c09f734 46f0d562464d415e551995339cedea3c4d2d923307c086cb28d31979ea015c9c
SERVER_HANDSHAKE_TRAFFIC_SECRET 838a08b7ba4c122ee5d28126ab43b0666d3b91ac29b8599b60b622bd0c09f734 a81528cd7d63c978d972b6c22a15a150f3af4d2d0c915bfc0975b84e23155213
CLIENT_TRAFFIC_SECRET_0 838a08b7ba4c122ee5d28126ab43b0666d3b91ac29b8599b60b622bd0c09f734 67286df021005bd8e84f8d73df987ffc059751a38c4184f9219c65e13737bf58
SERVER_TRAFFIC_SECRET_0 838a08b7ba4c122ee5d28126ab43b0666d3b91ac29b8599b60b622bd0c09f734 2f539cc21655cd1466e1194cbdfdea7f0bc63ac61f54cf02b882f578bc120b87
EXPORTER_SECRET 838a08b7ba4c122ee5d28126ab43b0666d3b91ac29b8599b60b622bd0c09f734 7c6354259bbde4b1c03f517b845edbeee7f3d5c424fe371173b0bf9ecbca9bf9
CLIENT_HANDSHAKE_TRAFFIC_SECRET 016b0c4489f13fb458ebba539c38a771ee5c993815594593dc4e662a05ab561a 57cf02e43804648f1cc2cbfc28f13adc043e0f1e6d67e560ac050cb8aa6f336ae155b6a0bfa4b41d7dba6b677a62b182
SERVER_HANDSHAKE_TRAFFIC_SECRET 016b0c4489f13fb458ebba539c38a771ee5c993815594593dc4e662a05ab561a bb6d1419c69f3c1bd757c5ad2af6973617688e1c7f383c6da420cecb57319802240708431700548fb3cc62586eb74565
CLIENT_TRAFFIC_SECRET_0 016b0c4489f13fb458ebba539c38a771ee5c993815594593dc4e662a05ab561a bc4f75f1bb6ac8a6fe42202dc6d68a4d7caa7af0aeedd6f20bd86244c6786c87467124b4704473d10da8fe9806ab418c
SERVER_TRAFFIC_SECRET_0 016b0c4489f13fb458ebba539c38a771ee5c993815594593dc4e662a05ab561a 7a9d01210bf4042078e3c255010bf51cecdc7f29098f571ef7fdf2eaa7a7de549ff02cf62771953c9adca52038316f24
EXPORTER_SECRET 016b0c4489f13fb458ebba539c38a771ee5c993815594593dc4e662a05ab561a 26a97c076a853fb5d9eac6f0097ff4c2072ecf83b6c315c55f6c9fda267608cf0649d10f7cac064ffea038f830bf9bf8
CLIENT_HANDSHAKE_TRAFFIC_SECRET 828ea9b169a27b90a9fccde09e6a708cd21a8d9db8b72a3545354bfe148f9161 4bbae7f0410d8759e88107e9b474b13f2888d2adce690f35d03c738e256bdd1b
SERVER_HANDSHAKE_TRAFFIC_SECRET 828ea9b169a27b90a9fccde09e6a708cd21a8d9db8b72a3545354bfe148f9161 c2e92b6830157cfaca378e79ad29ee885337c98498aa130e7835a6d38f704f22
CLIENT_TRAFFIC_SECRET_0 828ea9b169a27b90a9fccde09e6a708cd21a8d9db8b72a3545354bfe148f9161 eea75d44f285fd446be75ed0be831f301e31395cadb2728a20809910f8388cc3
SERVER_TRAFFIC_SECRET_0 828ea9b169a27b90a9fccde09e6a708cd21a8d9db8b72a3545354bfe148f9161 850268429e112f9aea986630c96222bf8d719fe5be7b56c0fd320e67104ea005
EXPORTER_SECRET 828ea9b169a27b90a9fccde09e6a708cd21a8d9db8b72a3545354bfe148f9161 656da865bc25f216034349422a3a235cf8673851a74c078ee987641acadaa0b7
CLIENT_HANDSHAKE_TRAFFIC_SECRET 1d5e55221b299bf9df41d04c85edc2dba7530a5331e4b2308f4b9e5a0e073638 ffae6e852d527784ba4eb894402f51a9597cbbadbf8fc2488d97753cb7e13907
SERVER_HANDSHAKE_TRAFFIC_SECRET 1d5e55221b299bf9df41d04c85edc2dba7530a5331e4b2308f4b9e5a0e073638 717235f8384749992fd82949773319c2ccb426f48e53a6a7042103342136298b
CLIENT_TRAFFIC_SECRET_0 1d5e55221b299bf9df41d04c85edc2dba7530a5331e4b2308f4b9e5a0e073638 4ff8aa6b14daa78b4a4f20ce45c62c6686279e46e2f750f51430585cbf7b172a
SERVER_TRAFFIC_SECRET_0 1d5e55221b299bf9df41d04c85edc2dba7530a5331e4b2308f4b9e5a0e073638 b622152d80b838e466a6fce80066d768ca11cf95012b14025ccc5cb19e22d3f9
EXPORTER_SECRET 1d5e55221b299bf9df41d04c85edc2dba7530a5331e4b2308f4b9e5a0e073638 6b08cb933e14bfcd9d075f0fddd65513ce7dc5d354b233813de0403c2514b3cc
CLIENT_HANDSHAKE_TRAFFIC_SECRET 1afca7a3419ed39c567c141ba730b220bc508e2866aecae3b3fc653c4f1f4cc9 c5f0a2e28a12b3f294a388506819c3862c04c801dccca35a41b15c378d887f1314562c6108b5b17f48194c2ddbab2ea2
SERVER_HANDSHAKE_TRAFFIC_SECRET 1afca7a3419ed39c567c141ba730b220bc508e2866aecae3b3fc653c4f1f4cc9 8ee7e03713319a3c055d905f512760dbc9d95c2d9651aa63f3dd6b975a4c2612ef972d77c69b34c47d8eacd0a1011360
CLIENT_TRAFFIC_SECRET_0 1afca7a3419ed39c567c141ba730b220bc508e2866aecae3b3fc653c4f1f4cc9 cdda3fad244cc4313a64cb9ab529daa2cc8945ae5ebdbe7b6ce85de4a3a517be0c598f18e93b80e98a188eeb7633c840
SERVER_TRAFFIC_SECRET_0 1afca7a3419ed39c567c141ba730b220bc508e2866aecae3b3fc653c4f1f4cc9 62d88737557fbc21508c81f4aaab70b626a259bd09eec20bc9a810baed1154ffca112348f29807f23d556d43c64cab38
EXPORTER_SECRET 1afca7a3419ed39c567c141ba730b220bc508e2866aecae3b3fc653c4f1f4cc9 c6d2d84dae29529cf8b115d50eea9d35a71bca91a5fea66ed9eecf5b1c410ec48c317379cbae85e5c3ed519f9dc73336
CLIENT_HANDSHAKE_TRAFFIC_SECRET 389e43337a22adbff6aa152387ce287b9d6b086fc9bf5b0ae21f8fe5c5fae90e 5c721350094bd471a7a98a5e1cd6af41b3d194604ddf6ad880a16268cd3af14d
SERVER_HANDSHAKE_TRAFFIC_SECRET 389e43337a22adbff6aa152387ce287b9d6b086fc9bf5b0ae21f8fe5c5fae90e 1d5c6277824f529a46821cc9e105f80a68031fb01d5f9910428839d7fc72394d
CLIENT_TRAFFIC_SECRET_0 389e43337a22adbff6aa152387ce287b9d6b086fc9bf5b0ae21f8fe5c5fae90e c66573f6856f395ba32674a0e132895d9627a115e6f1df739731dbb09c1e1305
SERVER_TRAFFIC_SECRET_0 389e43337a22adbff6aa152387ce287b9d6b086fc9bf5b0ae21f8fe5c5fae90e 41b08f98ba8ade98dc56b92218bf3bdd85bd615202c3022cf40e50351c0df5ef
EXPORTER_SECRET 389e43337a22adbff6aa152387ce287b9d6b086fc9bf5b0ae21f8fe5c5fae90e fe3c18ba99e4c75b3db573b49b055a79103f7cf2ab8d898e1b27bdee58744fb5
CLIENT_HANDSHAKE_TRAFFIC_SECRET 3ae56cdfcdab65624b3ee64b97f41b09a1aca0466f79200712d09d222dc7f9f2 68da08f03bdfc778210b7a1467c7f98e0bd8809f0b80dc7c5217bbe5b8b51e78
SERVER_HANDSHAKE_TRAFFIC_SECRET 3ae56cdfcdab65624b3ee64b97f41b09a1aca0466f79200712d09d222dc7f9f2 5619f2f8582f7eaf4b358fadefbac236a802bfcf49543059dbc1ea33b91e444b
CLIENT_TRAFFIC_SECRET_0 3ae56cdfcdab65624b3ee64b97f41b09a1aca0466f79200712d09d222dc7f9f2 aeef8dba111f0cbde5d2b4f5ca0532ecd8898446cd6a4702da086a1ddb17725c
SERVER_TRAFFIC_SECRET_0 3ae56cdfcdab65624b3ee64b97f41b09a1aca0466f79200712d09d222dc7f9f2 26ca4465e005265b14de109aa4c4ea431e4dcbb6ea1e162ea7c54d3468ed3038
EXPORTER_SECRET 3ae56cdfcdab65624b3ee64b97f41b09a1aca0466f79200712d09d222dc7f9f2 f667fd75636782022753028be050f17fb4f0f48608213342f9179cb7ce059f52
CLIENT_HANDSHAKE_TRAFFIC_SECRET c0c76770528d2ae10dab137fbfb1666d28b31bf3870023603d0eab67054db553 fe9d02bb990dd69bc1c2c195cb2e8e37654a580b8fb9750c7d14a02827295dbd603f5f32eb37fbcaa63952228de8158c
SERVER_HANDSHAKE_TRAFFIC_SECRET c0c76770528d2ae10dab137fbfb1666d28b31bf3870023603d0eab67054db553 9bb4bf3a353c7d362ad03082348aa5d97dd29054512f2100cbb1d646539c6bd2c97a5459c103ec8f217cc422f5914f76
CLIENT_TRAFFIC_SECRET_0 c0c76770528d2ae10dab137fbfb1666d28b31bf3870023603d0eab67054db553 606534e05190747944e126e079b2335ba311259c75c84490c336137ca23920dc6a9d8990c527ab08040ae4c69caa58e4
SERVER_TRAFFIC_SECRET_0 c0c76770528d2ae10dab137fbfb1666d28b31bf3870023603d0eab67054db553 4b66d1376100c89f0511f236c415bf528ed68585ab2ea9f6b92ae4c645b733f0815fc387e10eea306e27ba854c958a1d
EXPORTER_SECRET c0c76770528d2ae10dab137fbfb1666d28b31bf3870023603d0eab67054db553 390ed74b4db835147ccb2fbd3c90de6852150f5585db1739b0f902a3f51a15c733a2b8870d4ff10f56522f41c4145d4a
CLIENT_HANDSHAKE_TRAFFIC_SECRET d3252681b68c896593c2d645f1fce30beedb07f611bab18a71f24b9a07cd98e6 4b0c8449c2851988c5a4efdad16e43f209bd73359a30d1373a4a5852b98052a0
SERVER_HANDSHAKE_TRAFFIC_SECRET d3252681b68c896593c2d645f1fce30beedb07f611bab18a71f24b9a07cd98e6 352f68c9c6c5f304de2364060fcb921402589483f47002129eed946226b3c058
CLIENT_TRAFFIC_SECRET_0 d3252681b68c896593c2d645f1fce30beedb07f611bab18a71f24b9a07cd98e6 884353c8b283c8425af46ca3d8a44563d1faaaee11d159e64de443ad2cf988f6
SERVER_TRAFFIC_SECRET_0 d3252681b68c896593c2d645f1fce30beedb07f611bab18a71f24b9a07cd98e6 26512f563fe8034a76c34b027156a363dae9a247dbcfbd6dda3f387ebdf1bd25
EXPORTER_SECRET d3252681b68c896593c2d645f1fce30beedb07f611bab18a71f24b9a07cd98e6 47a0507222eaa7a65b6718ccf5d266c7aaf2e07c47e2afe2d78b69ef9268074a
CLIENT_HANDSHAKE_TRAFFIC_SECRET 964912055302c7e06bd76cb6e205428ad762a5943b7544b2f229b24fbe0fdbd0 fd6d42555b40c4c7bc362516c0a184f28e3a7d59abefdc3f8aadebc2230c71a1
SERVER_HANDSHAKE_TRAFFIC_SECRET 964912055302c7e06bd76cb6e205428ad762a5943b7544b2f229b24fbe0fdbd0 29efeedc2a458157393732d2d1d0a88e40bdb73ae7c64208e5e970b83af47a07
CLIENT_TRAFFIC_SECRET_0 964912055302c7e06bd76cb6e205428ad762a5943b7544b2f229b24fbe0fdbd0 1f8c637a679915be4e54110edb07c4d36a57c5bffe0042261f0a5c855ad2ea6c
SERVER_TRAFFIC_SECRET_0 964912055302c7e06bd76cb6e205428ad762a5943b7544b2f229b24fbe0fdbd0 dd34e4c0114539cb0bfa355c456c74b8fdb2060fb80529100b1d1c4faf0fdfe4
EXPORTER_SECRET 964912055302c7e06bd76cb6e205428ad762a5943b7544b2f229b24fbe0fdbd0 444c7acdd548d5b228e16a688ec8f2af21879f9d25721a87edc00f216e8096e7
CLIENT_HANDSHAKE_TRAFFIC_SECRET 0d792fdd912f619f471ca66707a6c7f9fba762546fd1905b19f1b5261764ead2 75cda0af1f96b8caa0e1bcbdfa0a7332b8479e43e75cfd65826c9c2d217c1906e241de26c17b2fa923f591a41ed1e0eb
SERVER_HANDSHAKE_TRAFFIC_SECRET 0d792fdd912f619f471ca66707a6c7f9fba762546fd1905b19f1b5261764ead2 70f120d90e720070b314f8b7d9e07ed998f428dae098fe5510d5849efff08f9570e95c632f395444f52efac56c310125
CLIENT_TRAFFIC_SECRET_0 0d792fdd912f619f471ca66707a6c7f9fba762546fd1905b19f1b5261764ead2 3417780c4ed28366579d8dba97530f3305394091883a5e914cf664c46f1b388ebef6bc92907b525454e420049df54468
SERVER_TRAFFIC_SECRET_0 0d792fdd912f619f471ca66707a6c7f9fba762546fd1905b19f1b5261764ead2 e13afd5220ce504fde992e9ffaf379d2a052ae38ffa9642d08485e4f50d1fcf4f0723237e5b18348fcbb845a4a0f49da
EXPORTER_SECRET 0d792fdd912f619f471ca66707a6c7f9fba762546fd1905b19f1b5261764ead2 f106a3dea976ef30066b0be991c803243885dd2ddc5100a60783b6a444d3f8892421427c0797617e6a195e8b55249bbc
CLIENT_HANDSHAKE_TRAFFIC_SECRET 283750e1d2d2d35ff304e397aa57ba4c08bebaa6c88453eff8b5238024376946 876ea3272cc3c9461af50116100009c36daf4991b1351452846543a8b0f87136
SERVER_HANDSHAKE_TRAFFIC_SECRET 283750e1d2d2d35ff304e397aa57ba4c08bebaa6c88453eff8b5238024376946 74e3830ebbba39e81f0173931fc8c408070154222a31cc7b6e181cad4b089247
CLIENT_TRAFFIC_SECRET_0 283750e1d2d2d35ff304e397aa57ba4c08bebaa6c88453eff8b5238024376946 324313380ae4e88c38f60747acfd29cfe0270187c46ef829cbd12992cddaf7ee
SERVER_TRAFFIC_SECRET_0 283750e1d2d2d35ff304e397aa57ba4c08bebaa6c88453eff8b5238024376946 f676e19cdcd539c7461aeec38bd8900a03a0ad0e155a07573e5d95ca0d90396a
EXPORTER_SECRET 283750e1d2d2d35ff304e397aa57ba4c08bebaa6c88453eff8b5238024376946 1566d5be92e8e087a325b0f2880f70ea4460c0dd422ff8b95f73aefe205c2b8f
