CLIENT_HANDSHAKE_TRAFFIC_SECRET 89b9c803501f3c104b32b3a641b9fb9789a5832e72396908c231175d5774eb98 3dea26c59fe940f147f4105c11ed0f3204f08db80f1448e89c32654846ac0208
SERVER_HANDSHAKE_TRAFFIC_SECRET 89b9c803501f3c104b32b3a641b9fb9789a5832e72396908c231175d5774eb98 f01926fc6484be54e6f0e27bbfed59778a53c1df0e0b4184b80ccef0cfdd48d0
CLIENT_HANDSHAKE_TRAFFIC_SECRET a771ed61ba040b60b273dddfbe76a6340c0b2a34dbc7b2102e01f16984bbb144 5aeb97c1797833c71f4d686070e59d302d9ad9c3368319e06e135ce30c2c7530afb3c8c0bd0c41d3c11be1df2b872639
SERVER_HANDSHAKE_TRAFFIC_SECRET a771ed61ba040b60b273dddfbe76a6340c0b2a34dbc7b2102e01f16984bbb144 b05098bc588687f0f8f95c5e01d6b0dea6768c5623fded8c801e9f6e9f69a4fe0493ceef4b85a055b5e2829d94883b2d
CLIENT_HANDSHAKE_TRAFFIC_SECRET aa86879e2c57b270af94b2fa60f008b34231ca1e26754c61a3a2590753a28be9 cf51d5a32b77e62fe65d45d8a6acc7739daaa4d692464a55a07e2feaf9fac30c
SERVER_HANDSHAKE_TRAFFIC_SECRET aa86879e2c57b270af94b2fa60f008b34231ca1e26754c61a3a2590753a28be9 e04b12e1be9ba8c975e5046e74f29bcefdfe1a9ff9924ead3462022caa96cc5f
CLIENT_TRAFFIC_SECRET_0 a771ed61ba040b60b273dddfbe76a6340c0b2a34dbc7b2102e01f16984bbb144 551b24a835081f21cce93b8c63c3ac21236ad7ed26790ee8494febde49480368561081fc9dddba353f5fabb60bc98a17
SERVER_TRAFFIC_SECRET_0 a771ed61ba040b60b273dddfbe76a6340c0b2a34dbc7b2102e01f16984bbb144 58b80be841521f9b50582a4e51b76485976609bd02d6648c81c5d894b1e7525e8ec61a3380898e2f37ba0d7bb472ea1d
EXPORTER_SECRET a771ed61ba040b60b273dddfbe76a6340c0b2a34dbc7b2102e01f16984bbb144 8b13c08fc5ae24edf0263435a26324fa9b7953a1e2afe5493e7dc4ecf5c4fd1a87bad60a24234ecc934b14f78db08345
CLIENT_HANDSHAKE_TRAFFIC_SECRET e448b6303c0f282abf96c4e0e4a2e06862cef6187b61722d48dbcb2c62365d14 f4a9bd3f0b1ca756963fba290d3b7c6952014790459ee3a6a506bafd3e6184f7
SERVER_HANDSHAKE_TRAFFIC_SECRET e448b6303c0f282abf96c4e0e4a2e06862cef6187b61722d48dbcb2c62365d14 86fd4632066e669857b8e3b2f63c62d0c2f24526ee5c07dfde0db98ba9a4555d
CLIENT_HANDSHAKE_TRAFFIC_SECRET 653e405ebbf64680c4b29a5b66d9380b03cf9ab12c4fb0a58489bc615a5d992a d93672dcddcf97bd8616a82f7ee40d57bffc9c02bb4df8bf4dc2af4af6e7a5e4
SERVER_HANDSHAKE_TRAFFIC_SECRET 653e405ebbf64680c4b29a5b66d9380b03cf9ab12c4fb0a58489bc615a5d992a 27f6127b53e337e9d4f3a4502d8f9381f64563df367e30ba1717b26e662e06e4
CLIENT_TRAFFIC_SECRET_0 89b9c803501f3c104b32b3a641b9fb9789a5832e72396908c231175d5774eb98 80dfd491dce5104caae891e3e687849326414bc1b7b9b6daf796a70772062123
SERVER_TRAFFIC_SECRET_0 89b9c803501f3c104b32b3a641b9fb9789a5832e72396908c231175d5774eb98 f3dc6e1fe978e4146e5d380e8752796f845256ad0b0cc3fcd835fe7c88bfd5ac
EXPORTER_SECRET 89b9c803501f3c104b32b3a641b9fb9789a5832e72396908c231175d5774eb98 e26aa7e2604186abfcd0b75bb07d615cf9ceb235515de7f7940f1e481d53cfa5
CLIENT_TRAFFIC_SECRET_0 e448b6303c0f282abf96c4e0e4a2e06862cef6187b61722d48dbcb2c62365d14 daf28e6349de147f1f1c42fc02e61308cc45f2412ae7ff988a27093ea28f96c8
SERVER_TRAFFIC_SECRET_0 e448b6303c0f282abf96c4e0e4a2e06862cef6187b61722d48dbcb2c62365d14 65f4ed55d96ff347771ef81269de26875cb1651c1cd51222a8c37f5efb728bf8
EXPORTER_SECRET e448b6303c0f282abf96c4e0e4a2e06862cef6187b61722d48dbcb2c62365d14 720ec658ce81af634057ecb76db014df33dccc5408be281d923e7bfbc47d68b2
CLIENT_TRAFFIC_SECRET_0 aa86879e2c57b270af94b2fa60f008b34231ca1e26754c61a3a2590753a28be9 7ab461e61b57443fe14fe25d023b251ecff2f7d809e1246224d4d2223ddc1367
SERVER_TRAFFIC_SECRET_0 aa86879e2c57b270af94b2fa60f008b34231ca1e26754c61a3a2590753a28be9 1a87d40adbf56c3726f0ac464dbd26ae4fe471580af6144c6d28872270dbab9a
EXPORTER_SECRET aa86879e2c57b270af94b2fa60f008b34231ca1e26754c61a3a2590753a28be9 088aa11a0a4f2defc6d578193281f7b75414dc71f1fed13cef5b723c714d6ab8
CLIENT_TRAFFIC_SECRET_0 653e405ebbf64680c4b29a5b66d9380b03cf9ab12c4fb0a58489bc615a5d992a afe768a45e8ba4b412dd6996e8121543e83b91456cdc986ac380afa74cd47fec
SERVER_TRAFFIC_SECRET_0 653e405ebbf64680c4b29a5b66d9380b03cf9ab12c4fb0a58489bc615a5d992a db2b818b4fea6cb8a50d99235969c8bc514547662bff6af2461274c7b7915989
EXPORTER_SECRET 653e405ebbf64680c4b29a5b66d9380b03cf9ab12c4fb0a58489bc615a5d992a 8bb15c45ba131685a60546f8a9e2227c24b31eb7b9bf68481d7b72cadd175a68
CLIENT_HANDSHAKE_TRAFFIC_SECRET 689c71fb71352386c51a26088569ee6e9f12943100769d2c971fddfc3d707566 f25719f1a19a7c21d1d2ed81209d095efc3a65e94f4e2a84531642d8a0c3af81
SERVER_HANDSHAKE_TRAFFIC_SECRET 689c71fb71352386c51a26088569ee6e9f12943100769d2c971fddfc3d707566 7d2ba84d0f27a0a3b37cb0a07078ac792b8fbfdee8fefe0f8957f689043c79ec
CLIENT_TRAFFIC_SECRET_0 689c71fb71352386c51a26088569ee6e9f12943100769d2c971fddfc3d707566 93aecfa8f056314a631c13a30fa9800a79f2c05e8885b12a4a9fae7c77f03389
SERVER_TRAFFIC_SECRET_0 689c71fb71352386c51a26088569ee6e9f12943100769d2c971fddfc3d707566 46d21b51ddd1d31c918e7124ea26566159af67e546f5514ce2e92e9f4e44af24
EXPORTER_SECRET 689c71fb71352386c51a26088569ee6e9f12943100769d2c971fddfc3d707566 7beaf450ff24c87b708d508b5063babe432bd02126af591e90a331c2db6f29e6
CLIENT_HANDSHAKE_TRAFFIC_SECRET 0a32e83b40b5134c5c023a9bf37720f1376fae999451855260d7441e24696af0 9339f19a19cab9d5665b0dbfbcbd56e76b3730738aa1004158f47b60ce71950f
SERVER_HANDSHAKE_TRAFFIC_SECRET 0a32e83b40b5134c5c023a9bf37720f1376fae999451855260d7441e24696af0 3fc16663fcea3b06800c86e964922ecddd9ae31572cd68cce6c90f97bde901cd
CLIENT_TRAFFIC_SECRET_0 0a32e83b40b5134c5c023a9bf37720f1376fae999451855260d7441e24696af0 c1a648f6e67e071b04a409b43d04ec4f34ff280b9d9256080f179b33490a373a
SERVER_TRAFFIC_SECRET_0 0a32e83b40b5134c5c023a9bf37720f1376fae999451855260d7441e24696af0 16147fe61ab504bd791ff77ed2dc0a0dd7776825a0b921719659d11736ada915
EXPORTER_SECRET 0a32e83b40b5134c5c023a9bf37720f1376fae999451855260d7441e24696af0 94771060a57ea630b0f99ae62f57e17dac92834ab8c2a2ce5fd22121dd3cf069
CLIENT_HANDSHAKE_TRAFFIC_SECRET d64ce99d74b6bf07b366e738041e4d38c8686edaab0ccf02239418a5f197b0c6 2746751cf3500aea999ab00a29da5fcc1978646b65823feb085fd603187167f2
SERVER_HANDSHAKE_TRAFFIC_SECRET d64ce99d74b6bf07b366e738041e4d38c8686edaab0ccf02239418a5f197b0c6 9a9833052d01bdfd00a080741fd0e8a5a403c28e59246c22fa449b4b27bc5d31
CLIENT_TRAFFIC_SECRET_0 d64ce99d74b6bf07b366e738041e4d38c8686edaab0ccf02239418a5f197b0c6 81001fa39ed6355fb5cb3916c47c5d8269747525f79e599b5d9159ad3346b18b
SERVER_TRAFFIC_SECRET_0 d64ce99d74b6bf07b366e738041e4d38c8686edaab0ccf02239418a5f197b0c6 18fcd213eabc08ea907de959e00c81739eccbdb33ef5fa430afc63a0c56e5b04
EXPORTER_SECRET d64ce99d74b6bf07b366e738041e4d38c8686edaab0ccf02239418a5f197b0c6 fcf6364c81160c6b15a07bfc17694b46aad347041418716dd83ec5f87ff73d34
CLIENT_HANDSHAKE_TRAFFIC_SECRET df08bdf9e61ca54b752487edb015b5242240b577267416eb08940ac076422075 39c875f0519dc0a5a4ffc5a0c9078dbc821b176356532c8256796afc643eda5aabebf0e763190ac78c9701f998e5c6d8
SERVER_HANDSHAKE_TRAFFIC_SECRET df08bdf9e61ca54b752487edb015b5242240b577267416eb08940ac076422075 050586b9baa84ab17e75d5c39e5db13392ac176fcb9958750905ecbe45f0d34ade338f52908ed14b351965522e792cbc
CLIENT_TRAFFIC_SECRET_0 df08bdf9e61ca54b752487edb015b5242240b577267416eb08940ac076422075 2a6b6d8aa2d4a97f39f907dc44d5d7bc8bc7fbfb7d0736c71568919eee697720df777d94e80e4a452743288724a10cca
SERVER_TRAFFIC_SECRET_0 df08bdf9e61ca54b752487edb015b5242240b577267416eb08940ac076422075 814cf8f5576c75d4daace3f444d6428a3365d37c6744f56b7d12a21068557f0e541f5657c9a1cb635f4f9c405b5dd2ce
EXPORTER_SECRET df08bdf9e61ca54b752487edb015b5242240b577267416eb08940ac076422075 3fc9eb3359d0c7e866918e076331718ec60560e5c9f8bcf3452a045fc8d8fc73cb535fe10dbb235ed3ec5a5d580a7784
CLIENT_HANDSHAKE_TRAFFIC_SECRET 2afda335d933cb30ef42f9647a872c49c7768d845c0d38be2c95075e1598c283 8d1dc542bbc2c6a2145ae8a8af250f7386fa68657aa1824681e12d2984d540a5
SERVER_HANDSHAKE_TRAFFIC_SECRET 2afda335d933cb30ef42f9647a872c49c7768d845c0d38be2c95075e1598c283 594c9a7be7d5eaf0b255cbf7209695a2fd6779bc5967ab67efa3f53f3976fe7f
CLIENT_TRAFFIC_SECRET_0 2afda335d933cb30ef42f9647a872c49c7768d845c0d38be2c95075e1598c283 89078653219ed14755f724b85934bacb454cb6bb6fb042461619a99323f45ecc
SERVER_TRAFFIC_SECRET_0 2afda335d933cb30ef42f9647a872c49c7768d845c0d38be2c95075e1598c283 58a5d4353fcafdb21f2a91271adbcb6a084d93e530e447e6f5765cb73ae9c3fb
EXPORTER_SECRET 2afda335d933cb30ef42f9647a872c49c7768d845c0d38be2c95075e1598c283 a1ed728d55d71f81b4210e674e8401415938aa7ac000a73514f5534767d3eb24
CLIENT_HANDSHAKE_TRAFFIC_SECRET 82431af9c4f29df6e0c9d5823302bfe9d5b1142601cd93c58b709acbd446cba0 3ecd1909beb028cd4b93db0b9fe2eae3175c3a9ef06db73cabd7eea6792ed99d
SERVER_HANDSHAKE_TRAFFIC_SECRET 82431af9c4f29df6e0c9d5823302bfe9d5b1142601cd93c58b709acbd446cba0 294ebea3b2b3cc5648551dac76bfcd74abebd5b52d88f11283d4c7dd13525b6a
CLIENT_HANDSHAKE_TRAFFIC_SECRET 6ec8e09472a6c28854db311b4f89e6d93beeb8e7ab094d84c4c7f4c6345db0ec 97ca14ef5a4fff55131a97d085d226e983b09b263571ac7d1c7f30c5b204502e
SERVER_HANDSHAKE_TRAFFIC_SECRET 6ec8e09472a6c28854db311b4f89e6d93beeb8e7ab094d84c4c7f4c6345db0ec 50615d8d7916dbb464d013bb62433f34531af2794e9c4a3948a13530c1b33ac9
CLIENT_TRAFFIC_SECRET_0 82431af9c4f29df6e0c9d5823302bfe9d5b1142601cd93c58b709acbd446cba0 26f5d68b0c2faa2bbede517293980ae273348e7d1dd6ea8b9ba2968152cee1d4
SERVER_TRAFFIC_SECRET_0 82431af9c4f29df6e0c9d5823302bfe9d5b1142601cd93c58b709acbd446cba0 7065836973add973f6c61c72af4029c647e871c2481f15662b3cc66d5c24e658
EXPORTER_SECRET 82431af9c4f29df6e0c9d5823302bfe9d5b1142601cd93c58b709acbd446cba0 043f75c1aabe2a13f2d9ef3e5241b7e0b8d8f382a4464d599850ec02f1455f4b
CLIENT_TRAFFIC_SECRET_0 6ec8e09472a6c28854db311b4f89e6d93beeb8e7ab094d84c4c7f4c6345db0ec fa58bde8a440ca526a4714e8b8ca096d26556dd0dd5c98a3b92947c802afc586
SERVER_TRAFFIC_SECRET_0 6ec8e09472a6c28854db311b4f89e6d93beeb8e7ab094d84c4c7f4c6345db0ec 2becdf4823d864d5cb6dc78d99d862892ca74ba1a72b9caf0142ece6bd63f923
EXPORTER_SECRET 6ec8e09472a6c28854db311b4f89e6d93beeb8e7ab094d84c4c7f4c6345db0ec 2fb7ada93852169da27d6baff0e9ceb3d183766aa72acc6b2b90451d6b79de8e
CLIENT_HANDSHAKE_TRAFFIC_SECRET c4b31933b767b2cf6440f43ce34e7f96ac4f20fcb534acedc6fe5bbefc4cc4b2 c47ff4c781364ba736e608b624e7afae944bc7c9a9e389958ff7b341d58a2f0d
SERVER_HANDSHAKE_TRAFFIC_SECRET c4b31933b767b2cf6440f43ce34e7f96ac4f20fcb534acedc6fe5bbefc4cc4b2 bf85908ced3f7bc30900b412604eac3f473bca61c493e4c8b97c68ee98731c64
CLIENT_TRAFFIC_SECRET_0 c4b31933b767b2cf6440f43ce34e7f96ac4f20fcb534acedc6fe5bbefc4cc4b2 ccfd982037c3efa529483aa4b3e6bd282b74201e1a5577ffccf4c93ac3b9b9dc
SERVER_TRAFFIC_SECRET_0 c4b31933b767b2cf6440f43ce34e7f96ac4f20fcb534acedc6fe5bbefc4cc4b2 c8ed169f050c5527ce654b54b04a7334eaabe24313f23680c96189a750f628b0
EXPORTER_SECRET c4b31933b767b2cf6440f43ce34e7f96ac4f20fcb534acedc6fe5bbefc4cc4b2 20a0ac7fabf0aa7dfd2f2c937f4d0fd78b30b2ae5d0f5358990f43047aab0f03
CLIENT_HANDSHAKE_TRAFFIC_SECRET d2a20db9ea904c1c5d41d739d12d5f3d0d61d7f58f9ce6deea591aaf8ecf2940 a45d6bdb6eb80d1fd6455ba02d1af6a9bff53b187999be10acd3cc30d0fc70e8
SERVER_HANDSHAKE_TRAFFIC_SECRET d2a20db9ea904c1c5d41d739d12d5f3d0d61d7f58f9ce6deea591aaf8ecf2940 22af348e345fe42f3f070cd6ecf8d7e028cf07298f233a555a878214d5cf8a1f
CLIENT_TRAFFIC_SECRET_0 d2a20db9ea904c1c5d41d739d12d5f3d0d61d7f58f9ce6deea591aaf8ecf2940 7014586e1046a4efab0a4bd26242241c1f80930cd7660e59fce0d3ba952d7f6c
SERVER_TRAFFIC_SECRET_0 d2a20db9ea904c1c5d41d739d12d5f3d0d61d7f58f9ce6deea591aaf8ecf2940 87cf08a576d185df8ca139d38cfeb122358cf796ec57da9ed5976575beac41ce
EXPORTER_SECRET d2a20db9ea904c1c5d41d739d12d5f3d0d61d7f58f9ce6deea591aaf8ecf2940 da2135424baebbf944c86225ac200a98c197703a5147f468e4dbeb971a8af24e
CLIENT_HANDSHAKE_TRAFFIC_SECRET ccb7a572871aa8acdc58f5e6c5b59494a83002d614408ef1e1df9eede1d902bc 610962491871a11464d85ecfcd44f39c63fd0d21cb9d3d287c0bf25a953ff27f
SERVER_HANDSHAKE_TRAFFIC_SECRET ccb7a572871aa8acdc58f5e6c5b59494a83002d614408ef1e1df9eede1d902bc abe7251ffda33cdfd88fad8cf0a549384922da31f3dc35d826e5ef5feb0e9940
CLIENT_TRAFFIC_SECRET_0 ccb7a572871aa8acdc58f5e6c5b59494a83002d614408ef1e1df9eede1d902bc 382f29e4852b7a9896a4d7cd140b2cf522e9540f65f71d0757f91ec0e41ddfd8
SERVER_TRAFFIC_SECRET_0 ccb7a572871aa8acdc58f5e6c5b59494a83002d614408ef1e1df9eede1d902bc ee882bf103d4896b4c7a36eef0630391baa1a3b84b0f636cf624911b756242c5
EXPORTER_SECRET ccb7a572871aa8acdc58f5e6c5b59494a83002d614408ef1e1df9eede1d902bc 204502d462785907ef0b16b0b58a3bbe4f5b9cad519bb08cd6083eaaf728616e
CLIENT_HANDSHAKE_TRAFFIC_SECRET b47c8cbe032240de1fdd5466b9e6a596be5bc1e7b7771e9827939bf3d226dc7d 94830d19ca523339e691bffdbf2e17b13317b31071c3c801225073d442818c57
SERVER_HANDSHAKE_TRAFFIC_SECRET b47c8cbe032240de1fdd5466b9e6a596be5bc1e7b7771e9827939bf3d226dc7d 5073e5b8c00c36815708c9cbd401ea699a4e7e0a8ab3a4b9adf7dd3da83504ea
CLIENT_TRAFFIC_SECRET_0 b47c8cbe032240de1fdd5466b9e6a596be5bc1e7b7771e9827939bf3d226dc7d e378fca05adaecf9f53fc12cede2fb467747907836f6f606ee82f0d05f00f8fd
SERVER_TRAFFIC_SECRET_0 b47c8cbe032240de1fdd5466b9e6a596be5bc1e7b7771e9827939bf3d226dc7d 2f7d2b4f22891b1380529f980ff41e6af0298827e9973244b5a553877b255918
EXPORTER_SECRET b47c8cbe032240de1fdd5466b9e6a596be5bc1e7b7771e9827939bf3d226dc7d c1c22f5a555583d2343ee977a7e9b75c74e0f6ee52bed0d30f575655e9a51af8
CLIENT_HANDSHAKE_TRAFFIC_SECRET c7d207ab3ff96b7d679007f5ac2bfc12da0930b7e5f523987bc937571dce958b 194a00b342ac8e322c2b8420229e55702c3668bb24a3e93be947291f8e867600
SERVER_HANDSHAKE_TRAFFIC_SECRET c7d207ab3ff96b7d679007f5ac2bfc12da0930b7e5f523987bc937571dce958b 66c0ff095ab53a8b3ccbe7abe2ce0bdc011d9f60dbf6c5db9b8ff7f87728654d
CLIENT_HANDSHAKE_TRAFFIC_SECRET a858e08f29eb8e16d63fdebff6674c553ef4c1869ac546259debf317c5a58d9f 71d6cbff0f06153b3d05ae23c3320c966c58fbfa56eccea3a87a2b7064626d0af26170af70421d009d369ceeede93af5
SERVER_HANDSHAKE_TRAFFIC_SECRET a858e08f29eb8e16d63fdebff6674c553ef4c1869ac546259debf317c5a58d9f cec8d0f4480db63f802dc1c5d68daf29d848206a3c506951a9bb5420818b3142baa148af23a81eaa5c79e2dd39231929
CLIENT_EARLY_TRAFFIC_SECRET 00711bc71fead95e237f24224e14425392572dbbadba2e39362c1cb6a41eacab d98debac2b129c809e5a2a9823b449c9d989656550ebe799f5172df51b02b33b
CLIENT_HANDSHAKE_TRAFFIC_SECRET 00711bc71fead95e237f24224e14425392572dbbadba2e39362c1cb6a41eacab 09f483e6a71a0c25873221990f9ca70f00b6c6b47abc1e962611ff7b71a4c4f5
SERVER_HANDSHAKE_TRAFFIC_SECRET 00711bc71fead95e237f24224e14425392572dbbadba2e39362c1cb6a41eacab 9de9ca6dde95f019bb1d2d33b845cd5d5086eebb04a2508a4272c1991b4374bb
CLIENT_HANDSHAKE_TRAFFIC_SECRET 57dfd48904896811a2f84b88a1a54a0e86dc6ed116347552cf34da7fb731e03f 40749583a7951535cc813286f63e2a203de298f5a32bcf0cd5ca3ebcdf836f7a566ac721690f48690a47f10b663e42fb
SERVER_HANDSHAKE_TRAFFIC_SECRET 57dfd48904896811a2f84b88a1a54a0e86dc6ed116347552cf34da7fb731e03f d2b61636518f87ad7b6325e82c4548268c34f0498e96c295ecd0aeafb9546a4c634f619360c02374545414dcf90c28ee
CLIENT_TRAFFIC_SECRET_0 00711bc71fead95e237f24224e14425392572dbbadba2e39362c1cb6a41eacab 7bafe1331219a78ee085485653778d50f12521f87cb6d822fcf302c6ccf09f80
SERVER_TRAFFIC_SECRET_0 00711bc71fead95e237f24224e14425392572dbbadba2e39362c1cb6a41eacab 45d67b842320121d14adeb419b8543c5117cea554ce530ee97f9e17d56841dbd
EXPORTER_SECRET 00711bc71fead95e237f24224e14425392572dbbadba2e39362c1cb6a41eacab 6517c297f09e81b28081380f7343d2c37bfb3cdf563a98e34a1e6f228fc72357
CLIENT_TRAFFIC_SECRET_0 a858e08f29eb8e16d63fdebff6674c553ef4c1869ac546259debf317c5a58d9f b2bd2ec071fc1514aa48db2306cb5cabd68b43fd50b6244dcd96abc017389f2ffb36e5154e671db4b42f717812188d46
SERVER_TRAFFIC_SECRET_0 a858e08f29eb8e16d63fdebff6674c553ef4c1869ac546259debf317c5a58d9f 5d19dac1c7acd1f9f3a03b3d69c6391e894e04a376c01e3affcab63a4a85075bf95c7d24a7fc5629c2d07768b6f3783f
EXPORTER_SECRET a858e08f29eb8e16d63fdebff6674c553ef4c1869ac546259debf317c5a58d9f 0da65c099d61062e9c6659763e5280a5a140cdc9b6cf3b6903e7d6ee8b6a7c9d4466c10e915ac2e0274da1f70b22f854
CLIENT_TRAFFIC_SECRET_0 57dfd48904896811a2f84b88a1a54a0e86dc6ed116347552cf34da7fb731e03f 5f608d660c804335f8059691f3ef399e93af9f699109ef8e3cc6fd6a1bc0ea08092ec81f9308ba4ab1af09ae58c2023a
SERVER_TRAFFIC_SECRET_0 57dfd48904896811a2f84b88a1a54a0e86dc6ed116347552cf34da7fb731e03f c844ee52db1d2615686e00cbdcb1bb8cdf1a2c23a1d994ac536d134d48fcd016569ef437f18b7c1754f171c000a7a84f
EXPORTER_SECRET 57dfd48904896811a2f84b88a1a54a0e86dc6ed116347552cf34da7fb731e03f 49ca5b173c6bef7cd1d69bb907bfc7130d88a57d1aba877382eb1555b24fedb11ff56189b6a87d2194409bc8021acfa1
CLIENT_TRAFFIC_SECRET_0 c7d207ab3ff96b7d679007f5ac2bfc12da0930b7e5f523987bc937571dce958b 0cf166d1e6de4f5519b96034e5a23fbbb7482d3ee7af247187294f375eb1ce43
SERVER_TRAFFIC_SECRET_0 c7d207ab3ff96b7d679007f5ac2bfc12da0930b7e5f523987bc937571dce958b bc68bc9c96b82e9f1e6aa5e9ef29f4dbddb15245c5ca5ef8f32a5e273247519f
EXPORTER_SECRET c7d207ab3ff96b7d679007f5ac2bfc12da0930b7e5f523987bc937571dce958b b3c7b464d4c762069e863a24db263a0a282e21d7e349069ac5badc8558351807
CLIENT_HANDSHAKE_TRAFFIC_SECRET 640e6a76669c77f6126814ed764102dc4536fd6caadff73f21c2b8586085e5f1 46affe5724dd3c327ac4281515541d91e3b7ffc25bc298b0a363f103cf2491c0
SERVER_HANDSHAKE_TRAFFIC_SECRET 640e6a76669c77f6126814ed764102dc4536fd6caadff73f21c2b8586085e5f1 38883a72d6567db625f03113e210999c1c35fffa03b8433cc2202f9525fe234a
CLIENT_HANDSHAKE_TRAFFIC_SECRET 66846b57d2d702c98a8bcafb007de2e1cdf290ca97669b276941f809f6a94fb0 27ce3c2eb960b05af1cd5aaeb07e706f7226fbb0fd6d1a177e12e79e29285e94
SERVER_HANDSHAKE_TRAFFIC_SECRET 66846b57d2d702c98a8bcafb007de2e1cdf290ca97669b276941f809f6a94fb0 3781263260827fb0e75c93d4e6382c450f9bb0b7546c2b2a01470a3809aea351
CLIENT_TRAFFIC_SECRET_0 640e6a76669c77f6126814ed764102dc4536fd6caadff73f21c2b8586085e5f1 56e201480c7e1fbc257b133324678636617594a8e699119ead3417b972797994
SERVER_TRAFFIC_SECRET_0 640e6a76669c77f6126814ed764102dc4536fd6caadff73f21c2b8586085e5f1 4c97471ec8b6d9dea859aba57f085b712c0c4ce92d77f957233ed1ef99c38463
EXPORTER_SECRET 640e6a76669c77f6126814ed764102dc4536fd6caadff73f21c2b8586085e5f1 ef9b2b20b2caa951b0ef19191c93b2c00d04105e2897968571f23f4b7594e2e3
CLIENT_TRAFFIC_SECRET_0 66846b57d2d702c98a8bcafb007de2e1cdf290ca97669b276941f809f6a94fb0 393cfa85f18cd6b9ede9d59f34e123fb775f276dcb708082001d34e44c90b9b8
SERVER_TRAFFIC_SECRET_0 66846b57d2d702c98a8bcafb007de2e1cdf290ca97669b276941f809f6a94fb0 cfe0849aa7ad0932819b49b6bf6af22fc973b76d20be358015a15b00e10b4495
EXPORTER_SECRET 66846b57d2d702c98a8bcafb007de2e1cdf290ca97669b276941f809f6a94fb0 0ddc952b53d6dcdeefbd90ccfc69fbb2b524d044a7d0982c0b10a38e006176be
CLIENT_HANDSHAKE_TRAFFIC_SECRET 63434202ef9034f49575408ec308a9d028139e47fd6f2317c41c54bebd16db97 5e9dc909e314d42aa23a1cd5ca7892ddc66708d0e7a89872ed005fee6f88cb5c
SERVER_HANDSHAKE_TRAFFIC_SECRET 63434202ef9034f49575408ec308a9d028139e47fd6f2317c41c54bebd16db97 4b7684a60d9fcdc9bd8bfdf6fc3c4fe7e7243557a5558013fa764771b91b00d4
CLIENT_HANDSHAKE_TRAFFIC_SECRET 95b1ed25378ce78ba9a94ee72944d38a8bee854ded4462cde50b22d92ac197e0 c74dae016157a7c1cd1380fa62504cab5786a333c8a5f4f7ec90a10cdca781aad891574aca3d14945d98e540663c2f8b
SERVER_HANDSHAKE_TRAFFIC_SECRET 95b1ed25378ce78ba9a94ee72944d38a8bee854ded4462cde50b22d92ac197e0 97b66e9793b4639c8a4cc3234bf8a3fb58346733811ad31924876a02aac00aa1c37138b372ef1dcdcc8d56b9f9e29bf4
CLIENT_TRAFFIC_SECRET_0 95b1ed25378ce78ba9a94ee72944d38a8bee854ded4462cde50b22d92ac197e0 4db9a4d4103652f1371203f41cb39e4e8d48075abb132fd41797139a0aae2dfd6ef7014c91a0d9c7cfffdb9117b43fa5
SERVER_TRAFFIC_SECRET_0 95b1ed25378ce78ba9a94ee72944d38a8bee854ded4462cde50b22d92ac197e0 7f0f39999cc949c3e8dbeecd9b1fb1a65792dfd0b431dc70f9d79132e8feb381c57536f299d32c19be8e92d41afd1ca8
EXPORTER_SECRET 95b1ed25378ce78ba9a94ee72944d38a8bee854ded4462cde50b22d92ac197e0 08a22fb2571ed3b9f3194ccccc9d2bb7d93accc73700a0fac4b02bfcf5a5f5aa0b824e395334aef920d5041029e95cbe
CLIENT_HANDSHAKE_TRAFFIC_SECRET 11b76fe751d1e9a4338d7aa0751853059cf04442109de277191b2680d6dcb431 9d721099879fa1a80466a8bb44ee051791a42aa7f991fab2110102cd5edf2124
SERVER_HANDSHAKE_TRAFFIC_SECRET 11b76fe751d1e9a4338d7aa0751853059cf04442109de277191b2680d6dcb431 6cdfeadb0113bec18ac4e7b91804e6c179cf68e048722c5b1b250ad0063af823
CLIENT_HANDSHAKE_TRAFFIC_SECRET b141845ec8389c28c5fc5f1950eba0790d0b570eba2c45d5c49d0ea31bfe69c8 4d8a9f27a8ee4ca3b633774b34d2ea532b56f935db5e623541627adabcceaee2
SERVER_HANDSHAKE_TRAFFIC_SECRET b141845ec8389c28c5fc5f1950eba0790d0b570eba2c45d5c49d0ea31bfe69c8 0d3d8bc0e179d53ff5d6274513fdbd400e8d64a825b2cc2c02150c98f0a2885f
CLIENT_TRAFFIC_SECRET_0 11b76fe751d1e9a4338d7aa0751853059cf04442109de277191b2680d6dcb431 a1d229ebb210768f49bd6178d02bbed277a7cef4946d3175e5c736b248fc88f2
SERVER_TRAFFIC_SECRET_0 11b76fe751d1e9a4338d7aa0751853059cf04442109de277191b2680d6dcb431 deda9faaf49f643af167eeed402606f9ef6433a9d6f5d062ca55ff8004fe4f7b
EXPORTER_SECRET 11b76fe751d1e9a4338d7aa0751853059cf04442109de277191b2680d6dcb431 b15b78b39aa9dba63da090526fb9196cd9b0d9ff2cbc7ba4c91c68cfb3a48912
CLIENT_TRAFFIC_SECRET_0 b141845ec8389c28c5fc5f1950eba0790d0b570eba2c45d5c49d0ea31bfe69c8 3f0b9d8c6ef680e233eea6c1a655b3f5e91b086d6cbbfa1f7a63a70e5dbc0dcf
SERVER_TRAFFIC_SECRET_0 b141845ec8389c28c5fc5f1950eba0790d0b570eba2c45d5c49d0ea31bfe69c8 d32e0f4b2375bd6e3899e2ff21f730010091755bd8c01f788c0041956f8d0ea1
EXPORTER_SECRET b141845ec8389c28c5fc5f1950eba0790d0b570eba2c45d5c49d0ea31bfe69c8 82c3f45ad78c0175b971f9c727dce1914cf58bb8e9539747faa1e602020854b2
CLIENT_HANDSHAKE_TRAFFIC_SECRET 948a86cbfb14e0c0362bfafe3aaa566c9bb16749c4aa3824730b8c465a162f7e e91f17136eaed1c5ddb1b28595359379e7ac170dd130aec6dffca3f3940a091b
SERVER_HANDSHAKE_TRAFFIC_SECRET 948a86cbfb14e0c0362bfafe3aaa566c9bb16749c4aa3824730b8c465a162f7e 727b9af2af8d4c1d3effbe04240b72ff9aba2e5b20403ac4bdf2a5b25800295e
CLIENT_TRAFFIC_SECRET_0 948a86cbfb14e0c0362bfafe3aaa566c9bb16749c4aa3824730b8c465a162f7e 5b55f95a9bfa09f47539ecd2d4ec7d04f352c005de7be782031c79c35674a05a
SERVER_TRAFFIC_SECRET_0 948a86cbfb14e0c0362bfafe3aaa566c9bb16749c4aa3824730b8c465a162f7e bfa60966e3f8b8e688215ed5176624518e7230b3204ed647bf7b3577b788710f
EXPORTER_SECRET 948a86cbfb14e0c0362bfafe3aaa566c9bb16749c4aa3824730b8c465a162f7e a6a44f4969e20496cfa71ac60236857fcc9fd6b56ad4d9075ddea2bb4237e2f3
CLIENT_HANDSHAKE_TRAFFIC_SECRET 4664a75097e4816f7827c0798326b73d450650ce4907cb2568ad7bba9e9c08d3 914bf716b2b112391be5028ab145b7b2cc9f5e3b9cf2c0444fc9e483d9260fcf
SERVER_HANDSHAKE_TRAFFIC_SECRET 4664a75097e4816f7827c0798326b73d450650ce4907cb2568ad7bba9e9c08d3 39fc5f739c02304938e4c850ad2e3d02f20acb966c17aa450d5935cdb4c4a7b3
CLIENT_TRAFFIC_SECRET_0 4664a75097e4816f7827c0798326b73d450650ce4907cb2568ad7bba9e9c08d3 d569ab693c48af9ab24f0e6e54213d24e3a75ab120c7f6f0bdca0d574a9423a1
SERVER_TRAFFIC_SECRET_0 4664a75097e4816f7827c0798326b73d450650ce4907cb2568ad7bba9e9c08d3 59d25443a74c523d1fd1ecc4c4ea75e43f6bf8d174cee8a61b001ae2455db293
EXPORTER_SECRET 4664a75097e4816f7827c0798326b73d450650ce4907cb2568ad7bba9e9c08d3 37292d5bd7a1d95cc0107d86eb9167a01afb1ded1fe15422e166b3ad4a5d820a
CLIENT_HANDSHAKE_TRAFFIC_SECRET f64eb9e0f84399fe63eafd45a540eb444e380781db47b5589e431bada3f1d727 56d10a5e08ddf36348dad96f7c2fdd3326f641efd0b6226b834bc0a8a6a1a7fa
SERVER_HANDSHAKE_TRAFFIC_SECRET f64eb9e0f84399fe63eafd45a540eb444e380781db47b5589e431bada3f1d727 798207e481f2f6949cb068b585aa2a3568c3d8033724397b9dca6bff8f12f766
CLIENT_TRAFFIC_SECRET_0 f64eb9e0f84399fe63eafd45a540eb444e380781db47b5589e431bada3f1d727 83ebd5b922763a10882099e2c2ba2d6d5caffca23e116bdc33756d424af69165
SERVER_TRAFFIC_SECRET_0 f64eb9e0f84399fe63eafd45a540eb444e380781db47b5589e431bada3f1d727 1efab2da3ee9fa75df59cef96c7309bf74f727b829b0f6a36681e6a559550dca
EXPORTER_SECRET f64eb9e0f84399fe63eafd45a540eb444e380781db47b5589e431bada3f1d727 56ad2190b552ee7cd20aef1a614e5fd28becae3e1832aeb666b29773aa33b3ff
CLIENT_HANDSHAKE_TRAFFIC_SECRET c8bbaab3d72637e94e5c8fd2bf16a8fbf33fb59f56286892c1ec64d11afd61cd 07edbf81c8023e466e3302de3c111955f105f420e750c192971d167a65fff8b8
SERVER_HANDSHAKE_TRAFFIC_SECRET c8bbaab3d72637e94e5c8fd2bf16a8fbf33fb59f56286892c1ec64d11afd61cd 32c9af3ceb0550c4e44d0c2091926d96576c60608a9720846474ff580173855e
CLIENT_TRAFFIC_SECRET_0 c8bbaab3d72637e94e5c8fd2bf16a8fbf33fb59f56286892c1ec64d11afd61cd 48f8c2b85ba1df68a6d5fcce27bfb0c5f257316fd00ea3ca82e14a9bc14c0642
SERVER_TRAFFIC_SECRET_0 c8bbaab3d72637e94e5c8fd2bf16a8fbf33fb59f56286892c1ec64d11afd61cd 1a0c2aaee918f6d2c9bdb5396427903640cd2c7f9f9a7c606e873fd4c85c8e45
EXPORTER_SECRET c8bbaab3d72637e94e5c8fd2bf16a8fbf33fb59f56286892c1ec64d11afd61cd 8efedcf246218ed21c2da00bb0374f6b9b95253bcf041c46f89ff02eba15e643
CLIENT_HANDSHAKE_TRAFFIC_SECRET 9ccb46e3763a19b59069044900b120ff6f553bf5fff6cd080a1899634a3595f2 511707060a8497ff65dd1751d0f4f08358b43b7d478346b6bcffc020d40785fa70b6877f57798cfeb1e399405b0fdbdc
SERVER_HANDSHAKE_TRAFFIC_SECRET 9ccb46e3763a19b59069044900b120ff6f553bf5fff6cd080a1899634a3595f2 05e49d337d71fd134d3c42f26b56f5668adc4e6336c035124dc40ea3ffe209527aa360fc36ca1d1b3661fded93fc1617
CLIENT_TRAFFIC_SECRET_0 9ccb46e3763a19b59069044900b120ff6f553bf5fff6cd080a1899634a3595f2 5d1492df843f5d3e8be11d36b8ca80eb9804478a67c4962abd6b9e94e0368ae0bbc7ecdba36eefdb0da068613e40c14f
SERVER_TRAFFIC_SECRET_0 9ccb46e3763a19b59069044900b120ff6f553bf5fff6cd080a1899634a3595f2 c6f478def1fe7e37214d03ce9feddbe54620c3174fd71a68927d4f2aee059961d893a8ec173ddd491ca7b6e0f6d80973
EXPORTER_SECRET 9ccb46e3763a19b59069044900b120ff6f553bf5fff6cd080a1899634a3595f2 2e8b440ee74e472851b786692335956619c69c5b1f9c6d874129ea18155fa2b19a9175eb9fb6ead96c7a5a94c95b7a6a
CLIENT_HANDSHAKE_TRAFFIC_SECRET 7051f5b07bf279d7a303a03824d1a10c143ddcc51b656f6e320a5a99e9ddd107 91281525d9aa507a988b4ec00536f4a8c9b04b01fca71ec82b2617cf7f3afb8a232424a6647d82801d65bf79796d393c
SERVER_HANDSHAKE_TRAFFIC_SECRET 7051f5b07bf279d7a303a03824d1a10c143ddcc51b656f6e320a5a99e9ddd107 29c3da3a3e0a84977296d35bb078dfbb92f708a40cf10f81b043b4ce2474c6ee81e6b016610906618c3c73fe6f563741
CLIENT_TRAFFIC_SECRET_0 7051f5b07bf279d7a303a03824d1a10c143ddcc51b656f6e320a5a99e9ddd107 6d2ce400ac0ca4bc48ef0e5939a95bac4c8794debfae9deb871ea08db4c15cc917cad4c57fa48e2bc1a8bf08b995a4e4
SERVER_TRAFFIC_SECRET_0 7051f5b07bf279d7a303a03824d1a10c143ddcc51b656f6e320a5a99e9ddd107 15ef12dfd6432d3014fb4d1c0a8771aeda94927dde7809a70db54029c27303006af69b9877ae31fe77425d34c58f20c9
EXPORTER_SECRET 7051f5b07bf279d7a303a03824d1a10c143ddcc51b656f6e320a5a99e9ddd107 5f975322feece634260725f7d1a00cac048dcc61758b22b59a0abd7b2ffe8f38b7a5708a8a8674c9c78d52b2d944e7be
CLIENT_HANDSHAKE_TRAFFIC_SECRET 78bc80d68f03658b4eb7d439de9eb860bd38dbf73e40209dbe75760ba46e2ce0 af472cab79c62bd663bb636c32737e827edf370d825ad59eb0c7c61de790e19e
SERVER_HANDSHAKE_TRAFFIC_SECRET 78bc80d68f03658b4eb7d439de9eb860bd38dbf73e40209dbe75760ba46e2ce0 e0f289b39b5f5d8c1f7d55e64b9784b5f1917e980f412227cb573bdb3f789f9d
CLIENT_TRAFFIC_SECRET_0 78bc80d68f03658b4eb7d439de9eb860bd38dbf73e40209dbe75760ba46e2ce0 dbc747f30c4fd0e054ef1646fe88ea725231ecf227778379ba9fad78f4a15ccc
SERVER_TRAFFIC_SECRET_0 78bc80d68f03658b4eb7d439de9eb860bd38dbf73e40209dbe75760ba46e2ce0 bf319a5de77c31148f9b0161fa4457d12d5ae8d03d30a9d7933502aa691e1002
EXPORTER_SECRET 78bc80d68f03658b4eb7d439de9eb860bd38dbf73e40209dbe75760ba46e2ce0 df8397a4331ec25e5559efedad2de63352278b19dd1d887dae60e2a088541e0a
CLIENT_HANDSHAKE_TRAFFIC_SECRET da70a20381f464d5547de8a72d198a08f42b0ae53f5ad96c3f12fadf5cdda138 d3714d288d018f00a1cc9f197dfe2de78a11d5ba4ec9c80f72a4cdcd7d9e232b
SERVER_HANDSHAKE_TRAFFIC_SECRET da70a20381f464d5547de8a72d198a08f42b0ae53f5ad96c3f12fadf5cdda138 8c98aac3887e3f8b10d3087bfaabd9f826efbb11300f7b3980763cf3c3c0b90f
CLIENT_TRAFFIC_SECRET_0 da70a20381f464d5547de8a72d198a08f42b0ae53f5ad96c3f12fadf5cdda138 0bca54e8f3695b195cc0d823fadb3e48cd91921aaf8b3d8c3cc2bd8d84eb4735
SERVER_TRAFFIC_SECRET_0 da70a20381f464d5547de8a72d198a08f42b0ae53f5ad96c3f12fadf5cdda138 ae1dcc9b53ae5f1b52184734432eb0d0b8e8115298fa230f4188a63088972bef
EXPORTER_SECRET da70a20381f464d5547de8a72d198a08f42b0ae53f5ad96c3f12fadf5cdda138 a1657dd621a193069c147118e505ee46421f6531a0b77d15eb3f4a6d11c4865b
CLIENT_HANDSHAKE_TRAFFIC_SECRET a2696aedf2403e76be263e5be568070e8d8895feb2bd8be0061e954f809b404b de294fea9533ccc25b0984216fc18c5e3a316e0fe023e288a083ff27cb58228e
SERVER_HANDSHAKE_TRAFFIC_SECRET a2696aedf2403e76be263e5be568070e8d8895feb2bd8be0061e954f809b404b 5e36d2efc30dc16bca6a8e87479556369153647718a7cc8286b10e17f2268cd8
CLIENT_TRAFFIC_SECRET_0 a2696aedf2403e76be263e5be568070e8d8895feb2bd8be0061e954f809b404b f308803cf945db3a1e750515510ca073b4b46a60892cf141ad8ec87397f5bd38
SERVER_TRAFFIC_SECRET_0 a2696aedf2403e76be263e5be568070e8d8895feb2bd8be0061e954f809b404b acccbdd56a9a5e264455e3887ea7984bcc383308984bd7778d5196dfe6ec38ea
EXPORTER_SECRET a2696aedf2403e76be263e5be568070e8d8895feb2bd8be0061e954f809b404b 30077d600062aea534afb4bba92585217be7feaeeb8efe467000bec417441b11
CLIENT_HANDSHAKE_TRAFFIC_SECRET 8be699686e2f6fffac36a7eb948c5e886f298a94ac28e6f0d55a9ab43ac87364 14a5873488db74956d8a9ab42e64c0e67d26eb14033713f1f1f89e40dc87beab
SERVER_HANDSHAKE_TRAFFIC_SECRET 8be699686e2f6fffac36a7eb948c5e886f298a94ac28e6f0d55a9ab43ac87364 b08ff8ecf1624e55abb99db64e56725d6e812dffdc8e2944ab9f1f8c96a183ab
CLIENT_TRAFFIC_SECRET_0 8be699686e2f6fffac36a7eb948c5e886f298a94ac28e6f0d55a9ab43ac87364 0cf8b9d305b8f5e91a73759c65f15f90474b2b8a43006c66957fa700ea5e0b02
SERVER_TRAFFIC_SECRET_0 8be699686e2f6fffac36a7eb948c5e886f298a94ac28e6f0d55a9ab43ac87364 add18d60253398cce3244769ee85cff3d2ee0fdf1b46b28848851180638153df
EXPORTER_SECRET 8be699686e2f6fffac36a7eb948c5e886f298a94ac28e6f0d55a9ab43ac87364 774e8437698656b4737c9503303d93ef589ee19092536e64b12df21b6b58d468
CLIENT_HANDSHAKE_TRAFFIC_SECRET 3fe5f328c73d2c62727e9581c7d29c428ff21f60fee3647979303480ad0602e5 7ce87f5091a3ff4cbe647b290bee51051e2e83990794b098a993918508bf3b92
SERVER_HANDSHAKE_TRAFFIC_SECRET 3fe5f328c73d2c62727e9581c7d29c428ff21f60fee3647979303480ad0602e5 1ed5964d1814b6c020e34f84e456badd67dee47c15491704f684fc866eed1127
CLIENT_TRAFFIC_SECRET_0 3fe5f328c73d2c62727e9581c7d29c428ff21f60fee3647979303480ad0602e5 f9d0ff9353422762b76132ea44f00dc86fd627a6b22edc2844e8260ddf265134
SERVER_TRAFFIC_SECRET_0 3fe5f328c73d2c62727e9581c7d29c428ff21f60fee3647979303480ad0602e5 561af910c337a98acd7be1fc622a24441ebd463d02f899f56ca30888db8226ad
EXPORTER_SECRET 3fe5f328c73d2c62727e9581c7d29c428ff21f60fee3647979303480ad0602e5 03275f420fe1f2efa3dd5554cdcf732b69e7498b5613e5d445b734f8e45157c2
CLIENT_HANDSHAKE_TRAFFIC_SECRET 89290a1e230a7c62332c44bff153c1172c689dd9495ebecdb20ad191830d1b52 62e251d29450a7ba1e7d2994f44b6197c38b61393ebe5ba689ed2885b4251eed
SERVER_HANDSHAKE_TRAFFIC_SECRET 89290a1e230a7c62332c44bff153c1172c689dd9495ebecdb20ad191830d1b52 8806c71dfa06360b5ce88f96a39b1ce3288f78f4cd3e5b2b1174252f9a7fdc85
CLIENT_TRAFFIC_SECRET_0 89290a1e230a7c62332c44bff153c1172c689dd9495ebecdb20ad191830d1b52 82d12bec6ed55c93b454de2993022e660f6f3eae376605ce014a4e30efcc369a
SERVER_TRAFFIC_SECRET_0 89290a1e230a7c62332c44bff153c1172c689dd9495ebecdb20ad191830d1b52 855f7fb1c918433e90a24acf410ddc10e7c3b95a363ad23ee5de29bb510055c3
EXPORTER_SECRET 89290a1e230a7c62332c44bff153c1172c689dd9495ebecdb20ad191830d1b52 07c6d184ce622deea8efa236ccae3d0f36a74620c2983badccb7c9cd06c0cac5
CLIENT_HANDSHAKE_TRAFFIC_SECRET d3842f8aa0b454e9ceb7a3f6c1431a0cd638be6967586c139c86d482690f776e f757bbbd5319fe5fc9b0a1d3e9ec7546a5ae82d3fd7e6c2fa124d29bbba3f3c5
SERVER_HANDSHAKE_TRAFFIC_SECRET d3842f8aa0b454e9ceb7a3f6c1431a0cd638be6967586c139c86d482690f776e f69dbdffa5cba27b9c3584cba3f1453078d980e83406d53c731da5d89751b78a
CLIENT_TRAFFIC_SECRET_0 d3842f8aa0b454e9ceb7a3f6c1431a0cd638be6967586c139c86d482690f776e f906b5442bdd3bca9840aa40e79ee832ebca20d7906da6ba46ba6ca3b28d6de4
SERVER_TRAFFIC_SECRET_0 d3842f8aa0b454e9ceb7a3f6c1431a0cd638be6967586c139c86d482690f776e 3f5a4dcba5e3e1cdd4bfd31d48c87414c76ddc63caa02d333118a640683dbdc9
EXPORTER_SECRET d3842f8aa0b454e9ceb7a3f6c1431a0cd638be6967586c139c86d482690f776e 6ded20673eedafcc3396333af4819614c9d5ae9219b5aff81af7c98a49a91467
CLIENT_HANDSHAKE_TRAFFIC_SECRET 54ea90b1be5e0f04cc1124afd2b603b92f91472aaffe16f3a8d2686f0179acc4 904bdd06e25d02f535f69cc820323f2c7e1b393a66e00a592afe16a02ecc8282
SERVER_HANDSHAKE_TRAFFIC_SECRET 54ea90b1be5e0f04cc1124afd2b603b92f91472aaffe16f3a8d2686f0179acc4 2e5a89aa6c72972b0a94dad4bfcb852dbda5ddfe875688f269a06d7b90c05fca
CLIENT_TRAFFIC_SECRET_0 54ea90b1be5e0f04cc1124afd2b603b92f91472aaffe16f3a8d2686f0179acc4 02e2945582cc791d94aa644634301bdfff2e05ddf826ef5ad2dbcc5feec7aa14
SERVER_TRAFFIC_SECRET_0 54ea90b1be5e0f04cc1124afd2b603b92f91472aaffe16f3a8d2686f0179acc4 d26ab8f124dfb621df071f707fe0268dfe686bd97f8394672e4a138b4ea19cf8
EXPORTER_SECRET 54ea90b1be5e0f04cc1124afd2b603b92f91472aaffe16f3a8d2686f0179acc4 5d4da4a0bacafcd51547e99d2db00cbb02d81c340d462cadc6b42922005b98ba
CLIENT_HANDSHAKE_TRAFFIC_SECRET d5d2812bab35caced340d402462c38039f1c09d5b8092035bc978640980d54d1 422667e8919ecdf6d70ecf11a8c421511dbe42460cb367b50fc1237f08189347
SERVER_HANDSHAKE_TRAFFIC_SECRET d5d2812bab35caced340d402462c38039f1c09d5b8092035bc978640980d54d1 8be684fda2561269f724dffc3fb6f6b73cb320366649d713e7702b9aac29e0e2
CLIENT_TRAFFIC_SECRET_0 d5d2812bab35caced340d402462c38039f1c09d5b8092035bc978640980d54d1 db6bb29d0044bf328bfcf92840e67d642f127370141e5ba1ebed5fb5a62e54d5
SERVER_TRAFFIC_SECRET_0 d5d2812bab35caced340d402462c38039f1c09d5b8092035bc978640980d54d1 cadadff8ddec47fdcf46a6f342471690beb3b085afbcf58181df76e022f71a34
EXPORTER_SECRET d5d2812bab35caced340d402462c38039f1c09d5b8092035bc978640980d54d1 b61ee207338097d70c7c82ffd9f29301b3364ee1cf43c64ba6542b7cadd5e20c
CLIENT_HANDSHAKE_TRAFFIC_SECRET 137c6bcaa81d2729c0bcb31002bffba83fb88c056fd4f48245888cfc73b57a9e 9a9720aab691e431cacca163c89baff5cc2ec657ba4a79201b4c77aedc47fcf4
SERVER_HANDSHAKE_TRAFFIC_SECRET 137c6bcaa81d2729c0bcb31002bffba83fb88c056fd4f48245888cfc73b57a9e 87b284024d83d5ace3f6fe39e4ac7d1ade08a408e641ea2c06f934baa2c7a4c4
CLIENT_HANDSHAKE_TRAFFIC_SECRET 772313b7dde5de5b8e6b6c33b9331f0174d61d1a3d48215ae312120b2412991f cb549cbb1053abe0c71264f0de8f6e03ab234cfc8693ff5820bf2f6e6a493469
SERVER_HANDSHAKE_TRAFFIC_SECRET 772313b7dde5de5b8e6b6c33b9331f0174d61d1a3d48215ae312120b2412991f 66e2d599a50005e1bc28099f3a9097909c47587f8d30e898a0a4028ad2ff5a73
CLIENT_TRAFFIC_SECRET_0 137c6bcaa81d2729c0bcb31002bffba83fb88c056fd4f48245888cfc73b57a9e eeb3939805b7fe3debf4673ebd402e3aeb522a3cddbada8dacc49ac49a1c9881
SERVER_TRAFFIC_SECRET_0 137c6bcaa81d2729c0bcb31002bffba83fb88c056fd4f48245888cfc73b57a9e 0ac4fa3fc8e31d9ab0398cf52f02df14e2e5e38b9bce0c0397b5f1b2797650ed
EXPORTER_SECRET 137c6bcaa81d2729c0bcb31002bffba83fb88c056fd4f48245888cfc73b57a9e 42c1005bc5019f92d2fc2dddc1cffb4138c1951cb36b02cf2c9b6dec33e3240b
CLIENT_TRAFFIC_SECRET_0 772313b7dde5de5b8e6b6c33b9331f0174d61d1a3d48215ae312120b2412991f 5aeca42a4c9ede8b5761d29482e65b7663b6b5a86b47dacd8532067723094e1b
SERVER_TRAFFIC_SECRET_0 772313b7dde5de5b8e6b6c33b9331f0174d61d1a3d48215ae312120b2412991f 8c13ef6f53a19f8134e3a92bb51fe5c266f0ea8ec9cabdf5f5f0d5128f7c9bc5
EXPORTER_SECRET 772313b7dde5de5b8e6b6c33b9331f0174d61d1a3d48215ae312120b2412991f be58d531321bcb6cc04ab581f6e662c88e192c21210402aacb895466fdfca97c
CLIENT_HANDSHAKE_TRAFFIC_SECRET 1f9cf93a91d35d78ac4d63fa0c266a48a5c36b18b70de94a88a4ca6ada1f3c8e 7d90fa239bec5245f7823b5aba1659adc48f0543f393f58f60f4c2587b8695cc
SERVER_HANDSHAKE_TRAFFIC_SECRET 1f9cf93a91d35d78ac4d63fa0c266a48a5c36b18b70de94a88a4ca6ada1f3c8e 6fc32ecf0b624a6c572c084656f7e8243e1a743db1ce1a45629b8d5fd66738be
CLIENT_TRAFFIC_SECRET_0 1f9cf93a91d35d78ac4d63fa0c266a48a5c36b18b70de94a88a4ca6ada1f3c8e 8d09e12548c1be9a77cc2473dcddf371000f74603870d8335176a056cc07e6c1
SERVER_TRAFFIC_SECRET_0 1f9cf93a91d35d78ac4d63fa0c266a48a5c36b18b70de94a88a4ca6ada1f3c8e 0e442a7e8b0856d19d59687d6dcc7c07a6712c939eb0bca1dc7335a14e67bbbd
EXPORTER_SECRET 1f9cf93a91d35d78ac4d63fa0c266a48a5c36b18b70de94a88a4ca6ada1f3c8e 36d5d79d93699b2631b8541cc89512dfa450f24a24cf966ae0764f8c77c5b456
CLIENT_HANDSHAKE_TRAFFIC_SECRET 0b67ff867042b0c3ca4adc168b65ce4e197965fb103d19e0909d80318d652520 dbdf573ac74b96286c4ccb95b8caba4e1a36fa269bf5fb692ac5d27a706b9e89
SERVER_HANDSHAKE_TRAFFIC_SECRET 0b67ff867042b0c3ca4adc168b65ce4e197965fb103d19e0909d80318d652520 587c33845c24d5c936b1d81bcf9d9cad560b2cfffb349ab4d018339c2191cf6a
CLIENT_HANDSHAKE_TRAFFIC_SECRET 5d3ec3b27f1decee7e8455133808b30d48490ade6c0b872e05d67b3560e9a6ed 4703b3c805f338c9d70ff45ec17dcad10cf23446e81deffb963f2b4993491534
SERVER_HANDSHAKE_TRAFFIC_SECRET 5d3ec3b27f1decee7e8455133808b30d48490ade6c0b872e05d67b3560e9a6ed 4204fb181401cb2f0e2cdeedb305b27ab7dc2fae93c6f2131f294dae3fd29d5e
CLIENT_TRAFFIC_SECRET_0 5d3ec3b27f1decee7e8455133808b30d48490ade6c0b872e05d67b3560e9a6ed 4551671d3c96f34bfe54ea0b564d92c95c98dea27a241a3edbe13a4a5bad84fc
SERVER_TRAFFIC_SECRET_0 5d3ec3b27f1decee7e8455133808b30d48490ade6c0b872e05d67b3560e9a6ed 1487f7dc0d16ad4c6198cfab75ae3591f9bdf1477848549381639ee9ad3e40f3
EXPORTER_SECRET 5d3ec3b27f1decee7e8455133808b30d48490ade6c0b872e05d67b3560e9a6ed 619ac08d5b66d58bd9cd5b12cd4a67692b43586d939942e90070a7f47c992827
CLIENT_HANDSHAKE_TRAFFIC_SECRET 06b878bae7f6a73340ab820304f918f795bd7c2735d27c37b4192b9432c0a6f5 854ab759c8b25906d875e96b64becf4c134075460865185748bc816c55b292d4
SERVER_HANDSHAKE_TRAFFIC_SECRET 06b878bae7f6a73340ab820304f918f795bd7c2735d27c37b4192b9432c0a6f5 f7a3bdd638f5325bd694e4572f285d233373ddf16c0c67335e96de1a96858f9b
CLIENT_TRAFFIC_SECRET_0 06b878bae7f6a73340ab820304f918f795bd7c2735d27c37b4192b9432c0a6f5 b4a3040eebf9712161fb8e6c0ae18204d1ba762fbcd3cfc6fc5f21510743153d
SERVER_TRAFFIC_SECRET_0 06b878bae7f6a73340ab820304f918f795bd7c2735d27c37b4192b9432c0a6f5 53997859518353ba379292f4f63247c2645de1dcc496a17c8df5176fa447095a
EXPORTER_SECRET 06b878bae7f6a73340ab820304f918f795bd7c2735d27c37b4192b9432c0a6f5 72157b8e383985d15a949dc9a72347b4c207f9fc54eef5a4778ccd53e2419c2e
CLIENT_HANDSHAKE_TRAFFIC_SECRET 2c99597eaa81fd5cfd6bd5dc9d8a97421c9415353acd29b80e144ccd7e16d14a 987c53a76c64eaa503aba6d1f223f4e233a311f140d2c3de9ce3229fc203180b
SERVER_HANDSHAKE_TRAFFIC_SECRET 2c99597eaa81fd5cfd6bd5dc9d8a97421c9415353acd29b80e144ccd7e16d14a 7392d94005c76844ab3ec8f6aab1ef2a9b323d0b9400cd225f201427535562cc
CLIENT_TRAFFIC_SECRET_0 2c99597eaa81fd5cfd6bd5dc9d8a97421c9415353acd29b80e144ccd7e16d14a d5660314e2b5f9c7434531445c9b02b0939d5f270d288c63dd326a264527dc9b
SERVER_TRAFFIC_SECRET_0 2c99597eaa81fd5cfd6bd5dc9d8a97421c9415353acd29b80e144ccd7e16d14a ec93a8fa33d9e55687547ea43ae4102b70dfa41ae985cdd5d57fd24e4e75d93f
EXPORTER_SECRET 2c99597eaa81fd5cfd6bd5dc9d8a97421c9415353acd29b80e144ccd7e16d14a 96af332c6db662bb891dab4fe55f55aca09561324bb402876ba14070372525f3
CLIENT_HANDSHAKE_TRAFFIC_SECRET e9273fc97ce1e86b3636b57fc39af29614c7f5ad501c875c6996b497883e72ad 09f4cbb03a78209ae2d5ea86848e9d5bb950b9e816160b19793c7df8ca22b6ad
SERVER_HANDSHAKE_TRAFFIC_SECRET e9273fc97ce1e86b3636b57fc39af29614c7f5ad501c875c6996b497883e72ad 0e7c2591888a970acfbcf962b09191f38e2a3c00ab9163f61bd7add7aefb418b
CLIENT_TRAFFIC_SECRET_0 e9273fc97ce1e86b3636b57fc39af29614c7f5ad501c875c6996b497883e72ad 70e7837ac6ad48de3d87445cebc2b5db21ad10b89c4d9dc0e5693f618012faee
SERVER_TRAFFIC_SECRET_0 e9273fc97ce1e86b3636b57fc39af29614c7f5ad501c875c6996b497883e72ad c11b3af01e4ec1ee1a3c08e5a995d2464500ec6526e8f11c68c923e8b5941032
EXPORTER_SECRET e9273fc97ce1e86b3636b57fc39af29614c7f5ad501c875c6996b497883e72ad b11bb6a6e989dba25fb05980613ee11e27678e8b5218b60fc411084f51834de1
CLIENT_HANDSHAKE_TRAFFIC_SECRET 571b0d183a1f22b7399dee2795215a54aa5140473490d23b69c79462667455d5 8edd1fccd7537c7b0f84c33f290046c4b0b66ba299ceefa96df5e1a85f9ecc54
SERVER_HANDSHAKE_TRAFFIC_SECRET 571b0d183a1f22b7399dee2795215a54aa5140473490d23b69c79462667455d5 25674e3af2923af77d72e46ddb83006ffffa305f92dee538c56237ae450e94ef
CLIENT_TRAFFIC_SECRET_0 571b0d183a1f22b7399dee2795215a54aa5140473490d23b69c79462667455d5 3db8b376296bfe5c40cedf79e8eafe865785f07729f444b0e6f5cdf432d4480d
SERVER_TRAFFIC_SECRET_0 571b0d183a1f22b7399dee2795215a54aa5140473490d23b69c79462667455d5 54ed147a510505af6213706785dd33d17054337016ed64941c7fd9d125cf5208
EXPORTER_SECRET 571b0d183a1f22b7399dee2795215a54aa5140473490d23b69c79462667455d5 31baebac455e2a1601807d7d73763b781e4afccb2264a52b31ec7cc17b05b22d
CLIENT_HANDSHAKE_TRAFFIC_SECRET 5f29fbcb01ad059983c4c7556ed9dc36587d7c4aa4686a43095d35a3de5e502c 3e414b92a182acc39f88058f6a2eac6d34e8ef4e9c13b47d2df4bdce4a706415
SERVER_HANDSHAKE_TRAFFIC_SECRET 5f29fbcb01ad059983c4c7556ed9dc36587d7c4aa4686a43095d35a3de5e502c 32ec2bfa83aea1a4193eeec322a9ac7fdac19ff71f357b28ff5b349d77b09ad7
CLIENT_TRAFFIC_SECRET_0 5f29fbcb01ad059983c4c7556ed9dc36587d7c4aa4686a43095d35a3de5e502c 11288e2bf5639dbade83bfa753059ab763ec86b36ce02b861dc7294638a9bbaf
SERVER_TRAFFIC_SECRET_0 5f29fbcb01ad059983c4c7556ed9dc36587d7c4aa4686a43095d35a3de5e502c a8ac4e06780f50b051e53fbc1dcb43d95c7dd8d4dd813233157ce53bf93b9e7f
EXPORTER_SECRET 5f29fbcb01ad059983c4c7556ed9dc36587d7c4aa4686a43095d35a3de5e502c 054de353d85a86503f234197f697033f650f67d259b87523bc58e21a11a06b55
CLIENT_HANDSHAKE_TRAFFIC_SECRET 0d86a2955bc1adbda6494a8b5575f3640e833be38b5b8cc40e8d2ad9e76de2df b9e5f740d77960d94abd32512747cfa1f37946c85cb7e97c3196af9e9a0e2f13
SERVER_HANDSHAKE_TRAFFIC_SECRET 0d86a2955bc1adbda6494a8b5575f3640e833be38b5b8cc40e8d2ad9e76de2df e311b09beec324168f91b998b99f9fa9d07ecc78aa4cb27175f0c236b206db63
CLIENT_TRAFFIC_SECRET_0 0d86a2955bc1adbda6494a8b5575f3640e833be38b5b8cc40e8d2ad9e76de2df 93be5ad278b9dc1fe9f1bb1c85b5d4d8c2b74821b942b3850db7946c53079c91
SERVER_TRAFFIC_SECRET_0 0d86a2955bc1adbda6494a8b5575f3640e833be38b5b8cc40e8d2ad9e76de2df 89930cd713103ef17ba8624945c26550a29815bb8bd026300f69e7f7ebf36b62
EXPORTER_SECRET 0d86a2955bc1adbda6494a8b5575f3640e833be38b5b8cc40e8d2ad9e76de2df 22849dc3ad9c803d0f65515874d8b6389315685f323332daea989e701d277c6c
CLIENT_HANDSHAKE_TRAFFIC_SECRET db181807c3b7ed5ee462e7bc727500d87d3ccffb1c51281b58b6a977ff0ecc74 33dc4cebd7a10a6d9ec81e6c9260b74f8c02061856dc1ec52776d9c383245de9
SERVER_HANDSHAKE_TRAFFIC_SECRET db181807c3b7ed5ee462e7bc727500d87d3ccffb1c51281b58b6a977ff0ecc74 f0bd7825cde377f370ba8862c3ae0125e2e29cad2987744af20e28033f1dbc51
CLIENT_TRAFFIC_SECRET_0 db181807c3b7ed5ee462e7bc727500d87d3ccffb1c51281b58b6a977ff0ecc74 db1e22deef38a316ef822fd7ddfea5e7e00d10c1c8b41a6fa37aa7156a3682a4
SERVER_TRAFFIC_SECRET_0 db181807c3b7ed5ee462e7bc727500d87d3ccffb1c51281b58b6a977ff0ecc74 72d02f4a8630dc2833595a91b2af7cab6dda19372fc26946ab5071097690b7b2
EXPORTER_SECRET db181807c3b7ed5ee462e7bc727500d87d3ccffb1c51281b58b6a977ff0ecc74 f8af56b9dfb03ea6a2a5fd3184c80e37ede5e69db3c0c2e2bb27e35fa5ac03a3
CLIENT_HANDSHAKE_TRAFFIC_SECRET 41f4eaecb81cf42d0e4c987cc42fcd9b079020aeea25f53018f71d9cc026400c a8553576d8810ee253c0048745c1172d957f255e34353dec8a6a4bca3b9f23b6
SERVER_HANDSHAKE_TRAFFIC_SECRET 41f4eaecb81cf42d0e4c987cc42fcd9b079020aeea25f53018f71d9cc026400c 8a655bd0e2b57e6e61bdb73b236878edb24571e7b29154ced484a7868b374685
CLIENT_TRAFFIC_SECRET_0 41f4eaecb81cf42d0e4c987cc42fcd9b079020aeea25f53018f71d9cc026400c 03a9293f6bfe608defbd230bfd20ce2baf4fda4279de8a5ad0b8cae61208d6f1
SERVER_TRAFFIC_SECRET_0 41f4eaecb81cf42d0e4c987cc42fcd9b079020aeea25f53018f71d9cc026400c 6510fe8814c848c91fed466f2f3bc9d032db3f231fc10a2f633c8e49d6fc4121
EXPORTER_SECRET 41f4eaecb81cf42d0e4c987cc42fcd9b079020aeea25f53018f71d9cc026400c 9d8a2ea5258d9d0c89721771369a1c1bafb8e3c98ed6a8598c8464a0884db32a
CLIENT_EARLY_TRAFFIC_SECRET 17316c63a62348fec886e7d59ef9f80348848c6cb50b3eb6701d764a1f928634 4f9c8100ac355d470640b57974fdd819a5092ceef45aa3aa1c3f8c3b5fd76050
CLIENT_HANDSHAKE_TRAFFIC_SECRET 17316c63a62348fec886e7d59ef9f80348848c6cb50b3eb6701d764a1f928634 a178e5316cdda957efbb4b114e6382cae50f3256fc7d2308f48dfc8c4d7e5df2
SERVER_HANDSHAKE_TRAFFIC_SECRET 17316c63a62348fec886e7d59ef9f80348848c6cb50b3eb6701d764a1f928634 ff9360de6b46cca6f1018420f34eb9937098b09b57e284fa0798bbff3b66db76
CLIENT_TRAFFIC_SECRET_0 17316c63a62348fec886e7d59ef9f80348848c6cb50b3eb6701d764a1f928634 7ea655eae7539ca9f946673c59af3852ca6476a8cde5b5bf95bed74d551c4376
SERVER_TRAFFIC_SECRET_0 17316c63a62348fec886e7d59ef9f80348848c6cb50b3eb6701d764a1f928634 ddde8d2e54046e5a0119b5351c0370d78551930231b21665bf2fb21fa1f75c27
EXPORTER_SECRET 17316c63a62348fec886e7d59ef9f80348848c6cb50b3eb6701d764a1f928634 36f48758d7e593476870098816df6a2d8256313756503680fd39deb3f856358a
CLIENT_HANDSHAKE_TRAFFIC_SECRET c05184aed03300c78b4949b6278d111ba42360624915d26a2b9a5876f88611f8 57e052bfc51e44d68b8de9d7dcf0f1b0ec27641868cfc4ab773b560f7895e238
SERVER_HANDSHAKE_TRAFFIC_SECRET c05184aed03300c78b4949b6278d111ba42360624915d26a2b9a5876f88611f8 26ae95606f70698794b29b6187d299bb80aa9ce5a69515384970de01429656d4
CLIENT_TRAFFIC_SECRET_0 c05184aed03300c78b4949b6278d111ba42360624915d26a2b9a5876f88611f8 1728b43fc1674ec90d966da11cdd1696cc68c8e177f7d1db6467c34d3ca2a44d
SERVER_TRAFFIC_SECRET_0 c05184aed03300c78b4949b6278d111ba42360624915d26a2b9a5876f88611f8 5ef7a4ae73ad2f1ad5109a27553f6e08ab8c212a8f446e4d66cf59fdaabff710
EXPORTER_SECRET c05184aed03300c78b4949b6278d111ba42360624915d26a2b9a5876f88611f8 def6bf9038277c5a140f12eaf22acb68876db0252089bcbc240db0efc6ccbf95
CLIENT_HANDSHAKE_TRAFFIC_SECRET 422ce309f223b95005da2a87ea716c7d9d74774e96f1d19a3090dc02032c1b9d a4dbff13b2eda72f65a08fc16bbcc64ec2ca3d387486401cbc7f93a167f10fe1
SERVER_HANDSHAKE_TRAFFIC_SECRET 422ce309f223b95005da2a87ea716c7d9d74774e96f1d19a3090dc02032c1b9d 9e3887456eb465e5d54ebdb71d90848c056176fec1497881c283235d9c9887ff
CLIENT_TRAFFIC_SECRET_0 422ce309f223b95005da2a87ea716c7d9d74774e96f1d19a3090dc02032c1b9d 726668171e4965d59bb951bf8d3d0e31519a80989e7dd35970c5a0f03612a5a9
SERVER_TRAFFIC_SECRET_0 422ce309f223b95005da2a87ea716c7d9d74774e96f1d19a3090dc02032c1b9d 80e1b3f48b7dc508f2643ca741dd6d08b77d27f589f0e0fc3d5345e1e22b1b15
EXPORTER_SECRET 422ce309f223b95005da2a87ea716c7d9d74774e96f1d19a3090dc02032c1b9d b085b49430421c6b6a8da81acfdb86d6b76111ef7df7160766711187a491aa1a
CLIENT_EARLY_TRAFFIC_SECRET f5a0209c5e1591bcf4600275fa0c69a9d3ee4793ed887b76f25e31a4ed00cea8 0ec0176b00684355285453131029481a8b7297c6f21ad1756014cf749a524c37
CLIENT_HANDSHAKE_TRAFFIC_SECRET f5a0209c5e1591bcf4600275fa0c69a9d3ee4793ed887b76f25e31a4ed00cea8 3807f34d91345d17108a7b815907497c01ff334a40ff554a4614c78717a7837c
SERVER_HANDSHAKE_TRAFFIC_SECRET f5a0209c5e1591bcf4600275fa0c69a9d3ee4793ed887b76f25e31a4ed00cea8 a59d1d0c3d2b6d3474b68321fa580855f14a28fb77f20db9ba884fda307daf1f
CLIENT_TRAFFIC_SECRET_0 f5a0209c5e1591bcf4600275fa0c69a9d3ee4793ed887b76f25e31a4ed00cea8 c8ba6a327659443bb9409b3381dcdc74227d38791adb4f6419f3abe1f6c55231
SERVER_TRAFFIC_SECRET_0 f5a0209c5e1591bcf4600275fa0c69a9d3ee4793ed887b76f25e31a4ed00cea8 12fc82e6cff61ed546f188f9dbacca1e35b9f88606baae618638ca8129c33df7
EXPORTER_SECRET f5a0209c5e1591bcf4600275fa0c69a9d3ee4793ed887b76f25e31a4ed00cea8 af60429b073da3de12b7bb04703f4e05782e509b3263d6b8f14c4db3589142ec
CLIENT_HANDSHAKE_TRAFFIC_SECRET 8d3a2f2c52eec05f1bcc1b17f411dedbd3eb076b8cf95ab68361eacc7b5ad9ff 558bcfd5da676fc375befc617ac5e3085591c19e7d9d5a77ece1d5c99e58565f
SERVER_HANDSHAKE_TRAFFIC_SECRET 8d3a2f2c52eec05f1bcc1b17f411dedbd3eb076b8cf95ab68361eacc7b5ad9ff 50136e38d9a9f132b1796cc4a526a71499f870a395ec321d2b21ccb044eabf63
CLIENT_TRAFFIC_SECRET_0 8d3a2f2c52eec05f1bcc1b17f411dedbd3eb076b8cf95ab68361eacc7b5ad9ff 748cf028bef3b8feb874118325810f03e72f5af15a549c3c0eaed6208f615750
SERVER_TRAFFIC_SECRET_0 8d3a2f2c52eec05f1bcc1b17f411dedbd3eb076b8cf95ab68361eacc7b5ad9ff 16ca01953dbab961335cb124d2dec85c693b893ae9126e7b9c3ca8843625f726
EXPORTER_SECRET 8d3a2f2c52eec05f1bcc1b17f411dedbd3eb076b8cf95ab68361eacc7b5ad9ff 31437c32e97d22a6bf8246695e67e0a20bfec4be8cf078c030e2215cf6ee74dc
CLIENT_HANDSHAKE_TRAFFIC_SECRET 42cc0cbde138ff71e9dc3d38615412b6f0a2192a67b95c1cc261fcdd93010e66 0292c94b6f3d8210a9a6a06bd811b799c122edf22a1b9db38d9f395f87ee2e18
SERVER_HANDSHAKE_TRAFFIC_SECRET 42cc0cbde138ff71e9dc3d38615412b6f0a2192a67b95c1cc261fcdd93010e66 023c34df6902f358b1231af1236c590aa99f4ba83588ef15991a685e3797728b
CLIENT_TRAFFIC_SECRET_0 42cc0cbde138ff71e9dc3d38615412b6f0a2192a67b95c1cc261fcdd93010e66 3a5022ab7db3cd91a8be7b1267f26b990e49f6f943830cccb3fdf9a182eb055d
SERVER_TRAFFIC_SECRET_0 42cc0cbde138ff71e9dc3d38615412b6f0a2192a67b95c1cc261fcdd93010e66 a3ea5edd18d05b60cfcb96b427969f9aaec0a161019d5d6dc51c804b597df9c8
EXPORTER_SECRET 42cc0cbde138ff71e9dc3d38615412b6f0a2192a67b95c1cc261fcdd93010e66 76b79f43bad642b35d5633e6068b1d38e899be8c2f5ee8bd9c43163c89371f76
CLIENT_HANDSHAKE_TRAFFIC_SECRET 7304f0a061bc41c1f4e568c8bc78411ccde4d400621e27cd1fa8e4d01afd5083 a3e28f3073a7303b4163f3676d0dea965c8a946cade34b57a78438f4c9f5c10cde4a04d1c12a63282d8c824067b67a87
SERVER_HANDSHAKE_TRAFFIC_SECRET 7304f0a061bc41c1f4e568c8bc78411ccde4d400621e27cd1fa8e4d01afd5083 d82898a686b337247f2a90684043e6674086ceef3200a3603983e1329d5eeb0b0014e9696f60cb21eaf7cd5cfdc81c48
CLIENT_TRAFFIC_SECRET_0 7304f0a061bc41c1f4e568c8bc78411ccde4d400621e27cd1fa8e4d01afd5083 ff974a7112ea286a7c61106da3aa8f60860f2875aa971884de2d79bf6dcbdeb892b4d07135c7031adf371df3d24b864d
SERVER_TRAFFIC_SECRET_0 7304f0a061bc41c1f4e568c8bc78411ccde4d400621e27cd1fa8e4d01afd5083 e57e6d656163d5f0b39d67eb21ba3856c6d7b9a2548683b9fbbad7f68f48591da88a8187d3fa843c5fce594594bfec58
EXPORTER_SECRET 7304f0a061bc41c1f4e568c8bc78411ccde4d400621e27cd1fa8e4d01afd5083 b5e7bd59072b184ed4c7e0eed571cf8e0b4fd0df78a63d97240cdb4b962e2a203126420b5ae7dc5f26718dd2d74a4a31
CLIENT_HANDSHAKE_TRAFFIC_SECRET c2553b7a4eee0c8ec2a5679ef0bd52b49dc1269c3160f96866c79bfa8d76b410 beebf97a3fcf9f3d1837f0ef090858261d5932c33e84ab6f5a065f8781ecb706
SERVER_HANDSHAKE_TRAFFIC_SECRET c2553b7a4eee0c8ec2a5679ef0bd52b49dc1269c3160f96866c79bfa8d76b410 bae20b3c301a116d63d5b2a0e06059b2c7f1e734b276c4d888246b89187a21bf
CLIENT_TRAFFIC_SECRET_0 c2553b7a4eee0c8ec2a5679ef0bd52b49dc1269c3160f96866c79bfa8d76b410 4fd4c932b4f76dd552671136f27dc73f3c7784be1fcc65a5b7fe69c7a1f8eefc
SERVER_TRAFFIC_SECRET_0 c2553b7a4eee0c8ec2a5679ef0bd52b49dc1269c3160f96866c79bfa8d76b410 a8f7b0b7414541eca8007fad85b0e96ad90a6e8141084a87efef4535254d0172
EXPORTER_SECRET c2553b7a4eee0c8ec2a5679ef0bd52b49dc1269c3160f96866c79bfa8d76b410 c2f2f8e4569e48941beca1007f2525038bcedc9da0bd0fb2f48da35e6be21361
CLIENT_EARLY_TRAFFIC_SECRET ed1090d602e5c13508dc0e43ab1bbb34ed42f2043864c66b7e3caa64d9ffa2f3 54712c7a3d1fbeb9486ee28d5c930152d4214fea7e3e44d8758090163e79e698
CLIENT_HANDSHAKE_TRAFFIC_SECRET ed1090d602e5c13508dc0e43ab1bbb34ed42f2043864c66b7e3caa64d9ffa2f3 eb46a890eb674f0f08eaa5cee38fa8f41139ac6f971bfee8cd63b79b1b694199
SERVER_HANDSHAKE_TRAFFIC_SECRET ed1090d602e5c13508dc0e43ab1bbb34ed42f2043864c66b7e3caa64d9ffa2f3 c9a54af85f726bfcdc357e21464150954edf5ef7bd0854cc4f259f83ffe03299
CLIENT_TRAFFIC_SECRET_0 ed1090d602e5c13508dc0e43ab1bbb34ed42f2043864c66b7e3caa64d9ffa2f3 f6c6f2c23d304fb94019d636b0bf3a2ee0ba9bd4a4e1bb012efc881fae659d0e
SERVER_TRAFFIC_SECRET_0 ed1090d602e5c13508dc0e43ab1bbb34ed42f2043864c66b7e3caa64d9ffa2f3 b23db018b0cd75a0bc3f410a021dfd104c9650345c7ebd216ae7ee3d481501f7
EXPORTER_SECRET ed1090d602e5c13508dc0e43ab1bbb34ed42f2043864c66b7e3caa64d9ffa2f3 fd4c851cefb13fd0083f54358e94b65c60995e323bc6d5a123037f8f5ec2ab6f
CLIENT_HANDSHAKE_TRAFFIC_SECRET 4ee8d11795f7327b5e8c70f138af9c4fd6253fbb40dac500d7077e94035d9b75 cf4f2d658d1f4ee9bdc4985cb7a9b80f43022fc8998a40b239c86e6cb95b215060d2799bafddf65de4e0bbbd33f6f564
SERVER_HANDSHAKE_TRAFFIC_SECRET 4ee8d11795f7327b5e8c70f138af9c4fd6253fbb40dac500d7077e94035d9b75 db0514ee6c4781cfe6b95c8b97bedc8d69bf95e8d3950c9c528547174b08b8fef8817c10a255e8687372bea453e9006c
CLIENT_TRAFFIC_SECRET_0 4ee8d11795f7327b5e8c70f138af9c4fd6253fbb40dac500d7077e94035d9b75 4de8f5c63d9f390c7ae67d3dd7545f58f13b0ef38414ee553753d5990de609caa177b89623e80ef1dc3a457971bafd69
SERVER_TRAFFIC_SECRET_0 4ee8d11795f7327b5e8c70f138af9c4fd6253fbb40dac500d7077e94035d9b75 48c03fc967f2fa4a37d74869d1124a8de4ac0eb02b46109f6789dbc5700a967d1c47d8997dfb83dbfe163cbf5a2479d8
EXPORTER_SECRET 4ee8d11795f7327b5e8c70f138af9c4fd6253fbb40dac500d7077e94035d9b75 cb2d5bb083261a594aa2a1cc9caaf6e1c6eb98d481db71ac47e9efca7ec06daaf249a4ee0070dddf137f758197903a51
CLIENT_HANDSHAKE_TRAFFIC_SECRET 77dc65bc64d415c2d23a6c97892f2f56922c0762b5f550e4921305f06b2aabae 8c802282643a61bb6b6ac3308576b0c1fa4a6d6cfe5d8cd409fd544c06bc1f64
SERVER_HANDSHAKE_TRAFFIC_SECRET 77dc65bc64d415c2d23a6c97892f2f56922c0762b5f550e4921305f06b2aabae 2944ef3f1b0ecdd59064fce56dc36b7db52b366e6db9ae4512ce767493830c93
CLIENT_TRAFFIC_SECRET_0 77dc65bc64d415c2d23a6c97892f2f56922c0762b5f550e4921305f06b2aabae 422f9eb6fc15f4ecb1469ec4ab6e7084f2fd33476dddb02c6bd0341902743d77
SERVER_TRAFFIC_SECRET_0 77dc65bc64d415c2d23a6c97892f2f56922c0762b5f550e4921305f06b2aabae ec68432aaf3ddda6161dca8cb6a83db302fad94fdf467ac2b7d1398db7071ee4
EXPORTER_SECRET 77dc65bc64d415c2d23a6c97892f2f56922c0762b5f550e4921305f06b2aabae c6a8b4f63fa7959da969349ba02f60af902c3c7ba54065307a16746f0aa90bf4
CLIENT_HANDSHAKE_TRAFFIC_SECRET 1b21440d4e9ad976baf85104349e9f42c959fd7aaa4dd250c5455d3a393a81cb f0cbdbf57929412a599b6c3a2de32f93d843a69e5eb9d0bdbc872f96ecbd5b79
SERVER_HANDSHAKE_TRAFFIC_SECRET 1b21440d4e9ad976baf85104349e9f42c959fd7aaa4dd250c5455d3a393a81cb cb260689929f7b98cf7f47bc8349745c7378770a6a0aa0ec2f1f963f2625349a
CLIENT_TRAFFIC_SECRET_0 1b21440d4e9ad976baf85104349e9f42c959fd7aaa4dd250c5455d3a393a81cb 3ef0e75961690239dbbce02d5a76326624feefa2b78e0f722fcb72426724af2b
SERVER_TRAFFIC_SECRET_0 1b21440d4e9ad976baf85104349e9f42c959fd7aaa4dd250c5455d3a393a81cb f8f7414eef62bbbcf7f29565f280b622b044518fc26efae4b1a2373d32d4ce7b
EXPORTER_SECRET 1b21440d4e9ad976baf85104349e9f42c959fd7aaa4dd250c5455d3a393a81cb 7fcd69145ec76a7e96971888a3a21e1ab95fa6d87cd27f78ab759360e8566df2
CLIENT_HANDSHAKE_TRAFFIC_SECRET fac5c6de6a305f3ed9709e15dd800689225e025a667d0d5c1d11eef2fd8e9566 f2d86ed52f97971889e82df529069bf87d0611531aa37d990b6cde3acd2bf204
SERVER_HANDSHAKE_TRAFFIC_SECRET fac5c6de6a305f3ed9709e15dd800689225e025a667d0d5c1d11eef2fd8e9566 0ec2da82b0712acb25525e4dae0db5b61ef02859fc7f124a57b8516dd0bc600d
CLIENT_TRAFFIC_SECRET_0 fac5c6de6a305f3ed9709e15dd800689225e025a667d0d5c1d11eef2fd8e9566 0b7018739a80bb93c3df5b9a473e096a21b69472c8e7dd3ef9f9f8285c2413bf
SERVER_TRAFFIC_SECRET_0 fac5c6de6a305f3ed9709e15dd800689225e025a667d0d5c1d11eef2fd8e9566 2a5129274ed2b3d5b42081eec5b36d86d4a560f4433322f9c23e248491910ea1
EXPORTER_SECRET fac5c6de6a305f3ed9709e15dd800689225e025a667d0d5c1d11eef2fd8e9566 6b8422625b1498986c85a1079bae6e2cec4072e4db2096d57a77b0ca2352a467
CLIENT_HANDSHAKE_TRAFFIC_SECRET d67600f307cf891adf7a41d3a29d3810b16578d119321a3ddd2d7faad7e2dc88 220701ce4b38e2fbc95a6d98293cc8c4d3cac7e6043d911d8ab1df201d9695ae
SERVER_HANDSHAKE_TRAFFIC_SECRET d67600f307cf891adf7a41d3a29d3810b16578d119321a3ddd2d7faad7e2dc88 110d718a6cba46dea861c5df00d081d8111f4fa37bb1b0d5f7066c54473f783e
CLIENT_TRAFFIC_SECRET_0 d67600f307cf891adf7a41d3a29d3810b16578d119321a3ddd2d7faad7e2dc88 73de563e73bea0aadd667712d2d830569b3d6a271f44d884a01a7ca064907c79
SERVER_TRAFFIC_SECRET_0 d67600f307cf891adf7a41d3a29d3810b16578d119321a3ddd2d7faad7e2dc88 001ba2b9b5f4ca522abfeb4a5b1ad632164c07ebd499887fd8ce833b537cb4b1
EXPORTER_SECRET d67600f307cf891adf7a41d3a29d3810b16578d119321a3ddd2d7faad7e2dc88 f02af17a3905df67e11dd034aa472c7d8f056b16306d36209563df38f886f97b
CLIENT_HANDSHAKE_TRAFFIC_SECRET 12653f894777c83b7be93fbf8984618aa4ca5fd69d8a553c140449cbfb509147 0f309ce86657e359e11e420f95ba1cb26079bd6c9e9d1b334275a11370ac86bdb90fb3b7bb46bedf39bc3ab9f2da90b6
SERVER_HANDSHAKE_TRAFFIC_SECRET 12653f894777c83b7be93fbf8984618aa4ca5fd69d8a553c140449cbfb509147 920d3864a3759429468e27a1e1817ba0f7d6dc8fb64631c391eda433599de6631c6882fd10ffac7e4b6d440b4e525f65
CLIENT_TRAFFIC_SECRET_0 12653f894777c83b7be93fbf8984618aa4ca5fd69d8a553c140449cbfb509147 d18541a28e4eca440c4664a52169e46ef7c4df6f9c2861a161d8f76e660fdaff6c894e0f3f734450c0b4280bdc36135e
SERVER_TRAFFIC_SECRET_0 12653f894777c83b7be93fbf8984618aa4ca5fd69d8a553c140449cbfb509147 b78c135b1272e315419980d9ce68debf4415e56f97cf60fc2e7ed3df3b1dd02bc32ab1beb38edc5638a0b0397bc9d316
EXPORTER_SECRET 12653f894777c83b7be93fbf8984618aa4ca5fd69d8a553c140449cbfb509147 d72de2163d1b8b0d70bb402fb10b98141aff75ee88a230c4cea494a11ea08c7d8fb52d8633277327d96f2f7957c37865
CLIENT_HANDSHAKE_TRAFFIC_SECRET c7409c50b7e1fb985b2b2b535b694ee1f07c8ff45ffbbcfd39f2933f1f4a9199 da5a7e52ead4bb85fcd51a842521eb810946962243553cb75b94c971018019f7
SERVER_HANDSHAKE_TRAFFIC_SECRET c7409c50b7e1fb985b2b2b535b694ee1f07c8ff45ffbbcfd39f2933f1f4a9199 a5b3c842cc26a4802eb0064c2ef060f329947f12aabe60764461eb5cfb1d1453
CLIENT_TRAFFIC_SECRET_0 c7409c50b7e1fb985b2b2b535b694ee1f07c8ff45ffbbcfd39f2933f1f4a9199 3379598862ee2352f8ec37e46632b54ea4e9793a8f101e5dd5de29ec08692d15
SERVER_TRAFFIC_SECRET_0 c7409c50b7e1fb985b2b2b535b694ee1f07c8ff45ffbbcfd39f2933f1f4a9199 92c2d0a5bba1c07f840cf0f91e400b93978964c890eab86ade371d472bcd940b
EXPORTER_SECRET c7409c50b7e1fb985b2b2b535b694ee1f07c8ff45ffbbcfd39f2933f1f4a9199 77cd34bea4c69a0ae03192b3d381000f208acd189b951020bee1ef900b14508d
CLIENT_EARLY_TRAFFIC_SECRET 340787b540aea1bfa257900732bbfe5c3b2778bdddc99a4c71daa3e0abd399f7 cffaf4a4bf717af29d479a3388b85f483f648cc6b295330a2795b108de65958a
CLIENT_HANDSHAKE_TRAFFIC_SECRET 340787b540aea1bfa257900732bbfe5c3b2778bdddc99a4c71daa3e0abd399f7 863f50fa477ae7c85dd2c61e93f5ab7ed77931e5b08966a785d6a83692046979
SERVER_HANDSHAKE_TRAFFIC_SECRET 340787b540aea1bfa257900732bbfe5c3b2778bdddc99a4c71daa3e0abd399f7 14836e917e65a7a87e516c836bf424ed11668118e2e1d3efafc836a25d9b3436
CLIENT_TRAFFIC_SECRET_0 340787b540aea1bfa257900732bbfe5c3b2778bdddc99a4c71daa3e0abd399f7 a16a79a008e0507b167a06ade181169ed6fb19580b0377b0d94783c7efbfe6f8
SERVER_TRAFFIC_SECRET_0 340787b540aea1bfa257900732bbfe5c3b2778bdddc99a4c71daa3e0abd399f7 5fb599dfed0c94a897b7dbabb52ebf982c810546793dfec04c79b06a06819dae
EXPORTER_SECRET 340787b540aea1bfa257900732bbfe5c3b2778bdddc99a4c71daa3e0abd399f7 9f6797f03e2558702084daf2527539c2b70ef13a9e9e18483cdba7f3bc45d7d8
CLIENT_HANDSHAKE_TRAFFIC_SECRET 0c123e69d13fe076091f6e50780cfedef7a032badae00ac8537cc913bcd7f549 a26a28d17f79d5155b736162b47d546dfceb41b8d561d2c9358c0d2a4000678a
SERVER_HANDSHAKE_TRAFFIC_SECRET 0c123e69d13fe076091f6e50780cfedef7a032badae00ac8537cc913bcd7f549 a4520541b3eba53210081a0dcad68a712f9f7984f59ea3930b63919001f7bed0
CLIENT_HANDSHAKE_TRAFFIC_SECRET df933cda780ea55721af2354c11956c57aecce82c976294d8474d380c517708d b94a14cfd0841110c5c4a12eed52078f4759bc97bd197a7be1f139a74a3774624f972e839fd8189f2f20890e6d877c1e
SERVER_HANDSHAKE_TRAFFIC_SECRET df933cda780ea55721af2354c11956c57aecce82c976294d8474d380c517708d 6b611fd8d461558034aebb6b89f128dc90d99ef2925de76dc88728a533a9f9608e5567acb6d42b175a973a84e4139895
CLIENT_TRAFFIC_SECRET_0 df933cda780ea55721af2354c11956c57aecce82c976294d8474d380c517708d d536f7f50b01768454f6ab0e23c6e9c5ba4d8e957315e5503ff6816e9ca3f49eec43e0e81b32e51ebb7fdfa6e5689da1
SERVER_TRAFFIC_SECRET_0 df933cda780ea55721af2354c11956c57aecce82c976294d8474d380c517708d 84649dd4d0d511054f3df0753c5ad93c2121b728884a89c781193c4fb84bc40ab117dace1622ad3f7bd2910b99e7d62b
EXPORTER_SECRET df933cda780ea55721af2354c11956c57aecce82c976294d8474d380c517708d bbd6fef05ff53cd2d5f053e210a240259d4ddad152a82e49d6bc43518cb8fc56d64c995c956ec98471b715fa2297eb33
CLIENT_TRAFFIC_SECRET_0 0c123e69d13fe076091f6e50780cfedef7a032badae00ac8537cc913bcd7f549 ada57376f9b451ebd9875ec1bc7f21de15f3d5af638f71ee5c36c36ca16e1d9c
SERVER_TRAFFIC_SECRET_0 0c123e69d13fe076091f6e50780cfedef7a032badae00ac8537cc913bcd7f549 70b0e4c31da67ad110d5b9df93e0c44a2f8129d403a46f73940e56221a24afca
EXPORTER_SECRET 0c123e69d13fe076091f6e50780cfedef7a032badae00ac8537cc913bcd7f549 72a0537ca1a51b624d9e7aff7d188a7023b9fba12d37b0f54c8018c8af9f008c
CLIENT_HANDSHAKE_TRAFFIC_SECRET f92568769b62cd21b51e15462104f2a8800625b33d38180858fbd152b8610bcd c6c17d5695526b38c6f7ba780fd7ef13324f62101fa71ba7c6130256d9dfde555f22d31fbce5cbbc67ba5bb55b8df077
SERVER_HANDSHAKE_TRAFFIC_SECRET f92568769b62cd21b51e15462104f2a8800625b33d38180858fbd152b8610bcd f7e985e59a0c5087aaf76a12645ab01eee70dd00e7dda497a8985542df71a321f58a5bed96d2b39f0d425f1a57011a1f
CLIENT_TRAFFIC_SECRET_0 f92568769b62cd21b51e15462104f2a8800625b33d38180858fbd152b8610bcd adeb9514c159701f1638f865c564332a4dcbee3b6f26bc010afb9ba4f80fdcce827c4871101c14de0c1234afc89715ee
SERVER_TRAFFIC_SECRET_0 f92568769b62cd21b51e15462104f2a8800625b33d38180858fbd152b8610bcd b7bf8a9d99c0c57fca69d145350438f3b8bb9171967c0f071dca6978e5cf3c438dbe3686e6b9cee2dd471645a5b32c3b
EXPORTER_SECRET f92568769b62cd21b51e15462104f2a8800625b33d38180858fbd152b8610bcd b79379c50ffa2754a1176d913f5cbd1a4612f324985c4e4234c08b2e390f76a6c6815280ab1482cf7d4a89202c4a37cb
CLIENT_HANDSHAKE_TRAFFIC_SECRET b6a44b8ce6993c28d52bc26faf86883f73984dd8e45c9455e2836a49201ca374 314ac487172ed1997c49988e7841aef4a7beccf1237b1b61b8ddfbf7ae9ae3b8
SERVER_HANDSHAKE_TRAFFIC_SECRET b6a44b8ce6993c28d52bc26faf86883f73984dd8e45c9455e2836a49201ca374 6f3287383d85ccac17a448b24e1f91c84603d9937ec47501c01270ec1845df0c
CLIENT_TRAFFIC_SECRET_0 b6a44b8ce6993c28d52bc26faf86883f73984dd8e45c9455e2836a49201ca374 3d70a09d468eda94544d37b83e640189a9adcb4e7a417b949b1e80d005ac16f5
SERVER_TRAFFIC_SECRET_0 b6a44b8ce6993c28d52bc26faf86883f73984dd8e45c9455e2836a49201ca374 7ec1b335d14ab447457107a7e9e39b64c8b8e41d639a126cf29c45684a77ca33
EXPORTER_SECRET b6a44b8ce6993c28d52bc26faf86883f73984dd8e45c9455e2836a49201ca374 073a867a253df66d195721bea9dccfa591703534a000b1ab3ca893458c57599a
CLIENT_EARLY_TRAFFIC_SECRET 9c349e35bb128995f7a20d77652bf43396d1ddd34b15e58f8682786f08cea018 92e15ec9c1376284139eee66e93bfb7002f3fadb8790956fbaf57a7d925f7e2c
CLIENT_HANDSHAKE_TRAFFIC_SECRET 9c349e35bb128995f7a20d77652bf43396d1ddd34b15e58f8682786f08cea018 bb208ce578c80b31d9b66694393510194d9f451493e14797cf45ef1f24397b56
SERVER_HANDSHAKE_TRAFFIC_SECRET 9c349e35bb128995f7a20d77652bf43396d1ddd34b15e58f8682786f08cea018 d9395d8729d9226974a8129e0e3626af71c238d69e6578321b31edcb1512bc4b
CLIENT_TRAFFIC_SECRET_0 9c349e35bb128995f7a20d77652bf43396d1ddd34b15e58f8682786f08cea018 f436996940a6ee8012ba9821bbf2d3555c6faf9bb7361c92034640918184d22c
SERVER_TRAFFIC_SECRET_0 9c349e35bb128995f7a20d77652bf43396d1ddd34b15e58f8682786f08cea018 6adacfa17aac6689eabc3e86453c5db31fbd49187bd5a45274787ebad6db673a
EXPORTER_SECRET 9c349e35bb128995f7a20d77652bf43396d1ddd34b15e58f8682786f08cea018 8ca28e46462804049188eb2e374b4db5474afb7fbeefa7cc38ed25523ccb372c
CLIENT_HANDSHAKE_TRAFFIC_SECRET 0b5973aea11dc04991e965f7abe70e554305e3d5143fd4c2a05c57affeb13ed7 620abeedc26b9d03c2cb852ab71e120382ce6d71680d354871f6e639bd14f729
SERVER_HANDSHAKE_TRAFFIC_SECRET 0b5973aea11dc04991e965f7abe70e554305e3d5143fd4c2a05c57affeb13ed7 e4a92cd708000ac6410083c0260ed3dda6cb4eabde2f56c43acf69d0b5330b9f
CLIENT_TRAFFIC_SECRET_0 0b5973aea11dc04991e965f7abe70e554305e3d5143fd4c2a05c57affeb13ed7 2e39a0df7d1c707688317f058b6910cef21f81b79c66a4c417632fef85b5dbd5
SERVER_TRAFFIC_SECRET_0 0b5973aea11dc04991e965f7abe70e554305e3d5143fd4c2a05c57affeb13ed7 d3c507f34593d8a292811854adaca1b55bb5fb61f6c7b02162cba72a74c2a745
EXPORTER_SECRET 0b5973aea11dc04991e965f7abe70e554305e3d5143fd4c2a05c57affeb13ed7 2c17a6f563f892bdf665d74e48c588e29f7a296514548a198eda34f366c98985
CLIENT_HANDSHAKE_TRAFFIC_SECRET 84767e02fcf9fbdbf13600f465deb7e6d5624223a535ec94af10043d575c7f4e 39b9b3dc6fd97737ebe85e995077e9a8cfdb8d0365b95a6b14aa57012bc2a80d
SERVER_HANDSHAKE_TRAFFIC_SECRET 84767e02fcf9fbdbf13600f465deb7e6d5624223a535ec94af10043d575c7f4e 0f1bbea35990bcce2947a29e1c0c7368187d34623b296c497149ab1771de8507
CLIENT_TRAFFIC_SECRET_0 84767e02fcf9fbdbf13600f465deb7e6d5624223a535ec94af10043d575c7f4e 6f805b4fa59aff5cf3d0cd84a551eaf69071890f6a51836dcee8bc466e5ff3cd
SERVER_TRAFFIC_SECRET_0 84767e02fcf9fbdbf13600f465deb7e6d5624223a535ec94af10043d575c7f4e 179e6e367fbb983a11d91d8fcf98ab883044782192948522a0861a0c20701388
EXPORTER_SECRET 84767e02fcf9fbdbf13600f465deb7e6d5624223a535ec94af10043d575c7f4e 2c3c8f0f2522d3082aabfe97854e8cfcdd57020527e0db5c41b5a84c9e98d57b
CLIENT_HANDSHAKE_TRAFFIC_SECRET 8610d947254064633539aa18b9470e3020b45c686ffcc870d5903d4e578223dc 9d7cbc74c3fbbd650302c324bb7a9bb48ba4adeb8d776fa339ba541cf9b063c6
SERVER_HANDSHAKE_TRAFFIC_SECRET 8610d947254064633539aa18b9470e3020b45c686ffcc870d5903d4e578223dc 1f17f0a5ec2d8b043d052b9485f7e22e17baa6ed40aa0be5e8285c3465797aee
CLIENT_TRAFFIC_SECRET_0 8610d947254064633539aa18b9470e3020b45c686ffcc870d5903d4e578223dc 047382dc8cc44457a627512060402582a3e4e268398def5647a69862e1671c41
SERVER_TRAFFIC_SECRET_0 8610d947254064633539aa18b9470e3020b45c686ffcc870d5903d4e578223dc 07831209ab569eb72c78d8a7ad5c3d586bce03ca5cc1571eefa88d18b22072ee
EXPORTER_SECRET 8610d947254064633539aa18b9470e3020b45c686ffcc870d5903d4e578223dc 8110b3bdabedda324077471b4626cd0b14e453ffb14e2b3c01e48042d9615e82
CLIENT_EARLY_TRAFFIC_SECRET 5dfa96c4c169722e595698d7e9f034152b1f7cd682a7c186b028fe85339350ef 32400a73092b6b7f19f4ec54f189a6a7c12db72c8f294c0c16bd23b705f3d136
CLIENT_EARLY_TRAFFIC_SECRET ad26e0c602796bbbe53b832475809206e7647568e79eb484c3d11d15b0d0fc0b c69ed8044c7daeba7d2e9d39f755c1d6eea6c7f560a4dc43f61fade373c2aa76
CLIENT_HANDSHAKE_TRAFFIC_SECRET 5dfa96c4c169722e595698d7e9f034152b1f7cd682a7c186b028fe85339350ef b07878d085ba1bbf7ddce188957eca2b0f65ccd8f05b01d51254c6c9308818a7
SERVER_HANDSHAKE_TRAFFIC_SECRET 5dfa96c4c169722e595698d7e9f034152b1f7cd682a7c186b028fe85339350ef 904afb84a95d70c86379599a7fdb3397fb78c80f3fe3530a026ffc0a1c0e6988
CLIENT_TRAFFIC_SECRET_0 5dfa96c4c169722e595698d7e9f034152b1f7cd682a7c186b028fe85339350ef 51d48b20fbaf569b3b8ce2bc87ddf4e2af1c59254a7164e0d77f96f8c95228b8
SERVER_TRAFFIC_SECRET_0 5dfa96c4c169722e595698d7e9f034152b1f7cd682a7c186b028fe85339350ef feee698b97b8256a2b0e3fb3e5049b0d50efc1e330d5016e7d797fbd3fa00465
EXPORTER_SECRET 5dfa96c4c169722e595698d7e9f034152b1f7cd682a7c186b028fe85339350ef 2aca13740d02930b67bf8ba49e6544f9617d15fac42e603104fe9aea1d671f8c
CLIENT_HANDSHAKE_TRAFFIC_SECRET f1978da03fa719bf6f1420bda85aafbf4668ae8dad7f8bbbd8b96e9f6cea872f aa8a4406e3d62ba9511016b19cb651b7b3d4768e23c5fb973691a43b937b4f39
SERVER_HANDSHAKE_TRAFFIC_SECRET f1978da03fa719bf6f1420bda85aafbf4668ae8dad7f8bbbd8b96e9f6cea872f 45a7825b3743621e6974103c1d52ae98a51ce666723db2fc2c615f680da70da9
CLIENT_TRAFFIC_SECRET_0 f1978da03fa719bf6f1420bda85aafbf4668ae8dad7f8bbbd8b96e9f6cea872f 873b0a5265e6581c2e77fcbcacb042f90cb8c646f60b438cf99014bc3c962969
SERVER_TRAFFIC_SECRET_0 f1978da03fa719bf6f1420bda85aafbf4668ae8dad7f8bbbd8b96e9f6cea872f 559274e5faabb3957f257abb120d823ccfc86f0c1811ae92d829258364a1c962
EXPORTER_SECRET f1978da03fa719bf6f1420bda85aafbf4668ae8dad7f8bbbd8b96e9f6cea872f e04cf445fa0d82541077ed992af9531ee9ab501c300ce5bb7f02038845dde326
CLIENT_HANDSHAKE_TRAFFIC_SECRET ad26e0c602796bbbe53b832475809206e7647568e79eb484c3d11d15b0d0fc0b f69030f3aa0e7b6b4d863aca9c900b498d4132af74f548f432fd36eb3da13bf9
SERVER_HANDSHAKE_TRAFFIC_SECRET ad26e0c602796bbbe53b832475809206e7647568e79eb484c3d11d15b0d0fc0b a98e37c0b1033f92afa0c45948e7cabb468bcc1de17f7795da947bf9aa681c7e
CLIENT_TRAFFIC_SECRET_0 ad26e0c602796bbbe53b832475809206e7647568e79eb484c3d11d15b0d0fc0b d9ef770766f0f25850a8ba9cfe71f18febc4eb69fcbb8705aa5e96f93e31f47d
SERVER_TRAFFIC_SECRET_0 ad26e0c602796bbbe53b832475809206e7647568e79eb484c3d11d15b0d0fc0b 287a710b83155dedeac67790ee0c1079d871e2097cd1c1a7a2e07a0d19e90e2e
EXPORTER_SECRET ad26e0c602796bbbe53b832475809206e7647568e79eb484c3d11d15b0d0fc0b ec0bc16c2fb687929701913e0e70efdccefc2f2fd6ddff9a4122a8e6d0a87cfc
CLIENT_HANDSHAKE_TRAFFIC_SECRET 342dfcee43ea19a2de5d63e01850b3a1707969040a13556f204a72209fd88b76 67ea535a7acc39eecb627780a801228410873eafb55531d2ffea843c45c956c0
SERVER_HANDSHAKE_TRAFFIC_SECRET 342dfcee43ea19a2de5d63e01850b3a1707969040a13556f204a72209fd88b76 923b02205cc7e493f6d2ed9e56d16c876b45241b32e77a9ef73dd98b793a7a33
CLIENT_TRAFFIC_SECRET_0 342dfcee43ea19a2de5d63e01850b3a1707969040a13556f204a72209fd88b76 0fd962dca3e80559e3951513a227f4c23b52004ac6fd0049c1bf192b5c25380f
SERVER_TRAFFIC_SECRET_0 342dfcee43ea19a2de5d63e01850b3a1707969040a13556f204a72209fd88b76 d5afec82693078f34329d25539a7d91c03aad89d9405a953f7c15fe18dddd3d6
EXPORTER_SECRET 342dfcee43ea19a2de5d63e01850b3a1707969040a13556f204a72209fd88b76 a11df17cc8007e66b26462d2eae78c912b169f026a10fa9fb2be309df9974653
CLIENT_EARLY_TRAFFIC_SECRET 3fa755f0ade54a8ba36054b83edf4e2168b9c901607bffffbc91caafa1e5cd39 a4ea15ff3f472b613b0fd83daffa37329bc7d8ffa35ab048dad2913b8db09090
CLIENT_HANDSHAKE_TRAFFIC_SECRET 3fa755f0ade54a8ba36054b83edf4e2168b9c901607bffffbc91caafa1e5cd39 233e376603efbebc852ff36b9d7a562f8e4ec3d8363780e120e55b65e88f8707
SERVER_HANDSHAKE_TRAFFIC_SECRET 3fa755f0ade54a8ba36054b83edf4e2168b9c901607bffffbc91caafa1e5cd39 19b6b5b5d05b1cda1398d56edf017945ca9736c9fb78b639b3a8eb18981f5684
CLIENT_TRAFFIC_SECRET_0 3fa755f0ade54a8ba36054b83edf4e2168b9c901607bffffbc91caafa1e5cd39 5762d9a8088897cdd794a2793999f7f3f5ca181de00d4421a9303f73c9f31466
SERVER_TRAFFIC_SECRET_0 3fa755f0ade54a8ba36054b83edf4e2168b9c901607bffffbc91caafa1e5cd39 04d94f328c8ea2a54e34ef724617de67c659ea734cf48edb858dd5fdae32e0fd
EXPORTER_SECRET 3fa755f0ade54a8ba36054b83edf4e2168b9c901607bffffbc91caafa1e5cd39 d22104811c04e181b1aa46dc6fff971ca1855ad880a91343dea1f149a6e4c161
