CLIENT_HANDSHAKE_TRAFFIC_SECRET 0667b408c0f3993307002d1c68e3d055a56493a01e5454d0a9b428516d89d290 a5c58e6d4f13b8c56ab79d23578c86dc6a1171f2cc7ba57df7b854b3022907727519f3608b1fa86fdcd6d25ff21280c7
SERVER_HANDSHAKE_TRAFFIC_SECRET 0667b408c0f3993307002d1c68e3d055a56493a01e5454d0a9b428516d89d290 eca31c052313237f612ffc88b7c046e0ea4b6b0fdc2a9a9a7731abb0fdcb09d9ac5ee52f3524871c752bc76da915d521
CLIENT_HANDSHAKE_TRAFFIC_SECRET e1abb4c0b41a847f7e8512df7be36174cbe50efd0ae778ad5db1b78266917127 a40c39fa817a233f6a4b511f43b760f6e10c0691760bb097984d72e7120a3064
SERVER_HANDSHAKE_TRAFFIC_SECRET e1abb4c0b41a847f7e8512df7be36174cbe50efd0ae778ad5db1b78266917127 888163bcfe245b571afcc24a09c8bf43b74785b9b02ac75c78313a845dfd1f4f
CLIENT_HANDSHAKE_TRAFFIC_SECRET d5440e5d467d0545377efcf40994c4fb7ff757f4f2ffcf85847ce2f3af6c6219 de269519b0f1db3c8ade3f7fbcfbe6d2cd185672ad83a4edb5e87079fdbc7e12dea9d3d9b1be0ed7ab2b16952db3fe42
SERVER_HANDSHAKE_TRAFFIC_SECRET d5440e5d467d0545377efcf40994c4fb7ff757f4f2ffcf85847ce2f3af6c6219 17f2bccfb11738119aedaeb145ba295f6a5c917e3eba315c623d544d11395e1445b1cf310624a8db322a9b9a6a80599b
CLIENT_HANDSHAKE_TRAFFIC_SECRET ee725c2b25f3b939380e02c791e96cabf70c37dbea1fac4f0e5af1729602dc18 23c9f1114f1a08459e00e7fca51baee4f2bf6d3fe8e2e4826704ef5cc28e1714
SERVER_HANDSHAKE_TRAFFIC_SECRET ee725c2b25f3b939380e02c791e96cabf70c37dbea1fac4f0e5af1729602dc18 54354802e625a3ca3c75ca6c382cc554100a6f199ef82b4263af4ffb4b7e025b
CLIENT_HANDSHAKE_TRAFFIC_SECRET 99d28d82e023205daf802a9c3c413412056bc8e842078b6e5669c7689d1c2cb8 0b35677fc531752999390300f8aea7c4661aa9547c3fe0c2b2cbea6976cbb1f3
SERVER_HANDSHAKE_TRAFFIC_SECRET 99d28d82e023205daf802a9c3c413412056bc8e842078b6e5669c7689d1c2cb8 ca9a5855a0a92c467214dda01ac317fdb5bb413375bdc801e09f6a027befbfc2
CLIENT_TRAFFIC_SECRET_0 d5440e5d467d0545377efcf40994c4fb7ff757f4f2ffcf85847ce2f3af6c6219 5a12abe35003916956dbdade2231ce0d2bd34e6316dbf5d95696d061de210b7599f356cd7dc6e3985faba943cdfc202f
SERVER_TRAFFIC_SECRET_0 d5440e5d467d0545377efcf40994c4fb7ff757f4f2ffcf85847ce2f3af6c6219 80efe06ab4fb0ed57f76daae7dd2abb5e1098dbbc132803d3166e5a6375ddc770fad87a20ee245c559b50eb1fec1c69e
EXPORTER_SECRET d5440e5d467d0545377efcf40994c4fb7ff757f4f2ffcf85847ce2f3af6c6219 4138f4ca301d74660d0a2d15e682afe66d696bcfe85096cbd9206b4c5d67b08da23aca3e38042c82dd50b2646a7b7c75
CLIENT_TRAFFIC_SECRET_0 e1abb4c0b41a847f7e8512df7be36174cbe50efd0ae778ad5db1b78266917127 205bd9ac6a45c43fca232c03073fa3679385ca34f2342e98297bbe6bf1df8bdc
SERVER_TRAFFIC_SECRET_0 e1abb4c0b41a847f7e8512df7be36174cbe50efd0ae778ad5db1b78266917127 3441e65bd1bb119f73fd57ffe81e6b82298f69256b4229f0ec3aecdf76b91a49
EXPORTER_SECRET e1abb4c0b41a847f7e8512df7be36174cbe50efd0ae778ad5db1b78266917127 1821e66da3c154e1efe00573c7d0b5d757948703bc73f34065dc87fc5d6cf318
CLIENT_TRAFFIC_SECRET_0 99d28d82e023205daf802a9c3c413412056bc8e842078b6e5669c7689d1c2cb8 3f13bc8d5d045034f8fc94988e0f473282d70ab91893cb08a2140f640db22635
SERVER_TRAFFIC_SECRET_0 99d28d82e023205daf802a9c3c413412056bc8e842078b6e5669c7689d1c2cb8 82f578c6889d7e2e64b2e8b48e4814c13c917d741aa040123531119355232145
EXPORTER_SECRET 99d28d82e023205daf802a9c3c413412056bc8e842078b6e5669c7689d1c2cb8 94d0d73fff0c6f50bc583d90b34c584633d6c617445fe1fb17c4ec869acb319a
CLIENT_TRAFFIC_SECRET_0 ee725c2b25f3b939380e02c791e96cabf70c37dbea1fac4f0e5af1729602dc18 386319f62284d085663800fa5f994a5e3cbe669654d83bdf9d804bb536230b1d
SERVER_TRAFFIC_SECRET_0 ee725c2b25f3b939380e02c791e96cabf70c37dbea1fac4f0e5af1729602dc18 f6c6447f400031c36c9325e25d2c9b4d566e5b6e222302660ca14f219e3df78d
EXPORTER_SECRET ee725c2b25f3b939380e02c791e96cabf70c37dbea1fac4f0e5af1729602dc18 888a4c26769220e545096b50fce606b208236170998147bf11cca1ffcef2e8bc
CLIENT_HANDSHAKE_TRAFFIC_SECRET 25b6af2110021bee527a739883246fd50a5608ef13b74c5662ed301b892f057e 7b928a26b36f47dc2c489306ddbe485bf24896b807c6b6521432a7375c069499
SERVER_HANDSHAKE_TRAFFIC_SECRET 25b6af2110021bee527a739883246fd50a5608ef13b74c5662ed301b892f057e ca7af153f50c671fab3861b300d3619f0c402382c1385d9e7e72ca9169615d05
CLIENT_HANDSHAKE_TRAFFIC_SECRET f753dbe884a29fb589c13bf6b8dbf38a841a50fbd4ce195c1751f35ab00add56 def628ea1ba527e011a1b8fb56dcaecb03e55fdb116d15d80dcc6496b5d122f8
SERVER_HANDSHAKE_TRAFFIC_SECRET f753dbe884a29fb589c13bf6b8dbf38a841a50fbd4ce195c1751f35ab00add56 be5786cb892cc75545ec696a16cbb0d8b267caeaefb4769ba6c4cd0f565964ed
CLIENT_TRAFFIC_SECRET_0 25b6af2110021bee527a739883246fd50a5608ef13b74c5662ed301b892f057e 8a8298c008c23cd3553cd9f945ac84d646b711f055023a86ed6f8b4070d3e11b
SERVER_TRAFFIC_SECRET_0 25b6af2110021bee527a739883246fd50a5608ef13b74c5662ed301b892f057e 4cb6bcf54c6857c7e152dde833871580a5df00319c590ab0eb5d199d695ec335
EXPORTER_SECRET 25b6af2110021bee527a739883246fd50a5608ef13b74c5662ed301b892f057e cbdcc75d7fb1cb53841f25c138d106cca5ee71096b128b602ea238932da34a4c
CLIENT_HANDSHAKE_TRAFFIC_SECRET 44fdad46262e2849c0a8e1ecc69d0019755d4cf84d7c33ed418ef3b2af99f2b1 e69b6afebeaca423866a97f535882219b62ed9712a5c686bc3449a8dd25dacbf
SERVER_HANDSHAKE_TRAFFIC_SECRET 44fdad46262e2849c0a8e1ecc69d0019755d4cf84d7c33ed418ef3b2af99f2b1 ba21a2cb34ff4357bbe26b2848670da3e556c4a47223a7a67dadcdf083826e51
CLIENT_TRAFFIC_SECRET_0 f753dbe884a29fb589c13bf6b8dbf38a841a50fbd4ce195c1751f35ab00add56 c259acce04c4324badfc24a8f6f5fde5775901ecf20b837d333895444cf14257
SERVER_TRAFFIC_SECRET_0 f753dbe884a29fb589c13bf6b8dbf38a841a50fbd4ce195c1751f35ab00add56 03b1bc8b0c6ecf0b8a73fedf111b229f43b1ee021e4aaf738ed7e135ff159be4
EXPORTER_SECRET f753dbe884a29fb589c13bf6b8dbf38a841a50fbd4ce195c1751f35ab00add56 20f90b6da1d4ff2fddfde01740bc139c8d80b71b61074169776e329eff92cf7d
CLIENT_TRAFFIC_SECRET_0 44fdad46262e2849c0a8e1ecc69d0019755d4cf84d7c33ed418ef3b2af99f2b1 2635b0491e05e5f9e6d9a18d94c063db9329562365ad7047d371a8cedef9266f
SERVER_TRAFFIC_SECRET_0 44fdad46262e2849c0a8e1ecc69d0019755d4cf84d7c33ed418ef3b2af99f2b1 0bd1faaac9e08dd6785fb0764582fc85aa8d522a6aa3ea0a5dd485e057f544e0
EXPORTER_SECRET 44fdad46262e2849c0a8e1ecc69d0019755d4cf84d7c33ed418ef3b2af99f2b1 dd512c64eaa87c5acb40e3b0ce7f605dc63c591f4a458269546453812ce3e22f
CLIENT_HANDSHAKE_TRAFFIC_SECRET eae45428fb7020acd76b8bf4ca0023cbfdc7ef6e6899408e601f24518f9f64fb bd8aa79b0737f081aad5912796ca1b9122ad3621812b9a9e51637bdf603f9474
SERVER_HANDSHAKE_TRAFFIC_SECRET eae45428fb7020acd76b8bf4ca0023cbfdc7ef6e6899408e601f24518f9f64fb ab1d07238633cd146a7d9a0db42237a9caba7f509ca8ab810d90f810e4576517
CLIENT_TRAFFIC_SECRET_0 eae45428fb7020acd76b8bf4ca0023cbfdc7ef6e6899408e601f24518f9f64fb 7d471b0fc843c6632150ba68b4815178e824c0f2d9df3e0e458a5d3b9fb37eac
SERVER_TRAFFIC_SECRET_0 eae45428fb7020acd76b8bf4ca0023cbfdc7ef6e6899408e601f24518f9f64fb ef1314dd39f034a912935ed74dceef432a745d876b7f70f8902bcdaa4b9d10fc
EXPORTER_SECRET eae45428fb7020acd76b8bf4ca0023cbfdc7ef6e6899408e601f24518f9f64fb f9dac7089f7952a9753b58c468db67169c66b5cbf7331e76572bcf8298f72847
CLIENT_HANDSHAKE_TRAFFIC_SECRET 55aa853bb07e4a4c28c4264b25c7c5213692c66a66d03969ddae7b120f7acb77 3cb7597e791a7b67427571ff0b45064e71b8e68ec21cc9dc21d5532795a1e9c15719b45c76029b735e0e69541b59ba47
SERVER_HANDSHAKE_TRAFFIC_SECRET 55aa853bb07e4a4c28c4264b25c7c5213692c66a66d03969ddae7b120f7acb77 1724668856419410c0bcf4013523c532fd9c29744c7c64b8957d226cc1839203371d51b8110cc1eb864a9f7f8b3ae89d
CLIENT_TRAFFIC_SECRET_0 55aa853bb07e4a4c28c4264b25c7c5213692c66a66d03969ddae7b120f7acb77 7b687e4889ea42e31842da1a3b9e16f9f52c9708b976c627553f683e6caaa3f09803f908cd499678fc55e03b70d79b61
SERVER_TRAFFIC_SECRET_0 55aa853bb07e4a4c28c4264b25c7c5213692c66a66d03969ddae7b120f7acb77 6065d951f5c26b25a1ef5e95749add6a2681bedff1b7d30ccbbe8300bd1b6c34d2b89f0f992a560049c5576ff4eea448
EXPORTER_SECRET 55aa853bb07e4a4c28c4264b25c7c5213692c66a66d03969ddae7b120f7acb77 564a62a23227d11a988c456376abe05965d4c2fda52a2dedafa7e84d0147a9be54770adb505706bc38d72c4d356676f0
CLIENT_HANDSHAKE_TRAFFIC_SECRET dce98e5bd3d72a666942e12579c6a948b041451a0903ac4daed80e3b38cbe75b 2aa4b3b556d333c61d0753c8b43e5fd016e10f19a50103616461cf78c469d927
SERVER_HANDSHAKE_TRAFFIC_SECRET dce98e5bd3d72a666942e12579c6a948b041451a0903ac4daed80e3b38cbe75b 7aebfb06b197465d6843522ff869adbdf1b4aad2943f6cbc6e5efb8291745781
CLIENT_TRAFFIC_SECRET_0 dce98e5bd3d72a666942e12579c6a948b041451a0903ac4daed80e3b38cbe75b f301a423aedf494105ca84f69ac89af036d57d3405ed393134ddd88d78edc50e
SERVER_TRAFFIC_SECRET_0 dce98e5bd3d72a666942e12579c6a948b041451a0903ac4daed80e3b38cbe75b a2714e673d3f6a52f6c0eef20e7552cee77760f2b0875809538dba4a70729402
EXPORTER_SECRET dce98e5bd3d72a666942e12579c6a948b041451a0903ac4daed80e3b38cbe75b 2c94eb413fc3bbc1f7b4646bc9e728fa1bddeb98ff7837833e8355a553410d9c
CLIENT_HANDSHAKE_TRAFFIC_SECRET 0786b14d080f3f4e0f9c07be43c30e376554d0d3ab35c0c54b8eee9175bb0691 cf0d10e4dd304b8e0007145163689d365c9f90671fc14170123734d8e9523328
SERVER_HANDSHAKE_TRAFFIC_SECRET 0786b14d080f3f4e0f9c07be43c30e376554d0d3ab35c0c54b8eee9175bb0691 92d2211f20276af4221277d1fffe7cb68553fb6c76293dad66ecd6615a190784
CLIENT_HANDSHAKE_TRAFFIC_SECRET ca0b4a5e7eb18d5a1746ea8bcc7f58a7adb5217442ce106027cfd555112715da bdad019812a613f4325c6d26badb9d9b33494e149ce93f1bae413afd947b3fa3
SERVER_HANDSHAKE_TRAFFIC_SECRET ca0b4a5e7eb18d5a1746ea8bcc7f58a7adb5217442ce106027cfd555112715da dde6a04ba0f0ef3fabd5aac495192f2237344fec030179add454ffc0b428c2e6
CLIENT_TRAFFIC_SECRET_0 0786b14d080f3f4e0f9c07be43c30e376554d0d3ab35c0c54b8eee9175bb0691 4c3ab8533063ff862eaf00c0f8e395a4f46f92b3b744210573036ecd3df2db11
SERVER_TRAFFIC_SECRET_0 0786b14d080f3f4e0f9c07be43c30e376554d0d3ab35c0c54b8eee9175bb0691 95c328bc2f358a509825afac083fe8d2bf674287ac5b71260059659eb787cf17
EXPORTER_SECRET 0786b14d080f3f4e0f9c07be43c30e376554d0d3ab35c0c54b8eee9175bb0691 7bfbf897d905d2e2c9e2f7984722e489bf594c9da6e2ff7da11ad8f93c80b92f
CLIENT_TRAFFIC_SECRET_0 ca0b4a5e7eb18d5a1746ea8bcc7f58a7adb5217442ce106027cfd555112715da 8ec4d48bd22b1fc4aaa1fa80a85fb8aac822f521afdeb64047832f5b58bb79bc
SERVER_TRAFFIC_SECRET_0 ca0b4a5e7eb18d5a1746ea8bcc7f58a7adb5217442ce106027cfd555112715da 4cb3dfe2f18f82f33286bae2a2e971bea11427b843a1581309043fe264539a59
EXPORTER_SECRET ca0b4a5e7eb18d5a1746ea8bcc7f58a7adb5217442ce106027cfd555112715da 50ca042bada12a74753aa2ef467515a5c880e56c851bdf9140d6f5615148ef76
CLIENT_EARLY_TRAFFIC_SECRET 10aae4e39aabd8927990fbe70b7af84385fd2e4857549097aaa064dfd2942a93 40f0a47afcb44ec959c82b1f01d60333a982aba76e066aa811c49f981fa087c2
CLIENT_HANDSHAKE_TRAFFIC_SECRET 10aae4e39aabd8927990fbe70b7af84385fd2e4857549097aaa064dfd2942a93 eb4f66bc02200e58e0ebb3fcbf65f411429daecd2d6d19902389d912e7058299
SERVER_HANDSHAKE_TRAFFIC_SECRET 10aae4e39aabd8927990fbe70b7af84385fd2e4857549097aaa064dfd2942a93 f2cb33fdd7edf3ab2be82776bb7232b2373ef95554b71c02915521715e7a1d5c
CLIENT_TRAFFIC_SECRET_0 10aae4e39aabd8927990fbe70b7af84385fd2e4857549097aaa064dfd2942a93 072389367f60a3edbb077753d270e5d56129a9a359036427c4f01cd2723fbcd9
SERVER_TRAFFIC_SECRET_0 10aae4e39aabd8927990fbe70b7af84385fd2e4857549097aaa064dfd2942a93 1c9c73d9bca13235d401ead1d6b6caebb5038c8022e59cad906c9e956a821970
EXPORTER_SECRET 10aae4e39aabd8927990fbe70b7af84385fd2e4857549097aaa064dfd2942a93 61388ba066f364dc346d66bbb2284bf15c42ec64a7e9c08d80b1701ec90872e0
CLIENT_HANDSHAKE_TRAFFIC_SECRET 084d54053ee286919c9ccc2d609550de35990e90ca329d4c1537530e127e7256 104f34ed415686d8bf0d0efd7e6d872091b046784f0ceff8a688f6024f5930fd
SERVER_HANDSHAKE_TRAFFIC_SECRET 084d54053ee286919c9ccc2d609550de35990e90ca329d4c1537530e127e7256 27445a378ffe60fc882762e077f50a8deb790b6b07f40efaa931b4f2e7a66793
CLIENT_TRAFFIC_SECRET_0 084d54053ee286919c9ccc2d609550de35990e90ca329d4c1537530e127e7256 e2752fd7badf063d0402d08b83ee85fe4bd1e584662cca95aaa58053d934b799
SERVER_TRAFFIC_SECRET_0 084d54053ee286919c9ccc2d609550de35990e90ca329d4c1537530e127e7256 027f4d1b112025864fdad04106e469c42338d4f76b58c51153742f0d537df4c6
EXPORTER_SECRET 084d54053ee286919c9ccc2d609550de35990e90ca329d4c1537530e127e7256 d8733d3241ca0689c1368d39338f377feffe9ca2b05dd722c8f106b687b41b47
CLIENT_HANDSHAKE_TRAFFIC_SECRET 0af01c26af5af85a3dbeddeb95b5c94e9c883530781d292c9bc54631cf44a063 fb81165d1467933fdf09b14c0daeb2dffdf07c5d6629910fe712d0999f538b15
SERVER_HANDSHAKE_TRAFFIC_SECRET 0af01c26af5af85a3dbeddeb95b5c94e9c883530781d292c9bc54631cf44a063 995c289d7621b4a64b6deb8931bea45efa26e8fac0e05030dba6a6a150f58f26
CLIENT_TRAFFIC_SECRET_0 0af01c26af5af85a3dbeddeb95b5c94e9c883530781d292c9bc54631cf44a063 4c191b80d987879138187ececa15902eb8939c64d273cc723f2d00d2b45a2e5b
SERVER_TRAFFIC_SECRET_0 0af01c26af5af85a3dbeddeb95b5c94e9c883530781d292c9bc54631cf44a063 0f9ab07c9861be77e3722f31f4d65e1efbe7794ba73525f9eecfb2c0596b80f4
EXPORTER_SECRET 0af01c26af5af85a3dbeddeb95b5c94e9c883530781d292c9bc54631cf44a063 b5c6f62d17cdc9b6c54530b5deadf2f18499a000301b0529cb1103a67fa2ef7e
CLIENT_EARLY_TRAFFIC_SECRET a680492099fe599d82eff2a9f4220760179efabf2bd3094dde9e47fe82e888b8 5eee4887855fea787fcf105e8ee0dc7bda20a673866d7cd1a10614a7b3d3a6b5
CLIENT_HANDSHAKE_TRAFFIC_SECRET a680492099fe599d82eff2a9f4220760179efabf2bd3094dde9e47fe82e888b8 6c655e951da2ed9fad4b03be1d6724938ef156973866d61e0f0d606c2fd3d08f
SERVER_HANDSHAKE_TRAFFIC_SECRET a680492099fe599d82eff2a9f4220760179efabf2bd3094dde9e47fe82e888b8 514bd0d0300b5a8d66874cae2976cc5f3b2e4e335fd7d10f055142596f06f889
CLIENT_TRAFFIC_SECRET_0 a680492099fe599d82eff2a9f4220760179efabf2bd3094dde9e47fe82e888b8 77b3528debd6b737ebec5f65f0faa15e004ceeaeba1da55520138b92d9c5c637
SERVER_TRAFFIC_SECRET_0 a680492099fe599d82eff2a9f4220760179efabf2bd3094dde9e47fe82e888b8 13f9e291332817ae42397a09f1e952169f498ae141fea33516687a751bb350b2
EXPORTER_SECRET a680492099fe599d82eff2a9f4220760179efabf2bd3094dde9e47fe82e888b8 e658fb7f14ab0c7b6a8dc67fcaf85e9c1e5b79e54b522e23fbb96ad9ec26dab5
CLIENT_HANDSHAKE_TRAFFIC_SECRET 2137dcd058889a1321e7e10f7004345935d341fe3dd750d8f04f6d1ce6de30ba 4ab0da5c9fcf1a1f8792c7663edd055d1f2295563972ae58c8fb155501f2a6c3
SERVER_HANDSHAKE_TRAFFIC_SECRET 2137dcd058889a1321e7e10f7004345935d341fe3dd750d8f04f6d1ce6de30ba 32fbab563ce4569671d5ffa3a6bfeb6ebca5aeb144abb1f4b8eb469416ecb54e
CLIENT_HANDSHAKE_TRAFFIC_SECRET b3ee1934d3d138c30dbf1e6b2f3b0a1c75d4d630b0734bc5d3fdd2d5ec567390 a043091d0b0fdb1ca73ff45710bab6188da5d7101fbb7100736a22a7e7c9b413
SERVER_HANDSHAKE_TRAFFIC_SECRET b3ee1934d3d138c30dbf1e6b2f3b0a1c75d4d630b0734bc5d3fdd2d5ec567390 20f975fc06f8eff4f7aaa6c604b5c53820aa86e5cdd4ab9686934311e73c4476
CLIENT_TRAFFIC_SECRET_0 2137dcd058889a1321e7e10f7004345935d341fe3dd750d8f04f6d1ce6de30ba ba9d491622057daaf4baeb2d0813ad070e2662e168f938d114d92eb362c5394f
SERVER_TRAFFIC_SECRET_0 2137dcd058889a1321e7e10f7004345935d341fe3dd750d8f04f6d1ce6de30ba 9d4dd20a2a6acc17e7aa2cfd03a1ae94361a4a8cb379db7b600dcad72deb9b12
EXPORTER_SECRET 2137dcd058889a1321e7e10f7004345935d341fe3dd750d8f04f6d1ce6de30ba e4d69058c69e793d4b7160901e7779ca93b02bda980205123edd07498b8544a8
CLIENT_TRAFFIC_SECRET_0 b3ee1934d3d138c30dbf1e6b2f3b0a1c75d4d630b0734bc5d3fdd2d5ec567390 ce31dd705e29b901332cf5248b2f381812fa252e0096e3b301f05ccfb6bcce76
SERVER_TRAFFIC_SECRET_0 b3ee1934d3d138c30dbf1e6b2f3b0a1c75d4d630b0734bc5d3fdd2d5ec567390 e1a32a00c726125048ad3f7a5f6621b22c371c1adb973082c98dab31cf4fefe6
EXPORTER_SECRET b3ee1934d3d138c30dbf1e6b2f3b0a1c75d4d630b0734bc5d3fdd2d5ec567390 6bf1fc67b4c0878eb01af3edbaf91773bc1c7291d1af59522976de03180de293
CLIENT_HANDSHAKE_TRAFFIC_SECRET 2ae272b14c0c9799263287a6558731a47211743b418c25b323c6fe201222f65b 31cb4683fd08b173646b89b086aa297e83a51655ce007515a7d1bed27e3a3ebd
SERVER_HANDSHAKE_TRAFFIC_SECRET 2ae272b14c0c9799263287a6558731a47211743b418c25b323c6fe201222f65b a023b9f882760d611e924c02d9a208954e2a7fd627244ee01200b8de5e7c1c42
CLIENT_TRAFFIC_SECRET_0 2ae272b14c0c9799263287a6558731a47211743b418c25b323c6fe201222f65b 6bcfd598a579316f868a355728856fb1610bd8800c6faf10598be89f8c1d64c7
SERVER_TRAFFIC_SECRET_0 2ae272b14c0c9799263287a6558731a47211743b418c25b323c6fe201222f65b 24278f55809c1441f60ac2bacb873e345d995788bf0d379d202a0b9d079ecca1
EXPORTER_SECRET 2ae272b14c0c9799263287a6558731a47211743b418c25b323c6fe201222f65b 86bae6d463dea04875f268c0218be38865ab08729fe1e81af710205212e580b3
CLIENT_HANDSHAKE_TRAFFIC_SECRET 48bc950d92f7124935f5ccdc96e7caf908376ba74dfc2aa82701d66b026b9777 4d6659dd1aa8d26112070d76138195efd99074eb367d7335e846e39816caf475
SERVER_HANDSHAKE_TRAFFIC_SECRET 48bc950d92f7124935f5ccdc96e7caf908376ba74dfc2aa82701d66b026b9777 06af33f1d301dda464b3ba871979716bddb4fc64f86968ec6222d309bffface7
CLIENT_TRAFFIC_SECRET_0 48bc950d92f7124935f5ccdc96e7caf908376ba74dfc2aa82701d66b026b9777 ca6c7a3e70f0d019c7677c934609eb2b249b427d3eaa0973fe4aea5a31eb060b
SERVER_TRAFFIC_SECRET_0 48bc950d92f7124935f5ccdc96e7caf908376ba74dfc2aa82701d66b026b9777 2897d8365d3218727ce5e9556a40b5b49f50c215569c7f024c6103fe5071672f
EXPORTER_SECRET 48bc950d92f7124935f5ccdc96e7caf908376ba74dfc2aa82701d66b026b9777 fb2a9020c2954f3cabe07650e1ec4ee6d61424b93bb2a72fcef476a9f83b472c
CLIENT_HANDSHAKE_TRAFFIC_SECRET 72210ec91933dc8c87a5569b1e24a0e8a738d1c6c71c9e15f5215fad3f7ce07c 5d7702ded5e57764ab7dd847c27594dafdcfd609e34091dcd0a877b36853ae8eb5bb9ce13e26029465ef74fbac86d7ba
SERVER_HANDSHAKE_TRAFFIC_SECRET 72210ec91933dc8c87a5569b1e24a0e8a738d1c6c71c9e15f5215fad3f7ce07c 0e3ae6189bdaeb877c1fbdf349bc8f265f6f65edf0b117f3e92eea8b40b5d72ceddb1c3fa80cfddcbe659d66ae67b3a2
CLIENT_TRAFFIC_SECRET_0 72210ec91933dc8c87a5569b1e24a0e8a738d1c6c71c9e15f5215fad3f7ce07c db21f11a998b1229e0a9843a9bf1fe96b529dbe1cf94999e428ed48860d99adcd894549dc8528bf288a6e4888d27bc68
SERVER_TRAFFIC_SECRET_0 72210ec91933dc8c87a5569b1e24a0e8a738d1c6c71c9e15f5215fad3f7ce07c 918d81af4e8203f79c49879343d24512dc622a17e016cb9ddab1c87c05dbe3aa98a43e51076a82c27a34a7a073bd3555
EXPORTER_SECRET 72210ec91933dc8c87a5569b1e24a0e8a738d1c6c71c9e15f5215fad3f7ce07c 5e5fe5ecbab1f2d6c39717f15855a2040072e53b52eca3353663ab1f85ecd3e7d1ca5d61e629af4ecd08f39a1b5b701c
CLIENT_HANDSHAKE_TRAFFIC_SECRET 53351e17a8d992a94fd4bec88dd07d15cc23e25f0d14021a608c9ad7e64edde3 31a7abbeee124525f26edfe562b65e22456d7f97ec1ff40a02f4861a8af614fe
SERVER_HANDSHAKE_TRAFFIC_SECRET 53351e17a8d992a94fd4bec88dd07d15cc23e25f0d14021a608c9ad7e64edde3 10333eb9653db71a00abf7abcb43876100a3b24022581df72ec83d0b519a9de8
CLIENT_HANDSHAKE_TRAFFIC_SECRET c31103e58940a8137d1b4ef54f6e4bf31867ad5eb745e6ae5cdbf0e223cf014d 2b7c45bf9516f16038dc817eb08b2961a05247a2a87890a99a39d45fa6809b4c
SERVER_HANDSHAKE_TRAFFIC_SECRET c31103e58940a8137d1b4ef54f6e4bf31867ad5eb745e6ae5cdbf0e223cf014d 568b1ca21fede52be451e5e5eacff166000d594907c6240822cda4b500c27c0e
CLIENT_TRAFFIC_SECRET_0 c31103e58940a8137d1b4ef54f6e4bf31867ad5eb745e6ae5cdbf0e223cf014d af863d24f423dc672ca1a82e1ae58817539c9001558ce7fbffd1603b58da9481
SERVER_TRAFFIC_SECRET_0 c31103e58940a8137d1b4ef54f6e4bf31867ad5eb745e6ae5cdbf0e223cf014d 3c261ce197d275d1bc5b282207977f8286067c5376eaed1771bb3bd0aa3b73f2
EXPORTER_SECRET c31103e58940a8137d1b4ef54f6e4bf31867ad5eb745e6ae5cdbf0e223cf014d 149092e26aaf12a9f4681f94b571e5fbefd945248a45708c91cb65d28ff433be
CLIENT_TRAFFIC_SECRET_0 53351e17a8d992a94fd4bec88dd07d15cc23e25f0d14021a608c9ad7e64edde3 11b3547817aa95b4f1f92cc6f6378010a1a162e104a88c3bda2df0a6dc1e73e1
SERVER_TRAFFIC_SECRET_0 53351e17a8d992a94fd4bec88dd07d15cc23e25f0d14021a608c9ad7e64edde3 0ba4cbac63d8f9524842c0c540cb377ae4e2712e5599ccb592b77dabbcdfcf02
EXPORTER_SECRET 53351e17a8d992a94fd4bec88dd07d15cc23e25f0d14021a608c9ad7e64edde3 b157e9b9182b3f4f2884d6fe88acc87c67ba33d2835206aecefee239d92b7600
CLIENT_EARLY_TRAFFIC_SECRET b9310219a1fcd0c9ce0342fabc70125be1fa64c712ff896f8e4d1b9c9e1a0809 0d4c752e91cace7df7ccf3041c9d9c614c9bddd02c00ec1679ef09406f387ac7
CLIENT_HANDSHAKE_TRAFFIC_SECRET 4b0a1495f9cee9a6e088ebbcb7901bf5108576b1e98fdd0a5f5df66957747d89 eb191902c16e84f161c205ff5a1f40da8640f8968ab733c3283c4a3f8a5318e1
SERVER_HANDSHAKE_TRAFFIC_SECRET 4b0a1495f9cee9a6e088ebbcb7901bf5108576b1e98fdd0a5f5df66957747d89 5f44a7ce67f18bebf629607e9a5e776e234c2691ab9a41c8a1864a3a1d2ddc2e
CLIENT_HANDSHAKE_TRAFFIC_SECRET b9310219a1fcd0c9ce0342fabc70125be1fa64c712ff896f8e4d1b9c9e1a0809 ca3debe1090fc7e14a933f8ed2cb55d5b7fb061755045bcdb31b255800cf10dc
SERVER_HANDSHAKE_TRAFFIC_SECRET b9310219a1fcd0c9ce0342fabc70125be1fa64c712ff896f8e4d1b9c9e1a0809 856c364e5acf2cc3b87a8e5329f3d8ec22d403c4657aedc2c34caa2541cff58a
CLIENT_TRAFFIC_SECRET_0 b9310219a1fcd0c9ce0342fabc70125be1fa64c712ff896f8e4d1b9c9e1a0809 427618f3cbef3071f8d7f7772f3dabca84ccacfff38ea15e35f85df21a2040fd
SERVER_TRAFFIC_SECRET_0 b9310219a1fcd0c9ce0342fabc70125be1fa64c712ff896f8e4d1b9c9e1a0809 b3f9ced3e488142e806ac7ccc6d9f22dc85272d565f1fa93b089b54b625a8b60
EXPORTER_SECRET b9310219a1fcd0c9ce0342fabc70125be1fa64c712ff896f8e4d1b9c9e1a0809 283e283233049f357da66b60a2d2820a6b53df0f92dcd366197a13c238bd4c3c
CLIENT_TRAFFIC_SECRET_0 4b0a1495f9cee9a6e088ebbcb7901bf5108576b1e98fdd0a5f5df66957747d89 d82b9437f1b49a8f23bbef7768ff71b606b826b2955d8af0fa9790751a44b93d
SERVER_TRAFFIC_SECRET_0 4b0a1495f9cee9a6e088ebbcb7901bf5108576b1e98fdd0a5f5df66957747d89 c5b4730fd6772eb7c69ebc6e4c9d38166cbdb3090f4590008ee06cc139cba9d6
EXPORTER_SECRET 4b0a1495f9cee9a6e088ebbcb7901bf5108576b1e98fdd0a5f5df66957747d89 f8212467ef74bb46d51a15e46781461c7411830e923c9537685ade00ff01e920
CLIENT_HANDSHAKE_TRAFFIC_SECRET 63a11d8d2029adf917b2348b2589e6eda56ef6e075b7928ce58634f511cb9b3f 6b2eee0d39cc1bd1278e29ab07534605f878e9b8d482b93c8d1cf07887f97aa1
SERVER_HANDSHAKE_TRAFFIC_SECRET 63a11d8d2029adf917b2348b2589e6eda56ef6e075b7928ce58634f511cb9b3f c0384864cd009bf3fba018159b7646f9e67e50a52753b95c2b76b3be44511f09
CLIENT_TRAFFIC_SECRET_0 63a11d8d2029adf917b2348b2589e6eda56ef6e075b7928ce58634f511cb9b3f 0f74855c79b479993f2d2bf52e6d856e42d2ba03c6c2adc7d911e7d09a371292
SERVER_TRAFFIC_SECRET_0 63a11d8d2029adf917b2348b2589e6eda56ef6e075b7928ce58634f511cb9b3f 4b42a972524b3c2ce50c3deff166e899106a0749019e68b890a856e967ad85b1
EXPORTER_SECRET 63a11d8d2029adf917b2348b2589e6eda56ef6e075b7928ce58634f511cb9b3f 60ae30e8f35bbd6f94febd4ab584823a5fdcadc4bf7a255922333de8321da3df
CLIENT_HANDSHAKE_TRAFFIC_SECRET a94bb8de64c70efeffbe9a58cf5923cdcc6b8957d59841bacab17a80cef8376b b496dfc01d7e18b5724265d075f15aa96506c1c2e5f09c0f5ad55681e8a318f2
SERVER_HANDSHAKE_TRAFFIC_SECRET a94bb8de64c70efeffbe9a58cf5923cdcc6b8957d59841bacab17a80cef8376b d02defd5d8bef23a0614ab635e5138aca80294e2d28b64390e84f8dcf770ad2c
CLIENT_TRAFFIC_SECRET_0 a94bb8de64c70efeffbe9a58cf5923cdcc6b8957d59841bacab17a80cef8376b 77ac5fc432287a19ad5828b4580f12f55ba88f94f24ed97678280419bedb6a11
SERVER_TRAFFIC_SECRET_0 a94bb8de64c70efeffbe9a58cf5923cdcc6b8957d59841bacab17a80cef8376b 9a680367ccf4d49a8fa55eb1d510c4a8cb43dbf71e8288b2a709679d34c50395
EXPORTER_SECRET a94bb8de64c70efeffbe9a58cf5923cdcc6b8957d59841bacab17a80cef8376b f1c13ea741c808c99979a2f3a3a67a9da3ca661005897f5fdeae0e3289021162
CLIENT_HANDSHAKE_TRAFFIC_SECRET f478bd1acabaf6a0e84cba9f60f580da319dc59e804da686b366f0e02a2951d9 134bcd6d52fb0a9dfb12c2035953b8c84ffcee420938d842e1f37a07e6c94e41
SERVER_HANDSHAKE_TRAFFIC_SECRET f478bd1acabaf6a0e84cba9f60f580da319dc59e804da686b366f0e02a2951d9 7cbf37fce12bdaaa7a75566c21d6db8ed5fb54c195df2dea8726bca7f8501a3c
CLIENT_HANDSHAKE_TRAFFIC_SECRET b4974140119337621cd39cc8dc6a59708a818b5516123ee2be84beba7d76bdf3 94fb6256f68fdd7e253942416b9769bd4a70b8146c271e60baa131f6f2540b76
SERVER_HANDSHAKE_TRAFFIC_SECRET b4974140119337621cd39cc8dc6a59708a818b5516123ee2be84beba7d76bdf3 08727b42c44f61a13942b492c8fc32210cba1665d1659571ae9350334d1f393a
CLIENT_HANDSHAKE_TRAFFIC_SECRET 99ce2fdfac9e97c0d11dedd92eed986c0e0d86fdeaed70b3ddac03c09e5ef2ec 4fd868aa5b930ed6fafb6f58a4fde5f7537c6bf4452e9cc2c6ab52b291cf9c2f
SERVER_HANDSHAKE_TRAFFIC_SECRET 99ce2fdfac9e97c0d11dedd92eed986c0e0d86fdeaed70b3ddac03c09e5ef2ec e4cfd0edaea0230444d22cdf7797250e288763db274efd092d78e7c10e4190af
CLIENT_TRAFFIC_SECRET_0 99ce2fdfac9e97c0d11dedd92eed986c0e0d86fdeaed70b3ddac03c09e5ef2ec a21856335d37fadc835a9c5d249828a0cc5413f88225756b54000456e23ce188
SERVER_TRAFFIC_SECRET_0 99ce2fdfac9e97c0d11dedd92eed986c0e0d86fdeaed70b3ddac03c09e5ef2ec bfa9aabf3fea4df73e05d0020d74f6c97653b9ce1defcb3e1e6b40bf46302c52
EXPORTER_SECRET 99ce2fdfac9e97c0d11dedd92eed986c0e0d86fdeaed70b3ddac03c09e5ef2ec 019ea288e666a2f86b36254b534d86543098a951edf972a7933cd3a3f9942192
CLIENT_TRAFFIC_SECRET_0 f478bd1acabaf6a0e84cba9f60f580da319dc59e804da686b366f0e02a2951d9 9ab03af77d9b31d585d5ed07f21a7159c50bbc0071cce07418c6d986f5bbf6eb
SERVER_TRAFFIC_SECRET_0 f478bd1acabaf6a0e84cba9f60f580da319dc59e804da686b366f0e02a2951d9 589c46c13a809c6f08825c81e27156846f75fbc1ee7b839ca061a566adfdcf18
EXPORTER_SECRET f478bd1acabaf6a0e84cba9f60f580da319dc59e804da686b366f0e02a2951d9 91eed424ae6df56f239dc6dd5d592228c80762243843d2402fa3ae9f8fdc837b
CLIENT_TRAFFIC_SECRET_0 b4974140119337621cd39cc8dc6a59708a818b5516123ee2be84beba7d76bdf3 bcb1851a32bf72916f584f1c78baf6b8639cce268deb2f381d002605fba70100
SERVER_TRAFFIC_SECRET_0 b4974140119337621cd39cc8dc6a59708a818b5516123ee2be84beba7d76bdf3 e203552feceb98d494b95e0c47294acc9c8f046cb2b53aa7f21f69714bd7a761
EXPORTER_SECRET b4974140119337621cd39cc8dc6a59708a818b5516123ee2be84beba7d76bdf3 a5a1932752998da5488ec966603fdf4ce4fa9348f9735ac70c91043dbda9b96e
CLIENT_HANDSHAKE_TRAFFIC_SECRET 96f4a748f0a4f15ef193a28cf62edaf55dcad208c52955c6b96061b82a94576c 8f8da2533cb51bc1cc831d8aed81ce03a0d76f8f0ef990012b6d8c9c9ce24adf
SERVER_HANDSHAKE_TRAFFIC_SECRET 96f4a748f0a4f15ef193a28cf62edaf55dcad208c52955c6b96061b82a94576c 9f61a367846726478f986c16f0950fc020e0dacad54317b3b377a420f01395bb
CLIENT_HANDSHAKE_TRAFFIC_SECRET 8810bd44b69e05ad9d38dc766cdbbd714de0d6dfe01dee012f6b8fe6c161e71d cb80dab13c917b9fd0430cce27d6a4d92e0f1df1a78a33b68691c3bdec40b445
SERVER_HANDSHAKE_TRAFFIC_SECRET 8810bd44b69e05ad9d38dc766cdbbd714de0d6dfe01dee012f6b8fe6c161e71d 0e564041c1e5bf7b89618f113f587f083718513ed02bf8790b7490be28278126
CLIENT_TRAFFIC_SECRET_0 96f4a748f0a4f15ef193a28cf62edaf55dcad208c52955c6b96061b82a94576c 950dd75b80135eabf7f91467c869921e22fd59a2fa327d356a3a753e62c9799b
SERVER_TRAFFIC_SECRET_0 96f4a748f0a4f15ef193a28cf62edaf55dcad208c52955c6b96061b82a94576c 8d142e9ec4590bcf8d0982feefd7b828831eeb2ef9ff0fcaa3c431f6139362b9
EXPORTER_SECRET 96f4a748f0a4f15ef193a28cf62edaf55dcad208c52955c6b96061b82a94576c abd46f69005c7f2b20df65c4a2a00033e0b067a6c2ce83685ab642621fbcfe49
CLIENT_HANDSHAKE_TRAFFIC_SECRET 80d3ae05f2026a2ce27d280b5ef883392da6bd473edc6d5ed4b5056b86e8cfd9 3152d0a3e3a28287f871fc192b7ad226747ffd59855f72f752b362c3b55ab1cc3e5e515470b357ee40f9e35bafe4f7bd
SERVER_HANDSHAKE_TRAFFIC_SECRET 80d3ae05f2026a2ce27d280b5ef883392da6bd473edc6d5ed4b5056b86e8cfd9 da98d35b5e87271cee50ad6a555304b1171ebf9db79f9a303ccb687272807bce6472f83b4d1adce3fc2607f8d5beaa20
CLIENT_TRAFFIC_SECRET_0 80d3ae05f2026a2ce27d280b5ef883392da6bd473edc6d5ed4b5056b86e8cfd9 a69bff192132ca6c3958b9a3ae4db52cd6d7666122dffa51ab148083a23b74218bdbb40c1c7da1419b25f85a097a3461
SERVER_TRAFFIC_SECRET_0 80d3ae05f2026a2ce27d280b5ef883392da6bd473edc6d5ed4b5056b86e8cfd9 bfb0b3c1bbd889df6b31e36b0b46aa6e058aa8e9f98dba23f2d912e5a54069b6a2f1cc682898a94397e9310b240d2048
EXPORTER_SECRET 80d3ae05f2026a2ce27d280b5ef883392da6bd473edc6d5ed4b5056b86e8cfd9 1fb7178b6f3a13cb77e0a33d2e6a4f1b69b3549789adca30cbed5b97b1faa10cc50aace4c526b475184f5403e71917c2
CLIENT_HANDSHAKE_TRAFFIC_SECRET 93f57e8c3f680897846ab3e918bf23d74d7ddf7d8af7ed4374d7edfa5667b161 943f94d22846902a01ed9ab45953abc28099754d661b9cc2a0adb0b79a06c20bfb0e892e8af6681033d4fdcacbfb939f
SERVER_HANDSHAKE_TRAFFIC_SECRET 93f57e8c3f680897846ab3e918bf23d74d7ddf7d8af7ed4374d7edfa5667b161 3e2727d25f6f0f85a4fc34eaa9a9a62a25e78ad76a73ab2971fb113377c00e3ef0cea3f985f54da7b76112f27173bc63
CLIENT_TRAFFIC_SECRET_0 93f57e8c3f680897846ab3e918bf23d74d7ddf7d8af7ed4374d7edfa5667b161 73a5061e134dddc23e5bc6dd4c63f930e3843ee37bb1e36d77786632c48a17122971ee61cdeaa33c0e3d3ea19e0c48ea
SERVER_TRAFFIC_SECRET_0 93f57e8c3f680897846ab3e918bf23d74d7ddf7d8af7ed4374d7edfa5667b161 535036fa6153766db58287f530e0c176a5b60f8cd3fd302422bb27c25c1a4158c240f64191bfdd3457422cdeb82b7d36
EXPORTER_SECRET 93f57e8c3f680897846ab3e918bf23d74d7ddf7d8af7ed4374d7edfa5667b161 cffb95324ad1ca46d2d4b8a9f4cbb8aeac2942378c2017128e3aa7164ecb62d7083b5d24ec8680a434d101d745c361fb
CLIENT_EARLY_TRAFFIC_SECRET de6b3ad613f8895d48f02557825d12573be07fbb1cb353b5c06a2207626cfb2f 618f489b7c2bd1a0ed6fc957a31c921a7ce50d1b9f248c7776b935f8b75a0a25
CLIENT_HANDSHAKE_TRAFFIC_SECRET de6b3ad613f8895d48f02557825d12573be07fbb1cb353b5c06a2207626cfb2f 195dc26c0d3ba06aacd6aad248d98962c0f889597a52a9b9b44e0ddb0e863b56
SERVER_HANDSHAKE_TRAFFIC_SECRET de6b3ad613f8895d48f02557825d12573be07fbb1cb353b5c06a2207626cfb2f 09d5a7606e2034de2381735d3da2f036623a9a9817d188135b07d8370f1f0d30
CLIENT_TRAFFIC_SECRET_0 de6b3ad613f8895d48f02557825d12573be07fbb1cb353b5c06a2207626cfb2f a525f7c44c29389bed1919ad2cda0b5b547125373c1e3115324e887c736a0798
SERVER_TRAFFIC_SECRET_0 de6b3ad613f8895d48f02557825d12573be07fbb1cb353b5c06a2207626cfb2f 10bb9318f2c4ff2a06dc1ff9cbd9f08cb0c2315c9929e06de4a2736c52977a13
EXPORTER_SECRET de6b3ad613f8895d48f02557825d12573be07fbb1cb353b5c06a2207626cfb2f db30b43089692d5b6e594c53f69d84c534d7cba34d6447b9cf68cc1dde047f5c
CLIENT_HANDSHAKE_TRAFFIC_SECRET b9e58525bab47240c3ab7eee46f39d97494e78125419f857e2be3292c51e6f78 15a872e77796e637e41994aa420d9ada3a1177673f57851112cd7383e7b4f0ac
SERVER_HANDSHAKE_TRAFFIC_SECRET b9e58525bab47240c3ab7eee46f39d97494e78125419f857e2be3292c51e6f78 718c060f99207329df15508db8bbab247deeddc3cf474b67f0b7e53041bb0010
CLIENT_TRAFFIC_SECRET_0 b9e58525bab47240c3ab7eee46f39d97494e78125419f857e2be3292c51e6f78 e452277b4a09e6b424518a1bed09b3c03537be22c71bfbdcf21a47834dc2e167
SERVER_TRAFFIC_SECRET_0 b9e58525bab47240c3ab7eee46f39d97494e78125419f857e2be3292c51e6f78 ca71b050e1f7eb077148d9549ed29cec1418d780237f862714785dbe085531ee
EXPORTER_SECRET b9e58525bab47240c3ab7eee46f39d97494e78125419f857e2be3292c51e6f78 6b4489f0cce1f709a52a35d16c4592130a5c1f06e49fa1a5c4b218b62b333ce9
CLIENT_HANDSHAKE_TRAFFIC_SECRET a433229ca7b3f87136ca94eb830b6c3a514f3ea0c49b98d2364d2796dd0d5217 f273b2617522aeee66998edc601e08cf8f2d8b83909a3c53e585a6f8886b5dc0
SERVER_HANDSHAKE_TRAFFIC_SECRET a433229ca7b3f87136ca94eb830b6c3a514f3ea0c49b98d2364d2796dd0d5217 56e526cd2a16bbd0929454806c1b83b3b07d272a1416efc253a427b611db5180
CLIENT_TRAFFIC_SECRET_0 a433229ca7b3f87136ca94eb830b6c3a514f3ea0c49b98d2364d2796dd0d5217 7297395e5b0f1601251415ceb6ddd850d7f823852500a179a1967429e4bb1e3a
SERVER_TRAFFIC_SECRET_0 a433229ca7b3f87136ca94eb830b6c3a514f3ea0c49b98d2364d2796dd0d5217 1771b3dc717a0a909cf473d69a118f6674628ccfc8d7a0724a27ed103d0cfbff
EXPORTER_SECRET a433229ca7b3f87136ca94eb830b6c3a514f3ea0c49b98d2364d2796dd0d5217 e5f110d3b44be3f3f4b0067919d0b2b1554d34057a5f36f965118757cfe72d26
CLIENT_HANDSHAKE_TRAFFIC_SECRET 7444495d12c4f3c2df684345cae8265835cbab27dd32e92884bc38fd168b0001 2dd90fc950a36b24c7a190b5275caec4b149aed485a37971c22ed1b8e8fe2175
SERVER_HANDSHAKE_TRAFFIC_SECRET 7444495d12c4f3c2df684345cae8265835cbab27dd32e92884bc38fd168b0001 250758cbb8eda0bccc107b0a83789174c824622e65c012e36c510f095644f25b
CLIENT_TRAFFIC_SECRET_0 7444495d12c4f3c2df684345cae8265835cbab27dd32e92884bc38fd168b0001 cb20f47fed4dc2d78653678528f164e4f972c8d710a460351c0d2aaa84128412
SERVER_TRAFFIC_SECRET_0 7444495d12c4f3c2df684345cae8265835cbab27dd32e92884bc38fd168b0001 52f6d6ff9a34aa88bc13caa7629c8bbfc413c7c069f18e2311f07758edb8378e
EXPORTER_SECRET 7444495d12c4f3c2df684345cae8265835cbab27dd32e92884bc38fd168b0001 3567a3b3214b92d346105a8a45e060b364cf0e9c3067992e6faa8003eff5b43e
CLIENT_HANDSHAKE_TRAFFIC_SECRET 97de6d90ce2e93edc0a4c1b1e2c0d161302902c2e20af201bb70b87030d08b77 a819e33fbc9fcb83085e5ed7ff7361e1255c0a4098c64f9cce2678fd010b76d65c700c2fb3f53d8e7739cfdab984feb0
SERVER_HANDSHAKE_TRAFFIC_SECRET 97de6d90ce2e93edc0a4c1b1e2c0d161302902c2e20af201bb70b87030d08b77 8daf41cf1e9d3887dd9ce43b0161786e679e38731fe3e8e93e645d44fa4e7c6ca07ccbf186a03dbb29e17127dad8e4c1
CLIENT_TRAFFIC_SECRET_0 97de6d90ce2e93edc0a4c1b1e2c0d161302902c2e20af201bb70b87030d08b77 31f877021ea3561c00cdb664af76d7f05c3a3653a017ef596f42006513694eda826ee98511ae9d9dc7d2449450c95595
SERVER_TRAFFIC_SECRET_0 97de6d90ce2e93edc0a4c1b1e2c0d161302902c2e20af201bb70b87030d08b77 2b432b86ed6e3e6e5df1e6e59bbcce6538c54c4bf659b28dabdc964d92013f9b843cf610195ed9264d6efa2b82d1e4f9
EXPORTER_SECRET 97de6d90ce2e93edc0a4c1b1e2c0d161302902c2e20af201bb70b87030d08b77 2fda7fb5012c9b0e368d231c7fbdb570849ada6f12db883811b4e1e0cbc0e704ebb835eec0c66c0141a04d9cf797af43
CLIENT_HANDSHAKE_TRAFFIC_SECRET e19ce1cf82d89bb8f039fed59819940cd5503f4367b86d392a165f202000ec00 32c355228b80c96004ac4aaafe46e1fe6a39b9776c6a4eee0760c9c7726a65aa
SERVER_HANDSHAKE_TRAFFIC_SECRET e19ce1cf82d89bb8f039fed59819940cd5503f4367b86d392a165f202000ec00 1bf43b5632f27cad1eaa235325f5042a70007313fb7509740514d622dc4cf6ad
CLIENT_TRAFFIC_SECRET_0 e19ce1cf82d89bb8f039fed59819940cd5503f4367b86d392a165f202000ec00 5d4f8c9138fb8d64b35c496396a37111f48478f027ba593c8ff8a153a02866ff
SERVER_TRAFFIC_SECRET_0 e19ce1cf82d89bb8f039fed59819940cd5503f4367b86d392a165f202000ec00 44511ec544fceb4ab4751aff66148ff8e535828659795df6ed80125409cb5b18
EXPORTER_SECRET e19ce1cf82d89bb8f039fed59819940cd5503f4367b86d392a165f202000ec00 ad79cb7214ae2fcc8dfb263ebe4346ef283ccc4ccad65f6f484dd16a0d67cf06
CLIENT_HANDSHAKE_TRAFFIC_SECRET e13ac351ec9f81a376f0b9a4d130785c8f701a989cd8a4c2269e2920d5f9b24d 5ba63c6446ccabb080cef5a2e685580b044ef5e2005072525f1b796d56f503c8
SERVER_HANDSHAKE_TRAFFIC_SECRET e13ac351ec9f81a376f0b9a4d130785c8f701a989cd8a4c2269e2920d5f9b24d 5cee35e9fcc8881f490f0b8634f8e41c0ac55f9b7f8939d00761231b8b387863
CLIENT_TRAFFIC_SECRET_0 e13ac351ec9f81a376f0b9a4d130785c8f701a989cd8a4c2269e2920d5f9b24d ffc20c2772abc302fd6b65e9fccd0b125faef307a0dc1ce2d8df4f5e3a0d2bdd
SERVER_TRAFFIC_SECRET_0 e13ac351ec9f81a376f0b9a4d130785c8f701a989cd8a4c2269e2920d5f9b24d 81caf1f4c4f698e042f1776769b99380423368ab089ab84e450eb34fc947c052
EXPORTER_SECRET e13ac351ec9f81a376f0b9a4d130785c8f701a989cd8a4c2269e2920d5f9b24d 5fc6ca3bdae12afcaee12df7b1e7d636270cf04e360096c10881963f5b6818c6
CLIENT_HANDSHAKE_TRAFFIC_SECRET 85ffb9d1acb225141982e5b06657c497a5153303961d9dfba52962527acec666 fd30edf72bdc63ff6fcf5fc43d0b8b1429bb60ce7d8772b66efc2ee57074a098
SERVER_HANDSHAKE_TRAFFIC_SECRET 85ffb9d1acb225141982e5b06657c497a5153303961d9dfba52962527acec666 910322c2d2eb14350eea3c42c7446942a9c26032047a306a81d63569372c1a0b
CLIENT_TRAFFIC_SECRET_0 85ffb9d1acb225141982e5b06657c497a5153303961d9dfba52962527acec666 d388181baac3cad9f8490f763ad6eec2a9c58174676d89aad658922e2ee891f0
SERVER_TRAFFIC_SECRET_0 85ffb9d1acb225141982e5b06657c497a5153303961d9dfba52962527acec666 967735a4afec5154239466acc41ee26f7685abc699b5ae034b0547b866ab0d51
EXPORTER_SECRET 85ffb9d1acb225141982e5b06657c497a5153303961d9dfba52962527acec666 87708237d84bb5f76d0ee95c5f0c4ab9a3d3def2bada7e3342dfb35850d1cec6
CLIENT_HANDSHAKE_TRAFFIC_SECRET a80c3dad972a44d3d6b09ec272697f53abc636d2b069fcef5adc504de300a035 37f7bd85af343cdda6aea554d2c5dfa4163da130456616400d3fa57e5d2f28ffe4e905e338a0749be0af2e1298df2c45
SERVER_HANDSHAKE_TRAFFIC_SECRET a80c3dad972a44d3d6b09ec272697f53abc636d2b069fcef5adc504de300a035 c1fbecabcc01ecaee8233f2df58cd4152e38a149931e324cb67634598639e3d2c6a43f32c482b3185929be9d3be31a8d
CLIENT_TRAFFIC_SECRET_0 a80c3dad972a44d3d6b09ec272697f53abc636d2b069fcef5adc504de300a035 ebdb77bf9a2333094a40e3314a1c7ba815e899d24cdf61e026c48b9c2dcd4b88b25e022b28b77d226725f281f97f8207
SERVER_TRAFFIC_SECRET_0 a80c3dad972a44d3d6b09ec272697f53abc636d2b069fcef5adc504de300a035 c1a139d85ff47e54f022f8fd2e4cccb363b945427e0721e4cec38c3d1d081aa7bd868fc4a16572c1ac75aa948b5fd0c8
EXPORTER_SECRET a80c3dad972a44d3d6b09ec272697f53abc636d2b069fcef5adc504de300a035 5187ab66c09ecf8cc74e9978cdec76ff587c3d0046239aac745fb4c9a6e6f9ba392a0e66f923fe08efd9db8a1e15642e
CLIENT_HANDSHAKE_TRAFFIC_SECRET 10ed821f79b08e62e0ad533ec15fa1ad8fbe0ba32afa04abf02311186cf4fd20 846125b1a7044f491d5aedb28b4a8e43859b21b4578bad628ab9a57b0634195d
SERVER_HANDSHAKE_TRAFFIC_SECRET 10ed821f79b08e62e0ad533ec15fa1ad8fbe0ba32afa04abf02311186cf4fd20 0c56b3981675b691fd709d7f77ebd4e83346205f9e2e053d098a3dc1cd8e4e80
CLIENT_TRAFFIC_SECRET_0 10ed821f79b08e62e0ad533ec15fa1ad8fbe0ba32afa04abf02311186cf4fd20 b03f1bb2ece0400ea9823c6cd576900631f3d8ae2228d760763e394458089f71
SERVER_TRAFFIC_SECRET_0 10ed821f79b08e62e0ad533ec15fa1ad8fbe0ba32afa04abf02311186cf4fd20 a85a4f56b5f181cf4513b02a6beafd11a461cc63d070e568296b152292b994d2
EXPORTER_SECRET 10ed821f79b08e62e0ad533ec15fa1ad8fbe0ba32afa04abf02311186cf4fd20 d52f29418eb0875266fbff4748ac97cac8b58b8efe96dd00c8cb98f92059cf54
CLIENT_HANDSHAKE_TRAFFIC_SECRET b05bb80e8542f5bd1424f27e728d4f5a6e284952d569b749d18db725ce217b50 9ddb486b04a56338f8f03068be9f791dd71fc4348905cc7cb2bc8ad4b1c099e8
SERVER_HANDSHAKE_TRAFFIC_SECRET b05bb80e8542f5bd1424f27e728d4f5a6e284952d569b749d18db725ce217b50 db0e066d663c251e8a4e130fb4a60434c7aa704d61e68c40380b266b7d8157f3
CLIENT_TRAFFIC_SECRET_0 b05bb80e8542f5bd1424f27e728d4f5a6e284952d569b749d18db725ce217b50 4866bc2f3fd7b0e0ba3249803fe3d1dc8c592d0c399775bb42e53ca974ae8662
SERVER_TRAFFIC_SECRET_0 b05bb80e8542f5bd1424f27e728d4f5a6e284952d569b749d18db725ce217b50 711d870701c88226d6bdb965b551067969d24b6d97cfb1effb6b9a02704d30ae
EXPORTER_SECRET b05bb80e8542f5bd1424f27e728d4f5a6e284952d569b749d18db725ce217b50 d5285ad04577d12ba1cebeedf0fb0b16abd41c356b1dbe393f4e863aa32ddd2c
CLIENT_HANDSHAKE_TRAFFIC_SECRET 0c13fc6bc9a9192e99a1d58ed9f7609feccbb10aabdcbb0729e221872b842a5d 533a4466667ff85897050284a446fdae24083a30cf402b3a416d91f778c271d9
SERVER_HANDSHAKE_TRAFFIC_SECRET 0c13fc6bc9a9192e99a1d58ed9f7609feccbb10aabdcbb0729e221872b842a5d 6a3720ff0a3f887ef16bb3efaf0a15f629e823b1e750e6da8f4dc704489afcb8
CLIENT_TRAFFIC_SECRET_0 0c13fc6bc9a9192e99a1d58ed9f7609feccbb10aabdcbb0729e221872b842a5d 3e81315499e60d1c8d5d23a03151d239100d313f38cd13256ca80471c8245ade
SERVER_TRAFFIC_SECRET_0 0c13fc6bc9a9192e99a1d58ed9f7609feccbb10aabdcbb0729e221872b842a5d 5b21ca17f508d71639e40dd34aff3230317b5f72a51dd2b67bfea8990a8f3f83
EXPORTER_SECRET 0c13fc6bc9a9192e99a1d58ed9f7609feccbb10aabdcbb0729e221872b842a5d eaf5aa289470ccf38104eca8b75d235ed1809fe73d4a1bad874da8c77ba62d4e
CLIENT_HANDSHAKE_TRAFFIC_SECRET 189bb9dee49bd12202200ad0b564dcdd59b5f088487bd447fb7c401e5c9e666f 225b9865f13d7b2953dfdba141557fe24deecf4959eade384852e74bf0b5635f
SERVER_HANDSHAKE_TRAFFIC_SECRET 189bb9dee49bd12202200ad0b564dcdd59b5f088487bd447fb7c401e5c9e666f 26d484f0208db9849058c30691e06beacd4baab2ab406d5dc3f5665b9eb823bc
CLIENT_TRAFFIC_SECRET_0 189bb9dee49bd12202200ad0b564dcdd59b5f088487bd447fb7c401e5c9e666f c16b303c2b987eb93f186601c4bca3f46750dec4458091c1d7044c59a88498b1
SERVER_TRAFFIC_SECRET_0 189bb9dee49bd12202200ad0b564dcdd59b5f088487bd447fb7c401e5c9e666f 46af009cdecc17afb59342777d6fe252f3a775202b0bc0bc518cdcb8835101ea
EXPORTER_SECRET 189bb9dee49bd12202200ad0b564dcdd59b5f088487bd447fb7c401e5c9e666f 331e31e0143d5a47157b6ceb5a680f2ea84f0f963004c94becea1be0fc5f62a0
CLIENT_HANDSHAKE_TRAFFIC_SECRET cc2b858f877e834f98e0402f829b24d3b3c6a68c11c2888ec408efba14d7ddc6 e3919be36ff368a7491bc1b983b3d05b32156f196f4eebe9086df5acd104391f
SERVER_HANDSHAKE_TRAFFIC_SECRET cc2b858f877e834f98e0402f829b24d3b3c6a68c11c2888ec408efba14d7ddc6 31eb2abfaf8913cadf81ad3c98fdbe03d72c6771226d97a9b6b98b9d644b3b34
CLIENT_TRAFFIC_SECRET_0 cc2b858f877e834f98e0402f829b24d3b3c6a68c11c2888ec408efba14d7ddc6 3410d8176b541ad503e0b176e422d245782d23840de7984577e31d19cb581729
SERVER_TRAFFIC_SECRET_0 cc2b858f877e834f98e0402f829b24d3b3c6a68c11c2888ec408efba14d7ddc6 c051b015d6257ffe4e16f6485e23b61fbfd30579618761b3ede6de1714ced648
EXPORTER_SECRET cc2b858f877e834f98e0402f829b24d3b3c6a68c11c2888ec408efba14d7ddc6 ace7c6633b83dfc000d244554c88a8a0c729a6b8de70f7983588b83603340752
CLIENT_HANDSHAKE_TRAFFIC_SECRET f9f8a84f7c22e6fbb6d0a54014b4c587fa61820e5d161ddd795623cbecc42a01 170f5c747177b14e1e84b2f8ba378a9b0f476b8037a4d8815cd36acb5dadb4f2
SERVER_HANDSHAKE_TRAFFIC_SECRET f9f8a84f7c22e6fbb6d0a54014b4c587fa61820e5d161ddd795623cbecc42a01 67cb6cd06fa53d2a83f55042248348d77ea61f161bf7ea5b359ef78d1f536b8c
CLIENT_HANDSHAKE_TRAFFIC_SECRET 5836ff652f2855df3c5200453aeba3470f3297fc9ba8b9f6266d0f053ec57ddd 220f03cf30dbc1adbaca5de5e213c2801097ae2b288eeef6a5521df7d9e826bb
SERVER_HANDSHAKE_TRAFFIC_SECRET 5836ff652f2855df3c5200453aeba3470f3297fc9ba8b9f6266d0f053ec57ddd 6e2dd6dc6e4ccc554d006b821e868219c1461be16b0fa897e0a5cf9a7cb85d49
CLIENT_TRAFFIC_SECRET_0 f9f8a84f7c22e6fbb6d0a54014b4c587fa61820e5d161ddd795623cbecc42a01 c9e580c02d86ffd62faac6c9f7d2dab88afa4320fd3e4f130a3a6a3e8d854548
SERVER_TRAFFIC_SECRET_0 f9f8a84f7c22e6fbb6d0a54014b4c587fa61820e5d161ddd795623cbecc42a01 1740ff1438d423ec279dccb207448e87ac58d44f24981a4d207720284a439a60
EXPORTER_SECRET f9f8a84f7c22e6fbb6d0a54014b4c587fa61820e5d161ddd795623cbecc42a01 8d0aa59599011b902a61f2fdf8d8bda35c486bebf6d1463db48865c7db7c7199
CLIENT_TRAFFIC_SECRET_0 5836ff652f2855df3c5200453aeba3470f3297fc9ba8b9f6266d0f053ec57ddd 7580358b4a32e0b0e802fcdba763c5370ca812a0a28666bee149a8391ae200b8
SERVER_TRAFFIC_SECRET_0 5836ff652f2855df3c5200453aeba3470f3297fc9ba8b9f6266d0f053ec57ddd adfe39ad195bda14ae64bcd0a32bf89cfdad3d0796a3329c8ab7abad8b3fd7da
EXPORTER_SECRET 5836ff652f2855df3c5200453aeba3470f3297fc9ba8b9f6266d0f053ec57ddd 14ef17f05de9ad38b335e2f428c89249aad15279646aacefdc8df436ec98d0f2
CLIENT_HANDSHAKE_TRAFFIC_SECRET 46abcc4c93f075a6df97de653e7addfe52ac5e67251c0047f347cbee5118f780 f736227610b309fb369f7b7cec519971ddc92e8c1f3d119a3d36347e0809b7dd
SERVER_HANDSHAKE_TRAFFIC_SECRET 46abcc4c93f075a6df97de653e7addfe52ac5e67251c0047f347cbee5118f780 33b4d894d63a1b65564bee939605566afa349f0defc05c112cbb1b5b464eea30
CLIENT_TRAFFIC_SECRET_0 46abcc4c93f075a6df97de653e7addfe52ac5e67251c0047f347cbee5118f780 268348d6915c3738375e988f3110ebc9a8c4d4cef7e8a240ceb62ee6f7baa28a
SERVER_TRAFFIC_SECRET_0 46abcc4c93f075a6df97de653e7addfe52ac5e67251c0047f347cbee5118f780 c45ff5f92d771474a0d357aece4a5900ecb71dc4be42d16dfa8149fbc72c7e23
EXPORTER_SECRET 46abcc4c93f075a6df97de653e7addfe52ac5e67251c0047f347cbee5118f780 895430690ff8dbe9eaf1ed6f0f8ceb500936b0c3b4a9580ae1635ccdad4fe18c
CLIENT_HANDSHAKE_TRAFFIC_SECRET 6e6c2d586ffb1c874a9f25cbea8e301a9fcff66b6f7d9f1f766200682a889849 528aca8b20fe09a4dbe96a2f49231facafdf2040fc63766d139691719b43dc9a
SERVER_HANDSHAKE_TRAFFIC_SECRET 6e6c2d586ffb1c874a9f25cbea8e301a9fcff66b6f7d9f1f766200682a889849 0de4422d417638b0307794a66999d97cad5cfe7d3a9992262d4fb564fa6710ea
CLIENT_TRAFFIC_SECRET_0 6e6c2d586ffb1c874a9f25cbea8e301a9fcff66b6f7d9f1f766200682a889849 27a13ad8865d2695f87279b751f41eeb9058491b780ef7ee6b7f83693a43518d
SERVER_TRAFFIC_SECRET_0 6e6c2d586ffb1c874a9f25cbea8e301a9fcff66b6f7d9f1f766200682a889849 01ef51da374a90b13a9ec671dd63a99b72e0f6567b5548cc5c99cd0551ca700e
EXPORTER_SECRET 6e6c2d586ffb1c874a9f25cbea8e301a9fcff66b6f7d9f1f766200682a889849 9b109d4314060634808f67b53b63974f8a440982002c3fd269917c126fd25515
CLIENT_HANDSHAKE_TRAFFIC_SECRET 6627d377336d834bb5226e6a8e6a3fa0d64f007d47f0652b7ea016171f5973e8 d002a42363a64cd402bc9258c3645b00d9e1a43907230f8fbc1fde8f195c5cd6
SERVER_HANDSHAKE_TRAFFIC_SECRET 6627d377336d834bb5226e6a8e6a3fa0d64f007d47f0652b7ea016171f5973e8 1592783573755fd746a9c831138bee12b7a67e5b1a465449fd466e4693a1813f
CLIENT_TRAFFIC_SECRET_0 6627d377336d834bb5226e6a8e6a3fa0d64f007d47f0652b7ea016171f5973e8 08ae724adf1d607f5234200824abddd750fcaa355caadd2caf5835409a903850
SERVER_TRAFFIC_SECRET_0 6627d377336d834bb5226e6a8e6a3fa0d64f007d47f0652b7ea016171f5973e8 d436704b71ec03cc0b6685d012972e5aab0b40256e484b23d3bfd2118cd37589
EXPORTER_SECRET 6627d377336d834bb5226e6a8e6a3fa0d64f007d47f0652b7ea016171f5973e8 38a55394257887a0dac6da4a2f1cf1f5f8f903d59855e210332b95ff49c31402
CLIENT_HANDSHAKE_TRAFFIC_SECRET 87eb11fcb446eb814eabe9a565719267731cd95907485c83caacbf0143d856dd d54ed33381c9fcbbb7789e6f8627bcc20b3517ef9f6e5a1ab2b34b65171317c9
SERVER_HANDSHAKE_TRAFFIC_SECRET 87eb11fcb446eb814eabe9a565719267731cd95907485c83caacbf0143d856dd 83ae4785504299cd6b2d68d1cff4b6feb5b5ef7683e43e913a8ce772d94fa899
CLIENT_TRAFFIC_SECRET_0 87eb11fcb446eb814eabe9a565719267731cd95907485c83caacbf0143d856dd 9f658226f299ff30301ee0e59aa7513419a325f4089504ae6d1666d0f41cb19f
SERVER_TRAFFIC_SECRET_0 87eb11fcb446eb814eabe9a565719267731cd95907485c83caacbf0143d856dd 5e40a72605120ea9d7c7b85b08b1bab0e6b799f37ffa9082f5403b817261b49b
EXPORTER_SECRET 87eb11fcb446eb814eabe9a565719267731cd95907485c83caacbf0143d856dd 2dca493a0c1b103e14b6b227656e476c78c3696cadba14c1dbd4c01d0cc8b9b6
CLIENT_HANDSHAKE_TRAFFIC_SECRET 28b5fe8d5bdf8338e9bb97b0d58dc1eea4a287385f0d042d48f43967ae823048 49bed81b5724ae34bfb2e795dcd6be55d59cc1ec8d0886bee69ab271785b0ba2
SERVER_HANDSHAKE_TRAFFIC_SECRET 28b5fe8d5bdf8338e9bb97b0d58dc1eea4a287385f0d042d48f43967ae823048 2423a04806d671c11e48ba022b9431312ddb79de6dba9b2af658fce2bc9436fe
CLIENT_TRAFFIC_SECRET_0 28b5fe8d5bdf8338e9bb97b0d58dc1eea4a287385f0d042d48f43967ae823048 397f65a537a332e11b559ef1077aa4c193db395e13aee80f4fcba4d67dc3621d
SERVER_TRAFFIC_SECRET_0 28b5fe8d5bdf8338e9bb97b0d58dc1eea4a287385f0d042d48f43967ae823048 ae9d6b678a8fa0555d4eaf2c189bc59d9e22263f6b7162b8caac2e509fc5d606
EXPORTER_SECRET 28b5fe8d5bdf8338e9bb97b0d58dc1eea4a287385f0d042d48f43967ae823048 0bfee35e89d3e546c58448920123681838bdc05d7db828979d9a3087654db979
CLIENT_HANDSHAKE_TRAFFIC_SECRET 7b4ad56126a04e0fba8256fe6ae26b6e53a776c388e9aa634807902b3fb3a1f5 2f8960872df551cf9855006811599d26517f3c9ad1bd5a75884d14e2bede0ee7
SERVER_HANDSHAKE_TRAFFIC_SECRET 7b4ad56126a04e0fba8256fe6ae26b6e53a776c388e9aa634807902b3fb3a1f5 db79c1f43999409e0a13bfd9d239f89d732b8ef3a953be92fe089e7b1a87f36e
CLIENT_TRAFFIC_SECRET_0 7b4ad56126a04e0fba8256fe6ae26b6e53a776c388e9aa634807902b3fb3a1f5 3fd3faa1358dc834d71fa0dcc40a062b8d6d09fe9bfe86bbdb48afe1de6d329d
SERVER_TRAFFIC_SECRET_0 7b4ad56126a04e0fba8256fe6ae26b6e53a776c388e9aa634807902b3fb3a1f5 9aae86974e2775e2f30aae0fedc37cca5163ef6c0bc497f07c98a0b62301b56e
EXPORTER_SECRET 7b4ad56126a04e0fba8256fe6ae26b6e53a776c388e9aa634807902b3fb3a1f5 f54d41873b418ba01bdf835b981d639d83d12182c678b94d1e1d73f9e993aa51
CLIENT_HANDSHAKE_TRAFFIC_SECRET 53fb1705190cc02cc526b11ab9eea3aa68782d4eebc382d03782456ea17c1e4d d47c91958b7c40ed669d814a05a6543e82483b0ab570f42f0fe49c9684467e4d
SERVER_HANDSHAKE_TRAFFIC_SECRET 53fb1705190cc02cc526b11ab9eea3aa68782d4eebc382d03782456ea17c1e4d 13c188b036fb400200f3ddc04f8f772eeee8c8d95934ef2253cc7620939bada2
CLIENT_TRAFFIC_SECRET_0 53fb1705190cc02cc526b11ab9eea3aa68782d4eebc382d03782456ea17c1e4d 2465f144aeace1439e6ecb0645ff37729365d9d995d49411c47c3a387a13dc5c
SERVER_TRAFFIC_SECRET_0 53fb1705190cc02cc526b11ab9eea3aa68782d4eebc382d03782456ea17c1e4d 50b5a969da99b415894f54f7a1610280c11038e69921629f8de29be010f4d62f
EXPORTER_SECRET 53fb1705190cc02cc526b11ab9eea3aa68782d4eebc382d03782456ea17c1e4d a096065f5048887b5df272f9ab7c7f6791898f2dbd89e603f58f501287fc721d
CLIENT_HANDSHAKE_TRAFFIC_SECRET 33005b58a7b790790320a24f19aa030785a712ad99d79a3e0b4efc4532ec7c5f 77f329be811d69394cddd9e490bafb8f2d86fbfb05b1474d1ae913d761bc22db
SERVER_HANDSHAKE_TRAFFIC_SECRET 33005b58a7b790790320a24f19aa030785a712ad99d79a3e0b4efc4532ec7c5f 0554f2783a777a0b914f6f9da8917e58087ffe0e7a45c4aa42621baab9ede408
CLIENT_TRAFFIC_SECRET_0 33005b58a7b790790320a24f19aa030785a712ad99d79a3e0b4efc4532ec7c5f 4e76f7f6570e27b1762ea360adbc5f9a71ab35d930b7eafd83b42a77080f4465
SERVER_TRAFFIC_SECRET_0 33005b58a7b790790320a24f19aa030785a712ad99d79a3e0b4efc4532ec7c5f 525ab7e1e3509f021476856af41438f530eb3dec15829ef71dc0c761f363ab02
EXPORTER_SECRET 33005b58a7b790790320a24f19aa030785a712ad99d79a3e0b4efc4532ec7c5f 44ccf94a1a5c4126476a9f41beb6aaed1703031837f2da69efaa738236942114
CLIENT_HANDSHAKE_TRAFFIC_SECRET 45b13f3f80f7486f828d7065d455d56bb0b563383f30e0f44ab6d3af0de09d4c 1d74fe8756788a7f4eb462e759f6ffa2473d1d0ba694bfe606a3f1ef45c9d334
SERVER_HANDSHAKE_TRAFFIC_SECRET 45b13f3f80f7486f828d7065d455d56bb0b563383f30e0f44ab6d3af0de09d4c dd1698a93c48710d386768a06011a547637635f5760332b2ed1a3e8a48a7a382
CLIENT_TRAFFIC_SECRET_0 45b13f3f80f7486f828d7065d455d56bb0b563383f30e0f44ab6d3af0de09d4c ed4ef951e15cc0b74df06e83aa4427b72e826aace82fe327a89bfe7ae49de112
SERVER_TRAFFIC_SECRET_0 45b13f3f80f7486f828d7065d455d56bb0b563383f30e0f44ab6d3af0de09d4c 8cdbee1fa5d3baf7876a50e87f6b7fd1267305ee663af4532f0eaf1a39a35f4f
EXPORTER_SECRET 45b13f3f80f7486f828d7065d455d56bb0b563383f30e0f44ab6d3af0de09d4c 609f6cef3273ee1460a8574a9aa8b94aeca4f6eb137228fbe9190559095ff55f
CLIENT_HANDSHAKE_TRAFFIC_SECRET 412265a49578503551625796e4520bdaa6b088121bb88ab20a4175ed37d8348a df14c13afdff11b07b0b35f1a2c97f50d952ac671a7af691af095e89104e8735
SERVER_HANDSHAKE_TRAFFIC_SECRET 412265a49578503551625796e4520bdaa6b088121bb88ab20a4175ed37d8348a 26b27b0a0a747683539836852b8ece4c29b291502b0d2db13c4416097af68fa2
CLIENT_TRAFFIC_SECRET_0 412265a49578503551625796e4520bdaa6b088121bb88ab20a4175ed37d8348a 03db5fa733d98fbfd4fb9722b92ddba865481e84b003ac1081ab424ea2080f2b
SERVER_TRAFFIC_SECRET_0 412265a49578503551625796e4520bdaa6b088121bb88ab20a4175ed37d8348a b637bf30b5645a5accbc04a8a9661fffde2de5d21dcdae19c2a01cba485a17a0
EXPORTER_SECRET 412265a49578503551625796e4520bdaa6b088121bb88ab20a4175ed37d8348a c7be058703a0aceb492f3a9711aa5479ce65088a6463d3b12c5a7bf1465151eb
CLIENT_HANDSHAKE_TRAFFIC_SECRET c07d093cab39b8c02876ba09ed70cd03107befbc5d8526e345c98b1ab62cef87 bb75ddc7e2d33182168967c0abfb9561fc34727c66c3a634962e7dfe0ea5a785
SERVER_HANDSHAKE_TRAFFIC_SECRET c07d093cab39b8c02876ba09ed70cd03107befbc5d8526e345c98b1ab62cef87 489c63da51fb3cf69fdd20cb6f32f7f24ae900e9479f6a1b298921932ea5f8f8
CLIENT_TRAFFIC_SECRET_0 c07d093cab39b8c02876ba09ed70cd03107befbc5d8526e345c98b1ab62cef87 2135daa69f01d0861cd12e3391f193a3a384022c13e910eb825c0ba47047af18
SERVER_TRAFFIC_SECRET_0 c07d093cab39b8c02876ba09ed70cd03107befbc5d8526e345c98b1ab62cef87 6de27359eacdc3a06615156533501ea0fd96bf9453cdc9121a9ae562c8505407
EXPORTER_SECRET c07d093cab39b8c02876ba09ed70cd03107befbc5d8526e345c98b1ab62cef87 6b19d694be1dc90e3604119a06cea28842d72fbe88c6e946df889c9769da00ca
CLIENT_EARLY_TRAFFIC_SECRET 016d308f8031ae02dd513df2c733371242e67239c437dfb38b5e282f68da87f3 90fb4b4dd81d30d9ffa6fc9f23c860de5a356ea46096141a2632c14ca21440f0
CLIENT_HANDSHAKE_TRAFFIC_SECRET 016d308f8031ae02dd513df2c733371242e67239c437dfb38b5e282f68da87f3 4e6c094f27b3901fc27b7a2932eed88ff82c216c87bbc91b9c19af4bfc59f4da
SERVER_HANDSHAKE_TRAFFIC_SECRET 016d308f8031ae02dd513df2c733371242e67239c437dfb38b5e282f68da87f3 3e67251a558b5dcb0897d636a080f94a0cb8e7f94227d19347e1d35dbe250611
CLIENT_TRAFFIC_SECRET_0 016d308f8031ae02dd513df2c733371242e67239c437dfb38b5e282f68da87f3 154763d251933fd0168cfc5a3519e5eb1f8cee95877f302997c729ea8cf1efb0
SERVER_TRAFFIC_SECRET_0 016d308f8031ae02dd513df2c733371242e67239c437dfb38b5e282f68da87f3 4ffc03bde750f77239ca42824c09ce22f75fdcb0cf4606e82e63de399f645470
EXPORTER_SECRET 016d308f8031ae02dd513df2c733371242e67239c437dfb38b5e282f68da87f3 7502e3efce2a133bf9f4f04a14052b50aba8189e831d531c60c2dc546b35b4ae
CLIENT_EARLY_TRAFFIC_SECRET 22f969ae27371902f10354bc6b3aa77d8835bb176c663d1cabedf2e5738b3f64 8c44b2adb8c2588722180b896d5a27cd47740faed64e1b2ad95e86e56501ba63
CLIENT_HANDSHAKE_TRAFFIC_SECRET 22f969ae27371902f10354bc6b3aa77d8835bb176c663d1cabedf2e5738b3f64 736c4fc17b2000e348be84be05da1207b4927ff6d6b7e356201483aafe2865f4
SERVER_HANDSHAKE_TRAFFIC_SECRET 22f969ae27371902f10354bc6b3aa77d8835bb176c663d1cabedf2e5738b3f64 2c10452fcaf4cb81282aa4c4c3d99beb47a98a8ea439a2e11ce4eb41d665de48
CLIENT_TRAFFIC_SECRET_0 22f969ae27371902f10354bc6b3aa77d8835bb176c663d1cabedf2e5738b3f64 e4b5d3750af3caf8b103a3bf511f37c61f1a440d7c36873047e6352c2df7ed63
SERVER_TRAFFIC_SECRET_0 22f969ae27371902f10354bc6b3aa77d8835bb176c663d1cabedf2e5738b3f64 c9d445d91ef29105a7c2320df9255db946056bb6ad139af25d9036c7c01d8d5c
EXPORTER_SECRET 22f969ae27371902f10354bc6b3aa77d8835bb176c663d1cabedf2e5738b3f64 6b709dc69e71951e8440aea8257add98de0f85cbaf8525ec9d9f839712a9d759
CLIENT_EARLY_TRAFFIC_SECRET 95e025e668d82b3c5915dd37cf51f469bbdd4e639c5cfd96d73d94d91fe0fce6 1abb463c59858e748cc19d473eb08ea076864aa191064133087a77c2c56f1f94
CLIENT_HANDSHAKE_TRAFFIC_SECRET 95e025e668d82b3c5915dd37cf51f469bbdd4e639c5cfd96d73d94d91fe0fce6 d68963f9cd63d752ca86de32316427b285f967c6f16295eb10b0df99fb83264b
SERVER_HANDSHAKE_TRAFFIC_SECRET 95e025e668d82b3c5915dd37cf51f469bbdd4e639c5cfd96d73d94d91fe0fce6 a2c53b95de97cabc5be50d2f9f71d31888742cc670ad0aeae11f38d7e951891c
CLIENT_TRAFFIC_SECRET_0 95e025e668d82b3c5915dd37cf51f469bbdd4e639c5cfd96d73d94d91fe0fce6 497f2d97736d7dac85fa3e54219132dd15f3e171c172607e66be8252a4a4f18c
SERVER_TRAFFIC_SECRET_0 95e025e668d82b3c5915dd37cf51f469bbdd4e639c5cfd96d73d94d91fe0fce6 3878ed7a694fc899a48571b66fc4a30dda1378d3cca7c3a950d31f21bda5f16d
EXPORTER_SECRET 95e025e668d82b3c5915dd37cf51f469bbdd4e639c5cfd96d73d94d91fe0fce6 9eb80c7310d8d05536295a443579820239a4ebe7ba0ff363ba5e4a9b4cba3b87
CLIENT_HANDSHAKE_TRAFFIC_SECRET 52db06cb1b2c4d62ff7daa390ee39039cb7e8faf2c03ab44bfdbc1f03ab2bf30 2ec9c36f73d101e707874d0f896202866c98e3021bed2257f4e196710ea6125166f0f797d5322c8771ca8f8aa7ed5fed
SERVER_HANDSHAKE_TRAFFIC_SECRET 52db06cb1b2c4d62ff7daa390ee39039cb7e8faf2c03ab44bfdbc1f03ab2bf30 ff2f7765f734785727947e51e9cda42eeebfbd5666c25eaf7734d071cc3a979619e372fc6aa1a8e48d4c1e175fe5a2f9
CLIENT_TRAFFIC_SECRET_0 52db06cb1b2c4d62ff7daa390ee39039cb7e8faf2c03ab44bfdbc1f03ab2bf30 e5cfe0e7b8c17cef23d50d485294a8284f963e526f4441877fc03683a9d67ba68c134f9e0d5c2b01710f99c9347f62d3
SERVER_TRAFFIC_SECRET_0 52db06cb1b2c4d62ff7daa390ee39039cb7e8faf2c03ab44bfdbc1f03ab2bf30 562990b9644e984ae133e161fd749458e8c688c9061bd5e8d08221070dea7c6a34e4a37901d70c034410a28608599a62
EXPORTER_SECRET 52db06cb1b2c4d62ff7daa390ee39039cb7e8faf2c03ab44bfdbc1f03ab2bf30 1bb7441601dd48789d3c02dab1b426da3618dfbb178678ecf82fb16ed95ff68812b02663e3210185c727e2d7cc1b8cdf
CLIENT_HANDSHAKE_TRAFFIC_SECRET 5ffcd7098cd4534c2b0ab6bcb2c49a705e164e86d297bc278edef19bce66d01c d29ba51ff1610d8d8c2cfce189b84923584abf5cb86ff459cee3a257faf9954c
SERVER_HANDSHAKE_TRAFFIC_SECRET 5ffcd7098cd4534c2b0ab6bcb2c49a705e164e86d297bc278edef19bce66d01c 9f61d075f413f55b1236089795c9e03222d522f253eb899e3b5bbbe5de44c317
CLIENT_TRAFFIC_SECRET_0 5ffcd7098cd4534c2b0ab6bcb2c49a705e164e86d297bc278edef19bce66d01c 8af96693efb6f8cda6523b585d7d0d0fbd40b03ac697288ead6d5aab53b6e4ca
SERVER_TRAFFIC_SECRET_0 5ffcd7098cd4534c2b0ab6bcb2c49a705e164e86d297bc278edef19bce66d01c f8b89efc7d806a2b6cb5974e8003deb505f6f3c2b776f4ce5ed916c15617454a
EXPORTER_SECRET 5ffcd7098cd4534c2b0ab6bcb2c49a705e164e86d297bc278edef19bce66d01c da4f41f457999a8b9d4e89ec64d16c2f50a0a18e8ff184d030a8e70ccc666b2a
CLIENT_HANDSHAKE_TRAFFIC_SECRET 371c103a0d2dd67d2c4f91f5aed48cdfebbfaa9c0be3d27cf03d7695ebd1907f d7e21b427ff52e4ede53d552dd75be915467f9981675b5a2c63460522d9ff459
SERVER_HANDSHAKE_TRAFFIC_SECRET 371c103a0d2dd67d2c4f91f5aed48cdfebbfaa9c0be3d27cf03d7695ebd1907f 83b8528f518a455e42cf7422954d52ad65419a4137f4c7274c597c4122738fce
CLIENT_TRAFFIC_SECRET_0 371c103a0d2dd67d2c4f91f5aed48cdfebbfaa9c0be3d27cf03d7695ebd1907f afff0ae4e680a5aa051b740f8ad62bc1c56efd49c81485d7f3ddc3630722597c
SERVER_TRAFFIC_SECRET_0 371c103a0d2dd67d2c4f91f5aed48cdfebbfaa9c0be3d27cf03d7695ebd1907f 71c246153930e8f3117e46cccd7d22afbab4d27b923536a959c84971be796170
EXPORTER_SECRET 371c103a0d2dd67d2c4f91f5aed48cdfebbfaa9c0be3d27cf03d7695ebd1907f 54e04ba9bc07b0d56b3b69de1b29f9e384b6ac2e87e9b425a5c37fa5cab3b2e0
CLIENT_HANDSHAKE_TRAFFIC_SECRET e44dba4013bb1a919ca011fe369df3a3f25f3c846f3a86f91744a3d5598fafed d538916574a6838eadc0d1174f642378bc4de706d28f3245b5ec641f732079ac
SERVER_HANDSHAKE_TRAFFIC_SECRET e44dba4013bb1a919ca011fe369df3a3f25f3c846f3a86f91744a3d5598fafed 52a8c6801133e4b8a70d6e3c485f9bea337a1e10e0a69a1fec6893d427f32221
CLIENT_TRAFFIC_SECRET_0 e44dba4013bb1a919ca011fe369df3a3f25f3c846f3a86f91744a3d5598fafed debea0ff2fc440579220d7e3d438fc298486ea26f908d223086632ce32189404
SERVER_TRAFFIC_SECRET_0 e44dba4013bb1a919ca011fe369df3a3f25f3c846f3a86f91744a3d5598fafed e08419a3b035aa2f4a4bb5c1e6f74b1aab59a4893e82dc8bfd1f586a95f15f27
EXPORTER_SECRET e44dba4013bb1a919ca011fe369df3a3f25f3c846f3a86f91744a3d5598fafed b4adfe48c1a84340084b648ce9e2327fdbd1cd5997660a46070a85c28ab03cec
CLIENT_HANDSHAKE_TRAFFIC_SECRET 98bdd3cc755e66cea0b59537c8cc6c614dd3c3310fe17f16fa4251dde47009c8 8227035cf41b68c3697e1efb5a0dc7a997cba43f095a59fe4217223dabba32c6
SERVER_HANDSHAKE_TRAFFIC_SECRET 98bdd3cc755e66cea0b59537c8cc6c614dd3c3310fe17f16fa4251dde47009c8 0517c6c3b6f89fcc5d7d1632b7fa538ebe57be0170026f17f9063f9770f662c2
CLIENT_TRAFFIC_SECRET_0 98bdd3cc755e66cea0b59537c8cc6c614dd3c3310fe17f16fa4251dde47009c8 649f66be3e667414dbb915b391393a4c9c47ba8e62cc0b298e95fdfa72675bfa
SERVER_TRAFFIC_SECRET_0 98bdd3cc755e66cea0b59537c8cc6c614dd3c3310fe17f16fa4251dde47009c8 db2c58622b5035d40861e56c97b1848fb2a918f9e31fd8124d90081253f75449
EXPORTER_SECRET 98bdd3cc755e66cea0b59537c8cc6c614dd3c3310fe17f16fa4251dde47009c8 f3baee43dedc01aaa90791a0923da0d92a9f79055f4219a61caefab12fab544d
CLIENT_HANDSHAKE_TRAFFIC_SECRET 2f08aae1a98ef74cdae8b4c8a1cae0d1ace28ad46c505cc98c3284d2cc84df55 b5f0014a32cea4992b070ca491e0343ce682672a7d19eb58eed897e3df76ba3ba96614bd2feebb64f8320ecf2e6ec0dc
SERVER_HANDSHAKE_TRAFFIC_SECRET 2f08aae1a98ef74cdae8b4c8a1cae0d1ace28ad46c505cc98c3284d2cc84df55 e2d080aa07e536e5f2622c06df11850b82616a9a824a859777d67abb367ea6f080d8979e8813a4469f41b13dbe953b45
CLIENT_TRAFFIC_SECRET_0 2f08aae1a98ef74cdae8b4c8a1cae0d1ace28ad46c505cc98c3284d2cc84df55 121e17222327c2b92806b7cb2ad0ba628c828a0d86b33056e49fa31a568d8d499e6137669dfc06668fa33c7d12f0c4a9
SERVER_TRAFFIC_SECRET_0 2f08aae1a98ef74cdae8b4c8a1cae0d1ace28ad46c505cc98c3284d2cc84df55 5d0fa3c735cc8f29f4d736d1835ddba11ec6c4b0fb8af81449cf8c9fc8dfa9bc3eabcb73c375e163dfdc7cc7203c1b4e
EXPORTER_SECRET 2f08aae1a98ef74cdae8b4c8a1cae0d1ace28ad46c505cc98c3284d2cc84df55 1c7c25686fd4d3e44b65e08593abc67107a524c4a98dfe936d89e2f72f3b0b303bca3ea051c81bb9b5ce783463a735c9
CLIENT_HANDSHAKE_TRAFFIC_SECRET 27d60794eacff589adccdb0c44d8710f26d0803068ed068377f509f6e11add86 e229c95ceee6effc3f2f13773ebdfff231d0818214fce42ce204ecb6fd7adf40
SERVER_HANDSHAKE_TRAFFIC_SECRET 27d60794eacff589adccdb0c44d8710f26d0803068ed068377f509f6e11add86 13910666982bb6d14b1da86f63bfdf3af95b65991fb9bbcf0b271d900aebbf27
CLIENT_TRAFFIC_SECRET_0 27d60794eacff589adccdb0c44d8710f26d0803068ed068377f509f6e11add86 178759889fea36a72f894de77c30f5d737773b7c192ae9d5b677afef920fcd9b
SERVER_TRAFFIC_SECRET_0 27d60794eacff589adccdb0c44d8710f26d0803068ed068377f509f6e11add86 6a9cd5df1e19f7fbfa9f465a179678539121eb7ca5d65d8b0729d72f00d89d0a
EXPORTER_SECRET 27d60794eacff589adccdb0c44d8710f26d0803068ed068377f509f6e11add86 c86b0e424e74f11e07c62ad30ef9e7056f61fa1287ac56ff5302cb4b6e80b715
CLIENT_HANDSHAKE_TRAFFIC_SECRET 7b3c44ec32c1924461572de44b93396b9adbcee90cdd2acf44cf975f241c79f6 c3a46011ea9a3011027e7a47beaf2a6bc3170687d0b39077712f43bb82796153
SERVER_HANDSHAKE_TRAFFIC_SECRET 7b3c44ec32c1924461572de44b93396b9adbcee90cdd2acf44cf975f241c79f6 23a5167ae07ee61a50520ee0a4bf7e644b7b7c786f42abbb0cbf8115f6cd4c74
CLIENT_TRAFFIC_SECRET_0 7b3c44ec32c1924461572de44b93396b9adbcee90cdd2acf44cf975f241c79f6 108e379cd192078c8a0dbb9621bd039c2a941344dd6660282191c5953339453f
SERVER_TRAFFIC_SECRET_0 7b3c44ec32c1924461572de44b93396b9adbcee90cdd2acf44cf975f241c79f6 414f931ee6223b5bb95cc5c14fd2413183f2bca54df79d042e1fd47a0ef39ab4
EXPORTER_SECRET 7b3c44ec32c1924461572de44b93396b9adbcee90cdd2acf44cf975f241c79f6 cc3b1ea760618fde9400aa310a7d384774b7a6b55dc42f9060728546747378a3
CLIENT_HANDSHAKE_TRAFFIC_SECRET 83ca14dd853bf6dfa2da9dac57894fcc63d60bd30430533eedb971bb94ecbe77 7f0225610ad9d253f1a2befb90e7636f022f0411865645f0c33aee2d6f8d81def73df4ebdd4cd4d1e92afeb48a670916
SERVER_HANDSHAKE_TRAFFIC_SECRET 83ca14dd853bf6dfa2da9dac57894fcc63d60bd30430533eedb971bb94ecbe77 124f7bfe86cc9273a7c5897ae2acccae9e71f501f1474253226a8d7aa2744b80f0a6eea5b2f1aefb836b4140d0f1e5f9
CLIENT_TRAFFIC_SECRET_0 83ca14dd853bf6dfa2da9dac57894fcc63d60bd30430533eedb971bb94ecbe77 beaed66b7da2fe99e44b5782c847386edded021465857888e0251477fd995a576f3589f6bc755a5f7662eb080cf0de02
SERVER_TRAFFIC_SECRET_0 83ca14dd853bf6dfa2da9dac57894fcc63d60bd30430533eedb971bb94ecbe77 102467fe716f56a5056953413f4d4782fc5fe3ac6974b813c880e0eebc47ce0bcc07d19be8ea5d88651aeed38c29003a
EXPORTER_SECRET 83ca14dd853bf6dfa2da9dac57894fcc63d60bd30430533eedb971bb94ecbe77 bb613f05990ad3ded87a81a2eac6cadc6d2fd0b20387828caf78e1fa9ccc8fd016789ae8ed2384bf88ec0f7829eee5d6
CLIENT_HANDSHAKE_TRAFFIC_SECRET 8fcff8062a601a88ac3c5404d7e17d8d6e57c190b4f6b726523d0d1f5eb00b8c 3d0d15a12a0702e18ac7a7f28136af499cb5f2471b0ae2379e891bcc57894ad1f36a05b4b7602643ca678f8b5a660c5a
SERVER_HANDSHAKE_TRAFFIC_SECRET 8fcff8062a601a88ac3c5404d7e17d8d6e57c190b4f6b726523d0d1f5eb00b8c 20a9736cf2880365f692f46c6344d4fd7dc69730f004e512f90a0d8bea49f386bfbbbe27aa811da2af009bb6ce589df1
CLIENT_TRAFFIC_SECRET_0 8fcff8062a601a88ac3c5404d7e17d8d6e57c190b4f6b726523d0d1f5eb00b8c 4f2241d7dd076aee6abb681e32ea3a69aa6d769d79ad48d568efc0d7630a33a1c5922ee015bece7e27eda22261c9600e
SERVER_TRAFFIC_SECRET_0 8fcff8062a601a88ac3c5404d7e17d8d6e57c190b4f6b726523d0d1f5eb00b8c 4cc9fb656f291d7af2a0f74a3af6b27da60bb6dc28d4c4f6d2b36286a23a8caa7562bc38388646d6efe7b7abf31c82b3
EXPORTER_SECRET 8fcff8062a601a88ac3c5404d7e17d8d6e57c190b4f6b726523d0d1f5eb00b8c 5b1f4dcc751be3e739a40c8920f78602c7dad5a5bf0d75b38b606bf9e6ab356441848f495bd5151465014f40cb293211
CLIENT_HANDSHAKE_TRAFFIC_SECRET 7da191a0a877615bc0ef449e4187adc2e2c3580e71460d682aa2261ff4f0c736 51d87c48143eac5a74abc7f76cff4feba104302bb5b671bdee3677562a7d76b8
SERVER_HANDSHAKE_TRAFFIC_SECRET 7da191a0a877615bc0ef449e4187adc2e2c3580e71460d682aa2261ff4f0c736 3f9ae148d6f61c153cd067021d8e75cd0427f754d777f83293745e6ba6b99ced
CLIENT_TRAFFIC_SECRET_0 7da191a0a877615bc0ef449e4187adc2e2c3580e71460d682aa2261ff4f0c736 063ad450607ea3fa7e87cae05bcb27ebb4bdb0c867ed11068ec326e0c1337493
SERVER_TRAFFIC_SECRET_0 7da191a0a877615bc0ef449e4187adc2e2c3580e71460d682aa2261ff4f0c736 7c0b3a76a93cab8145100dd4122e229c380ce6112ef6a7da3304463f23722995
EXPORTER_SECRET 7da191a0a877615bc0ef449e4187adc2e2c3580e71460d682aa2261ff4f0c736 eb8e0acb8617ac960e4ee5faf376d772c466f23f1225a897c185d8d1648102fe
CLIENT_HANDSHAKE_TRAFFIC_SECRET 5901e4833e060329e4df1186385ed7be8ed56fd55d5018e6d1ecd8ace4f04d4e c66eca133f339b60b903a4670f58bc0c8bc321286b9188d4029859aa614c9c97
SERVER_HANDSHAKE_TRAFFIC_SECRET 5901e4833e060329e4df1186385ed7be8ed56fd55d5018e6d1ecd8ace4f04d4e 5430fc4d50d330849b83c93cf9818a115f9920bd855af6535bdd414ee9158d69
CLIENT_TRAFFIC_SECRET_0 5901e4833e060329e4df1186385ed7be8ed56fd55d5018e6d1ecd8ace4f04d4e fc1ece67c5f82bf9e58f6a9581d382b103a64230ca973c4d3289e0360d9b61bc
SERVER_TRAFFIC_SECRET_0 5901e4833e060329e4df1186385ed7be8ed56fd55d5018e6d1ecd8ace4f04d4e 24604e388dc97f3a9415d61289837c3f87aceddb9ecda39dcae78bdebb77050f
EXPORTER_SECRET 5901e4833e060329e4df1186385ed7be8ed56fd55d5018e6d1ecd8ace4f04d4e 9a2efdaf1cc6afbf350c0596360109e2c4a53ae114e6a0345b4a4089a3e825d9
CLIENT_HANDSHAKE_TRAFFIC_SECRET d92028fb7f5478a5921745db27b6c8cda8b7dd1705bdad1e8d1813ee3bc95335 7fa93676040b281d83ed04df64cacdbc1024f48306a7644dc60ebd33411c2e36
SERVER_HANDSHAKE_TRAFFIC_SECRET d92028fb7f5478a5921745db27b6c8cda8b7dd1705bdad1e8d1813ee3bc95335 023b8fec3a1bc3ed432b9ed93ed385116c2efe40cace9a54046933ef7dc7acc3
CLIENT_HANDSHAKE_TRAFFIC_SECRET 908975a73938857f52c476a8edf85851bcf64087d0f3ac07ec5ca0e484d35683 fd495a0603df17a4d76dee6f196f4c4274d63fbc04e0aabe0b8ebaff179dd728
SERVER_HANDSHAKE_TRAFFIC_SECRET 908975a73938857f52c476a8edf85851bcf64087d0f3ac07ec5ca0e484d35683 8d7dea9cbf7ee9282c7b5f1998ee9eda1b1732e95904cabb87f3b576bb5f1929
CLIENT_TRAFFIC_SECRET_0 d92028fb7f5478a5921745db27b6c8cda8b7dd1705bdad1e8d1813ee3bc95335 bd828e17dff95c0c6c4f2ae9538bc09f199a5ef78b6cdc02deac737111691424
SERVER_TRAFFIC_SECRET_0 d92028fb7f5478a5921745db27b6c8cda8b7dd1705bdad1e8d1813ee3bc95335 f385c117932af22558a93180b90fc9b4628bbccde905c7540a22a48ecababdaa
EXPORTER_SECRET d92028fb7f5478a5921745db27b6c8cda8b7dd1705bdad1e8d1813ee3bc95335 1441617307a7de2488027c0d75bbb220688f945f953afaeafb2e234f9143e725
CLIENT_TRAFFIC_SECRET_0 908975a73938857f52c476a8edf85851bcf64087d0f3ac07ec5ca0e484d35683 c48f617f797c2b2b7b3152de012b05409f500fbcad91516a32ae0c65a9ebd5fb
SERVER_TRAFFIC_SECRET_0 908975a73938857f52c476a8edf85851bcf64087d0f3ac07ec5ca0e484d35683 c565cb0bf9fd89c4e7a53c58d37cd61eb07540d980f3e14c629419f2175de025
EXPORTER_SECRET 908975a73938857f52c476a8edf85851bcf64087d0f3ac07ec5ca0e484d35683 97abb0c9c662f1505d74dd5886767a8e6d2289c5c6eff0f03003c14e6ad7d71b
CLIENT_EARLY_TRAFFIC_SECRET f88b8b8a642d7d3b77ca41dfc8c334467f58b85296c404ca940b3f6888054837 f9b263cfbae31587a0b3b931457a0eb36399152278fa0a32df6310583d9f7ead
CLIENT_HANDSHAKE_TRAFFIC_SECRET f88b8b8a642d7d3b77ca41dfc8c334467f58b85296c404ca940b3f6888054837 ff3f603b11757fb12306be390ae06de64036dfbd74b243ca326fecc0643ad051
SERVER_HANDSHAKE_TRAFFIC_SECRET f88b8b8a642d7d3b77ca41dfc8c334467f58b85296c404ca940b3f6888054837 04ba9a1478015a3664441d02567f1ccf94d4885c93caa998ab10610655bdeb68
CLIENT_TRAFFIC_SECRET_0 f88b8b8a642d7d3b77ca41dfc8c334467f58b85296c404ca940b3f6888054837 d8ceb34a01367a28a09326af924829455e4c74204edb456bf2c083ee2c8fcce8
SERVER_TRAFFIC_SECRET_0 f88b8b8a642d7d3b77ca41dfc8c334467f58b85296c404ca940b3f6888054837 2a74fced50eea22c674f6b699a50eb75317e0ed929361550b377f1d015178192
EXPORTER_SECRET f88b8b8a642d7d3b77ca41dfc8c334467f58b85296c404ca940b3f6888054837 8d9fd23fcccf01ad85d97f4a243743d68aa689979fe5bf702d27c90fee156e9c
