CLIENT_HANDSHAKE_TRAFFIC_SECRET 4798248468a11c05f708e6c2253aee1a4ea9200f40a138c14f41eb01f1503d89 ce106de901c84ade2d32c9a83c843440efe21049e2df631240820246a49678ac
SERVER_HANDSHAKE_TRAFFIC_SECRET 4798248468a11c05f708e6c2253aee1a4ea9200f40a138c14f41eb01f1503d89 baff1ee0ba54752f952f7dcef12e413331880a1b02082facca362271f7d385e3
CLIENT_TRAFFIC_SECRET_0 4798248468a11c05f708e6c2253aee1a4ea9200f40a138c14f41eb01f1503d89 2ed1c815752f14e3b3b5b7887fe8e179b637ffa56c962cff3c119983c268c959
SERVER_TRAFFIC_SECRET_0 4798248468a11c05f708e6c2253aee1a4ea9200f40a138c14f41eb01f1503d89 39b7d6745246d730a9e6eda83f4752262d5c0ea398c45654c1d3be11fc373016
EXPORTER_SECRET 4798248468a11c05f708e6c2253aee1a4ea9200f40a138c14f41eb01f1503d89 b07b751e23a0cea48d73a1ca78b147729552702207bea2a5c0b0d6571fb80fd8
CLIENT_HANDSHAKE_TRAFFIC_SECRET 97f083ba66ccc2a57b6da261283062909a8cc1b34b84ccdd0d42f702470f141a cb318a977c46883380101f1720815b3a2f9d3354ee3fbae4045847826a01200980807d5ef55cce85876244b52a870c44
SERVER_HANDSHAKE_TRAFFIC_SECRET 97f083ba66ccc2a57b6da261283062909a8cc1b34b84ccdd0d42f702470f141a 7062de69d1eb6bf1d3ded133c4605be00187654f933eecbf55e01768f0d7660a988b32ece088dc44f8d840ba13ce9fc4
CLIENT_TRAFFIC_SECRET_0 97f083ba66ccc2a57b6da261283062909a8cc1b34b84ccdd0d42f702470f141a 0bab47881423fd345da59fbaa80c81f1f4a8cc62fb5ca1fa71fd9b6949cf0f818bc8bf0ecaf590710df8a433bfefe085
SERVER_TRAFFIC_SECRET_0 97f083ba66ccc2a57b6da261283062909a8cc1b34b84ccdd0d42f702470f141a 55691c3614fbb2667061ece04a310c51b03443ef7a933850f52430e2b2e1d0c6f1625d45c2596e4edb196efbd649f088
EXPORTER_SECRET 97f083ba66ccc2a57b6da261283062909a8cc1b34b84ccdd0d42f702470f141a 10ec4b974d8e386ac44edb756953237e8c235f985b180502aa7ee12cbe9038560d632d04d6dd15a25c81cca2c9b3b437
CLIENT_HANDSHAKE_TRAFFIC_SECRET 723dbf5a3fdead8393f481302a75231573af9c7e504f9153dba74f62f6e3b7a4 a745b8413b454430fd9da02e34b7155a2e30a974c1c28b5b71299b72caccb407
SERVER_HANDSHAKE_TRAFFIC_SECRET 723dbf5a3fdead8393f481302a75231573af9c7e504f9153dba74f62f6e3b7a4 f17f63f159cd79143e94dd468e8cc48400b4ac33ea263faf5075dca20b8d03f2
CLIENT_HANDSHAKE_TRAFFIC_SECRET 436b598058b998661b375ba3c01d8d99a1ea709162306f214ffed7a5409b2ee3 d007ebc493dcddd5ea3270aea11e8d5fc400534b341c4ecbf906f77cb9bdbc50
SERVER_HANDSHAKE_TRAFFIC_SECRET 436b598058b998661b375ba3c01d8d99a1ea709162306f214ffed7a5409b2ee3 33af44374cda00f5e135def339b31bde2da7b129cb0bbf1a0f07cb77d0a3b4fe
CLIENT_TRAFFIC_SECRET_0 436b598058b998661b375ba3c01d8d99a1ea709162306f214ffed7a5409b2ee3 36cd2b0b7ccb6d0a9f4f5961c81fb0c22db58c0910642b04d5b88546f5a9a279
SERVER_TRAFFIC_SECRET_0 436b598058b998661b375ba3c01d8d99a1ea709162306f214ffed7a5409b2ee3 c03e07341f544977e66f0fc4e8068bad2dabb9d06d60a4990e11a99780a5baf1
EXPORTER_SECRET 436b598058b998661b375ba3c01d8d99a1ea709162306f214ffed7a5409b2ee3 f23c9139c92ed580a6de3df3787e7968cb4b31136b328c2784095f7980df4515
CLIENT_HANDSHAKE_TRAFFIC_SECRET 6052c1d34c3d40166a1de10c249f73d0b9659dfc99f35443e1a5faefcd5ed488 321dc5999badb39542d6ed4bbf11bac046e04061157f5324529bbfe20cf47b58
SERVER_HANDSHAKE_TRAFFIC_SECRET 6052c1d34c3d40166a1de10c249f73d0b9659dfc99f35443e1a5faefcd5ed488 82733840cd1652390f7ff83c8826ccb00277d3e1db93156fb0f78a46dd8fe045
CLIENT_TRAFFIC_SECRET_0 723dbf5a3fdead8393f481302a75231573af9c7e504f9153dba74f62f6e3b7a4 4ac5833f001958fce07a9a72625c1bffaaffe268ed87eba6ac1072f9b0a22f09
SERVER_TRAFFIC_SECRET_0 723dbf5a3fdead8393f481302a75231573af9c7e504f9153dba74f62f6e3b7a4 20383b0cb3805faf0f5638cfc47dd504d2a8fe9444d6849bb5fb804312d20d99
EXPORTER_SECRET 723dbf5a3fdead8393f481302a75231573af9c7e504f9153dba74f62f6e3b7a4 06710151414083d3f38307c7fefc9f65c5d4926f54e2bb5d6fbcedb92d7e4310
CLIENT_TRAFFIC_SECRET_0 6052c1d34c3d40166a1de10c249f73d0b9659dfc99f35443e1a5faefcd5ed488 03f3ed889aee247d58e12c00c5cc496fe9e747e6b6879ecf6a14980764d81d9f
SERVER_TRAFFIC_SECRET_0 6052c1d34c3d40166a1de10c249f73d0b9659dfc99f35443e1a5faefcd5ed488 dafcb2066bc3fa3be768bfd0e5fa14274538e8dae2651d151559f62d71a50e8b
EXPORTER_SECRET 6052c1d34c3d40166a1de10c249f73d0b9659dfc99f35443e1a5faefcd5ed488 8e090286ee2a33de6c5ee825b9f46c2b098b1c53478aa9893576709e8b259405
CLIENT_HANDSHAKE_TRAFFIC_SECRET 9866c6bfffd77303c522c1663fba0b8d66d9e6aa22e32af05f2eae7b84f17b85 bafc4220f3bf9a8d6c22d2a48072d85ab5897918ea30e4ed86f07653e405751d
SERVER_HANDSHAKE_TRAFFIC_SECRET 9866c6bfffd77303c522c1663fba0b8d66d9e6aa22e32af05f2eae7b84f17b85 ca34e25dc269d9df136f1807ef1f93f120c6b973e17cd73f2f0f08795eb924ce
CLIENT_TRAFFIC_SECRET_0 9866c6bfffd77303c522c1663fba0b8d66d9e6aa22e32af05f2eae7b84f17b85 6c55e98e1d1cdf8405a217f794893532ef2bd7a2cc9a4edb82e92e437ffa8c6f
SERVER_TRAFFIC_SECRET_0 9866c6bfffd77303c522c1663fba0b8d66d9e6aa22e32af05f2eae7b84f17b85 cf56e92e1b755b631b5f68f9fb7b68cd781071849dfee66d1c15fb9169a30346
EXPORTER_SECRET 9866c6bfffd77303c522c1663fba0b8d66d9e6aa22e32af05f2eae7b84f17b85 43662daea608dcd72c41390f334d3b3cfd4e30c20818ab600bb78d50b4225074
CLIENT_HANDSHAKE_TRAFFIC_SECRET c0303dd798624ba4ce4957cb7ca2e989afeaf4a6b328f432c04d045bcc8f4a23 e1839f918a176d4e983e2ae366342d521a4a941f21984bc92171f6e28d5affe31f0ad0523748a45fc50d93481d8d8560
SERVER_HANDSHAKE_TRAFFIC_SECRET c0303dd798624ba4ce4957cb7ca2e989afeaf4a6b328f432c04d045bcc8f4a23 3c460715e4946b04ff7c1fd3c9c4e8a2a8bc94f61fb4d7782cbf3dae13f833041c04802767677ff9fbf36fc549cbb68a
CLIENT_TRAFFIC_SECRET_0 c0303dd798624ba4ce4957cb7ca2e989afeaf4a6b328f432c04d045bcc8f4a23 b31fb611b5d2f4af1e9ae2f99b32bdae5286cedb69e4cf5a8cbf590780f688db61e6f3fe0beb8c6a5ff1e9cea95a1273
SERVER_TRAFFIC_SECRET_0 c0303dd798624ba4ce4957cb7ca2e989afeaf4a6b328f432c04d045bcc8f4a23 b1230c63871aac5d18311c76e3894be259ba6e5f19518da22cdecea4aff9068ef26accd9746e75842280d52a264ac0c6
EXPORTER_SECRET c0303dd798624ba4ce4957cb7ca2e989afeaf4a6b328f432c04d045bcc8f4a23 b8d9d66115e99ad2be19854a5cf323b34a2b9466546d03f557e256f598397db6bf77342cea475a177308611d2fe54cf3
CLIENT_HANDSHAKE_TRAFFIC_SECRET 8d7c674e38ef6524a0761ae38183f9cf32d35db929a3dbe943fcc3d16a6f4784 c2b2fdedc5f0c3b7d8a6383ff27d59914343e2f542c92dc4225dbbd7cf0d19f6
SERVER_HANDSHAKE_TRAFFIC_SECRET 8d7c674e38ef6524a0761ae38183f9cf32d35db929a3dbe943fcc3d16a6f4784 e7d2a1e686e5bab9c96717a46dd9fb38918b8d1ae69be093108d36e4e6b07572
CLIENT_TRAFFIC_SECRET_0 8d7c674e38ef6524a0761ae38183f9cf32d35db929a3dbe943fcc3d16a6f4784 ae26dc142946034ceb54dcdac8f6a813dffe9f08b60f2fa3add268c5bf037a61
SERVER_TRAFFIC_SECRET_0 8d7c674e38ef6524a0761ae38183f9cf32d35db929a3dbe943fcc3d16a6f4784 f3e8f9ac87b63f601a027cd2e0ac8c73cdf88e3a473ca99488bed1f745b4ab68
EXPORTER_SECRET 8d7c674e38ef6524a0761ae38183f9cf32d35db929a3dbe943fcc3d16a6f4784 ee9548144d26c2d8292426511e5ad46ec61012b6838a252accd21f2dbcd427f8
CLIENT_HANDSHAKE_TRAFFIC_SECRET dca82effd509f025e8d1c67973a813565683564f004fd1b785acae1fbbfa8c12 43ae51e93ea40e076e5bf08120e6fee2c54aa37e16f096731c83d0cd908fb91a
SERVER_HANDSHAKE_TRAFFIC_SECRET dca82effd509f025e8d1c67973a813565683564f004fd1b785acae1fbbfa8c12 6490eb5f475df84069479bbd29eefeb4c2f39d1c2f80951da7e6c966cc85349a
CLIENT_TRAFFIC_SECRET_0 dca82effd509f025e8d1c67973a813565683564f004fd1b785acae1fbbfa8c12 8c370c4d8585dc94833df4be8b431b4ee6f38aaa6effe2690a9124f7fd46ea8a
SERVER_TRAFFIC_SECRET_0 dca82effd509f025e8d1c67973a813565683564f004fd1b785acae1fbbfa8c12 2b6da1122814497b51ee59a9577dc95b1902f9d1f55c5655b0eec0d7d86c5254
EXPORTER_SECRET dca82effd509f025e8d1c67973a813565683564f004fd1b785acae1fbbfa8c12 26e5705a5f0559c1b15daf6fb4bf0f629acd83c3b4ac29d496a0e6dc169c87f8
CLIENT_EARLY_TRAFFIC_SECRET 545c59fb07440d9361d0fcfe094433aa269687d580430f5feecd35dfc7a32070 ce7b29989e27ba4e5a1b591c314c256b9f800aa83b83c89547638f71f9ca4eb0
CLIENT_HANDSHAKE_TRAFFIC_SECRET 545c59fb07440d9361d0fcfe094433aa269687d580430f5feecd35dfc7a32070 3f03140b929a4dcd7af4672cfe693ff641b231020bd79ab29a1b1d64b6e630e8
SERVER_HANDSHAKE_TRAFFIC_SECRET 545c59fb07440d9361d0fcfe094433aa269687d580430f5feecd35dfc7a32070 1feff469079cf08d19d88b458d1ea44c1fabd04a0b792d1d5a6d4c7434754765
CLIENT_TRAFFIC_SECRET_0 545c59fb07440d9361d0fcfe094433aa269687d580430f5feecd35dfc7a32070 357f3efeb6989622555e1f96fffd0b7d79b68b85ef7d817690956445eeef480d
SERVER_TRAFFIC_SECRET_0 545c59fb07440d9361d0fcfe094433aa269687d580430f5feecd35dfc7a32070 2d223127cea5a2a670fe8883598a90c03da8adc98fff7fadc938c784a5d49e55
EXPORTER_SECRET 545c59fb07440d9361d0fcfe094433aa269687d580430f5feecd35dfc7a32070 67815e9a3c2384f74be014dd97f4dcdd10a2f1242dcdec7b0657c4fabbfd0f31
CLIENT_HANDSHAKE_TRAFFIC_SECRET fe1a5e0efa7def3d2a09a759ee6eadaaa17c5e476856c7d465954b7a9edca19a 8a7d02656defa8ef878ce984ccd9aec7a6be671ca8e55ea022dc005a40a64866
SERVER_HANDSHAKE_TRAFFIC_SECRET fe1a5e0efa7def3d2a09a759ee6eadaaa17c5e476856c7d465954b7a9edca19a c76655cb258d36287a2817cec2ea6c56ca577e6bcd1f652ceee9eb32e80221a0
CLIENT_TRAFFIC_SECRET_0 fe1a5e0efa7def3d2a09a759ee6eadaaa17c5e476856c7d465954b7a9edca19a c57168e291b477cdcc98f8daf863029812608485eda2018afe23169cba440180
SERVER_TRAFFIC_SECRET_0 fe1a5e0efa7def3d2a09a759ee6eadaaa17c5e476856c7d465954b7a9edca19a 1acca72939a3a6cb543069c9d34af5338760df706bffb3df37b0f72d0a828740
EXPORTER_SECRET fe1a5e0efa7def3d2a09a759ee6eadaaa17c5e476856c7d465954b7a9edca19a 5a9b53462d147d9d51a9477da7f82d182eef87065dc657b33232cdd82fda894b
CLIENT_HANDSHAKE_TRAFFIC_SECRET 620f8433f8b58cb299801028321f41d0cf3ba350a6a8538745fa47c0267ff0d0 423c73d8d655d7d855af36fd49f69b30e5e593423fef6ea6379d34e57f2ea0e8
SERVER_HANDSHAKE_TRAFFIC_SECRET 620f8433f8b58cb299801028321f41d0cf3ba350a6a8538745fa47c0267ff0d0 95a33873f8037c6b1046932bad0c8c8b87e0897bb22895a0e64ae3f7b2952338
CLIENT_TRAFFIC_SECRET_0 620f8433f8b58cb299801028321f41d0cf3ba350a6a8538745fa47c0267ff0d0 fd3350f09912bdd65a511dee47c1116251e1da1fcc81eadd4c8a3c7363390232
SERVER_TRAFFIC_SECRET_0 620f8433f8b58cb299801028321f41d0cf3ba350a6a8538745fa47c0267ff0d0 ee481c752b6bfbce1072416bdb5170af42a3207c9c193593bfe0240482104b47
EXPORTER_SECRET 620f8433f8b58cb299801028321f41d0cf3ba350a6a8538745fa47c0267ff0d0 4087b3756d8b4ce7a79284f93cad5a1bee7a7982d544539c98c25cab568808d0
CLIENT_EARLY_TRAFFIC_SECRET 966f9c4bd453e16b0723d2f13d687a7e60b41479f4ea9e5a7a7bfd845266147a 6952a287c0110c6c2ee724d16cacf34c29788d8e68d8cedd9e3a7bcc0f519066
CLIENT_HANDSHAKE_TRAFFIC_SECRET 69af0363ffd892bb96271fee9674afd545d6dc6e5e0b456565613908a1761496 a8a4866488abb727da08d61ffd2de2c64d1a5a753f28cfd4e1805de06386a4b5
SERVER_HANDSHAKE_TRAFFIC_SECRET 69af0363ffd892bb96271fee9674afd545d6dc6e5e0b456565613908a1761496 72c5e2bdd9e00b337d5fcb0a80f0524cda69dc906ac4e23dfd35551e4d409ae5
CLIENT_HANDSHAKE_TRAFFIC_SECRET 49b5e086f8b0271171c65b59c104224db72359476481724b978cdb267fd26982 d3814a10a586ce43c1e2c0d02f0c7a3395ac97d2218657bc4d07ae641d0fea73
SERVER_HANDSHAKE_TRAFFIC_SECRET 49b5e086f8b0271171c65b59c104224db72359476481724b978cdb267fd26982 356861d3b6414934eae3fe1f7c161bed3cbfeba1271d3fc8f430014382742a12
CLIENT_TRAFFIC_SECRET_0 69af0363ffd892bb96271fee9674afd545d6dc6e5e0b456565613908a1761496 932c5a482fc2092adef2aacee589db02842cd15fc86ded772a6c72494722609d
SERVER_TRAFFIC_SECRET_0 69af0363ffd892bb96271fee9674afd545d6dc6e5e0b456565613908a1761496 f809c2b4213875a7af1733cca421850516d4c36bb131a8111c3100172bc739b8
EXPORTER_SECRET 69af0363ffd892bb96271fee9674afd545d6dc6e5e0b456565613908a1761496 5c68ea8c8628ce1043e6585ef3d08c59a1067e8652021d33cb659e44d56d81fa
CLIENT_TRAFFIC_SECRET_0 49b5e086f8b0271171c65b59c104224db72359476481724b978cdb267fd26982 c75aa674923c9d2b67d855f04bf6a0bb411f5ac76083ba6198f7eb1879afe32c
SERVER_TRAFFIC_SECRET_0 49b5e086f8b0271171c65b59c104224db72359476481724b978cdb267fd26982 6c4ef1b52ae1cd089bf12e86b0321b503b5089c336568b6d3b9ceecf8e15b9c4
EXPORTER_SECRET 49b5e086f8b0271171c65b59c104224db72359476481724b978cdb267fd26982 9f84f3b60ab6733734635272135bef184163a4459035ec98527c8c7703be468b
CLIENT_HANDSHAKE_TRAFFIC_SECRET 966f9c4bd453e16b0723d2f13d687a7e60b41479f4ea9e5a7a7bfd845266147a 2bdca712fc1178b0f7cbdadf299b778c63b00568a1f1dd72e773f045bb400c5f
SERVER_HANDSHAKE_TRAFFIC_SECRET 966f9c4bd453e16b0723d2f13d687a7e60b41479f4ea9e5a7a7bfd845266147a b41911eeab2539b7f588c98d6f3785bd50656ac8bee49bb2b5d32deaa3119613
CLIENT_TRAFFIC_SECRET_0 966f9c4bd453e16b0723d2f13d687a7e60b41479f4ea9e5a7a7bfd845266147a 6c561630d3b055aa05b49e8acab2a63217488d5e0592fd1794d8905e1cc744fd
SERVER_TRAFFIC_SECRET_0 966f9c4bd453e16b0723d2f13d687a7e60b41479f4ea9e5a7a7bfd845266147a 6a83690944825b459947ace1686055e5fdf3b4b317de5f68d53572e6b736d6f4
EXPORTER_SECRET 966f9c4bd453e16b0723d2f13d687a7e60b41479f4ea9e5a7a7bfd845266147a 34dfd5faab38954696e984b06725087b8a7e2f41520e28478d1244da586e6fac
CLIENT_HANDSHAKE_TRAFFIC_SECRET 6eee22025928b57afbcc18fc46820790c1026aaaf2fb0b5690eb72548610ac79 baf6ade547b1548ca1a49a07b666c24e020c1744fe0f0dbca81c7378a79a2d50
SERVER_HANDSHAKE_TRAFFIC_SECRET 6eee22025928b57afbcc18fc46820790c1026aaaf2fb0b5690eb72548610ac79 7364a2f8b07d782b428bf94aa46486c11c0ce26c444a84f0da2e26be34e2b812
CLIENT_TRAFFIC_SECRET_0 6eee22025928b57afbcc18fc46820790c1026aaaf2fb0b5690eb72548610ac79 a68b1333efa1749cfac4322a2c7528da896f04f81b526aaabc32facac0292f97
SERVER_TRAFFIC_SECRET_0 6eee22025928b57afbcc18fc46820790c1026aaaf2fb0b5690eb72548610ac79 b845f1a79bb235eebc56a410d3ca7c3910f6a8c1129b6d487b326574216097a0
EXPORTER_SECRET 6eee22025928b57afbcc18fc46820790c1026aaaf2fb0b5690eb72548610ac79 6b0bbc883a9b2e8a793d8ddcbc1e867ccc4d5970fdeb7f7cd6e7e81356944ab3
CLIENT_HANDSHAKE_TRAFFIC_SECRET e60558a7ae95842c6afcd4939d4061b6e151c617adc63ee363b5d57326d99584 30e29eadf05fa0bb1dcf36ec0a04ac6707f9850fbbb8ef4c8717a226ef676f71
SERVER_HANDSHAKE_TRAFFIC_SECRET e60558a7ae95842c6afcd4939d4061b6e151c617adc63ee363b5d57326d99584 d2e177416a932a0898a94fec296d074c6a6d5375d680063871d52ff51e89b7f9
CLIENT_TRAFFIC_SECRET_0 e60558a7ae95842c6afcd4939d4061b6e151c617adc63ee363b5d57326d99584 f4a9008d433db73d87516a34c681a3de1ff6c24df0f34a7b84111e8edf189e02
SERVER_TRAFFIC_SECRET_0 e60558a7ae95842c6afcd4939d4061b6e151c617adc63ee363b5d57326d99584 85d936efee35367e7b86731a1120a06e1637919c09503719f3e2cc3e4ead4dc5
EXPORTER_SECRET e60558a7ae95842c6afcd4939d4061b6e151c617adc63ee363b5d57326d99584 bf994e1734817fda9a36e0c4728006cee68a3b80ec4951704588f586408fed67
CLIENT_HANDSHAKE_TRAFFIC_SECRET 23d077a31eea8cc5effb166b24a0087fd5b30a6bde06e098635cd12fbbadbda2 4219724e551ccf3ec61f7ffe1a8ec9e4fde6ccd807b45257e274e142dfeec59e2d9734cb124eed5072e403f68256cf9d
SERVER_HANDSHAKE_TRAFFIC_SECRET 23d077a31eea8cc5effb166b24a0087fd5b30a6bde06e098635cd12fbbadbda2 a1ecf00b80f5cbc81dee7f2bebea8809d95001a90bff97cb4d3fb53cefb2ef4534999fda2db9d2849f0841c24b29ee34
CLIENT_TRAFFIC_SECRET_0 23d077a31eea8cc5effb166b24a0087fd5b30a6bde06e098635cd12fbbadbda2 50e49e9567099a65e8bb65846ad43444a9a4a2844d33d4a69e8e5eeb87a39bea36f8edfb0b2e109729436774312d2798
SERVER_TRAFFIC_SECRET_0 23d077a31eea8cc5effb166b24a0087fd5b30a6bde06e098635cd12fbbadbda2 b92df5e0cb54e906abec0fcd476d11472c7bbfa9db0e994de1faf5ef44a1edabcff75ac1a64d533f0b514a06a3d87f93
EXPORTER_SECRET 23d077a31eea8cc5effb166b24a0087fd5b30a6bde06e098635cd12fbbadbda2 2e0ae7e6df11bd9879caf9cdef75b8aa7d3e05a86954eaa59cbc8ffbeb8cb3d3549ea0a3826f8c28baadc986039832ae
CLIENT_HANDSHAKE_TRAFFIC_SECRET c070aa93582c162c1f66b0b0a3c1868386e31b3aba646547f35b47e2879606c5 6f3d8e1a0035e1da20fe43322822832a9e14c0e5f0e3d397a742f63b331bb0c3
SERVER_HANDSHAKE_TRAFFIC_SECRET c070aa93582c162c1f66b0b0a3c1868386e31b3aba646547f35b47e2879606c5 42ca775e9bbc8f2afda7b571022813444883270b15aab567d0980c07ffa05cec
CLIENT_TRAFFIC_SECRET_0 c070aa93582c162c1f66b0b0a3c1868386e31b3aba646547f35b47e2879606c5 11fa297f0ce0344afaa54e26b211111bae08c820f97c34017005bb00743404af
SERVER_TRAFFIC_SECRET_0 c070aa93582c162c1f66b0b0a3c1868386e31b3aba646547f35b47e2879606c5 f318947394b7d549b68b62ac7155011482570009b3a08419d93d6dd6cba4ed8e
EXPORTER_SECRET c070aa93582c162c1f66b0b0a3c1868386e31b3aba646547f35b47e2879606c5 6267fb2214d1c863ec3d1c9c250daffb8d861c91f9d3623c85e5b8a9599899b6
CLIENT_HANDSHAKE_TRAFFIC_SECRET de51f828f224d370fdc4212d0f0da32c250573cf5383ecb41fe645d20ee47f3a 53220372bfe06c5127cb627581618c9a7c25d2153d19f8b919f78216652173ae
SERVER_HANDSHAKE_TRAFFIC_SECRET de51f828f224d370fdc4212d0f0da32c250573cf5383ecb41fe645d20ee47f3a f2732d4c1cebacf4ed57a464bbfab208033536ccf20503b777337dc3362880f3
CLIENT_TRAFFIC_SECRET_0 de51f828f224d370fdc4212d0f0da32c250573cf5383ecb41fe645d20ee47f3a ea9c923d1c5444d4a712fc8be814eb25af64bd55d8ac784cb65f3de3a5a6a97a
SERVER_TRAFFIC_SECRET_0 de51f828f224d370fdc4212d0f0da32c250573cf5383ecb41fe645d20ee47f3a 53c70dec037ec86d054696d4003809327fe5880e0f86bfc05f390899d5cdcb74
EXPORTER_SECRET de51f828f224d370fdc4212d0f0da32c250573cf5383ecb41fe645d20ee47f3a a786fb47ccf5956c36ee37a9dc89530848a9ba5f3f4dc44c940fd93dd00b5988
CLIENT_EARLY_TRAFFIC_SECRET 858ec7070265833cb3515dcd14c2d3fdd842e9822b7e1938e61a4d2a221189e0 b9e6d00898e2fd299724b11a9d37e324f70a9a48f12e99afd45e5690a7a5582a
CLIENT_HANDSHAKE_TRAFFIC_SECRET 6e4e61d5dfffd8fb3d5457757db17210e7e257f254fee454ed4c0267df889ae8 92ded798a459d83db620daca3e91de1ffc90155de50a83b5bd07c5ae1c982a01
SERVER_HANDSHAKE_TRAFFIC_SECRET 6e4e61d5dfffd8fb3d5457757db17210e7e257f254fee454ed4c0267df889ae8 690a2a11c36d133fcb4e8c498d5ad262005b7790e966ed035dd5c893b54b7014
CLIENT_HANDSHAKE_TRAFFIC_SECRET 7fb7623560a2c9abb15459b1fe4535614f14b669ac722d904bae2cc66189722e 327740d6d40c179138bb9b9ce541247fb0ca644b6b9af5527d4191ea32a77546
SERVER_HANDSHAKE_TRAFFIC_SECRET 7fb7623560a2c9abb15459b1fe4535614f14b669ac722d904bae2cc66189722e fbcf14173050ebb1e4bfda83b06e3e5f59e74e9b83909370d240197d2ed11275
CLIENT_HANDSHAKE_TRAFFIC_SECRET 858ec7070265833cb3515dcd14c2d3fdd842e9822b7e1938e61a4d2a221189e0 9e28c024f1089c0fcfbd8abd84ab90942a6443882237c4120c58d07085272703
SERVER_HANDSHAKE_TRAFFIC_SECRET 858ec7070265833cb3515dcd14c2d3fdd842e9822b7e1938e61a4d2a221189e0 794ad241b3146d70e44ccbd751964bf4256d459e6566fa7c4cce985b60bbbb1a
CLIENT_TRAFFIC_SECRET_0 858ec7070265833cb3515dcd14c2d3fdd842e9822b7e1938e61a4d2a221189e0 ea94e246849046c56f23ffa17b4f6e8be7069e41e258606b9ff53f60875f39b2
SERVER_TRAFFIC_SECRET_0 858ec7070265833cb3515dcd14c2d3fdd842e9822b7e1938e61a4d2a221189e0 14d89cf72f4568472cbaf9b1ffb2c9ae55418cf1f50fbbbca3a49666f6826cb7
EXPORTER_SECRET 858ec7070265833cb3515dcd14c2d3fdd842e9822b7e1938e61a4d2a221189e0 6126610cd6d944bdb92ef607d2ce8e0f75f60c0bdcd5833127b58e6b69e3368e
CLIENT_TRAFFIC_SECRET_0 7fb7623560a2c9abb15459b1fe4535614f14b669ac722d904bae2cc66189722e c2f1c3adb9e1005bb7b5b16d3eb5c4b00c79e13f3db2f9a13c8d67415371b3df
SERVER_TRAFFIC_SECRET_0 7fb7623560a2c9abb15459b1fe4535614f14b669ac722d904bae2cc66189722e e7bf18be341168ac732443ee0b97dc4d462ae7f9aaf0bac85e7ff16bf20f5d7f
EXPORTER_SECRET 7fb7623560a2c9abb15459b1fe4535614f14b669ac722d904bae2cc66189722e 6205d62c2abf84c9eca440ff9207dbc7e9e7e4f4bfd672fb29d9c3caba45d78c
CLIENT_TRAFFIC_SECRET_0 6e4e61d5dfffd8fb3d5457757db17210e7e257f254fee454ed4c0267df889ae8 433c347920fc6cbd5c8cda0aeea9ecef32fd64e1f1125707c0160ffc6e7f5383
SERVER_TRAFFIC_SECRET_0 6e4e61d5dfffd8fb3d5457757db17210e7e257f254fee454ed4c0267df889ae8 3438e83eddf598f997310963dc9ec841a284a85bee931025cb29f313a29709d5
EXPORTER_SECRET 6e4e61d5dfffd8fb3d5457757db17210e7e257f254fee454ed4c0267df889ae8 15b70c427d5033b7d416b95690528085bea7dc8a40729015da0829fe6b3567fc
CLIENT_HANDSHAKE_TRAFFIC_SECRET ca1dc9acb1f92228e2782f42c29518fb0d37b8af6b79796958678157d890bf12 2acf4f748dba4fcf4cd618f0013988c2b10ccb30098e3280ac4b33472e697c9b
SERVER_HANDSHAKE_TRAFFIC_SECRET ca1dc9acb1f92228e2782f42c29518fb0d37b8af6b79796958678157d890bf12 599e037647ff7752b6369929bb6cc6dda2026010c81bfc0adb2476b77e573094
CLIENT_HANDSHAKE_TRAFFIC_SECRET ba4b313bf8d70cfea6c22154e40cefc78c3c1f2cda6f1289691a3c0211449ce7 7ecf43c772b76660b972066b1b4e2c87de28845a7128fd31c46b30cb5aee1a0a
SERVER_HANDSHAKE_TRAFFIC_SECRET ba4b313bf8d70cfea6c22154e40cefc78c3c1f2cda6f1289691a3c0211449ce7 d3a5db5334edfddf20695de3460bdea66936fb29e5a65bbe8b61395667d9ede6
CLIENT_HANDSHAKE_TRAFFIC_SECRET df7c06d47f7bf707b8154ab3d9aea577701319aa9ae50eddcbe0febcbe05c668 02570356967bdb235f97cf162c5a31b6faa2899b2af397e18ea12a63ccc77410
SERVER_HANDSHAKE_TRAFFIC_SECRET df7c06d47f7bf707b8154ab3d9aea577701319aa9ae50eddcbe0febcbe05c668 029da5e2b756267851691d062097eeba13199de7774ad1547000fa9e1d73cfd0
CLIENT_TRAFFIC_SECRET_0 ca1dc9acb1f92228e2782f42c29518fb0d37b8af6b79796958678157d890bf12 bc8abf06bb552b6a801123e3a57b68a970a145fa41ffe33abec80cd8ee65e11b
SERVER_TRAFFIC_SECRET_0 ca1dc9acb1f92228e2782f42c29518fb0d37b8af6b79796958678157d890bf12 dd9aef93ba1b685c93f9a8fbf141877e7def5fae93101cec533e22881bc609f6
EXPORTER_SECRET ca1dc9acb1f92228e2782f42c29518fb0d37b8af6b79796958678157d890bf12 d3699140445c0da6b0a608f467896a769b28555e0c15d8b50e2e846fa7453a41
CLIENT_TRAFFIC_SECRET_0 ba4b313bf8d70cfea6c22154e40cefc78c3c1f2cda6f1289691a3c0211449ce7 a0030e816a9c3d7d1b491dc44e9163d897a0eeacae84dc7fd350b969aefd4cc8
SERVER_TRAFFIC_SECRET_0 ba4b313bf8d70cfea6c22154e40cefc78c3c1f2cda6f1289691a3c0211449ce7 16404438ca060f276b1f65a599abe916678c0fcdf93fc7ba64ea2e3b34fa83c5
EXPORTER_SECRET ba4b313bf8d70cfea6c22154e40cefc78c3c1f2cda6f1289691a3c0211449ce7 7c2012d42c394e7c566a1306d84a19b62832e7ce27e16a212cea907c5d593584
CLIENT_TRAFFIC_SECRET_0 df7c06d47f7bf707b8154ab3d9aea577701319aa9ae50eddcbe0febcbe05c668 44aeaebf0d3e4092a483eaba5e418dedba26d45bc47d53321d386b1ee8f2f74f
SERVER_TRAFFIC_SECRET_0 df7c06d47f7bf707b8154ab3d9aea577701319aa9ae50eddcbe0febcbe05c668 9cf6ac39cdcf956a2cb245eb033c16bb290c02a89252284c534c8406b4c7aaaf
EXPORTER_SECRET df7c06d47f7bf707b8154ab3d9aea577701319aa9ae50eddcbe0febcbe05c668 fe3529fc02cea8d1b047b0b977a4ff1e3f31b903cf106d5ed09cfa714d40cf50
CLIENT_HANDSHAKE_TRAFFIC_SECRET e65ae929b25ce397e683532d01179278e69ee3d0d275b309feda7a1ea874dc84 afafeba180d7893463a61f10c414239118798134643f52d5df9744b9515da03a
SERVER_HANDSHAKE_TRAFFIC_SECRET e65ae929b25ce397e683532d01179278e69ee3d0d275b309feda7a1ea874dc84 b5d4df590ae4a35f50627d8e76d50aec79a147fdd366666d0001574a80339906
CLIENT_TRAFFIC_SECRET_0 e65ae929b25ce397e683532d01179278e69ee3d0d275b309feda7a1ea874dc84 3a9c70f52d25d11fc0334432f3e84f35ebc3c67681dc8755b15877eeddbc8696
SERVER_TRAFFIC_SECRET_0 e65ae929b25ce397e683532d01179278e69ee3d0d275b309feda7a1ea874dc84 df11bfea09e07effeb8481b8f39d04abd37e5ec3a87b856e5fbe5947b8641f90
EXPORTER_SECRET e65ae929b25ce397e683532d01179278e69ee3d0d275b309feda7a1ea874dc84 ff636f8cf62f8e6707bfebf6796215bdabbb0d9b55ac300032c566e42be55c49
CLIENT_HANDSHAKE_TRAFFIC_SECRET f3ecd246c691f6d8a841dcc7f5cea3d3af540aee5af5b582e8f6e05bb5b8049a 7b9eaf26f70f93ff646b92995d51814f7d102a9b7eec2686ebcc67b2c91e71a4
SERVER_HANDSHAKE_TRAFFIC_SECRET f3ecd246c691f6d8a841dcc7f5cea3d3af540aee5af5b582e8f6e05bb5b8049a b92c00ccf918415c9c14d1bdc52307003e10957ebaf0961aa5d57bc86ff3d4fa
CLIENT_HANDSHAKE_TRAFFIC_SECRET 75b3c823c141543b34202076cc57fa979b11af5357fc888fa4465b0cf1846fe9 6967ed1aaee65b9f5420640179d2b52496725c5e8d9ec7d1f7994e3ffd3fa429
SERVER_HANDSHAKE_TRAFFIC_SECRET 75b3c823c141543b34202076cc57fa979b11af5357fc888fa4465b0cf1846fe9 60dae5d8d71e46440447998507a67a1eb873bf06595a93ec60f8a5a1d330ea5e
CLIENT_TRAFFIC_SECRET_0 f3ecd246c691f6d8a841dcc7f5cea3d3af540aee5af5b582e8f6e05bb5b8049a 7b26f07276d08085304caf95ff4fb7edccc3124a14601b3117b8f6f9e54440ca
SERVER_TRAFFIC_SECRET_0 f3ecd246c691f6d8a841dcc7f5cea3d3af540aee5af5b582e8f6e05bb5b8049a e4f60edc900b248cf922b73ea697afc9c8250167721f53a49fe04a01648ccb3b
EXPORTER_SECRET f3ecd246c691f6d8a841dcc7f5cea3d3af540aee5af5b582e8f6e05bb5b8049a 5173818c6690dee5b6b3f95ffc01a05f7d9bf9a06d4d5e5e8d06b203467e69aa
CLIENT_TRAFFIC_SECRET_0 75b3c823c141543b34202076cc57fa979b11af5357fc888fa4465b0cf1846fe9 93e75bb37eaa6c163c7de3b239ff96c36619d124930dddb88ce91d5ab1c03787
SERVER_TRAFFIC_SECRET_0 75b3c823c141543b34202076cc57fa979b11af5357fc888fa4465b0cf1846fe9 6913f8862013614792664c3ca804e7a456134814dc08b73752e259cfd863c38e
EXPORTER_SECRET 75b3c823c141543b34202076cc57fa979b11af5357fc888fa4465b0cf1846fe9 5cdc3a0ab76f605928999970a910c9f8e59a3037141ec8bf5b5e5bf14c9c2dc8
CLIENT_HANDSHAKE_TRAFFIC_SECRET 092d3495d65cd6ca35fac6caf2e9d87cc7f1985c21516af1497e599c27ee2e9a bb55fce266b1507e37a153b178c62ec718d4ba907342eaa7fee3352d1705745a
SERVER_HANDSHAKE_TRAFFIC_SECRET 092d3495d65cd6ca35fac6caf2e9d87cc7f1985c21516af1497e599c27ee2e9a b87d43a962c6b9cf46c17626eb11c6af90da9ca46831e8fac8ce0e2eaad87801
CLIENT_HANDSHAKE_TRAFFIC_SECRET bfea8017b85f14bcb7e9aed2b9281aa6fdd1c01d9dec5e3e761345b4ca3c0cb8 ed437c639d60eb5a104f1059c93abe6e0d200e8b3a0167998773be6da8e5e175
SERVER_HANDSHAKE_TRAFFIC_SECRET bfea8017b85f14bcb7e9aed2b9281aa6fdd1c01d9dec5e3e761345b4ca3c0cb8 35809953318fee3b22a4e9311a5efc805bf6ac63845ed93cbca160ac0f29a835
CLIENT_TRAFFIC_SECRET_0 092d3495d65cd6ca35fac6caf2e9d87cc7f1985c21516af1497e599c27ee2e9a 6ed5f57832044fe5f9d42ab7e982c04eed37011f33329c8c3e702b53476f14cb
SERVER_TRAFFIC_SECRET_0 092d3495d65cd6ca35fac6caf2e9d87cc7f1985c21516af1497e599c27ee2e9a 9b9bb4e8f3a23a60cd1e12c495e828cc2987e342b7ee75a74271105d605ee369
EXPORTER_SECRET 092d3495d65cd6ca35fac6caf2e9d87cc7f1985c21516af1497e599c27ee2e9a 20aced3bc6b85be95505b0a535183dfa98bd67a5299eb0bc1b622bc7084c2728
CLIENT_TRAFFIC_SECRET_0 bfea8017b85f14bcb7e9aed2b9281aa6fdd1c01d9dec5e3e761345b4ca3c0cb8 48156a9a111d267c736218acb52afbefa5ee771a62b6ad9a4dd7233b334e7ed0
SERVER_TRAFFIC_SECRET_0 bfea8017b85f14bcb7e9aed2b9281aa6fdd1c01d9dec5e3e761345b4ca3c0cb8 ae58febd0656572f32774248bee32d42877fc5889e233a1ada257d28eda860fc
EXPORTER_SECRET bfea8017b85f14bcb7e9aed2b9281aa6fdd1c01d9dec5e3e761345b4ca3c0cb8 f3f7dc04fc6fc21927059b3094b87f986e1fae5f4b06dcf320ab74923ce2a12d
CLIENT_HANDSHAKE_TRAFFIC_SECRET 5cc3061682c493408c5889a7cf7eb965d58e4aa08ea2991e08524a707c4ffcb2 61e261852c06983053c0acfdf3f962329440afa731537493dd458e4f18be3d8d
SERVER_HANDSHAKE_TRAFFIC_SECRET 5cc3061682c493408c5889a7cf7eb965d58e4aa08ea2991e08524a707c4ffcb2 d0b4e6be6863591e2b9052a9c6e8597983e3751c5a16e9c37e14bc684888673d
CLIENT_TRAFFIC_SECRET_0 5cc3061682c493408c5889a7cf7eb965d58e4aa08ea2991e08524a707c4ffcb2 f4fe90a714faf71d96b8f94e257660e3d112e1248af817d8fdd3c41815946103
SERVER_TRAFFIC_SECRET_0 5cc3061682c493408c5889a7cf7eb965d58e4aa08ea2991e08524a707c4ffcb2 b9b69ea8027d6895e89d6b24e5cee5dcdefc9dae25dea75c89a4959fc1c95a55
EXPORTER_SECRET 5cc3061682c493408c5889a7cf7eb965d58e4aa08ea2991e08524a707c4ffcb2 5e2641baca56ba7505e87d7343a978a5418cdbc1e0448186391ef820ea2e1af1
CLIENT_HANDSHAKE_TRAFFIC_SECRET 928bdeb5a61a512a6ebc68409c7174286ee2484a39ac84357cc48b0e772ce1f5 0bbf2c359bd6f0953875a11facccf17666a044d4fa1320bd32cd7aa554481911
SERVER_HANDSHAKE_TRAFFIC_SECRET 928bdeb5a61a512a6ebc68409c7174286ee2484a39ac84357cc48b0e772ce1f5 ebb258bc59cf44d71b993b9278c664e851656db46879e275514bbbcd80796a74
CLIENT_TRAFFIC_SECRET_0 928bdeb5a61a512a6ebc68409c7174286ee2484a39ac84357cc48b0e772ce1f5 759adc221ec30927e3e7fd6c48501334f940e4ec27a3b7da014262e07b27b2e5
SERVER_TRAFFIC_SECRET_0 928bdeb5a61a512a6ebc68409c7174286ee2484a39ac84357cc48b0e772ce1f5 f93c4b890a2b19d697ee606101c053a8cce818e46771321d5b379c563fda477e
EXPORTER_SECRET 928bdeb5a61a512a6ebc68409c7174286ee2484a39ac84357cc48b0e772ce1f5 5c21fc17822fa74756c4a709f7c4b819dbc99c97c104c7e0238fb0b722e24318
CLIENT_HANDSHAKE_TRAFFIC_SECRET 463a7fbc0c9e8b21cca3802fab439955b9256237bdc68a8c559a59ce39be67c4 94682e73b441da0fb4e4f183c9e960bc1d83fb0090e7178215cdd7b692b622d6
SERVER_HANDSHAKE_TRAFFIC_SECRET 463a7fbc0c9e8b21cca3802fab439955b9256237bdc68a8c559a59ce39be67c4 31c27eb9ef8320121e44c202010d1220135ac541293d57b9064d6bcd1324cc0d
CLIENT_HANDSHAKE_TRAFFIC_SECRET 40b103636654e9e4a73b8e75fba816b8bb3d78c17bfdef0bbee02179e033a433 9a91e1a2beff41e1e5a0bb066c50298ef0cbd0a154c1be1feb4700a55c28f297
SERVER_HANDSHAKE_TRAFFIC_SECRET 40b103636654e9e4a73b8e75fba816b8bb3d78c17bfdef0bbee02179e033a433 d091b9ab1f156cd1e56a61906fd7c29f5f525713a1eeefd934ffdaf3b66603e4
CLIENT_TRAFFIC_SECRET_0 463a7fbc0c9e8b21cca3802fab439955b9256237bdc68a8c559a59ce39be67c4 ab213ee4ff0c224eb8cf08f65047c27f2e76410cb938b3bddbf90743efb4189e
SERVER_TRAFFIC_SECRET_0 463a7fbc0c9e8b21cca3802fab439955b9256237bdc68a8c559a59ce39be67c4 1d3520de1543fb29789c5058b0dcb166b56a2df94ec9ec54eb6e83e464a47be7
EXPORTER_SECRET 463a7fbc0c9e8b21cca3802fab439955b9256237bdc68a8c559a59ce39be67c4 5eede429d22104d7dd1b9add7e5f481b4869a34b47f11b482526367295aa1267
CLIENT_HANDSHAKE_TRAFFIC_SECRET a3315b5ff19a25b929d0a90b361dea6ce47a667b8fa3073177ff6911e278ef35 f970a1a11bda9d28b59edcaab79e8bdf5b981f820b183adb0b515ef2fb0717a57eb3d92f7fe35b71d4ff21e835d9e1b1
SERVER_HANDSHAKE_TRAFFIC_SECRET a3315b5ff19a25b929d0a90b361dea6ce47a667b8fa3073177ff6911e278ef35 5bfbc1b210cb8f9f36ebbaf223349e3f613fc00faabb909340fd50bb280cbc1fefe4a938281ce0956406c59752548daa
CLIENT_TRAFFIC_SECRET_0 a3315b5ff19a25b929d0a90b361dea6ce47a667b8fa3073177ff6911e278ef35 2be42fb26dae17f7f5b01f1d42113d493dad1c4eb470650bd2ad5797c6b3b14bd68af9ace163a7552ca62930dbf08307
SERVER_TRAFFIC_SECRET_0 a3315b5ff19a25b929d0a90b361dea6ce47a667b8fa3073177ff6911e278ef35 4af1bce996aeb80da7fd0ae205f0b6f5561873ebd3bbc882204fad69039abe5e6b3be60ce78216293cc80a64955a2e03
EXPORTER_SECRET a3315b5ff19a25b929d0a90b361dea6ce47a667b8fa3073177ff6911e278ef35 a0bd4216687861a9cad2857844b081ec8b3a6d6c2c8f874135b096a06f4a76581a6a7a2184165a441c19d569a4978ee6
CLIENT_HANDSHAKE_TRAFFIC_SECRET 3c6222be6a16e9b240976eba0862bb34c0f36a3b4c6a52e4b454d8b8558d92a3 7b5dd60f9a02dae4a41a84b7e5e4a94c9e4a06f0a58dab81ce8f21b3b6fad7aaa45f62ff5f91a633e2ac3e4722f3cca9
SERVER_HANDSHAKE_TRAFFIC_SECRET 3c6222be6a16e9b240976eba0862bb34c0f36a3b4c6a52e4b454d8b8558d92a3 bcb68e5cb946e5bbba87a27d73bae6c167dc029446ae71db58a9311ae9e16307d036b24d8609b24a083eba5678514b3d
CLIENT_TRAFFIC_SECRET_0 3c6222be6a16e9b240976eba0862bb34c0f36a3b4c6a52e4b454d8b8558d92a3 d516635d3025657fdecb60e45091f7f97cfdbcda936811e144ecbd57cdf92f7a68d965a60e9ae4e1ef9062710c33823d
SERVER_TRAFFIC_SECRET_0 3c6222be6a16e9b240976eba0862bb34c0f36a3b4c6a52e4b454d8b8558d92a3 10150af351a4d4f17597831660adf362d027bfbf068fd484fc56a3483968e48c0f4a9d127eb1051527fc35a9f09628b5
EXPORTER_SECRET 3c6222be6a16e9b240976eba0862bb34c0f36a3b4c6a52e4b454d8b8558d92a3 2d9a42ca7b623cda575d0a613153715903d540af7d0fd84e0cade40f60ab4c0d6d20b74ce12c2e95e894fdabbe027c84
CLIENT_HANDSHAKE_TRAFFIC_SECRET 71d0c268c5bec89f6c70328ecd31b168d20cc10aa4ae053d60a88812023a03b2 46f39feef4cf0d95df85ce36cfb42ddff05bf20eeb674c5af0a47819aabfbfb766754fdc854b1ec4ef36e7db8c16aafd
SERVER_HANDSHAKE_TRAFFIC_SECRET 71d0c268c5bec89f6c70328ecd31b168d20cc10aa4ae053d60a88812023a03b2 1cec1dae28421e1d57519a32bc8c631e97386aa68e93a16114f4637ae917079f7d28cbeefd10278cd87320506bcf38f0
CLIENT_EARLY_TRAFFIC_SECRET cf99203fe82774d237e698d0b56bc6c82d40f85c7619b798c4bcde10d5328a21 754e66ccd56e120f4c743a14f173d88ba09240a8e7f71336836b38ceff25fe33
CLIENT_HANDSHAKE_TRAFFIC_SECRET cf99203fe82774d237e698d0b56bc6c82d40f85c7619b798c4bcde10d5328a21 fec4b4b911383e4df91c6575191e49207113a7264c86d2975a8735670cb9cc2e
SERVER_HANDSHAKE_TRAFFIC_SECRET cf99203fe82774d237e698d0b56bc6c82d40f85c7619b798c4bcde10d5328a21 d7ebe6287d8e49376566edd16a993efe31d260cddcd571c645437444bbd63c7b
CLIENT_TRAFFIC_SECRET_0 cf99203fe82774d237e698d0b56bc6c82d40f85c7619b798c4bcde10d5328a21 d19c90b33140343b37e86c62bdc616b1f34f669d79578725243d9bf32e51ad07
SERVER_TRAFFIC_SECRET_0 cf99203fe82774d237e698d0b56bc6c82d40f85c7619b798c4bcde10d5328a21 f7c4189fbcad91dc7f0a89ecf254bb2d7658eb06902bc1722cae9a50836e0c4f
EXPORTER_SECRET cf99203fe82774d237e698d0b56bc6c82d40f85c7619b798c4bcde10d5328a21 e7bf9fb10d82cf34a5c990018619c3c526228c2270fdb587049112c952aa5cbe
CLIENT_HANDSHAKE_TRAFFIC_SECRET 267e328aae18c348136f820ee4b4aed24c31fb503360cd7576a9e94f4549bb2a 9c32223f32f74249ed1967581228c61dd2e44cac2c137d08d3bf315feb4b01f2
SERVER_HANDSHAKE_TRAFFIC_SECRET 267e328aae18c348136f820ee4b4aed24c31fb503360cd7576a9e94f4549bb2a ec675b861df3d7a4ee2baff4924b91b2ea8fc4da6c8c6847b7bafba8730db7a8
CLIENT_TRAFFIC_SECRET_0 267e328aae18c348136f820ee4b4aed24c31fb503360cd7576a9e94f4549bb2a b5631ebe119590af5865e114e552598cea8784b54355a42f76f113f81f4a4082
SERVER_TRAFFIC_SECRET_0 267e328aae18c348136f820ee4b4aed24c31fb503360cd7576a9e94f4549bb2a 9d63acf5be43f3ce777826a98b2859f99feff318c33e0a4ef4643aa7e4a9b802
EXPORTER_SECRET 267e328aae18c348136f820ee4b4aed24c31fb503360cd7576a9e94f4549bb2a ea48d9699bb8897aa93a213746978619615642127074a9e6e7ce97685b5c4a31
CLIENT_HANDSHAKE_TRAFFIC_SECRET d925c8900f33f2683b337b1c2604f80d55f8d8315aa8d674fd2cd4ad4cb7ee1d 53a317a6d66f4d687e2d946a6b2c40c9a311c2ba6014de32e6a4a63f4729670e
SERVER_HANDSHAKE_TRAFFIC_SECRET d925c8900f33f2683b337b1c2604f80d55f8d8315aa8d674fd2cd4ad4cb7ee1d 38ff45a16691864ab66cf3297851250d82e36e9339b4320a71331b1831031673
CLIENT_TRAFFIC_SECRET_0 d925c8900f33f2683b337b1c2604f80d55f8d8315aa8d674fd2cd4ad4cb7ee1d cdb4df3d771025f0519f6c64ad8bd4b6ddab6f8777a1a1b2f37e41ec1eeec59c
SERVER_TRAFFIC_SECRET_0 d925c8900f33f2683b337b1c2604f80d55f8d8315aa8d674fd2cd4ad4cb7ee1d 5fc9ff429796847fca740a4edd4bb0e8e0b2661fbd9bc64f534d12210c24e8f9
EXPORTER_SECRET d925c8900f33f2683b337b1c2604f80d55f8d8315aa8d674fd2cd4ad4cb7ee1d 5bae60617506b667a05e22fa26a06b55286de8f32c7c44a151f7ba9749c62a30
CLIENT_HANDSHAKE_TRAFFIC_SECRET 5263b4cd69131c3ec47c4803a84fae6a2a93e3f8ec38cccdf9fcd2ebc5f565c5 46ff21750b2dd101e7d6c5f986575be15e62c26b78afa8377174c75da1926860
SERVER_HANDSHAKE_TRAFFIC_SECRET 5263b4cd69131c3ec47c4803a84fae6a2a93e3f8ec38cccdf9fcd2ebc5f565c5 b5e501e3ede2ddc8e0c02ff73a838f78aae823f13c8b8f7b3dd5ef54fc7689d0
CLIENT_TRAFFIC_SECRET_0 5263b4cd69131c3ec47c4803a84fae6a2a93e3f8ec38cccdf9fcd2ebc5f565c5 431264b19cea46b8c1c4c12061eecb3f586720e2fb8f6fcc371936273fa88883
SERVER_TRAFFIC_SECRET_0 5263b4cd69131c3ec47c4803a84fae6a2a93e3f8ec38cccdf9fcd2ebc5f565c5 1f6134de66b2f379530ac49f28fdb0c80a540735bff71698152761ee263efac5
EXPORTER_SECRET 5263b4cd69131c3ec47c4803a84fae6a2a93e3f8ec38cccdf9fcd2ebc5f565c5 ecf8cc80f32eb1c0f4f996588ac3a2bc653091192341975be602d9f8c637a0ac
CLIENT_HANDSHAKE_TRAFFIC_SECRET 9b6306a92f18d50efa3509e6708c4f7bdad498f404251a4f9255730c519c1c28 afce7f67d612c911ee8cf05ca355fe7dd931ce65f3fe0c4fb960f42ff06300b5
SERVER_HANDSHAKE_TRAFFIC_SECRET 9b6306a92f18d50efa3509e6708c4f7bdad498f404251a4f9255730c519c1c28 aef0984046ce93c2c5d70f533f075258f1375106eb8b9d435f4a6493af3a9be9
CLIENT_TRAFFIC_SECRET_0 9b6306a92f18d50efa3509e6708c4f7bdad498f404251a4f9255730c519c1c28 56b8945050e7373f587d5354402474729975e46f7839462ea440b79fb956b88b
SERVER_TRAFFIC_SECRET_0 9b6306a92f18d50efa3509e6708c4f7bdad498f404251a4f9255730c519c1c28 6a2d21f146bd0505556ca75f00bfaa7c14530898046d37cd89dfe71a2556f11e
EXPORTER_SECRET 9b6306a92f18d50efa3509e6708c4f7bdad498f404251a4f9255730c519c1c28 8b7e364ceebdd232ecc476e204e740ee0cb67b23c73cebb9b735d71b9649f65d
CLIENT_HANDSHAKE_TRAFFIC_SECRET 93b8e2cd655a5517a56b8affc2e625221e5d91df8712cfd0690629c00b5df33e b79428acb480ce578e742186a34e3327ead9862671cbdc7f679cfbea1ebffe027cf2edaed2278deac60a9f810d081516
SERVER_HANDSHAKE_TRAFFIC_SECRET 93b8e2cd655a5517a56b8affc2e625221e5d91df8712cfd0690629c00b5df33e 3b70681546f0c05d74d606f434aeb37f77430d1a58811f744884ab95a313e10e29859c289659021a9f1dc952e80557b1
CLIENT_TRAFFIC_SECRET_0 93b8e2cd655a5517a56b8affc2e625221e5d91df8712cfd0690629c00b5df33e 26ff81bda1f53387426674e8e295e3d4ca3634b5137f9a8a4d702d1a154c733d675e2b6354811e2534b980dab9b3410c
SERVER_TRAFFIC_SECRET_0 93b8e2cd655a5517a56b8affc2e625221e5d91df8712cfd0690629c00b5df33e e5062014bbf939e87cce787c1c68767b6eed68110b231d4aad91124214993dda43d539591b96774822bd664ce4e2c04a
EXPORTER_SECRET 93b8e2cd655a5517a56b8affc2e625221e5d91df8712cfd0690629c00b5df33e 4d640ef714d10aba883bc4d80a7359aec6ec04d3f7d38b559b2cb2f7c744d840371cf4ec9c83611b621b1cf6df9d8fb1
CLIENT_HANDSHAKE_TRAFFIC_SECRET 95cd14974d1daa3979b1db3460b230f1fb9c268492bae6da1f8c32ba8fc1a5cd 12b39c07f9470baad7db262beffe46b51599b0da775f48cce601a15292dc5246
SERVER_HANDSHAKE_TRAFFIC_SECRET 95cd14974d1daa3979b1db3460b230f1fb9c268492bae6da1f8c32ba8fc1a5cd 004a2c001973e08e3287ed2223cbdfe8715030f79627d176642d004682b7467c
CLIENT_TRAFFIC_SECRET_0 95cd14974d1daa3979b1db3460b230f1fb9c268492bae6da1f8c32ba8fc1a5cd 4581ef605603ae1f6c79e8e538b868281a4132795a02b36baecfbc6a73208f95
SERVER_TRAFFIC_SECRET_0 95cd14974d1daa3979b1db3460b230f1fb9c268492bae6da1f8c32ba8fc1a5cd 3e261a9d10d1234006c23806db4773c696bd019f778eb7d2cbe13f109852e168
EXPORTER_SECRET 95cd14974d1daa3979b1db3460b230f1fb9c268492bae6da1f8c32ba8fc1a5cd e518ab368b4998aebcd6f7537a62bad48f1edd93285df2c9b7f05f42bf81a4ba
CLIENT_HANDSHAKE_TRAFFIC_SECRET 70ea8acfb25fb2a5a98126c5105c64901598804c3cac775d56dd2043ae01e4da 3558c4ce0a347aa2ff75be2ae332aaa14ea5f9dae684025ef73e60a0be73cb73
SERVER_HANDSHAKE_TRAFFIC_SECRET 70ea8acfb25fb2a5a98126c5105c64901598804c3cac775d56dd2043ae01e4da ec1b81cbd3f0e049e8a9ff739e7c08309b18eb12ff77d4116342798e84b58f65
CLIENT_TRAFFIC_SECRET_0 70ea8acfb25fb2a5a98126c5105c64901598804c3cac775d56dd2043ae01e4da 0d8d60b8136c56ca70f01ef5a70cabe034d2bc6551eeded545cdf11cebb99b74
SERVER_TRAFFIC_SECRET_0 70ea8acfb25fb2a5a98126c5105c64901598804c3cac775d56dd2043ae01e4da 35d3a34ac4e09e8acbc58f3d129b641b3e5203dc200ec9139ad7bf38f96adde1
EXPORTER_SECRET 70ea8acfb25fb2a5a98126c5105c64901598804c3cac775d56dd2043ae01e4da b4d74af57f51992f16c19b8247ec5d49db5cb1a3cf54184956fab3edf82885fb
CLIENT_HANDSHAKE_TRAFFIC_SECRET dc8e641db79f9714f1898f1d2dcb30ed4f79b4c7ab2c7431702bf9912dd889c1 1eb2516af6828c2361787e8ab6df982d42593020507ca4aaa724ef2bd03cea0b
SERVER_HANDSHAKE_TRAFFIC_SECRET dc8e641db79f9714f1898f1d2dcb30ed4f79b4c7ab2c7431702bf9912dd889c1 59db5a328e89d8ee0f2481b4724e411e088256fc3eb4d74c84fd2d69a0e139ed
CLIENT_TRAFFIC_SECRET_0 dc8e641db79f9714f1898f1d2dcb30ed4f79b4c7ab2c7431702bf9912dd889c1 e9e0dd6d3c54b6d855054e3e2922b29bab9be6bd00efd932005e7f0048e22aab
SERVER_TRAFFIC_SECRET_0 dc8e641db79f9714f1898f1d2dcb30ed4f79b4c7ab2c7431702bf9912dd889c1 27dd694c5d5435b3efc6b4880e18c038e0bfefb958a25719f1283611bfdbba8c
EXPORTER_SECRET dc8e641db79f9714f1898f1d2dcb30ed4f79b4c7ab2c7431702bf9912dd889c1 3cd20762b180cd6ed52a331a6a671fdad7f7d63f81efd78976658e0e59174c33
CLIENT_HANDSHAKE_TRAFFIC_SECRET bc99af32d97aaed767c93d22524ddea86ac98bfe43f8dc891825c4ddbb104cd6 6ea08b1639321775abb9dd7e8146dbe28277841883927b2f76e3bcd7abf0c486
SERVER_HANDSHAKE_TRAFFIC_SECRET bc99af32d97aaed767c93d22524ddea86ac98bfe43f8dc891825c4ddbb104cd6 203edbd87bfa1d1fb3db3c0dcadccc51e4e16d359e880a8bd53daf54d8f80477
CLIENT_TRAFFIC_SECRET_0 bc99af32d97aaed767c93d22524ddea86ac98bfe43f8dc891825c4ddbb104cd6 a77d5f61bcfed690ddd88974a1b88cd4be5ea092e935f91a90b9fa6922173694
SERVER_TRAFFIC_SECRET_0 bc99af32d97aaed767c93d22524ddea86ac98bfe43f8dc891825c4ddbb104cd6 9b073b7199ac7c7cd4b4192f43a121f63d39d75aacc41d19a34cd8aed3acfca8
EXPORTER_SECRET bc99af32d97aaed767c93d22524ddea86ac98bfe43f8dc891825c4ddbb104cd6 bd2ef4fb0ed02f674d79ad14c6352483f5a8609b0e93f09b40282cd380680031
CLIENT_HANDSHAKE_TRAFFIC_SECRET a5eb811ea3c600204f73f24d974593d82b0c29be5a7eec7ee137cc77342060e9 6e2a01e7a9afd081d186498eca77e86356d4997cbe2410406fe533dad10862e2
SERVER_HANDSHAKE_TRAFFIC_SECRET a5eb811ea3c600204f73f24d974593d82b0c29be5a7eec7ee137cc77342060e9 85f3fc95871aedf56ef922e47cddd0672b42575c1d0c388e13ad379ad46df4c4
CLIENT_TRAFFIC_SECRET_0 a5eb811ea3c600204f73f24d974593d82b0c29be5a7eec7ee137cc77342060e9 ac080c5729357ff99ddbba7a04f2f7fb9d458d17905a0fe982445b5ea30bcec6
SERVER_TRAFFIC_SECRET_0 a5eb811ea3c600204f73f24d974593d82b0c29be5a7eec7ee137cc77342060e9 c8d69302f4f61c8152e29b513265cf7eefde5c49d1dcd0761d18cdda5a7150bd
EXPORTER_SECRET a5eb811ea3c600204f73f24d974593d82b0c29be5a7eec7ee137cc77342060e9 4fef395864aba127587a65b139f9cf0a7a38dabaf37a060a6ddcea235c1c522b
CLIENT_HANDSHAKE_TRAFFIC_SECRET 704fcbf66d58dcf328cc9c8742dfe2a90811e4204e18798840b9943d47798774 115c7d7f60cc274360fe13105d8861a5ce605319b1b8191d77c9432439eb5eba
SERVER_HANDSHAKE_TRAFFIC_SECRET 704fcbf66d58dcf328cc9c8742dfe2a90811e4204e18798840b9943d47798774 9771691599a0a35244b44f47105562326e0444bae75f7d57ae825ddf74122488
CLIENT_TRAFFIC_SECRET_0 704fcbf66d58dcf328cc9c8742dfe2a90811e4204e18798840b9943d47798774 3b3838e467843405359d17abc1d09cfe7f479e702f559935c30b3618e959391b
SERVER_TRAFFIC_SECRET_0 704fcbf66d58dcf328cc9c8742dfe2a90811e4204e18798840b9943d47798774 e3bcd2931cab72a94be0004745830cb554ac469ce1e804c775728c413a018d23
EXPORTER_SECRET 704fcbf66d58dcf328cc9c8742dfe2a90811e4204e18798840b9943d47798774 515cfeb07fb0590cad1e33009c44151aaf1ac3178252a80233da9caeda1f35c6
CLIENT_HANDSHAKE_TRAFFIC_SECRET 2bbf388eef2fc0ea7629e147a0e9d735e57cd4e8d42814fe8cfbd3fd07228ee5 f5ce567b41a6f619aec9f23ccf83a2365587550b01411be9ba1005c539a11a5c
SERVER_HANDSHAKE_TRAFFIC_SECRET 2bbf388eef2fc0ea7629e147a0e9d735e57cd4e8d42814fe8cfbd3fd07228ee5 6f80c1da3a1c836cdb73e44be615ddadadee66e781a0b251dff58c8af49c76c1
CLIENT_HANDSHAKE_TRAFFIC_SECRET 5c482f3049cf9950190eed0a6e1756e1067036ef0ad65ab7ee3d35a9aa8b1ce6 8f30b276d1d38dd5f1a6f1e76d68f4a66c994176ec0b71b7799beeb417b78f46
SERVER_HANDSHAKE_TRAFFIC_SECRET 5c482f3049cf9950190eed0a6e1756e1067036ef0ad65ab7ee3d35a9aa8b1ce6 8db57d5dc2d696f7c123214e3d414c8a338b776a52167e7a8dfd6530bb9a7b07
CLIENT_TRAFFIC_SECRET_0 2bbf388eef2fc0ea7629e147a0e9d735e57cd4e8d42814fe8cfbd3fd07228ee5 505adf2d5928cba17fb660769dc033ced0c46236be00d6d732c3130a30aad5f1
SERVER_TRAFFIC_SECRET_0 2bbf388eef2fc0ea7629e147a0e9d735e57cd4e8d42814fe8cfbd3fd07228ee5 fec736a303dcdd789baff67e157061a6ea768a4547437b7fec8d8cab9bc79c6e
EXPORTER_SECRET 2bbf388eef2fc0ea7629e147a0e9d735e57cd4e8d42814fe8cfbd3fd07228ee5 2050998404dca5d91ea8acc4040512a20bc1dc6a0a2fe821227639750b08c304
CLIENT_TRAFFIC_SECRET_0 5c482f3049cf9950190eed0a6e1756e1067036ef0ad65ab7ee3d35a9aa8b1ce6 74491b220633c9b08e40736d6fd9d436244ce5fe06913a2e8f798fbcf7236855
SERVER_TRAFFIC_SECRET_0 5c482f3049cf9950190eed0a6e1756e1067036ef0ad65ab7ee3d35a9aa8b1ce6 b91b88f95488762b46ba0f2904ccd8b1d409f2b5b60dc53359ba9056f2e64137
EXPORTER_SECRET 5c482f3049cf9950190eed0a6e1756e1067036ef0ad65ab7ee3d35a9aa8b1ce6 f3ef6bdf03cc05ea17c2a5f6ac676eb64d9a0cf25353621c520f05a067ca3db8
CLIENT_HANDSHAKE_TRAFFIC_SECRET 2da0b85c8ed9828baf044d19fa324f87ac2299a24302160759f10a9ac6887f51 18e13e989bef0d5865f94422224c71d4286605fbda8ca707608b5b98b57724ff
SERVER_HANDSHAKE_TRAFFIC_SECRET 2da0b85c8ed9828baf044d19fa324f87ac2299a24302160759f10a9ac6887f51 56a5561f4fbff6177b040452f723fc1d5ad3eada1f8902d2f124a6f81ca049a4
CLIENT_TRAFFIC_SECRET_0 2da0b85c8ed9828baf044d19fa324f87ac2299a24302160759f10a9ac6887f51 64d964bfa2751f1092f866bcda4b43ffb05cb9c94136512d5fff3f3c3c467c03
SERVER_TRAFFIC_SECRET_0 2da0b85c8ed9828baf044d19fa324f87ac2299a24302160759f10a9ac6887f51 595ba26674a4c0540c18eb4920ba23519a4359af4cdb06de7dfad850f689a412
EXPORTER_SECRET 2da0b85c8ed9828baf044d19fa324f87ac2299a24302160759f10a9ac6887f51 b31189ea507c13772ccf2966bc85258615d1b06383e4d4610e8d5d65c39bee78
CLIENT_HANDSHAKE_TRAFFIC_SECRET 7b1e46022406071ffe59230a9488f3af8e7b0b279da016a83359faff5155f2c3 7ff8117f509b1f855fbc92e0edfad2bcaf1a3ab0f73505f0def41a655d6f009b
SERVER_HANDSHAKE_TRAFFIC_SECRET 7b1e46022406071ffe59230a9488f3af8e7b0b279da016a83359faff5155f2c3 addd720386d92e112b7920175896f0dc79bf745824b76cb3fdafbf62182261c9
CLIENT_TRAFFIC_SECRET_0 7b1e46022406071ffe59230a9488f3af8e7b0b279da016a83359faff5155f2c3 23bf4d9201ae5079d710cf39dc5350b46564415a7f608832a17b22dc66abdcb6
SERVER_TRAFFIC_SECRET_0 7b1e46022406071ffe59230a9488f3af8e7b0b279da016a83359faff5155f2c3 75cf5bf62b6dbd414be967c84094ecda60f3abd1f990daaa1899e4ec5449acee
EXPORTER_SECRET 7b1e46022406071ffe59230a9488f3af8e7b0b279da016a83359faff5155f2c3 b6bc022541ff82618b0e1d819fd007790ee1b0c144ec2601d3cdf6eb322ad502
CLIENT_HANDSHAKE_TRAFFIC_SECRET 582e17685708008d0d3d0759a3cf29788cd8d64bab88a0e495ec48920da9b27e 1e75666442e9afa6ec2f8512a45f3046f407991786fe2b1910a872ceefd419e1
SERVER_HANDSHAKE_TRAFFIC_SECRET 582e17685708008d0d3d0759a3cf29788cd8d64bab88a0e495ec48920da9b27e f61bf888409e92f6b3e0d2a5eba3652362f35518a64f2669986c581dde467f54
CLIENT_TRAFFIC_SECRET_0 582e17685708008d0d3d0759a3cf29788cd8d64bab88a0e495ec48920da9b27e 0753300c59776f8bf7c859ba29bed73a510c38a9fb3698798bea5650e7c78727
SERVER_TRAFFIC_SECRET_0 582e17685708008d0d3d0759a3cf29788cd8d64bab88a0e495ec48920da9b27e 2303dc7cd34bd145606844bb2260ca0458eb2915d2f45b1cd7b67f314edbbc8f
EXPORTER_SECRET 582e17685708008d0d3d0759a3cf29788cd8d64bab88a0e495ec48920da9b27e 8a5b10e25abaac23cc73651d6ab27556618911d5d08dac5e815e949a42e14956
CLIENT_HANDSHAKE_TRAFFIC_SECRET 85755fc41bf59a63272f57d275dcf30c166518246e3ed98376e389066e3cdaf3 37ecea2269d89150efe6a7f38df38feac0b125d24b8385d5ba163c455c4c6b776b3e93ab0776247bf85a463a05e1bfe8
SERVER_HANDSHAKE_TRAFFIC_SECRET 85755fc41bf59a63272f57d275dcf30c166518246e3ed98376e389066e3cdaf3 b52c4793378d77db0e7657e0076b8f5fdbaf12e0dbd6145832c84f3ddddedb111a495844684746c9d3195c147f993df8
CLIENT_TRAFFIC_SECRET_0 85755fc41bf59a63272f57d275dcf30c166518246e3ed98376e389066e3cdaf3 a7295e3bfcb08ac524615f23e9792d88f5ff706ddb601c92be70ae38358d84b6144cba6c27ece765adce8ccc7283ad99
SERVER_TRAFFIC_SECRET_0 85755fc41bf59a63272f57d275dcf30c166518246e3ed98376e389066e3cdaf3 c9787da8e501b424824e638857685402bf558019481a409048d46d351b04ac94edc7cdf90baf6a35f51dcc4aaf2c3c26
EXPORTER_SECRET 85755fc41bf59a63272f57d275dcf30c166518246e3ed98376e389066e3cdaf3 f914f384652c9818c2304813746bd74e5510d0df9769432d0df0df941fa58447c9920e5df4f16615bf04c32b967a0f03
CLIENT_HANDSHAKE_TRAFFIC_SECRET 29fb53be249f99a93690f458c26dfaba30c2a28f934866b8be807768bc2835ad cef1c515a5cf2cbb4b48d2975ec2ec1a718d38a182409bad4ce675ca721f2345
SERVER_HANDSHAKE_TRAFFIC_SECRET 29fb53be249f99a93690f458c26dfaba30c2a28f934866b8be807768bc2835ad 61f532aa86c5809d568ab24fa70370483685d6a1dbed8af560b48794b8300988
CLIENT_TRAFFIC_SECRET_0 29fb53be249f99a93690f458c26dfaba30c2a28f934866b8be807768bc2835ad 16c3dd25f47eda68c248559fbe409b7d591e72f3468f2d05ccf29d9e752363fe
SERVER_TRAFFIC_SECRET_0 29fb53be249f99a93690f458c26dfaba30c2a28f934866b8be807768bc2835ad 482136ffed32302c1dcb689e5a1ff13716f2e0e9fe8fadfbacd1c30f2227e5b1
EXPORTER_SECRET 29fb53be249f99a93690f458c26dfaba30c2a28f934866b8be807768bc2835ad f1a79036114d56f4762539ebcb86a86f30e54953ba3e3165270255247df3b44b
CLIENT_HANDSHAKE_TRAFFIC_SECRET 82a106bfb9b4e042edd501424acb46ed4278cf14ef2446c06cb2746ef500de74 710c65a0f1cd08010f049f33f7277b0440e7970405a5fd73fa4e22fd4df70659
SERVER_HANDSHAKE_TRAFFIC_SECRET 82a106bfb9b4e042edd501424acb46ed4278cf14ef2446c06cb2746ef500de74 81cdbd1440f463bd9c64c0e8211bb67431fdba722e541f779646a60c7b39f220
CLIENT_TRAFFIC_SECRET_0 82a106bfb9b4e042edd501424acb46ed4278cf14ef2446c06cb2746ef500de74 bb4cabd0a525ec42750231fe28271998d5654b5a2935e6eda2c953e6d214458a
SERVER_TRAFFIC_SECRET_0 82a106bfb9b4e042edd501424acb46ed4278cf14ef2446c06cb2746ef500de74 2aa9a7932e6fe46d9811e8dc01aca22f8eb6435a7e57002b10409b115a6454a6
EXPORTER_SECRET 82a106bfb9b4e042edd501424acb46ed4278cf14ef2446c06cb2746ef500de74 a8984dd82cd940e6544185245896066a031f12f31fd84d45e40d701e0580c0c0
CLIENT_HANDSHAKE_TRAFFIC_SECRET 41dc372eb616d2cea621f17c245d8c26c2ac5e1023ff441b055ecd54f5815bac 86cd01029ec318172a534fd3110602983fc9dd5c2c987ee78a96f7298405ddb0
SERVER_HANDSHAKE_TRAFFIC_SECRET 41dc372eb616d2cea621f17c245d8c26c2ac5e1023ff441b055ecd54f5815bac f7323b2300bc764293fffc71daf2dc1b764684ac1d906075ad8741dbbd1cddd2
CLIENT_TRAFFIC_SECRET_0 41dc372eb616d2cea621f17c245d8c26c2ac5e1023ff441b055ecd54f5815bac 7d8b21a0d2f6d9443e105d30894a054bb308ae7c64d34f9a4f853cafa5cac412
SERVER_TRAFFIC_SECRET_0 41dc372eb616d2cea621f17c245d8c26c2ac5e1023ff441b055ecd54f5815bac a1783655fab40c0748b31b0182e766de9eae3db7310d0bf704958e7167f6f544
EXPORTER_SECRET 41dc372eb616d2cea621f17c245d8c26c2ac5e1023ff441b055ecd54f5815bac d330fd6853a0b4503bfef02394e2695ad50676d9146d4fabba1364d7725abc46
CLIENT_HANDSHAKE_TRAFFIC_SECRET 6727d6d76a27b8c4d6a03913deaf60b2ebe2f070e9a5bfff1b8264d06182f1a2 59869c8e129ec4cbf14b4c9a5b63764ad09a45022755a92b132d8d92ff905361
SERVER_HANDSHAKE_TRAFFIC_SECRET 6727d6d76a27b8c4d6a03913deaf60b2ebe2f070e9a5bfff1b8264d06182f1a2 2d26025c78ff3fed72ee6b4b9fb1cbfa77305431ef7d7cd839bc6aa14ae137ea
CLIENT_TRAFFIC_SECRET_0 6727d6d76a27b8c4d6a03913deaf60b2ebe2f070e9a5bfff1b8264d06182f1a2 1c569c0788eef5efcadb8fa0d46edf37ab438ecad67fc1b8bc19b6311b430891
SERVER_TRAFFIC_SECRET_0 6727d6d76a27b8c4d6a03913deaf60b2ebe2f070e9a5bfff1b8264d06182f1a2 c1be24f99b73d608df54bc3d0c994cde547d36eececbc37deacfbda95a056694
EXPORTER_SECRET 6727d6d76a27b8c4d6a03913deaf60b2ebe2f070e9a5bfff1b8264d06182f1a2 5670ace4909010101421afb9fd3af9608bca21625a32a909fbeecf30357f9b24
CLIENT_HANDSHAKE_TRAFFIC_SECRET e25ce9154352cd002f569be20e1cce815be8253c0594ed6a88d8edaef2b8d90f 69db3334f66d1a6b64c2c9e31e68810eba309a7c19b84a726e06a7ffccd5f894
SERVER_HANDSHAKE_TRAFFIC_SECRET e25ce9154352cd002f569be20e1cce815be8253c0594ed6a88d8edaef2b8d90f 6a1c9ad16140d266a2451f40d1c4c20ca52da8466980cac79615f817b9b3d3cf
CLIENT_TRAFFIC_SECRET_0 e25ce9154352cd002f569be20e1cce815be8253c0594ed6a88d8edaef2b8d90f 6eb61fa9b0acef48a733f74b1dc92a5bc88631e65df35f74b95e3c84544d1c09
SERVER_TRAFFIC_SECRET_0 e25ce9154352cd002f569be20e1cce815be8253c0594ed6a88d8edaef2b8d90f 96eaf1049e7d0497626298e695cc13fdc37ba02fe8d5c64035e9bc6e9ad1c3e8
EXPORTER_SECRET e25ce9154352cd002f569be20e1cce815be8253c0594ed6a88d8edaef2b8d90f d3726ecaeb3ff72f01f0b6bf5db2d40e6c8b632f8d83a9fc74e2d6e37e46155d
CLIENT_HANDSHAKE_TRAFFIC_SECRET 9b746f9acbfb2f5b1969278d6c7e1588ff8add88cdee155bc34b9a45839de7cd 9e81494664931641aad6375e5b8a6de50651a2037e3c331b274929cae766780a2c6163be2ce6626d1e079030df729708
SERVER_HANDSHAKE_TRAFFIC_SECRET 9b746f9acbfb2f5b1969278d6c7e1588ff8add88cdee155bc34b9a45839de7cd 9157684f1df9b718efeea0795b88d75520abbcca3362e76edee8c174c9278f9f6a2acca1fa1ff4b7c45a1b7b5c00977a
CLIENT_TRAFFIC_SECRET_0 9b746f9acbfb2f5b1969278d6c7e1588ff8add88cdee155bc34b9a45839de7cd 3fb25812e9b73a7e1c221f514487b3f09996e367c6b5a3fe2bea855bdae2c6dab75f0dcbb220c97a0f4c2a695cd3c38a
SERVER_TRAFFIC_SECRET_0 9b746f9acbfb2f5b1969278d6c7e1588ff8add88cdee155bc34b9a45839de7cd 072c05b4d9f7d2d13f7b12f9c4297c109e86d185551d04273911d26c98f86034c3c84d8259e5403c7f0dc7c01dcc1a7e
EXPORTER_SECRET 9b746f9acbfb2f5b1969278d6c7e1588ff8add88cdee155bc34b9a45839de7cd f23e5f44d7673ad72588a00daae535b3bbf459d2163ba9d83882b065c2a5c9e5cd1de51c125a92698f10b403f68b5b32
CLIENT_EARLY_TRAFFIC_SECRET 9fb112e5d27755e82c1f482216714b9c6a0bdbcf57d43826530bcab6bbd4be54 aeaf28346d75967a7f2d382db69b87d983a59013ce78b1b9b57743a57c844a95
CLIENT_HANDSHAKE_TRAFFIC_SECRET 9fb112e5d27755e82c1f482216714b9c6a0bdbcf57d43826530bcab6bbd4be54 1dd8f38c94834a7e957ed726bde4c4315b5e1f86fb996b9caf9d5d436cf34494
SERVER_HANDSHAKE_TRAFFIC_SECRET 9fb112e5d27755e82c1f482216714b9c6a0bdbcf57d43826530bcab6bbd4be54 6c9612d7c5bf2c705aeadd766efb3d9aee94967a33d79cede6c9c09020c69c5f
CLIENT_TRAFFIC_SECRET_0 9fb112e5d27755e82c1f482216714b9c6a0bdbcf57d43826530bcab6bbd4be54 69dc022e1afa1a62d33c2dface5fe0d0f04a753cfcb93c3170271bd620d08f51
SERVER_TRAFFIC_SECRET_0 9fb112e5d27755e82c1f482216714b9c6a0bdbcf57d43826530bcab6bbd4be54 9f19065805d32582323eb58465fd852b3106e4bf7c8bb3e697b39fa817918a57
EXPORTER_SECRET 9fb112e5d27755e82c1f482216714b9c6a0bdbcf57d43826530bcab6bbd4be54 0a3e70d7577806eec561707f12254788324d597d376da42b431f440a1efac848
CLIENT_HANDSHAKE_TRAFFIC_SECRET 7fd72f055dfac7c8e4e4959e57a5eaa3caa11d7c7976b90d363c02cfc239fa06 ea036d60ea637cba9404d260daeb674f8dc09baeb175a387c9bdf09f408bb640
SERVER_HANDSHAKE_TRAFFIC_SECRET 7fd72f055dfac7c8e4e4959e57a5eaa3caa11d7c7976b90d363c02cfc239fa06 d27ad51c634b93923b2d3dc73fb0c20a62764524fabec908d93251645837220f
CLIENT_TRAFFIC_SECRET_0 7fd72f055dfac7c8e4e4959e57a5eaa3caa11d7c7976b90d363c02cfc239fa06 9ac045026eea747acd3a215d70ba2359c6ae30dabcb37ad63519aa1ff048c6d1
SERVER_TRAFFIC_SECRET_0 7fd72f055dfac7c8e4e4959e57a5eaa3caa11d7c7976b90d363c02cfc239fa06 8ca3d4e11f18553bb925f146ef8046fb7fcfbf050557a11efd86d7ef9fa7c2cd
EXPORTER_SECRET 7fd72f055dfac7c8e4e4959e57a5eaa3caa11d7c7976b90d363c02cfc239fa06 6dbaf61fc451c5ceecc6805f6e79283c76d7b5d60c849149f65f89364e1d4d0d
CLIENT_HANDSHAKE_TRAFFIC_SECRET a3f0b19e8da1dc0eec12bdf3a37deaaa80804ba91717bcb301ecc9b50a038d32 885a098551be748bc47f7ae3e9da143603145d2f9255b1db42d5a982a92b8ba5
SERVER_HANDSHAKE_TRAFFIC_SECRET a3f0b19e8da1dc0eec12bdf3a37deaaa80804ba91717bcb301ecc9b50a038d32 5924e94517acc4f9aa08b6091e3126ded9701a9b58c9752e526bb20be196a3bb
CLIENT_TRAFFIC_SECRET_0 a3f0b19e8da1dc0eec12bdf3a37deaaa80804ba91717bcb301ecc9b50a038d32 d664256daa4105ac4e04ff7511258bce973057e0f910543afa728f075de73dd8
SERVER_TRAFFIC_SECRET_0 a3f0b19e8da1dc0eec12bdf3a37deaaa80804ba91717bcb301ecc9b50a038d32 da9cbb489a3e22aae20829949b41d3165f7c27e5876943d1a894db07463ecea7
EXPORTER_SECRET a3f0b19e8da1dc0eec12bdf3a37deaaa80804ba91717bcb301ecc9b50a038d32 edd493241434bb816dd9dcc037119577c9dff9bbad7c7309b9cb10aa6eefae45
CLIENT_EARLY_TRAFFIC_SECRET 86afa31faf81397ca936d16f434555ad9e033ebcb9c428cb3967546e9f75a39e 91149be01b91054c082aeb9170e71d6586baf29c8e04fe2666175ba35d909e49
CLIENT_HANDSHAKE_TRAFFIC_SECRET 86afa31faf81397ca936d16f434555ad9e033ebcb9c428cb3967546e9f75a39e 1440457ae16b2b8509363ac6e63a21d330b976bbff37540bd33150a357c1afbd
SERVER_HANDSHAKE_TRAFFIC_SECRET 86afa31faf81397ca936d16f434555ad9e033ebcb9c428cb3967546e9f75a39e edf19cd12f8dd024d0b8308c4557245d6ae3a4ccec8077429c620cd290bbf555
CLIENT_TRAFFIC_SECRET_0 86afa31faf81397ca936d16f434555ad9e033ebcb9c428cb3967546e9f75a39e 61424fb29d2d64b528b9ea4302c65184d1bf7d454c79fbfee2a78c01d617ad07
SERVER_TRAFFIC_SECRET_0 86afa31faf81397ca936d16f434555ad9e033ebcb9c428cb3967546e9f75a39e 7d9c23560f6ea4834be51a1b1f5fff92e5d31b326a7f9da876ae78b729bd5cf5
EXPORTER_SECRET 86afa31faf81397ca936d16f434555ad9e033ebcb9c428cb3967546e9f75a39e bca7bb7b5e1b2147bfc813dd974ad2ea97ad1d2a69969795c50f5406ad509619
CLIENT_EARLY_TRAFFIC_SECRET 27484c4bc5b7325524035f94877d12fde88ebf03ee9619c1fd3060eed7b0abfb 97857efffd36993d06734588688bbe1cde18ae0eeb7c3e5f295fb414b3fe8000
CLIENT_HANDSHAKE_TRAFFIC_SECRET 27484c4bc5b7325524035f94877d12fde88ebf03ee9619c1fd3060eed7b0abfb 55dd78c23effbe8b103a0c648a4cc0e97b2d445dc29c71649fb296996169afa0
SERVER_HANDSHAKE_TRAFFIC_SECRET 27484c4bc5b7325524035f94877d12fde88ebf03ee9619c1fd3060eed7b0abfb 66b45029d72898376b9eed1913dfe4684efb15d26b5a62ef607c5f7c82e410d0
CLIENT_TRAFFIC_SECRET_0 27484c4bc5b7325524035f94877d12fde88ebf03ee9619c1fd3060eed7b0abfb b7bc772b8b0c262aed778569a2d3a4978788399b840a51b800af037bd34da729
SERVER_TRAFFIC_SECRET_0 27484c4bc5b7325524035f94877d12fde88ebf03ee9619c1fd3060eed7b0abfb 183ade0fc3dbbcfa76e765a6e2290af2e7176e6ace81ba666efaf586e7995edc
EXPORTER_SECRET 27484c4bc5b7325524035f94877d12fde88ebf03ee9619c1fd3060eed7b0abfb c2f331f2e253d3daae265b35934d27a11b4b9b92a3905f9e4663cad6ff34ff3b
CLIENT_HANDSHAKE_TRAFFIC_SECRET a3d6ea883da14cd959915896837e9f6a59c38ace68294d5398da83aae09a6d7f acc62896be3ad29021302c87c39abb3e6b2bebb413ffef8bf148c0bb637d7901b19e9dfa07061b92c2e17487d9568cab
SERVER_HANDSHAKE_TRAFFIC_SECRET a3d6ea883da14cd959915896837e9f6a59c38ace68294d5398da83aae09a6d7f e1211104489e8ca49e4b993ea447eb9f09e82c90ffdc6936a280982c5a19b04620595629431e9302e4a925dac080614f
CLIENT_TRAFFIC_SECRET_0 a3d6ea883da14cd959915896837e9f6a59c38ace68294d5398da83aae09a6d7f 73e830dbd835856586d084b624d765a472bd9e14384b5f5cae327419495559e183c858c6d659f757848958ffe9116376
SERVER_TRAFFIC_SECRET_0 a3d6ea883da14cd959915896837e9f6a59c38ace68294d5398da83aae09a6d7f 6b1eb29731b405b70ee74a0497b7607a097c09343624738291d00609b6c3abb4cb868e86995f7359252008ec1590f7ea
EXPORTER_SECRET a3d6ea883da14cd959915896837e9f6a59c38ace68294d5398da83aae09a6d7f ab16b16716aa056e06fb241573cea2e9731d17549425fe7e3a0891e77324396703074f264e486a3bc5372a12d396c3a2
CLIENT_HANDSHAKE_TRAFFIC_SECRET 2d3c405982ef2b2115bf05185a913fec3ef128ad2d414dd1136f33c87806048a 43fb1dcf0c8662aaa93ef43295e8cf53126923df73a8a7c6ff8865323a76c05d
SERVER_HANDSHAKE_TRAFFIC_SECRET 2d3c405982ef2b2115bf05185a913fec3ef128ad2d414dd1136f33c87806048a 13c8d01bf051d7a802d1a11f7d7205ff05d850c85d78a166dca1425132c53f03
CLIENT_TRAFFIC_SECRET_0 2d3c405982ef2b2115bf05185a913fec3ef128ad2d414dd1136f33c87806048a 87d9ac146f101663dd8b241dc3cbe8598c80a0cea9b32ad54b5e247c4ce601d2
SERVER_TRAFFIC_SECRET_0 2d3c405982ef2b2115bf05185a913fec3ef128ad2d414dd1136f33c87806048a 9ba7c2e9f39b3719ebd87e1accff71c3670265610dc4c89eaad55a8b8e8ed3c8
EXPORTER_SECRET 2d3c405982ef2b2115bf05185a913fec3ef128ad2d414dd1136f33c87806048a 15914b09070abf8d9193294d3e786afc2a9f0ba7a4361d888a7a2609046bb175
CLIENT_HANDSHAKE_TRAFFIC_SECRET bd2ad88bd524bae9c2371852cb0e3d86697b368f17f7d0685ed670e8765576b3 9bd6f63f8e5c239ecb75a0df3627b1eaa086c398a6c7f83ddf82a21388eacbe0
SERVER_HANDSHAKE_TRAFFIC_SECRET bd2ad88bd524bae9c2371852cb0e3d86697b368f17f7d0685ed670e8765576b3 8108012c75035b687d1f24bc09296878299f635dac7993708a7804afdafe96e5
CLIENT_TRAFFIC_SECRET_0 bd2ad88bd524bae9c2371852cb0e3d86697b368f17f7d0685ed670e8765576b3 5086704bf3e59acf22c17b2c7296116d387a98d8789bb5cd95095d65500ba6f1
SERVER_TRAFFIC_SECRET_0 bd2ad88bd524bae9c2371852cb0e3d86697b368f17f7d0685ed670e8765576b3 fc61a73c1cda9415e74e52d2cfc623c6c3e2570ce8b2a35fd34de8878a6c625e
EXPORTER_SECRET bd2ad88bd524bae9c2371852cb0e3d86697b368f17f7d0685ed670e8765576b3 8678206ff9250e72db61ead07a90b0b6c52c30477e993c12e969d2a0f70bff87
CLIENT_HANDSHAKE_TRAFFIC_SECRET b182afecc636207424f9792b10c5c1e574be62a3b09b2a3af3b56ac452cadd16 6744ba32e0f2106d16ed971389e5a685dbcd3598befa43006f98d3ce8562cf57
SERVER_HANDSHAKE_TRAFFIC_SECRET b182afecc636207424f9792b10c5c1e574be62a3b09b2a3af3b56ac452cadd16 afa06c9fd40ce31b4f7a4e2c8021e8cf8c3ce6c29c578cacdfe09b443094b35a
CLIENT_TRAFFIC_SECRET_0 b182afecc636207424f9792b10c5c1e574be62a3b09b2a3af3b56ac452cadd16 ecbf6932fcb7d9925f914a1705ab7dc523e217ff5fb0a814c743e9e31472a2a6
SERVER_TRAFFIC_SECRET_0 b182afecc636207424f9792b10c5c1e574be62a3b09b2a3af3b56ac452cadd16 9e2a3533d9ace1b7d8e0b486526a16d669aa2936697c54410740d499579c934f
EXPORTER_SECRET b182afecc636207424f9792b10c5c1e574be62a3b09b2a3af3b56ac452cadd16 8b3ebbb381a0dba4a0e6ce3084789ccebc1e3552052cde1e925370fad3e8d68a
CLIENT_HANDSHAKE_TRAFFIC_SECRET 8b92dea444de04a63acf6b3cf408ba0069a9e38a1cefa24a79437f8075bbd6e4 f35253f4723a0404bb020023a09ca071b10abc97104840a6f0d94e0494e5b0fc
SERVER_HANDSHAKE_TRAFFIC_SECRET 8b92dea444de04a63acf6b3cf408ba0069a9e38a1cefa24a79437f8075bbd6e4 73451276d461fd9cd73af20d918b665857584951e99c7c159c2b24f2a427e6e9
CLIENT_TRAFFIC_SECRET_0 8b92dea444de04a63acf6b3cf408ba0069a9e38a1cefa24a79437f8075bbd6e4 977ab7b1d74f31377e60782b1cb15fb74616453e3422d72ce536578a5c81bb3d
SERVER_TRAFFIC_SECRET_0 8b92dea444de04a63acf6b3cf408ba0069a9e38a1cefa24a79437f8075bbd6e4 2849508b3ca0820d82042b4935fe4babebf42c23ff2ee28392c018a599496560
EXPORTER_SECRET 8b92dea444de04a63acf6b3cf408ba0069a9e38a1cefa24a79437f8075bbd6e4 8c7b4a7d864831c6f7187244bb3af87fb687c3d3705e76bcd01bc5afca0136a6
CLIENT_HANDSHAKE_TRAFFIC_SECRET 124a53d25e50ac30c872235b9fb124d7431e4ab4477c0b1d571764a69588bb91 a75cd0accc489f286b1c0c253d7d4c3566c612fa4fed38737e2d13b790230182
SERVER_HANDSHAKE_TRAFFIC_SECRET 124a53d25e50ac30c872235b9fb124d7431e4ab4477c0b1d571764a69588bb91 89156ae8c1f705a4dcd7b685e4eaef98e514427954996a3cb1b8dac73504914e
CLIENT_TRAFFIC_SECRET_0 124a53d25e50ac30c872235b9fb124d7431e4ab4477c0b1d571764a69588bb91 d2cf5a4a90e89178859a6b71059a9d395c34ace5bcef4ed7219297748a55c92e
SERVER_TRAFFIC_SECRET_0 124a53d25e50ac30c872235b9fb124d7431e4ab4477c0b1d571764a69588bb91 2758b9abb34243115e0065b88cf500fad8ec0b14816388b8cc01ee1b81da2172
EXPORTER_SECRET 124a53d25e50ac30c872235b9fb124d7431e4ab4477c0b1d571764a69588bb91 0d7bdf12fea10b8575fc48619aaf17acea6b15c5d96a32cfae74bada68f6c43b
CLIENT_HANDSHAKE_TRAFFIC_SECRET f3485fad41a2dc76ef618095aa5ed9033c3ef63f87c21fc45b33b8c1ffcd6de0 eb58758a41813fa130e39263cc67ef2ad732d66f4806936ed4628307b23b874d1189829c09ab80f7a054d07e49fa6358
SERVER_HANDSHAKE_TRAFFIC_SECRET f3485fad41a2dc76ef618095aa5ed9033c3ef63f87c21fc45b33b8c1ffcd6de0 499b04da79e1dc9fc1a677924590a3f76f507b6908ad63a076c33a2595a393a45d9e94841bcc50529c1b63ee165117a1
CLIENT_TRAFFIC_SECRET_0 f3485fad41a2dc76ef618095aa5ed9033c3ef63f87c21fc45b33b8c1ffcd6de0 9ab1ddfb3ae8a439b139482459e3933e82f6dfbd16d8750e4651ac7fa4107e5852f0f4f013567c40e2f9192a788457c3
SERVER_TRAFFIC_SECRET_0 f3485fad41a2dc76ef618095aa5ed9033c3ef63f87c21fc45b33b8c1ffcd6de0 0907a09deb8a1492e5aac806d585441ae95efdc6849d64820896d7fa8d33cc1db78bc05830f3d121c7a05fb54c92e8e6
EXPORTER_SECRET f3485fad41a2dc76ef618095aa5ed9033c3ef63f87c21fc45b33b8c1ffcd6de0 07a00f2ee49a1030b8ffdc2ea683141cf887409c86cd7ab990855c665625f33506b8c9a67d2d427be5b92930556ac742
CLIENT_EARLY_TRAFFIC_SECRET 56ca852f32b253172140dedf929a8d1103414ff524f59e37e767a760e5f2ae4b 1a265e823b665c3ef5229924a2148b6ba97488bee551f3b1a7555b94327c62e4
CLIENT_HANDSHAKE_TRAFFIC_SECRET 56ca852f32b253172140dedf929a8d1103414ff524f59e37e767a760e5f2ae4b 60fde821a6a5345172b33c34c3657474d654e57917657b4344ab63d08791892d
SERVER_HANDSHAKE_TRAFFIC_SECRET 56ca852f32b253172140dedf929a8d1103414ff524f59e37e767a760e5f2ae4b 32ce40fa77487c98d6cb36bd06c626790eb2b6ed5ba50cbc0fb9d84c7dfe9f22
CLIENT_TRAFFIC_SECRET_0 56ca852f32b253172140dedf929a8d1103414ff524f59e37e767a760e5f2ae4b 135efcefa3e65060a14217ad7746693638e4a9d2d3771c48e2c8bf72c85ceb34
SERVER_TRAFFIC_SECRET_0 56ca852f32b253172140dedf929a8d1103414ff524f59e37e767a760e5f2ae4b 83d3212054180bb0eb6dbdbfc55b4a21ed721338e5ed0bc28ed44a2352965788
EXPORTER_SECRET 56ca852f32b253172140dedf929a8d1103414ff524f59e37e767a760e5f2ae4b 1c7761f00fd980ad55b70592480f4076b5cad39ce0d1e860999bba6c463176cd
CLIENT_HANDSHAKE_TRAFFIC_SECRET cc2251d521749b34e48d89e7e7e8869b511a9277ddc75a232444ae1cdea85806 053225db44961b3b68b11345c746a440ae4afee81b9b8fc1a7525aab12fd196a
SERVER_HANDSHAKE_TRAFFIC_SECRET cc2251d521749b34e48d89e7e7e8869b511a9277ddc75a232444ae1cdea85806 e69dd5f5d4a69b90609d973f19c193aafaff87f2d63ea0ff03165e4993577df3
CLIENT_TRAFFIC_SECRET_0 cc2251d521749b34e48d89e7e7e8869b511a9277ddc75a232444ae1cdea85806 c521b069186615ffb597307d7129503d9377cbf8243367cd0ea911db07e4191e
SERVER_TRAFFIC_SECRET_0 cc2251d521749b34e48d89e7e7e8869b511a9277ddc75a232444ae1cdea85806 a994b8d4976727b20465fe2c41b8d94d7a5190ecc4539c006b542c3162a82ff9
EXPORTER_SECRET cc2251d521749b34e48d89e7e7e8869b511a9277ddc75a232444ae1cdea85806 8782e0abbdd0a81d05a6e528f98523d9440568b1e9e86694a434567ea0ed25d3
CLIENT_HANDSHAKE_TRAFFIC_SECRET a9a05819c81c3c62bb03237ae6b42e1f6982d4332aadf850fa9704e5c515d42b 74b77bb05321275870da47fcac9c4dcb4050de0fbc112865228b8d8ad052b312
SERVER_HANDSHAKE_TRAFFIC_SECRET a9a05819c81c3c62bb03237ae6b42e1f6982d4332aadf850fa9704e5c515d42b ded2eeb6bfab825408790e3c2c217e362274b95c46c01e146b5cbedd46ef11a8
CLIENT_TRAFFIC_SECRET_0 a9a05819c81c3c62bb03237ae6b42e1f6982d4332aadf850fa9704e5c515d42b 6471edfa6e3415e5603a6d67bdeca59541be475299ee3b966607bd3d373721ef
SERVER_TRAFFIC_SECRET_0 a9a05819c81c3c62bb03237ae6b42e1f6982d4332aadf850fa9704e5c515d42b e79b946bce891ae0ba4147e4e7391cec352f1c766b08eaff74d1d8d75a6f13cb
EXPORTER_SECRET a9a05819c81c3c62bb03237ae6b42e1f6982d4332aadf850fa9704e5c515d42b 4a3d33e501ff46d4e8dcae3a97fa351b23e06bb64d525e21a451de6f03f2d462
CLIENT_HANDSHAKE_TRAFFIC_SECRET 7a837a0d8b0bc553b5b5d9f4e56f5cfa74bb39f6d884004084b072393507ea52 bfa414a896d1b250de7f44cfab4e407387359b609b26c00a2a11d6f01bcbd6c4
SERVER_HANDSHAKE_TRAFFIC_SECRET 7a837a0d8b0bc553b5b5d9f4e56f5cfa74bb39f6d884004084b072393507ea52 11266a40ac09e1e8f94b51e2f74e44e785c77ba0f7a2caecef18f3c59248600e
CLIENT_TRAFFIC_SECRET_0 7a837a0d8b0bc553b5b5d9f4e56f5cfa74bb39f6d884004084b072393507ea52 2f99cdfeb83d6fb859f3ba4021c433813acb6c4f35a5c20ae23dc4090792bca3
SERVER_TRAFFIC_SECRET_0 7a837a0d8b0bc553b5b5d9f4e56f5cfa74bb39f6d884004084b072393507ea52 db690ea895700806c1018b86fd1c714fe2b424770c6f3ab027ea3c984a7e80b7
EXPORTER_SECRET 7a837a0d8b0bc553b5b5d9f4e56f5cfa74bb39f6d884004084b072393507ea52 b872c997890d632680bbc7bfeeea229f84c25600965aaf764d3b07f9ce7dbf38
CLIENT_HANDSHAKE_TRAFFIC_SECRET 66242ddcebed6b8e2e1b0826b698c84511352588df2152b2b30b9da836ee64e7 520e7f1e8ecb14b17b8946034291697de52f5765044eb98b4d79d8336db02a127ac827dd1aa8815c2a9191ab30ca4ae9
SERVER_HANDSHAKE_TRAFFIC_SECRET 66242ddcebed6b8e2e1b0826b698c84511352588df2152b2b30b9da836ee64e7 2bd5820c009d767f26d49763695b5ad2f6f599eae404e624c52287b0d5a06ae9d0509c5093d9ec11038509c69689b58d
CLIENT_TRAFFIC_SECRET_0 66242ddcebed6b8e2e1b0826b698c84511352588df2152b2b30b9da836ee64e7 f570f98af586f7765a168cb5ad96f468faaa28171038481e5c4f3b549a9608329153b4ec5d09c690a179db2e3d1c4db3
SERVER_TRAFFIC_SECRET_0 66242ddcebed6b8e2e1b0826b698c84511352588df2152b2b30b9da836ee64e7 ab5d84bc483ef0183db62c43f115f40832ee666dd511365b7da46902c758bf8d597996652aa292dbd268cd9877ecd8d1
EXPORTER_SECRET 66242ddcebed6b8e2e1b0826b698c84511352588df2152b2b30b9da836ee64e7 7f06a63c0cf4c2249e32ca9ac21ae8977aba6ec247da1183a1c308c853b290da645787361855019a40277fc9faa9625e
CLIENT_HANDSHAKE_TRAFFIC_SECRET 7ebe1a3beb6fd5efb7fe3a91734616bd4d6dac57ee88174ac6ed7d1f9b7e7b53 2c4c73b43a98be2e5ec70f968dbf2bb8ee24c25718da0daa5246cfd6743f30a5
SERVER_HANDSHAKE_TRAFFIC_SECRET 7ebe1a3beb6fd5efb7fe3a91734616bd4d6dac57ee88174ac6ed7d1f9b7e7b53 bb1d26aff0b0f5c3640736f8fd370eced95b23894af16d5db50832ddbb8f9d07
CLIENT_TRAFFIC_SECRET_0 7ebe1a3beb6fd5efb7fe3a91734616bd4d6dac57ee88174ac6ed7d1f9b7e7b53 8d8459501f247252b5715c1376f015f89e878df5b471deeeb6711b6e82b9e118
SERVER_TRAFFIC_SECRET_0 7ebe1a3beb6fd5efb7fe3a91734616bd4d6dac57ee88174ac6ed7d1f9b7e7b53 af594f6a024f0b5b487913349c7aaf6d8144cd361eef6cbbb51c61a91b27975d
EXPORTER_SECRET 7ebe1a3beb6fd5efb7fe3a91734616bd4d6dac57ee88174ac6ed7d1f9b7e7b53 ed103e851e1dbf82c70e8051cb7ac5820ef9902481c6e8dc5f281c283049069e
CLIENT_HANDSHAKE_TRAFFIC_SECRET d98d08d306ade60a69a0653b5f0aa85196413c7b3d72790d7954b81767611ef8 f332bdda17a92246f227d975d7760368d1a35ee0c3a6458eec461e74084ec8bb
SERVER_HANDSHAKE_TRAFFIC_SECRET d98d08d306ade60a69a0653b5f0aa85196413c7b3d72790d7954b81767611ef8 d10b50749799076c92cfeaef832a644300bc99257fde69d39fee811286ad6f07
CLIENT_HANDSHAKE_TRAFFIC_SECRET 80f5568f8182ea66e945cfb4bd0451cbdc5771fe5ba8f573cea466b7f41e3847 3ad82fc668734b35bea59a228d0511a6d22276fee94321450596873d73032ce5
SERVER_HANDSHAKE_TRAFFIC_SECRET 80f5568f8182ea66e945cfb4bd0451cbdc5771fe5ba8f573cea466b7f41e3847 ce13c61bc1c616b058f76fdda41bf659128916a6c8947248826b8be1512f04aa
CLIENT_TRAFFIC_SECRET_0 d98d08d306ade60a69a0653b5f0aa85196413c7b3d72790d7954b81767611ef8 7428845afa5f263f48aa44583c3c05eebff117f039e170b490a63d63d7f11ef9
SERVER_TRAFFIC_SECRET_0 d98d08d306ade60a69a0653b5f0aa85196413c7b3d72790d7954b81767611ef8 7423f1c33e215165052cebf04202afebd4d6e1286664bd6ba232440533708a1f
EXPORTER_SECRET d98d08d306ade60a69a0653b5f0aa85196413c7b3d72790d7954b81767611ef8 56eb2ba6777d88828139370b9090d9810a02c477060fe7c57868a6b5d4ef16c2
CLIENT_TRAFFIC_SECRET_0 80f5568f8182ea66e945cfb4bd0451cbdc5771fe5ba8f573cea466b7f41e3847 bab24cc647dea90e6d6e6913221216f4bd3cb8340915ce361e160746184bdbb4
SERVER_TRAFFIC_SECRET_0 80f5568f8182ea66e945cfb4bd0451cbdc5771fe5ba8f573cea466b7f41e3847 39521d2470cdc15c2bfa79f90f137a5aa5b7c1bbcdc7e65884beb9e961a65378
EXPORTER_SECRET 80f5568f8182ea66e945cfb4bd0451cbdc5771fe5ba8f573cea466b7f41e3847 9ffa4b64b7ebc38db008fd3dafcd7b996e8a28fdacd785b5bd8bafc63c64528a
CLIENT_EARLY_TRAFFIC_SECRET 27dc6bc8f939bc08dd7dea303591bae2eb1a2f58c9e6927dd114b72678482c23 475b4f96712427904f284fca7eb27531255e1a1239944415ddfbfab81ce922ab
CLIENT_HANDSHAKE_TRAFFIC_SECRET 9a8115a526ca8deb50c63eb61abaf25e0ccf7badac3ba429d2aa0cfe97da3944 6c5034c2c4320b7156d4bdcd9071f6612c64dd8f43df2af4601cddfc2d24e048
SERVER_HANDSHAKE_TRAFFIC_SECRET 9a8115a526ca8deb50c63eb61abaf25e0ccf7badac3ba429d2aa0cfe97da3944 f95a1dae6993f52cc5829a7713651d47869485a1d1859fbe984a811a5ca15629
CLIENT_TRAFFIC_SECRET_0 9a8115a526ca8deb50c63eb61abaf25e0ccf7badac3ba429d2aa0cfe97da3944 c29f5492870c3c1558bd25cc446c14b08a4bc0056d9c78491e36324c5e8346c4
SERVER_TRAFFIC_SECRET_0 9a8115a526ca8deb50c63eb61abaf25e0ccf7badac3ba429d2aa0cfe97da3944 14a4449924c0c2cdc3ff07c2e73308eb3a11821ba0e38cfc4faef931f9ef8fe1
EXPORTER_SECRET 9a8115a526ca8deb50c63eb61abaf25e0ccf7badac3ba429d2aa0cfe97da3944 3a1f073778eb28a5d81a3fddce57bf31d8f3613666da9f9e939256e190dee137
CLIENT_HANDSHAKE_TRAFFIC_SECRET 27dc6bc8f939bc08dd7dea303591bae2eb1a2f58c9e6927dd114b72678482c23 e65dd50458944cc2d40959dab62202286d1201f0ed688461c3b89ca3eb968556
SERVER_HANDSHAKE_TRAFFIC_SECRET 27dc6bc8f939bc08dd7dea303591bae2eb1a2f58c9e6927dd114b72678482c23 02ae0faddf61496a60bfb7a2951a9c9c9e7524ddb22965eb4f3aaf3462a837fc
CLIENT_TRAFFIC_SECRET_0 27dc6bc8f939bc08dd7dea303591bae2eb1a2f58c9e6927dd114b72678482c23 257833fa0c5f20a98f4ce544ede05ce2462c1a01778f9b5a672b0d332448ecc3
SERVER_TRAFFIC_SECRET_0 27dc6bc8f939bc08dd7dea303591bae2eb1a2f58c9e6927dd114b72678482c23 e12b35a173ea2a883664c90a92593281853775b235b09b8acce2012b10357603
EXPORTER_SECRET 27dc6bc8f939bc08dd7dea303591bae2eb1a2f58c9e6927dd114b72678482c23 2d9c7a4ca256dc40b612d3cbf23103ee36a386b7d4bb4712a69c5f7d0df2cc97
CLIENT_EARLY_TRAFFIC_SECRET dbc9f601604ca04bb008772cc4e38281afc7ab38f0b08a886132b30ee229347a d415902f3017a785701bdc62ef617f500c998e7550f939f8128f9f2cb6edfa33
CLIENT_HANDSHAKE_TRAFFIC_SECRET dbc9f601604ca04bb008772cc4e38281afc7ab38f0b08a886132b30ee229347a 789e9ef7f81606ec3bf5624d156d0edb5cf4e51d3811ce21d835f8c27d13d7bb
SERVER_HANDSHAKE_TRAFFIC_SECRET dbc9f601604ca04bb008772cc4e38281afc7ab38f0b08a886132b30ee229347a 8d6d386bd0c25520b81f97d76289abe4564f64850195782ef555c9c13598dabf
CLIENT_TRAFFIC_SECRET_0 dbc9f601604ca04bb008772cc4e38281afc7ab38f0b08a886132b30ee229347a c8445e124e2a7ae8129601c981ff140c05a40b99f2ee5c4100b3970a0b1532b0
SERVER_TRAFFIC_SECRET_0 dbc9f601604ca04bb008772cc4e38281afc7ab38f0b08a886132b30ee229347a 9d4eb95ea9e1e24e6c8244900db854bd7207efccdb66494be69a4406e6c6eaa4
EXPORTER_SECRET dbc9f601604ca04bb008772cc4e38281afc7ab38f0b08a886132b30ee229347a 9a34758d3395ea65dd05c5a0dc82cc0eaf489e579b32cdd77c257ad0d072f8ee
CLIENT_EARLY_TRAFFIC_SECRET cf92b711184e0240edc7e064f4d09f66c6372f3de569ecd075a07537016f155c 9258b308e089af52f4e8c519ef69c5d87c2bbc74ce7d0e5e0ff72bd0f7597b35
CLIENT_HANDSHAKE_TRAFFIC_SECRET cf92b711184e0240edc7e064f4d09f66c6372f3de569ecd075a07537016f155c 4446ad9c5fbf926256965a65605dcd48505b0f5cef15275a7e8b2fc1f9179e7c
SERVER_HANDSHAKE_TRAFFIC_SECRET cf92b711184e0240edc7e064f4d09f66c6372f3de569ecd075a07537016f155c 7340c8bc943e372020e5e03a8bc7bbe98a69c9edf803d14c009a7104d2df247d
CLIENT_TRAFFIC_SECRET_0 cf92b711184e0240edc7e064f4d09f66c6372f3de569ecd075a07537016f155c f70caeed01cede7df5ef6df9820a46b9a31ab2936ad45fc0d8674bc741f4649b
SERVER_TRAFFIC_SECRET_0 cf92b711184e0240edc7e064f4d09f66c6372f3de569ecd075a07537016f155c 0d6af23132132b805f94bd073faabad0da1dafc6f2b54d789ae9b780e73dae7f
EXPORTER_SECRET cf92b711184e0240edc7e064f4d09f66c6372f3de569ecd075a07537016f155c c75906ebc1dbb56d1451726bb9b14710200e106f61972ea8f94c937ea1e0de4b
