CLIENT_HANDSHAKE_TRAFFIC_SECRET cec11fe3a4906569f95ccec83e631cf88daf33660ff52e901386635621846154 f525a7963fa104ba32bbc3d6e16bb2842dab8daac2f873030b82a5c3cfe7fcf6
SERVER_HANDSHAKE_TRAFFIC_SECRET cec11fe3a4906569f95ccec83e631cf88daf33660ff52e901386635621846154 154908c530d647c100e53995a552c158aaec99c6c72d250238a73bb62236c476
CLIENT_HANDSHAKE_TRAFFIC_SECRET 5e381ceddfc87435b51478c7008258b4ba80c08baf6e9a8ce1e97c7450b77116 822cc5d094bc09fea2675c4e230d28b8ca8a50200312c69f58d3d69018298afa
SERVER_HANDSHAKE_TRAFFIC_SECRET 5e381ceddfc87435b51478c7008258b4ba80c08baf6e9a8ce1e97c7450b77116 1205a964f5409fbe8d5db2e4e58496f45010cc985dfa98b2a19a8e35447bc9c1
CLIENT_HANDSHAKE_TRAFFIC_SECRET d03f612c76056890870e9ca9472667df24d1bc79a4fdf87f89408cf31edb3f88 8485a29d23fef1ae857c8b3cbcfc446822227fc00e67d49015127bf6b5a1c126
SERVER_HANDSHAKE_TRAFFIC_SECRET d03f612c76056890870e9ca9472667df24d1bc79a4fdf87f89408cf31edb3f88 336bce8646a4ed05c0c69714d2450665a9f42b346de727d62759cdd47563425f
CLIENT_TRAFFIC_SECRET_0 cec11fe3a4906569f95ccec83e631cf88daf33660ff52e901386635621846154 5c9bc4af0ed048269404798ac65c5c2e381ed1bc0957bb64781350d8e91c39ac
SERVER_TRAFFIC_SECRET_0 cec11fe3a4906569f95ccec83e631cf88daf33660ff52e901386635621846154 5874a8852cd1566b66ad64fca9417c1db8cd6c07090e5f3c627c6e1dc538e4ae
EXPORTER_SECRET cec11fe3a4906569f95ccec83e631cf88daf33660ff52e901386635621846154 3ea3afe5372a137bc5f928cdad50230c9e156aecbc6e72313f1eecf0c15d9fcd
CLIENT_HANDSHAKE_TRAFFIC_SECRET a65fb3e49ed756aca0a2a23192793a5b779c2a93c781075712382151017b529a 61633cd5c7a1271a0309f8165c5955386d78251b0dcb53b1818c8c474e1b118c3adfc28bd3d2fce2ab209ad26cde66ac
SERVER_HANDSHAKE_TRAFFIC_SECRET a65fb3e49ed756aca0a2a23192793a5b779c2a93c781075712382151017b529a 19cf455874fb00977a8e1721397a9ba13b0a79d069badc824cb5c7c63a47589da478ccd17ff7ac0686bebe839e0c6072
CLIENT_TRAFFIC_SECRET_0 d03f612c76056890870e9ca9472667df24d1bc79a4fdf87f89408cf31edb3f88 b617776edd5499a51ba00ec4d7cd7bf91f427da644ceb1eb4508e2d9976a15b7
SERVER_TRAFFIC_SECRET_0 d03f612c76056890870e9ca9472667df24d1bc79a4fdf87f89408cf31edb3f88 208eae5f5299f609130f0091d69e36ea231512ed28e7c18ae183dcdf1dab1b44
EXPORTER_SECRET d03f612c76056890870e9ca9472667df24d1bc79a4fdf87f89408cf31edb3f88 631cbb15e9c5f290eee41363124c01146d89a6fb43a78fbe5c3631562d83fd24
CLIENT_HANDSHAKE_TRAFFIC_SECRET d2690cdbe9c935e3844352a10cef1cc1bb0e77444f923fdf781d3f7be61963f6 7e2532aeb8a1ce1ef17acd5696eb391c19cf62a9201ce0c84099933deb1f4eb5
SERVER_HANDSHAKE_TRAFFIC_SECRET d2690cdbe9c935e3844352a10cef1cc1bb0e77444f923fdf781d3f7be61963f6 51577e59e7f9b0016595bc0220ea5b74eea11e18749b98cff8cc73b8e7114027
CLIENT_TRAFFIC_SECRET_0 a65fb3e49ed756aca0a2a23192793a5b779c2a93c781075712382151017b529a 34019c4b838f055746af9963169d03e9d279a407712d74f2f8a85098951c89afab97172249ad9c02a39a994165de1853
SERVER_TRAFFIC_SECRET_0 a65fb3e49ed756aca0a2a23192793a5b779c2a93c781075712382151017b529a 05a24eebfa28980f1c5fa814ca4350118ff9b7b05c12735508ae3e763620b439840855723831f960eb7d21b4321f2418
EXPORTER_SECRET a65fb3e49ed756aca0a2a23192793a5b779c2a93c781075712382151017b529a 4f0d876bfbfee402e4205c6d714509a4beae4847704b4e4e5e7d413d85505582cecc590c72ecfcb1a3728323c0121251
CLIENT_TRAFFIC_SECRET_0 5e381ceddfc87435b51478c7008258b4ba80c08baf6e9a8ce1e97c7450b77116 23008ed0e8a7c9a81736d4e624534ddc70840dd4b5f109a43717bf73f0bdee11
SERVER_TRAFFIC_SECRET_0 5e381ceddfc87435b51478c7008258b4ba80c08baf6e9a8ce1e97c7450b77116 150151d3a84b948ff2f603687125905b3d508bc9665de9bbd504530a4b8751a8
EXPORTER_SECRET 5e381ceddfc87435b51478c7008258b4ba80c08baf6e9a8ce1e97c7450b77116 db33f8f43ecb1506ca432ff110e5fa2049a8f498e5b612e551ea4d14a10c077d
CLIENT_TRAFFIC_SECRET_0 d2690cdbe9c935e3844352a10cef1cc1bb0e77444f923fdf781d3f7be61963f6 4af1f6d8a202676dc08b5b5428e9f8b0bb8790c75c697c9fe50c95aa6aec16e5
SERVER_TRAFFIC_SECRET_0 d2690cdbe9c935e3844352a10cef1cc1bb0e77444f923fdf781d3f7be61963f6 8defe1a9df09dbc2097051a8810424de877e9848a18d3845816be669b363f569
EXPORTER_SECRET d2690cdbe9c935e3844352a10cef1cc1bb0e77444f923fdf781d3f7be61963f6 871e9da2705746abc4678fcb684727baf99afd07f265c2e2cb4f061b542b1d51
CLIENT_HANDSHAKE_TRAFFIC_SECRET 6044d7b2ce57a48c449f05d4cdeb532c1d633a4b3a0d72701ca5b351bda755ac 1112c6b15543d0392ee738733828f452a0054c6290fa11b48d3124d3099ad2e8
SERVER_HANDSHAKE_TRAFFIC_SECRET 6044d7b2ce57a48c449f05d4cdeb532c1d633a4b3a0d72701ca5b351bda755ac d077d87e26b87d6438c1694ecd172ff3b034622e07686ede5c824a761d9d5614
CLIENT_TRAFFIC_SECRET_0 6044d7b2ce57a48c449f05d4cdeb532c1d633a4b3a0d72701ca5b351bda755ac 5828459a38dce33978059aff89b8f76222e891a1fb57cb14577d44e2fa6882d9
SERVER_TRAFFIC_SECRET_0 6044d7b2ce57a48c449f05d4cdeb532c1d633a4b3a0d72701ca5b351bda755ac 7af7666637d204eb07c585498a7917d81250155bac2c36dd1ac86c1fba946766
EXPORTER_SECRET 6044d7b2ce57a48c449f05d4cdeb532c1d633a4b3a0d72701ca5b351bda755ac 6bfd89a5899052903796b264acb34c46781f7c1deddcac339ed162c1a2ef8f96
CLIENT_HANDSHAKE_TRAFFIC_SECRET 143cc25ca3ade87091fe27aff64b1e3e995055b4f66dc65af66cb4bce9476a0c b0ae5ccea6b8c3eab433251e5ac1aa1b2169b1a2ac8d2ec9290a102fcd6fdc60
SERVER_HANDSHAKE_TRAFFIC_SECRET 143cc25ca3ade87091fe27aff64b1e3e995055b4f66dc65af66cb4bce9476a0c 1b5d65ebb4d2b336b0e398e9ca182fad59cc268b86b39988676a4cec98a0e51f
CLIENT_TRAFFIC_SECRET_0 143cc25ca3ade87091fe27aff64b1e3e995055b4f66dc65af66cb4bce9476a0c b41c2e1dd2690407aeb7b5b538b69959909f80da55c477e8698022870a2701b1
SERVER_TRAFFIC_SECRET_0 143cc25ca3ade87091fe27aff64b1e3e995055b4f66dc65af66cb4bce9476a0c 814abda28ae9511d76a12e8cf90b510fd8752b4411540e0547663c82ff8b0cc9
EXPORTER_SECRET 143cc25ca3ade87091fe27aff64b1e3e995055b4f66dc65af66cb4bce9476a0c 3367da44fb2b226bdf8194f17b7e2f30f968452f8b8f5fc5c7bd02925a31a7e3
CLIENT_HANDSHAKE_TRAFFIC_SECRET 6d9288cad2b948a9cde1f2f221ebcb3da5511589a8aaa00a7fe8aa05b6b3a828 34109e81c244056ae14473e12b8dca853e3f2ec58e0cd4c66f56971baaf4de84
SERVER_HANDSHAKE_TRAFFIC_SECRET 6d9288cad2b948a9cde1f2f221ebcb3da5511589a8aaa00a7fe8aa05b6b3a828 9163dc21080e803c712e9c42ef3e5f326f60555be8dbbaefbeb58c8997cc23bf
CLIENT_TRAFFIC_SECRET_0 6d9288cad2b948a9cde1f2f221ebcb3da5511589a8aaa00a7fe8aa05b6b3a828 0b9b0e6a4131662d0585c225b39f8f977952455da61d4e340b5ca9f6385a5b4e
SERVER_TRAFFIC_SECRET_0 6d9288cad2b948a9cde1f2f221ebcb3da5511589a8aaa00a7fe8aa05b6b3a828 f9e5ebf31bed831ce9bfae9e8724f70769e777f0a7c3e41d06b0f66628ac58ad
EXPORTER_SECRET 6d9288cad2b948a9cde1f2f221ebcb3da5511589a8aaa00a7fe8aa05b6b3a828 2886079ebd7be9958e328892dcf3eea7e7ad613fce74b47e59999c667ca7509b
CLIENT_HANDSHAKE_TRAFFIC_SECRET 36f8ef87f6c60ed4da819d210ec4b25e3557e47fef667faedf43bfc5dcdaebb2 dde42153838dcbd8185dbaad2aaf188569328a04136d6b4bc3c631e05545d62e
SERVER_HANDSHAKE_TRAFFIC_SECRET 36f8ef87f6c60ed4da819d210ec4b25e3557e47fef667faedf43bfc5dcdaebb2 3752aeb00a2769d9d45dc54a942c16eb03232a78aed8fc26e04a8d4ff1332d56
CLIENT_TRAFFIC_SECRET_0 36f8ef87f6c60ed4da819d210ec4b25e3557e47fef667faedf43bfc5dcdaebb2 701e41e05645a48ad211e988ca984206b4959d8637e3b604b3e38c9738aff9e9
SERVER_TRAFFIC_SECRET_0 36f8ef87f6c60ed4da819d210ec4b25e3557e47fef667faedf43bfc5dcdaebb2 aa66ab425e7bf7059b84b1441be332ac1c2e72929544739c705189e600a92761
EXPORTER_SECRET 36f8ef87f6c60ed4da819d210ec4b25e3557e47fef667faedf43bfc5dcdaebb2 067aed68871aabfa2c25259ba998ec39e4f521e68289d5a42e4d5b1da5ec9822
CLIENT_HANDSHAKE_TRAFFIC_SECRET b4789b9c1f4fb917713bbe5eabbac7284d8a86c106d4fae73d41c999917ccb2f dd3801c06d828516b7cb900e213e4648ae22b09b6906cb37271815e31acbe993
SERVER_HANDSHAKE_TRAFFIC_SECRET b4789b9c1f4fb917713bbe5eabbac7284d8a86c106d4fae73d41c999917ccb2f 6b485f2f331509f4fcfeb80ff2fc9a64037bd469f2e77e67c800dbd3d2c0c213
CLIENT_TRAFFIC_SECRET_0 b4789b9c1f4fb917713bbe5eabbac7284d8a86c106d4fae73d41c999917ccb2f c57f8c79c7ca87567d54b6b92eff692d7bf816a2b1cb6e38fafd0eb384ea7aae
SERVER_TRAFFIC_SECRET_0 b4789b9c1f4fb917713bbe5eabbac7284d8a86c106d4fae73d41c999917ccb2f 0d5dbf9b7a0a7e0e5f1cdf2b6477d2ed8e2cce422a8a998d8bfeea8e270b7638
EXPORTER_SECRET b4789b9c1f4fb917713bbe5eabbac7284d8a86c106d4fae73d41c999917ccb2f 363628eed0ab77ec02ac2a978a578eab812b61b93f3306ee5e2955793d6ca91d
CLIENT_HANDSHAKE_TRAFFIC_SECRET a9555e7161cf642bbf7038c1ccb6a866e4d9c25fe3b7c7f6bd303cddab1d2bc1 65daaf8d316162c8e434db2daf855c766097f2625bc969fa24539625017f6739
SERVER_HANDSHAKE_TRAFFIC_SECRET a9555e7161cf642bbf7038c1ccb6a866e4d9c25fe3b7c7f6bd303cddab1d2bc1 db54c5b505142e8969f2af7e627ee4494f20120d8d25160562a0b8de2b614fc7
CLIENT_TRAFFIC_SECRET_0 a9555e7161cf642bbf7038c1ccb6a866e4d9c25fe3b7c7f6bd303cddab1d2bc1 416d523a29d179843816f57bb8107546356ed8ced16e2b1d795063ed18315e7e
SERVER_TRAFFIC_SECRET_0 a9555e7161cf642bbf7038c1ccb6a866e4d9c25fe3b7c7f6bd303cddab1d2bc1 955eca7c18c3dbe7539af7a59010726fba57d615c6cb625a958405c43a172376
EXPORTER_SECRET a9555e7161cf642bbf7038c1ccb6a866e4d9c25fe3b7c7f6bd303cddab1d2bc1 66889bb484d3fcf637274788988271ce152216aa9abd41ca8f6dd477dc29827c
CLIENT_HANDSHAKE_TRAFFIC_SECRET 2a4b94952cddea973c766723f6ba41ecf99bf843e54033b9ce00e250192eaa16 666ab686b964547f48f04486d82246c4f38b896ad66e1eab713fa5e24e36a51a
SERVER_HANDSHAKE_TRAFFIC_SECRET 2a4b94952cddea973c766723f6ba41ecf99bf843e54033b9ce00e250192eaa16 6bee4f51f08ea268217ba92ac8528f3f9f3da2de50f552574b51f8921a24af14
CLIENT_TRAFFIC_SECRET_0 2a4b94952cddea973c766723f6ba41ecf99bf843e54033b9ce00e250192eaa16 82b8e10771ff5c119f3ebb5080be26e0bcc11af3ae704cb5fca57bf824fab80a
SERVER_TRAFFIC_SECRET_0 2a4b94952cddea973c766723f6ba41ecf99bf843e54033b9ce00e250192eaa16 1a2b1a4f4e4c53bfce5eac3d0a624c148164fb9535db2ecdc8b6d80591ca7c3e
EXPORTER_SECRET 2a4b94952cddea973c766723f6ba41ecf99bf843e54033b9ce00e250192eaa16 10a8d39654626895a6f1a717885e1266d50a08f38dfa6a3f21b47f5a46dab185
CLIENT_HANDSHAKE_TRAFFIC_SECRET d726d09466f76461d084ef8bc06960cdcffc3a6aac3c9ab5124d105324257d68 e68d2a8916110bb0e864d5493e49891b309c18a21ff8982035c65a18bd30b28f
SERVER_HANDSHAKE_TRAFFIC_SECRET d726d09466f76461d084ef8bc06960cdcffc3a6aac3c9ab5124d105324257d68 d3acbbff7efb5e4a4ffeed41baa27741c490bde802e33b77147cbaee856bf779
CLIENT_TRAFFIC_SECRET_0 d726d09466f76461d084ef8bc06960cdcffc3a6aac3c9ab5124d105324257d68 33078ae32341501fbc78b2c02a9f7d436dde2b185c5297b72ccbfd85e75802ae
SERVER_TRAFFIC_SECRET_0 d726d09466f76461d084ef8bc06960cdcffc3a6aac3c9ab5124d105324257d68 2f9cf5261f49d2dde32e26c2e694d7e6c1673c1ef6c5fcebb7b6c20e6621b564
EXPORTER_SECRET d726d09466f76461d084ef8bc06960cdcffc3a6aac3c9ab5124d105324257d68 7e6ea9f38acb0cb39993df2aca939b0102c2aca1d8e52fb7a885a3d850fe6989
CLIENT_HANDSHAKE_TRAFFIC_SECRET a35bdcfeec7761d6d35f219309d559b213664895b1502855604425c3a0ad3825 4976ec879353bd17f416dd0ea62bb0fe94cbf3c0e7c81e9e34804b46302eda20
SERVER_HANDSHAKE_TRAFFIC_SECRET a35bdcfeec7761d6d35f219309d559b213664895b1502855604425c3a0ad3825 b57fb74329525b675c26d5cc2bb64f73195c4768afbfb5dd2dbac610297b9a46
CLIENT_TRAFFIC_SECRET_0 a35bdcfeec7761d6d35f219309d559b213664895b1502855604425c3a0ad3825 a1973d7a417458b8f9b86184e18c82f1dd16079523511d17dcf8ea7d32f34478
SERVER_TRAFFIC_SECRET_0 a35bdcfeec7761d6d35f219309d559b213664895b1502855604425c3a0ad3825 baf4c9d56a13381476cc0bc4be5385028e32ff0af671238fa4b51a927e7f0ca6
EXPORTER_SECRET a35bdcfeec7761d6d35f219309d559b213664895b1502855604425c3a0ad3825 64d99e3ceaec5e489a163f2e316fb0764000fded2f2148f0d39b504fdb794844
CLIENT_HANDSHAKE_TRAFFIC_SECRET dbb6e6d249ee6e98499845436ee3fc3eb15f3da62bcd6479062941563491ba0b 059d9d4cf858dc98ec4f822bc3619b0d2a339e9c01dd7f6505214596978094bed80c7c6550846be1d7334c017324a6b3
SERVER_HANDSHAKE_TRAFFIC_SECRET dbb6e6d249ee6e98499845436ee3fc3eb15f3da62bcd6479062941563491ba0b 72af79841e582a464cfa19293ffab15828eacd7542ed4393cca3fbc47f5a5b7c5a4798d9a9583265cb5a8df99ae7d0aa
CLIENT_EARLY_TRAFFIC_SECRET 41c6af16025f6a64a3d005253c197487ff09eb2720d4bf014b36b41607471cec 070faf17a99dc8ad138d0074f6957f477d1e87dd44e03b68c0ad8eabf69dcc93
CLIENT_HANDSHAKE_TRAFFIC_SECRET 41c6af16025f6a64a3d005253c197487ff09eb2720d4bf014b36b41607471cec 780ebca1eb3855629734c03c854b5bc21255ae6d946cfa5eb685cb88faef3226
SERVER_HANDSHAKE_TRAFFIC_SECRET 41c6af16025f6a64a3d005253c197487ff09eb2720d4bf014b36b41607471cec 9dd070d6c39261949e58682580bd3725ed1c5b36e751a5fb48d4df57a4c23896
CLIENT_TRAFFIC_SECRET_0 41c6af16025f6a64a3d005253c197487ff09eb2720d4bf014b36b41607471cec e6ed7be40497de508f7aa6d8871ca77ea8f7a2a1d184dfde98285904beb18baa
SERVER_TRAFFIC_SECRET_0 41c6af16025f6a64a3d005253c197487ff09eb2720d4bf014b36b41607471cec 2e7e0bf97baa8d89d7324b273c830b13b30f206d1a24580d18cb9f3d697ed8a2
EXPORTER_SECRET 41c6af16025f6a64a3d005253c197487ff09eb2720d4bf014b36b41607471cec 01f7590edd088018931badfbc1004cf9fcf6c6e42e5735a278ed74f99c1b61a4
CLIENT_HANDSHAKE_TRAFFIC_SECRET 6d4025d4d41879d0b2cc7f088e7d39742ca9b9d2741fd0802f4e5bce89b3eef8 5326ef010ae67489400d4fc338bc6ed4b2037e50f6d2c9f2c8e88179d42ee397
SERVER_HANDSHAKE_TRAFFIC_SECRET 6d4025d4d41879d0b2cc7f088e7d39742ca9b9d2741fd0802f4e5bce89b3eef8 26a34b267ec06acd24fb3406c57c133f68c9178fbf131dad2bf16f379e0e2d58
CLIENT_TRAFFIC_SECRET_0 dbb6e6d249ee6e98499845436ee3fc3eb15f3da62bcd6479062941563491ba0b 54d3b2e866dce8a8e33ce832ebbdf4f770c15f5494b09ce5fed20275cc2112ddc96f1b6a4f51944204594658d7dbeb88
SERVER_TRAFFIC_SECRET_0 dbb6e6d249ee6e98499845436ee3fc3eb15f3da62bcd6479062941563491ba0b e64ea7499d53c36d66f1dfbdd9bb7f6f5a21b5fa8355f6d346276f621c4ded973ad0c3cbe1bbec9cc8d38609494940c2
EXPORTER_SECRET dbb6e6d249ee6e98499845436ee3fc3eb15f3da62bcd6479062941563491ba0b dbd97ab30e598532c159e78b634291e58af8135d5c10005b614266eaf903f097007b443ba978eaffe5f560eeb6312ee8
CLIENT_TRAFFIC_SECRET_0 6d4025d4d41879d0b2cc7f088e7d39742ca9b9d2741fd0802f4e5bce89b3eef8 2f2edd389ccc3c7c73cb8d13dd5b1b4c7b87c95cf3c0b824f1846aba16c68237
SERVER_TRAFFIC_SECRET_0 6d4025d4d41879d0b2cc7f088e7d39742ca9b9d2741fd0802f4e5bce89b3eef8 e9ca06ca386c4c00624db108894e6a0f0d7e45fa89cdad328f0387eca5ece96e
EXPORTER_SECRET 6d4025d4d41879d0b2cc7f088e7d39742ca9b9d2741fd0802f4e5bce89b3eef8 d80b5ac045886476b82d3a335d21016a0698b0d9358eb3f99b99a7c319b199ff
CLIENT_HANDSHAKE_TRAFFIC_SECRET 445cab954124acdf7e8a1f4b6d7c89a4055229edef30f3cd4b31711122675b38 c2ec47053088912f59aebe91a63e08aee1aab4e67f158299200b2c0d5410ad7a
SERVER_HANDSHAKE_TRAFFIC_SECRET 445cab954124acdf7e8a1f4b6d7c89a4055229edef30f3cd4b31711122675b38 46301a1a4486f051479e870eba38db4b9e6e241f67f15ab1789437e716d26271
CLIENT_TRAFFIC_SECRET_0 445cab954124acdf7e8a1f4b6d7c89a4055229edef30f3cd4b31711122675b38 0297da246cfd46a0f1594e3b2ff99cafff4e0d9df89017c013035464f9a5f2ef
SERVER_TRAFFIC_SECRET_0 445cab954124acdf7e8a1f4b6d7c89a4055229edef30f3cd4b31711122675b38 fffdf95e819d75695fd1c611b1875afb6213264d80af45dc7985b802a0649f43
EXPORTER_SECRET 445cab954124acdf7e8a1f4b6d7c89a4055229edef30f3cd4b31711122675b38 7ee02429ee72e3cf460ee17163b1e844e6572cf29047689c1211b8aca38ca14d
CLIENT_HANDSHAKE_TRAFFIC_SECRET cd504edac63084e722c881f60181b8806ca05d99c4fa5cd854441daf1f8337a3 cd204ce3c6e6c24494d4e346afa42b396b60987593a09be42e5acc1713893c7a
SERVER_HANDSHAKE_TRAFFIC_SECRET cd504edac63084e722c881f60181b8806ca05d99c4fa5cd854441daf1f8337a3 cfaf92dd31f0a924dc23b39d5d3bf67d05a77845bd87cdd9b782c37a7b66084f
CLIENT_HANDSHAKE_TRAFFIC_SECRET 2a31f8fd7461c614145b8a3e9ea66fa3411e8f06a1c6ceabf164aeb39417cf38 f89b816275f97d70d9acbcd029f1e9adb582bdd0b35cb8678863a5327bf301abd89c219030357026e69d0e44f14a3a58
SERVER_HANDSHAKE_TRAFFIC_SECRET 2a31f8fd7461c614145b8a3e9ea66fa3411e8f06a1c6ceabf164aeb39417cf38 c1618e039c731732cc30616e6f561f3068836cb0b9f6a63ab20a4bfef6bfa569ca5defc2c26f77bd028498b35f0f433d
CLIENT_TRAFFIC_SECRET_0 2a31f8fd7461c614145b8a3e9ea66fa3411e8f06a1c6ceabf164aeb39417cf38 90918e757699795b7bd3a6ec8974fb145b1d43afb65efbf4b8aa6dc64b8f7a44958ce0968fc15a29509540b7e6de252b
SERVER_TRAFFIC_SECRET_0 2a31f8fd7461c614145b8a3e9ea66fa3411e8f06a1c6ceabf164aeb39417cf38 6321ade04edde737e9ab93eca55833ef91fa22e40d7bb81bf19c60ad597240e3876def235ed3610076521026c5bf1d29
EXPORTER_SECRET 2a31f8fd7461c614145b8a3e9ea66fa3411e8f06a1c6ceabf164aeb39417cf38 f800b78cc70894f4fbd9af02d25538948ea3010840249969bf3b44c3c2b2d6000805ca1f047df32b097432a724205366
CLIENT_HANDSHAKE_TRAFFIC_SECRET a3169a8eeffa70c49ecb69f3ced7a5757de2a92d9a65a0504dc859b83810d995 bfb6bcd945212a5295077f95804a9f232dcbd90e1652a979f97ec7cb245a9f62
SERVER_HANDSHAKE_TRAFFIC_SECRET a3169a8eeffa70c49ecb69f3ced7a5757de2a92d9a65a0504dc859b83810d995 de14b041df168ba9943bb9f99390573745e95c7e7f6245620619a3c606ba00a2
CLIENT_HANDSHAKE_TRAFFIC_SECRET 4234bdf9c6aea6ad258d105e8fa36264016468351004455f4b344949495f3d4a ed62bda401bdaa472d0f27be3d20cc58787eb21871f2d0e07f70c1a8efa398a6
SERVER_HANDSHAKE_TRAFFIC_SECRET 4234bdf9c6aea6ad258d105e8fa36264016468351004455f4b344949495f3d4a 775689ee71ad2454474c3b9291910bb5ad66d1430c8645b6dbbf9c572beb7b5e
CLIENT_TRAFFIC_SECRET_0 a3169a8eeffa70c49ecb69f3ced7a5757de2a92d9a65a0504dc859b83810d995 8a4634c2dab022a70229691c881070d76a79e2ef904d69347354bced760a6bb4
SERVER_TRAFFIC_SECRET_0 a3169a8eeffa70c49ecb69f3ced7a5757de2a92d9a65a0504dc859b83810d995 c8968a4b3bacb61179e5897335490e7f49a539d59195d10ffed2b1b6aa6ecbe7
EXPORTER_SECRET a3169a8eeffa70c49ecb69f3ced7a5757de2a92d9a65a0504dc859b83810d995 4f15a263e857c1f2f5481c6876bbc7519bef2495d723236a22f343f95c6c5339
CLIENT_TRAFFIC_SECRET_0 4234bdf9c6aea6ad258d105e8fa36264016468351004455f4b344949495f3d4a 8b2b87fe92d96dbd61aa767aa91718b6c77315350487a3e7f16935db0a9da3bb
SERVER_TRAFFIC_SECRET_0 4234bdf9c6aea6ad258d105e8fa36264016468351004455f4b344949495f3d4a 408b4893b88d24e3807f8f0a62d7d13a25a8fc9916fa5abf2481d6ca0aec9b6f
EXPORTER_SECRET 4234bdf9c6aea6ad258d105e8fa36264016468351004455f4b344949495f3d4a ae90583ce4cf85226e5fc073e042d8140a0f2c2aba3a7e63a2a52be36236c818
CLIENT_HANDSHAKE_TRAFFIC_SECRET 5dc0da0ed411a2fa56976c72d5dcd3461cfc6743a6b59ddab3fe7be468a95efe e4b5de47b285eb1b48a2e754776a45fac086d300cbfa88dff57af6cc93a4391a
SERVER_HANDSHAKE_TRAFFIC_SECRET 5dc0da0ed411a2fa56976c72d5dcd3461cfc6743a6b59ddab3fe7be468a95efe 9d4be02f65fc11a60ead5ae2db2217ff0683b788934ae21dad5112afa92550eb
CLIENT_TRAFFIC_SECRET_0 5dc0da0ed411a2fa56976c72d5dcd3461cfc6743a6b59ddab3fe7be468a95efe 74896d848ff89caf981eea883993a7d68865639773543f8051ea038e4f8bff1f
SERVER_TRAFFIC_SECRET_0 5dc0da0ed411a2fa56976c72d5dcd3461cfc6743a6b59ddab3fe7be468a95efe fe158ac3fd6769b5a213da7770c1db3193b6c148d67eb94911fb44b4b12fc812
EXPORTER_SECRET 5dc0da0ed411a2fa56976c72d5dcd3461cfc6743a6b59ddab3fe7be468a95efe c392f8685b3bb93aac4ba6a7453350e8fe67a519a820cd98a809f1196c70a1f9
CLIENT_HANDSHAKE_TRAFFIC_SECRET 809c5121f805854643b0e2a15d3efc5c43ce928cfe3164099588bcc98186e418 293ebb3c34c7ad82de7f6ca59ff387ca47ab0032bfa1c2be2a3beca9283309b1
SERVER_HANDSHAKE_TRAFFIC_SECRET 809c5121f805854643b0e2a15d3efc5c43ce928cfe3164099588bcc98186e418 bab3e52dd28cc7032cb19d04e4482be6fec1d318bd2c190e5f12f70fd81adf7b
CLIENT_TRAFFIC_SECRET_0 809c5121f805854643b0e2a15d3efc5c43ce928cfe3164099588bcc98186e418 758f29d3a74d773060425dc7477819b0ad0dbcdee2c0b0e23713a84dd5d10644
SERVER_TRAFFIC_SECRET_0 809c5121f805854643b0e2a15d3efc5c43ce928cfe3164099588bcc98186e418 f924e245a4b355a6fd65a9036196a7187c102d7a0a66b01bba0c023dfbbea6fb
EXPORTER_SECRET 809c5121f805854643b0e2a15d3efc5c43ce928cfe3164099588bcc98186e418 ff2b5a01d17205de4730ae8ab7e44fc9e6a6acd3dc58586458107e7ca42a1aa6
CLIENT_HANDSHAKE_TRAFFIC_SECRET e415ad61022aaa324cc60bbc4c1b4c1fd070d58fec76a573f5fd468f97a9404a 117e21069502a7f82235512f8118ce2928dd02494ddde8cb8edb5871a6c45a0e
SERVER_HANDSHAKE_TRAFFIC_SECRET e415ad61022aaa324cc60bbc4c1b4c1fd070d58fec76a573f5fd468f97a9404a dd690b0dfecd008f0eeb9c3ec6cd50b1a7cf3d2706e5ccf222fb3e9fe09b8e1d
CLIENT_TRAFFIC_SECRET_0 e415ad61022aaa324cc60bbc4c1b4c1fd070d58fec76a573f5fd468f97a9404a 0e1484b2c27b74a2aac69ade02416d2d4cd17b39aae1c2f84d6f3883367648aa
SERVER_TRAFFIC_SECRET_0 e415ad61022aaa324cc60bbc4c1b4c1fd070d58fec76a573f5fd468f97a9404a 4a7c3c4a3e6027ce9f84b372dcdbac4ac2e460c1fbbe638367e1301e7f6d4471
EXPORTER_SECRET e415ad61022aaa324cc60bbc4c1b4c1fd070d58fec76a573f5fd468f97a9404a e091b4bfa27bc79122d800b1902de59d414abfd1e1c14f4783de7dd0c658bd24
CLIENT_HANDSHAKE_TRAFFIC_SECRET a0462f7bd9ced5909238f0a90b1008a374c39fbb5935763805460eb94e1ff2a0 30549c7ab26e44e156713d2e9211c0efada101ea9723d6c5657ecd672d30807d
SERVER_HANDSHAKE_TRAFFIC_SECRET a0462f7bd9ced5909238f0a90b1008a374c39fbb5935763805460eb94e1ff2a0 28ed29695b474f2483db83c03481c6e04b122bb0da95f175f15d20aa2ea6a772
CLIENT_TRAFFIC_SECRET_0 a0462f7bd9ced5909238f0a90b1008a374c39fbb5935763805460eb94e1ff2a0 0715e7ab752c901327f16def7548184e4255af787239f645f25a981ad8d0ef89
SERVER_TRAFFIC_SECRET_0 a0462f7bd9ced5909238f0a90b1008a374c39fbb5935763805460eb94e1ff2a0 011bc555bd71afa56a0e300abd7e845cac840d4fb8767ceeabc8acff08362da8
EXPORTER_SECRET a0462f7bd9ced5909238f0a90b1008a374c39fbb5935763805460eb94e1ff2a0 7458ecbe620b03c1223252be9738428ce34152ffd1964d73f464b979d69eb9c4
CLIENT_HANDSHAKE_TRAFFIC_SECRET 630f7019f163239833b391b9d0ef1aea6bd1c06509f79703ea60d7356e4dc8b2 7d73fdf8f271e70277a705969cc832276ebc70f648703b15443d6aef42e27479b84524d28f8f034ef61f51eead758556
SERVER_HANDSHAKE_TRAFFIC_SECRET 630f7019f163239833b391b9d0ef1aea6bd1c06509f79703ea60d7356e4dc8b2 2a11a5714326799797d57e80af6595a1b353d1745ae28adc946ad90a4f331f716010ea5963994a612287a72fe060df40
CLIENT_TRAFFIC_SECRET_0 630f7019f163239833b391b9d0ef1aea6bd1c06509f79703ea60d7356e4dc8b2 73bc89d930850605fb0376f6a6330e8a9b07e57eb4af51e896b989eae81730cc9daa143d93470247a7e4e21725616dc0
SERVER_TRAFFIC_SECRET_0 630f7019f163239833b391b9d0ef1aea6bd1c06509f79703ea60d7356e4dc8b2 51a2582a40d92ce87a58ea58e947491fd3295666ed26d34a52073d16331c0bbd7b7a365c6ed903638d0923b9cb39eb44
EXPORTER_SECRET 630f7019f163239833b391b9d0ef1aea6bd1c06509f79703ea60d7356e4dc8b2 19fe4318b23a7e080157667ca09a843445b53775e2becbcb0490a598685209fe509578e88cdf05ced2e6b1c02b68ef30
CLIENT_HANDSHAKE_TRAFFIC_SECRET 35b60697310e57240976d6e115113d21b44da39edcfaadc47ee36e16ac980b51 31c3b10c17236d2119a75641d6086b5215e43374ff4e165cb4cabb21ddc24515
SERVER_HANDSHAKE_TRAFFIC_SECRET 35b60697310e57240976d6e115113d21b44da39edcfaadc47ee36e16ac980b51 b0f9bec79967b7ebae44d1a57f6b7550adc0fdd2837189fb2960c60c04b52bc1
CLIENT_TRAFFIC_SECRET_0 35b60697310e57240976d6e115113d21b44da39edcfaadc47ee36e16ac980b51 6c5145eda8dbcef5e4cd41fbd05f6885f1509c8f2eccb0330f03f70340cbdd7a
SERVER_TRAFFIC_SECRET_0 35b60697310e57240976d6e115113d21b44da39edcfaadc47ee36e16ac980b51 6e09fc30c2bb77add42ab56fd5576c0599cd60cde60e51a726d917b987542811
EXPORTER_SECRET 35b60697310e57240976d6e115113d21b44da39edcfaadc47ee36e16ac980b51 74f9d8f62614f5691fa2d8d3146cb6d2540125f8763755f350b75410a18b6011
CLIENT_HANDSHAKE_TRAFFIC_SECRET d6b47f0103d622b29d2603bdc36640019d033c3eae64a6e8c60d579102d37ce8 400f8da0776ad4aecc38b83ab2ff8712c7939ac8de528bc1ae0cb768971a6efb
SERVER_HANDSHAKE_TRAFFIC_SECRET d6b47f0103d622b29d2603bdc36640019d033c3eae64a6e8c60d579102d37ce8 3d5d1a6cc25c6d3e29f4c122f8a9caffcfcc2d7705662179d4226ac2227c5550
CLIENT_TRAFFIC_SECRET_0 d6b47f0103d622b29d2603bdc36640019d033c3eae64a6e8c60d579102d37ce8 b862cfa1d15b7d160191e0e8c66293232395dcf6543dff4116b146cec280adc8
SERVER_TRAFFIC_SECRET_0 d6b47f0103d622b29d2603bdc36640019d033c3eae64a6e8c60d579102d37ce8 6d11bbb01c9226e1a86e5a4b8b80701e1ab9f6082bdcd6a828851e9c117aa961
EXPORTER_SECRET d6b47f0103d622b29d2603bdc36640019d033c3eae64a6e8c60d579102d37ce8 a6dc93b03992394ec3212b47f1ae4e4202f490683dc77ad36501a25eb6e3d2d1
CLIENT_HANDSHAKE_TRAFFIC_SECRET bd7d1c7ef525ae7b692dee0b895b35fc7e4ec87710dcd004dae2ed938578bcb3 801a9e6bbff90084d89b429f51f6324e3db8fa2160e6c3b6b221c1e5ad760d6d
SERVER_HANDSHAKE_TRAFFIC_SECRET bd7d1c7ef525ae7b692dee0b895b35fc7e4ec87710dcd004dae2ed938578bcb3 fe8df1468acef3368514df57feda999ac56aede44feb24abcf1c4c9da12f3ea5
CLIENT_TRAFFIC_SECRET_0 bd7d1c7ef525ae7b692dee0b895b35fc7e4ec87710dcd004dae2ed938578bcb3 ffed033c72cd7792288bc235c60f4548a6f05d0bece9602a76e1e629c0ad96aa
SERVER_TRAFFIC_SECRET_0 bd7d1c7ef525ae7b692dee0b895b35fc7e4ec87710dcd004dae2ed938578bcb3 627d4390cd47c0a3b6346d2895fcdd5a15f21c23f58fb104db7d6ba564a73027
EXPORTER_SECRET bd7d1c7ef525ae7b692dee0b895b35fc7e4ec87710dcd004dae2ed938578bcb3 3b52baae0f681efa0769f18601d4d1c6654af9834cba730952273d8675923aec
CLIENT_HANDSHAKE_TRAFFIC_SECRET bdd9b3a5a13e1680126da62a37e8ce33eaf2299923bee20b2d1d8782f6190d1f 541b68e422edbbf6b4595d054228d96d3d59b5648c989ce3e210ffc45d6333ab
SERVER_HANDSHAKE_TRAFFIC_SECRET bdd9b3a5a13e1680126da62a37e8ce33eaf2299923bee20b2d1d8782f6190d1f 5e9a7953004212e949bb43488d122784f73066b2afd2c397678df7017a371c37
CLIENT_TRAFFIC_SECRET_0 bdd9b3a5a13e1680126da62a37e8ce33eaf2299923bee20b2d1d8782f6190d1f 67c0b50ea0ae745f573243f73bcc20a84ac1108e081bf8eda6b348f2952ca30e
SERVER_TRAFFIC_SECRET_0 bdd9b3a5a13e1680126da62a37e8ce33eaf2299923bee20b2d1d8782f6190d1f 7dcaf921e6e55e5baa2f49fccd8d2826f0fe16e114970b88e694099b0520405c
EXPORTER_SECRET bdd9b3a5a13e1680126da62a37e8ce33eaf2299923bee20b2d1d8782f6190d1f 8db7e1433b71c1b6fdf1d59cd4176bb9e404542ef1dc834bbf91866d8c819feb
CLIENT_HANDSHAKE_TRAFFIC_SECRET 80473498818b119eb18fd1089fdc26f120d0d09fec4e8647d86d2a8d5bb88212 8bf987cdb1865fee6e2aa17b10cb9499dee7c80f92b22cfa9591dceffdadf804
SERVER_HANDSHAKE_TRAFFIC_SECRET 80473498818b119eb18fd1089fdc26f120d0d09fec4e8647d86d2a8d5bb88212 e0dca83e0960c0916bfd6d078e255de324ee167e00f91fb95d0d8b2345a1b2e8
CLIENT_TRAFFIC_SECRET_0 80473498818b119eb18fd1089fdc26f120d0d09fec4e8647d86d2a8d5bb88212 1675b68f93fbd39aece673c76c48012a1b8b1ea7f91dee145f17f7bda07868b0
SERVER_TRAFFIC_SECRET_0 80473498818b119eb18fd1089fdc26f120d0d09fec4e8647d86d2a8d5bb88212 e494c76c79acdeec92f2240d1b0fe22aac17c75365be14f79638f59142112750
EXPORTER_SECRET 80473498818b119eb18fd1089fdc26f120d0d09fec4e8647d86d2a8d5bb88212 b28ff9f10b592fc83562a960d27b614dd0fef0f6e801691857b3359deaf96444
CLIENT_HANDSHAKE_TRAFFIC_SECRET fe2e53e60dd1d138b095591207ba0634713c59dd8feda5328227b597b5de3a55 6221d414829c6468ae12353759713053cb360d474df47db27d4beba321d3d9c2
SERVER_HANDSHAKE_TRAFFIC_SECRET fe2e53e60dd1d138b095591207ba0634713c59dd8feda5328227b597b5de3a55 dcd5e71315e50458c4e4d21d2e3d34436928d1b8a6a4ead254b2a4da095f979e
CLIENT_TRAFFIC_SECRET_0 fe2e53e60dd1d138b095591207ba0634713c59dd8feda5328227b597b5de3a55 f5d927db310a58f14a643e1fcaaf8785ec0d6d3a26cea4dca1b75af15daa9099
SERVER_TRAFFIC_SECRET_0 fe2e53e60dd1d138b095591207ba0634713c59dd8feda5328227b597b5de3a55 3a940484969d7a1bcd23eac7c69925695fa9ad085722381174e88874502cefe2
EXPORTER_SECRET fe2e53e60dd1d138b095591207ba0634713c59dd8feda5328227b597b5de3a55 457b5425f2681ea25055fa646297603e2453ea46bc58f800129b59df5872e804
CLIENT_HANDSHAKE_TRAFFIC_SECRET da4282368f6f9cefebac309805edf02a051a60df0c3787689b782d1869af3bd7 b62156cc84d35b6b45af2e6a5ec4057a44cdabae8671a67aa87b55684a1f6fbf
SERVER_HANDSHAKE_TRAFFIC_SECRET da4282368f6f9cefebac309805edf02a051a60df0c3787689b782d1869af3bd7 0223a6125b587341032d65047cc663b641aedc9181e026237b905569ec805ada
CLIENT_TRAFFIC_SECRET_0 da4282368f6f9cefebac309805edf02a051a60df0c3787689b782d1869af3bd7 7e3f68bc64cc13e8acfc304c7ca8d922000e032024bc782bb2b9fca06907df1b
SERVER_TRAFFIC_SECRET_0 da4282368f6f9cefebac309805edf02a051a60df0c3787689b782d1869af3bd7 f2cdec323f05394c0b5fcf59b5a9fddd8af7b431b1b470f7b4a217be0526f892
EXPORTER_SECRET da4282368f6f9cefebac309805edf02a051a60df0c3787689b782d1869af3bd7 b5f96a57177d011cf2f4c0a7819f8badb96b5c84b093c219356124f164aca0ed
CLIENT_HANDSHAKE_TRAFFIC_SECRET 412f6ee9af6807c7e65481196a951eb0be58f4e630a8a34794bc7afd5e621626 5d80db94753e5fabc868b71aeb34c73fc1c7acc351e33bdc94577770fbb74e52
SERVER_HANDSHAKE_TRAFFIC_SECRET 412f6ee9af6807c7e65481196a951eb0be58f4e630a8a34794bc7afd5e621626 1f8607bd3962642cf92f9f8b294d4df0cdc3e0224508e678da63b0cda81267a5
CLIENT_TRAFFIC_SECRET_0 412f6ee9af6807c7e65481196a951eb0be58f4e630a8a34794bc7afd5e621626 3f22b1dfd07f7ef47bc7ed5c7f9779687c50914f64f42e18dea085bda25dd115
SERVER_TRAFFIC_SECRET_0 412f6ee9af6807c7e65481196a951eb0be58f4e630a8a34794bc7afd5e621626 d54c51890ca55cc070dcd3555b6468d75714a465a4f1ff5ba130d45692824f76
EXPORTER_SECRET 412f6ee9af6807c7e65481196a951eb0be58f4e630a8a34794bc7afd5e621626 354557c69848c8292f0ed1f7771dee2ea54ffc1ffa4a52d96280a82896d2dbfa
CLIENT_HANDSHAKE_TRAFFIC_SECRET d6c7cd60e431055c32abcf0c187c2d77e5681d1ed4b8cf12f6b41e10573070ae 0bb9d94a2598373901394d9b3e9760a6176127b1fb989e2a042e1820578390cc
SERVER_HANDSHAKE_TRAFFIC_SECRET d6c7cd60e431055c32abcf0c187c2d77e5681d1ed4b8cf12f6b41e10573070ae dc5c13464a7c5bb4317e750166b03d285489f0fbe691eebbb050c7980cb0b981
CLIENT_TRAFFIC_SECRET_0 d6c7cd60e431055c32abcf0c187c2d77e5681d1ed4b8cf12f6b41e10573070ae 6c7fc08468bb0239a22dd7cdba57b4e1db2d84190ed237ad1d2f19da23db0fe4
SERVER_TRAFFIC_SECRET_0 d6c7cd60e431055c32abcf0c187c2d77e5681d1ed4b8cf12f6b41e10573070ae 6b5046187e86b4f9a8bf233c88179fef92ed69a09a990e3f132789e56351ae5e
EXPORTER_SECRET d6c7cd60e431055c32abcf0c187c2d77e5681d1ed4b8cf12f6b41e10573070ae 1175a306c5890112ebdcf524ffe3a93404fb7870b5e43a78f50da8a656579b89
CLIENT_HANDSHAKE_TRAFFIC_SECRET 36fbda64c9aed52cac90f6b78af44482e4e1ddc7891280ee4c1863adf0fb1cc7 359f869bd961bde49efecbffb7dd52d395c43d25969b0984c8a28143a3b729fb
SERVER_HANDSHAKE_TRAFFIC_SECRET 36fbda64c9aed52cac90f6b78af44482e4e1ddc7891280ee4c1863adf0fb1cc7 ec8a64429836ab39289996443e91b7cf3a944ea97d406fb471cba7f0708ba135
CLIENT_HANDSHAKE_TRAFFIC_SECRET 488e69db30f503d947eaaffd7a0804db7f2e17d5887e674aa83d82019dff704a 4d570ae740c5ccfc7a93beeef03d3f4d58a0a724f6e4f673068c37e88c804348
SERVER_HANDSHAKE_TRAFFIC_SECRET 488e69db30f503d947eaaffd7a0804db7f2e17d5887e674aa83d82019dff704a 96f2c844aa97b67e56c7b52f5b6a0d876515c87722057a956fa522b8ef89f27b
CLIENT_TRAFFIC_SECRET_0 36fbda64c9aed52cac90f6b78af44482e4e1ddc7891280ee4c1863adf0fb1cc7 ea73030e8758b7761b959dd80b2d05057fb18759029ed7a4dac1601bb7e7b3c7
SERVER_TRAFFIC_SECRET_0 36fbda64c9aed52cac90f6b78af44482e4e1ddc7891280ee4c1863adf0fb1cc7 902a5257bcdf8a8311b8bfbcc009093c16f59bdf3a6a715756d5dc817ecead2c
EXPORTER_SECRET 36fbda64c9aed52cac90f6b78af44482e4e1ddc7891280ee4c1863adf0fb1cc7 79a345c4802af8761e3c98cdb69c40b9a920240c4d8ede9b80c45cf94cf2ba5a
CLIENT_TRAFFIC_SECRET_0 488e69db30f503d947eaaffd7a0804db7f2e17d5887e674aa83d82019dff704a 9165a168a29fb79943441141ceee6be3dbaa266fadfcaf0b8377b844a4bf596a
SERVER_TRAFFIC_SECRET_0 488e69db30f503d947eaaffd7a0804db7f2e17d5887e674aa83d82019dff704a fd4e83e44471c0443efff00d14c998c575f35f4dbf75ed6633c822040bfc9b9b
EXPORTER_SECRET 488e69db30f503d947eaaffd7a0804db7f2e17d5887e674aa83d82019dff704a 40670ec518d9b4998d139bb9ed3cbd73108327eae4f5acaab07a49eb7ce23554
CLIENT_HANDSHAKE_TRAFFIC_SECRET 83e647183d41146863c0d1acfc574a20cbb9d0e86fa27581bc214a29e20198ff dc93f55aa00160f3a24ce922f401f29901bf8aa33e180e4d172b8784ff49e687
SERVER_HANDSHAKE_TRAFFIC_SECRET 83e647183d41146863c0d1acfc574a20cbb9d0e86fa27581bc214a29e20198ff d37f8a8ff7f7b0bc2bb638217e91ebd7dfd1b6c753e7e452e32b59ded07d24e6
CLIENT_TRAFFIC_SECRET_0 83e647183d41146863c0d1acfc574a20cbb9d0e86fa27581bc214a29e20198ff d51468165abea6ca4cab8f657486c4174bd690f9d3c00843c50898f450e9f070
SERVER_TRAFFIC_SECRET_0 83e647183d41146863c0d1acfc574a20cbb9d0e86fa27581bc214a29e20198ff 7b12e35c5595974dc5341e5be4717b99018f1a98ff7829c768be7ebe93ace7f0
EXPORTER_SECRET 83e647183d41146863c0d1acfc574a20cbb9d0e86fa27581bc214a29e20198ff f1a3693159e06e42f91a5ad2a48259f46adf06545a03a2bf5127ed4508fd7ce9
CLIENT_HANDSHAKE_TRAFFIC_SECRET 4136070bb6b1f631d29b15379c0446378e544ce0314049ca71bcb1f7875ca403 1f324f2ff72adce8544c5a2b037c39f0fecd49e89e1eba6a11ddc49ae4899d10
SERVER_HANDSHAKE_TRAFFIC_SECRET 4136070bb6b1f631d29b15379c0446378e544ce0314049ca71bcb1f7875ca403 fb1cf403bbc15417649b64d682514514b412efcbe14c8aba3ff5a9fd840fa145
CLIENT_TRAFFIC_SECRET_0 4136070bb6b1f631d29b15379c0446378e544ce0314049ca71bcb1f7875ca403 c8b405e0ccfe7c76dbd4958c5167beb90b7cd3b0ee2e0fdca6b292e98ea6a058
SERVER_TRAFFIC_SECRET_0 4136070bb6b1f631d29b15379c0446378e544ce0314049ca71bcb1f7875ca403 a8a946bb744f508864e46a44de87e53bc12a513aa2c2c2c561e5f5b627715ed1
EXPORTER_SECRET 4136070bb6b1f631d29b15379c0446378e544ce0314049ca71bcb1f7875ca403 794c7c2c60502f346473b4bf2f9937e9e176ca4a8f9c925b558260d350296931
CLIENT_HANDSHAKE_TRAFFIC_SECRET 9d24d4903e87c6502d9bdbed36c548e2d0c1e69b10b3c04d45cb8144dc57da0e c34f26f81863c931d3466403a808a471eaf42e828b99f22edf48946f7a7712f4
SERVER_HANDSHAKE_TRAFFIC_SECRET 9d24d4903e87c6502d9bdbed36c548e2d0c1e69b10b3c04d45cb8144dc57da0e 6859e470000b118ae78aa1e98163a75e636e19d6b889844ed0d2d13520131e76
CLIENT_TRAFFIC_SECRET_0 9d24d4903e87c6502d9bdbed36c548e2d0c1e69b10b3c04d45cb8144dc57da0e c5712fcd54841e9e3fc78cf9dea60b651fbd2952dfcf5b4a16a5dec8798fa87a
SERVER_TRAFFIC_SECRET_0 9d24d4903e87c6502d9bdbed36c548e2d0c1e69b10b3c04d45cb8144dc57da0e 0004a252193ba1a0ce4da85e0208585c5f79c4f1a0967a70ddaf581f17c6aded
EXPORTER_SECRET 9d24d4903e87c6502d9bdbed36c548e2d0c1e69b10b3c04d45cb8144dc57da0e ad62db6bb50a10687db856b5a667b8ead2db99b9c9a6db5c6fc3d5cec772c238
CLIENT_HANDSHAKE_TRAFFIC_SECRET cbb3df98be214ae19427b7e4b3c488f2431b798653cf3897a02d75deccc63e8b 41b9e323fdaf009a0d8341a1a18dbd63375a5291aa68dd7cc6c213eb0d9e8b09
SERVER_HANDSHAKE_TRAFFIC_SECRET cbb3df98be214ae19427b7e4b3c488f2431b798653cf3897a02d75deccc63e8b e3069ac7d49f923d75b71bf75f5e51e2de5b4e88c4c87db5ab93dbf61bdd2865
CLIENT_TRAFFIC_SECRET_0 cbb3df98be214ae19427b7e4b3c488f2431b798653cf3897a02d75deccc63e8b 07ad3d247ddb1987273f5381dfb465fbded636b7fb128165d731d414411cb548
SERVER_TRAFFIC_SECRET_0 cbb3df98be214ae19427b7e4b3c488f2431b798653cf3897a02d75deccc63e8b 2804dc03498062bea444ea4d76557dc388468e89c817f1175b4b8cdea5f81d34
EXPORTER_SECRET cbb3df98be214ae19427b7e4b3c488f2431b798653cf3897a02d75deccc63e8b e6e8ce4e9a7dfb12c47f8639fc4bd76dfb53b1700f5e9473ae78fe4584add213
CLIENT_HANDSHAKE_TRAFFIC_SECRET 9dc9bd866e6a55940cbb43f050d34c8e72816aa51ea8d49813d82e6496c6e2f1 55d8b1cb84ac19ba747d55940807164524cd0fc07f1cde9662cc4efd60173c03
SERVER_HANDSHAKE_TRAFFIC_SECRET 9dc9bd866e6a55940cbb43f050d34c8e72816aa51ea8d49813d82e6496c6e2f1 0fa97060c8c1c4fcdb3124ff3b7d8d25f7f22f711051eb2166d6a46ca35fe422
CLIENT_TRAFFIC_SECRET_0 9dc9bd866e6a55940cbb43f050d34c8e72816aa51ea8d49813d82e6496c6e2f1 76dc9e02989af63354ff7878c3534ab00a7d26342cc39d45f0d1b358ebd81e0c
SERVER_TRAFFIC_SECRET_0 9dc9bd866e6a55940cbb43f050d34c8e72816aa51ea8d49813d82e6496c6e2f1 ee1afa9c28413e821060d271bb7da0495984488672240c19aa3caf03b04d8dc2
EXPORTER_SECRET 9dc9bd866e6a55940cbb43f050d34c8e72816aa51ea8d49813d82e6496c6e2f1 8d08fd99b981d619ae571973b3f93ddf4d33f9ff0679a996c4468daf47b35a7d
CLIENT_HANDSHAKE_TRAFFIC_SECRET 765b3b04a630fcee5ce81a7898f1f1a8e76e5b650ba733870acdacc5985225d4 45439a357ab0f4aaad7b5624953a1e7bdb55a07f0d77c509183ea5d47334ce2faa757e2a59e14b6ee3d86d4208df0b08
SERVER_HANDSHAKE_TRAFFIC_SECRET 765b3b04a630fcee5ce81a7898f1f1a8e76e5b650ba733870acdacc5985225d4 2b90362c982380d693cf7b01b4b448855d031f5386c208cb628f3cf798739ca48e9e652ba5a4a78aecb4b5511992f7e9
CLIENT_TRAFFIC_SECRET_0 765b3b04a630fcee5ce81a7898f1f1a8e76e5b650ba733870acdacc5985225d4 6108a0f56d8413be5337154070366173a6c72e0f8dc251874acb4e389148abcb5510901976bd5fc5aba5f7fecd6ed1e8
SERVER_TRAFFIC_SECRET_0 765b3b04a630fcee5ce81a7898f1f1a8e76e5b650ba733870acdacc5985225d4 587105cc56a437f755570499ddf5c8b41383b66a857dbc462800efa2adc53815f06d3ce21a0437822562a5f4dba7d347
EXPORTER_SECRET 765b3b04a630fcee5ce81a7898f1f1a8e76e5b650ba733870acdacc5985225d4 0b3968c9ec266231997b7b80a744a436bb41c0fcb1cbf678cbffde71fa6e70c3c89c9545b4cc5ab79fb6b9d633713749
CLIENT_HANDSHAKE_TRAFFIC_SECRET f5de538675b7dfaec02c2780d3720374882e6a65ad83ee700b8e5ffcaf026bbc f0833841411dc75d9bb8662637e26a44bc5563c568de208c2ea506d8e8b377e5
SERVER_HANDSHAKE_TRAFFIC_SECRET f5de538675b7dfaec02c2780d3720374882e6a65ad83ee700b8e5ffcaf026bbc 3abaf80ff81d38f44c45cd72b8d53a1207ea311869459c8b567aff80e1be7149
CLIENT_TRAFFIC_SECRET_0 f5de538675b7dfaec02c2780d3720374882e6a65ad83ee700b8e5ffcaf026bbc bb6ebe1337879a00e9ac6c7ea08301dafaad400acecc2ce2e13a3efbfc1855e1
SERVER_TRAFFIC_SECRET_0 f5de538675b7dfaec02c2780d3720374882e6a65ad83ee700b8e5ffcaf026bbc 512d091df4fb403b0653dc513363c48df3bd91f98d785f88428b87328bf877a0
EXPORTER_SECRET f5de538675b7dfaec02c2780d3720374882e6a65ad83ee700b8e5ffcaf026bbc 10d45d72f34fedd73b5d1ce92a23b56929052369d21a2e4efbbcfd66b9bff1a2
CLIENT_HANDSHAKE_TRAFFIC_SECRET 2a4f96e8c676cff46e2923a7de6d0586f128a3e9cb32abceb026ca0650d7b604 7a58d9a43b83e2d0de0601982fc3b3ef6f8639e0c47ccaa2b998fbe9422ee3a2
SERVER_HANDSHAKE_TRAFFIC_SECRET 2a4f96e8c676cff46e2923a7de6d0586f128a3e9cb32abceb026ca0650d7b604 a93ba11c3de5f9ca1441fed4d31350470149042ba14ef19f6295bdee78d89bf2
CLIENT_HANDSHAKE_TRAFFIC_SECRET ea60b74f974ccfd01bf4b6f529a5e59a260e95f90225705759c907284d079d4a e666c68e8b6bd73f570deebb139ce8ddccb399b2a6d87d40f6fd8f9e9b1e6b8c
SERVER_HANDSHAKE_TRAFFIC_SECRET ea60b74f974ccfd01bf4b6f529a5e59a260e95f90225705759c907284d079d4a a44abd6a1d1c827e29a4d5c7a46c884bb2e5751d50f6132e24c0bcf76dd8095a
CLIENT_TRAFFIC_SECRET_0 2a4f96e8c676cff46e2923a7de6d0586f128a3e9cb32abceb026ca0650d7b604 3d218caf3be5e5dcb221fa6238237672ec6ae9d5a4a0ad296134459a44ca8aeb
SERVER_TRAFFIC_SECRET_0 2a4f96e8c676cff46e2923a7de6d0586f128a3e9cb32abceb026ca0650d7b604 969024fdc262d3e01043762d45639d72f1786af69fc9f69c19b8e224065361d3
EXPORTER_SECRET 2a4f96e8c676cff46e2923a7de6d0586f128a3e9cb32abceb026ca0650d7b604 d7ff8a8c4317371946b97193de1714903fd3a890d0cb474fb84862be32857fcd
CLIENT_HANDSHAKE_TRAFFIC_SECRET 7626a12ef387aae465be37a1eb0cf1367878b5a7f53dfd570e7c9b004c1a7dd7 c45992eee18bc2f4665b7174ba45262b79452a909d403af70126645e63368b5a
SERVER_HANDSHAKE_TRAFFIC_SECRET 7626a12ef387aae465be37a1eb0cf1367878b5a7f53dfd570e7c9b004c1a7dd7 764b9915bf676c6e1febd2f5ffd644892de2dfa7e290ad5bf33c389c38bca984
CLIENT_TRAFFIC_SECRET_0 7626a12ef387aae465be37a1eb0cf1367878b5a7f53dfd570e7c9b004c1a7dd7 b222693b471003bd75720d5161f57ec2b035fb49d8f435a8befa1a4c4112799d
SERVER_TRAFFIC_SECRET_0 7626a12ef387aae465be37a1eb0cf1367878b5a7f53dfd570e7c9b004c1a7dd7 28d46a4526b9b254dd798b75db3a6f69084ed70adc082e3cce9ebab629856e50
EXPORTER_SECRET 7626a12ef387aae465be37a1eb0cf1367878b5a7f53dfd570e7c9b004c1a7dd7 57ef902a49ffd944bb9d2beb1a9e9f220627e5e8271e78d8e77ab9f3b278ea80
CLIENT_HANDSHAKE_TRAFFIC_SECRET 608add15bc20d983f55ff23f1d711f22b32a26b651bb122836c4d03e68c4f6fa 588579a95480f36187b27ff4ecd1fdd7de21fba59cc24db0a2cfbc9ab6a9d003
SERVER_HANDSHAKE_TRAFFIC_SECRET 608add15bc20d983f55ff23f1d711f22b32a26b651bb122836c4d03e68c4f6fa f67d52ddfe12074794965a998927591523e1f5e58c89834eea97286e7e0b5da9
CLIENT_TRAFFIC_SECRET_0 608add15bc20d983f55ff23f1d711f22b32a26b651bb122836c4d03e68c4f6fa 4bf6df2b9ecec54f3bf62516294e0f2e4fb7e170034645a2ba65b8ade3ab17c6
SERVER_TRAFFIC_SECRET_0 608add15bc20d983f55ff23f1d711f22b32a26b651bb122836c4d03e68c4f6fa bb40d75b4ed026cc1305335ba1498445de161af5274ab2b4a8af596c25530e6a
EXPORTER_SECRET 608add15bc20d983f55ff23f1d711f22b32a26b651bb122836c4d03e68c4f6fa 5112844b3a008a49df6473dd6baadb4c15dd09da80af76728ce4d118cbc89009
CLIENT_EARLY_TRAFFIC_SECRET a28c0980a128945c3341f6edf1704ba526b6592ddc8b47f053e736ca4398a9dd 3703ee8436f33a40ac81948f1330f4a393d919cc1d4ef31b7d1582b1df077c55
CLIENT_HANDSHAKE_TRAFFIC_SECRET a28c0980a128945c3341f6edf1704ba526b6592ddc8b47f053e736ca4398a9dd 1544bcebf1740c2fa478ea6112651ec9aad43f09a6a31ee0233db4cc8cba7ed6
SERVER_HANDSHAKE_TRAFFIC_SECRET a28c0980a128945c3341f6edf1704ba526b6592ddc8b47f053e736ca4398a9dd 72b45ec21be767fa7ff0673b2e4ace8f0e69ecef3706f9756d4cc606b20d02f4
CLIENT_TRAFFIC_SECRET_0 a28c0980a128945c3341f6edf1704ba526b6592ddc8b47f053e736ca4398a9dd a4fe95c36086e14446a5ee9f098110458df57c763003cc37c388e96a072de1d9
SERVER_TRAFFIC_SECRET_0 a28c0980a128945c3341f6edf1704ba526b6592ddc8b47f053e736ca4398a9dd 7ae5c019723f9b1f583f452f875164367cd4eeabfbdbbef06e7155ecfb5f75db
EXPORTER_SECRET a28c0980a128945c3341f6edf1704ba526b6592ddc8b47f053e736ca4398a9dd aa2c3a961e967981a9ce4fb83c314ca7938e9cf336053644492d95b2fbe31d93
CLIENT_HANDSHAKE_TRAFFIC_SECRET 34f15bda77fb9fc62c1f9ca2e4a01a0b675241aef5997044d841e86e57f04ab6 a8a0fc3f8e1d059b6c5b39f3e7a12b8e801ab6f0a943d8cf59c58081e3cfa499
SERVER_HANDSHAKE_TRAFFIC_SECRET 34f15bda77fb9fc62c1f9ca2e4a01a0b675241aef5997044d841e86e57f04ab6 ca61c34362b3d6ea1f8f656d059af31a33354413be55fc3b7bc2c89972f1439a
CLIENT_TRAFFIC_SECRET_0 34f15bda77fb9fc62c1f9ca2e4a01a0b675241aef5997044d841e86e57f04ab6 dd5a1edc97349d6afca6b1d04f4620c6af3647722555050074bb6fb509a80f52
SERVER_TRAFFIC_SECRET_0 34f15bda77fb9fc62c1f9ca2e4a01a0b675241aef5997044d841e86e57f04ab6 6463dcbb7767f1e4d03646010f8179c6658000a0f70b12634caf38702c0a1c61
EXPORTER_SECRET 34f15bda77fb9fc62c1f9ca2e4a01a0b675241aef5997044d841e86e57f04ab6 fb2626e379df51ddbb7134ed85a4866b126b579320ec1083fb443ba2fb29c6fe
CLIENT_HANDSHAKE_TRAFFIC_SECRET e85c89b82b2b82fd16063a3972132e70ba049b9fc96fb95711465748cfacc32d 05393ddf3ae284c5f225ee33114e6a4dfa6526d553dc8f72483400f97fc3f0258d307d7ccbf70d14e5cb8b2ca43c50c5
SERVER_HANDSHAKE_TRAFFIC_SECRET e85c89b82b2b82fd16063a3972132e70ba049b9fc96fb95711465748cfacc32d 34e637700d4697a1071214228ae021fde2e54a3fe5f54c3fcdd7055877ff969dcc058683f8906e78bb581e5f6d956b1a
CLIENT_TRAFFIC_SECRET_0 e85c89b82b2b82fd16063a3972132e70ba049b9fc96fb95711465748cfacc32d 4fac9d63da1ebb0ab0a875451c3638f935c91e5242488cf92ad48b59e78cb9f66edeb5680753288a1ce45441656c6fe6
SERVER_TRAFFIC_SECRET_0 e85c89b82b2b82fd16063a3972132e70ba049b9fc96fb95711465748cfacc32d ed11117ae3eba425a0a2920e670d80b2c840e600656f912801cba947f67ca49324f4b903c00bcaa880dc0a01bf34095e
EXPORTER_SECRET e85c89b82b2b82fd16063a3972132e70ba049b9fc96fb95711465748cfacc32d 686eeb34f1cb8d10f437d7ea72ba8a185b53244e969d257730a53b16283b782603d9227eb9d6591da3ce1efc72b47ae1
CLIENT_HANDSHAKE_TRAFFIC_SECRET 553b6e03d1f0bff9622f04229b871c490d19f784ac2216f4e6a5802b50193c98 941a78a785fe6f9f7c32e7202f517bdac400dfcf87accc512fbf5590a0a8cad5
SERVER_HANDSHAKE_TRAFFIC_SECRET 553b6e03d1f0bff9622f04229b871c490d19f784ac2216f4e6a5802b50193c98 a558763202c5385a7ecc034c796fdcfee0059bef29341ac94ff5245b4ce751a9
CLIENT_TRAFFIC_SECRET_0 553b6e03d1f0bff9622f04229b871c490d19f784ac2216f4e6a5802b50193c98 96df8e364f664e8d37c55ed9316dfe2f09c0c740450d18d593a96d0d0624570c
SERVER_TRAFFIC_SECRET_0 553b6e03d1f0bff9622f04229b871c490d19f784ac2216f4e6a5802b50193c98 f79171401cb12b7a08a46e050c2e7f2467e2ba556d46d7dc0a9c985d9bc6c0bc
EXPORTER_SECRET 553b6e03d1f0bff9622f04229b871c490d19f784ac2216f4e6a5802b50193c98 a990689191ef8bdc0340352f3b658188d8c71535a6ea050ec77680620c535d56
CLIENT_EARLY_TRAFFIC_SECRET 8f1128de9544e16702f71054dfe254359e9d78651a026b63e78da442a22b6227 8f14bf2f98e366f1d2fdf76270c79a6d8db0773690a4b966cd94107d1508e6f1
CLIENT_HANDSHAKE_TRAFFIC_SECRET 8f1128de9544e16702f71054dfe254359e9d78651a026b63e78da442a22b6227 f5cfcd6ef588ed5ca7291bd03f9ab1e21432c9a699623f0a47b02f6b5d47e9ea
SERVER_HANDSHAKE_TRAFFIC_SECRET 8f1128de9544e16702f71054dfe254359e9d78651a026b63e78da442a22b6227 754f1578beda923a66fedec3ae4fec57ff93a7ed90a3c5d9d81450241309d3b7
CLIENT_TRAFFIC_SECRET_0 8f1128de9544e16702f71054dfe254359e9d78651a026b63e78da442a22b6227 b8c2434b4978e28a5e0d0b526fe75b6775157b310d8843fae7237b78ed7cce36
SERVER_TRAFFIC_SECRET_0 8f1128de9544e16702f71054dfe254359e9d78651a026b63e78da442a22b6227 ba7cd271326dcb15caacd5327a68f3630fc43982143c4449db89b3096c5a1d74
EXPORTER_SECRET 8f1128de9544e16702f71054dfe254359e9d78651a026b63e78da442a22b6227 57471e7b63c295d8637a0b46da07d910a255cf7f1e399450c5dcecc606597ff9
CLIENT_HANDSHAKE_TRAFFIC_SECRET 76ff0a11ce765b2d2b32ddfd6bd46378ec681d23754a43ad2af107b9e852a722 4f08469561ad92685c1e2e98c43cc1da339c04c958f4b50d28df2c160d9c79f0e6467acdf888abf83452438f239a1b09
SERVER_HANDSHAKE_TRAFFIC_SECRET 76ff0a11ce765b2d2b32ddfd6bd46378ec681d23754a43ad2af107b9e852a722 50630882969e7cee827918c68c397bb0c31d0e9bf4232ef8d329e2380ea652920c56e98a04e1214b883aad20a8ae2eae
CLIENT_TRAFFIC_SECRET_0 76ff0a11ce765b2d2b32ddfd6bd46378ec681d23754a43ad2af107b9e852a722 15c542eb2749ad0e4a3f384de6b116283e3ab22de1ca949c4275e6faffa620ec0a146ace79a801590b21f2ea4ca1eb0b
SERVER_TRAFFIC_SECRET_0 76ff0a11ce765b2d2b32ddfd6bd46378ec681d23754a43ad2af107b9e852a722 d0e8ff7bc9084eec332cb4030be3928f489a44aae658f5b4cde72c5ad5cbe7680da5ff7cc21d1f9b811ae523ea679116
EXPORTER_SECRET 76ff0a11ce765b2d2b32ddfd6bd46378ec681d23754a43ad2af107b9e852a722 659f8405acad485d142a29590e1b92bf7e4c88ab6c182f5a7b9b0fdbb15d8ec0ed46fbd96f57b3bd3edf3ae87ae75591
CLIENT_HANDSHAKE_TRAFFIC_SECRET 38dd37997d2e974750715266681fe2c3f7697c2741150ffe288d6fff72ff9a79 de3837bccaa785932b8bab66d6ef8f6a39fc47fa515d2f8bfa7a079fbb4d80f1
SERVER_HANDSHAKE_TRAFFIC_SECRET 38dd37997d2e974750715266681fe2c3f7697c2741150ffe288d6fff72ff9a79 091137e7883bb6f673c3bacbb398c295eaa6f59720013611ddf4b1fc55fc8c41
CLIENT_TRAFFIC_SECRET_0 38dd37997d2e974750715266681fe2c3f7697c2741150ffe288d6fff72ff9a79 7c53fc796708b0cccd436e3db53819a113e53b3cec5e59a209fac6c80e83f8fb
SERVER_TRAFFIC_SECRET_0 38dd37997d2e974750715266681fe2c3f7697c2741150ffe288d6fff72ff9a79 f2421b9825aacf7734a46c43dc6b4a6965b8de8b96300511a7976645d2428780
EXPORTER_SECRET 38dd37997d2e974750715266681fe2c3f7697c2741150ffe288d6fff72ff9a79 23194864619edbfcd5474e9b362c60a0538cede44babab0661ed9165b21e1692
CLIENT_HANDSHAKE_TRAFFIC_SECRET ac1dc6fc81af3f193a08a266b87d7c6f6027958efa8c6649c33007715a892386 1956d9fb65e3d46b7bf98f2bd3cabd449eb08ccac16d9f3c02c3602f2b134ea2
SERVER_HANDSHAKE_TRAFFIC_SECRET ac1dc6fc81af3f193a08a266b87d7c6f6027958efa8c6649c33007715a892386 439ac658e22e89627d1d50365990caf92d92a8c3b82968fba276027197f79be3
CLIENT_TRAFFIC_SECRET_0 ac1dc6fc81af3f193a08a266b87d7c6f6027958efa8c6649c33007715a892386 f9387bc9615c8530803f51666424bdeef642f5b004b724d3ee4384d2dc77c46a
SERVER_TRAFFIC_SECRET_0 ac1dc6fc81af3f193a08a266b87d7c6f6027958efa8c6649c33007715a892386 81d56717a7fd3323a6e688a2f4a8c6009e65ceb7f87168bc8bcb24b47517fa9c
EXPORTER_SECRET ac1dc6fc81af3f193a08a266b87d7c6f6027958efa8c6649c33007715a892386 bfad71c198d7862a984183230ed81bbdb6ac3ba7306fa2048d0715d744a8e72d
CLIENT_EARLY_TRAFFIC_SECRET 8872f0f5ec8d3528097510c8ed597c8b810b03f09b914e86a9fd7b884daad0cb 22d67d2036ea13f5cd424b121d4ba64332effdb17182c1e53e1be3319d7efb52
CLIENT_HANDSHAKE_TRAFFIC_SECRET 8872f0f5ec8d3528097510c8ed597c8b810b03f09b914e86a9fd7b884daad0cb 1985ad8c954502c6ccebc7dea00af36deea4ae75e96bb6229a1882e890a2730e
SERVER_HANDSHAKE_TRAFFIC_SECRET 8872f0f5ec8d3528097510c8ed597c8b810b03f09b914e86a9fd7b884daad0cb f7f3dbb8306ba1095a1c4364ea95ef30b04b5d77fed2388a76969771dd17a14b
CLIENT_TRAFFIC_SECRET_0 8872f0f5ec8d3528097510c8ed597c8b810b03f09b914e86a9fd7b884daad0cb 5801f673712dffc22587c26a1c1212e02969f8cdc7ae1b3eb725e0ed179ab51d
SERVER_TRAFFIC_SECRET_0 8872f0f5ec8d3528097510c8ed597c8b810b03f09b914e86a9fd7b884daad0cb 9c0c3af932af409225235688b5e36adb5a366197a5e84467a9adcd6ffbd6335d
EXPORTER_SECRET 8872f0f5ec8d3528097510c8ed597c8b810b03f09b914e86a9fd7b884daad0cb 6b27e2ced4bc1a3f5bace0cc9145626e601954b32eccfab7b1b1f42c3efe87f7
CLIENT_HANDSHAKE_TRAFFIC_SECRET 65f4ccafa2828bb58b81f455c873fe14fe20eb024fefd431873a5e4381eb9098 99c44f7d2e38ad6934502a9cb1ca9e154187df4bb68d7b22092830e6277c0495
SERVER_HANDSHAKE_TRAFFIC_SECRET 65f4ccafa2828bb58b81f455c873fe14fe20eb024fefd431873a5e4381eb9098 9b3e1efc71ccacf22bbd450449ededa89ee967ddb37c6c7fafe2ea88888d3945
CLIENT_TRAFFIC_SECRET_0 65f4ccafa2828bb58b81f455c873fe14fe20eb024fefd431873a5e4381eb9098 03fc8964faea9d1f13dc4455672a5c655dce4a65a18d27c52574afd752424a0f
SERVER_TRAFFIC_SECRET_0 65f4ccafa2828bb58b81f455c873fe14fe20eb024fefd431873a5e4381eb9098 0d4175ea36efa1e295ad79c2c24e08ea6997f9bcaac3e5fc66ed48d5f080ddf4
EXPORTER_SECRET 65f4ccafa2828bb58b81f455c873fe14fe20eb024fefd431873a5e4381eb9098 f1052828cef2559eccc20efbdc795b4249ae952c54be09ff9a00e479e6191ebe
CLIENT_HANDSHAKE_TRAFFIC_SECRET d9687d4ac7e956dfaf0183b0095a31d9949c9ccc13d37e0ea3b264fc656b391d c441252e79167faadf3d14e810d0e914ae8fccc96306513a3a3d414d63f0aef6
SERVER_HANDSHAKE_TRAFFIC_SECRET d9687d4ac7e956dfaf0183b0095a31d9949c9ccc13d37e0ea3b264fc656b391d c042e0433fea307bf32c7913cce514d9fe62e128518e9f61adfbf6436cb1f7d7
CLIENT_TRAFFIC_SECRET_0 d9687d4ac7e956dfaf0183b0095a31d9949c9ccc13d37e0ea3b264fc656b391d 38adc16ed26c204b2d5f46c577d9547db5ec788b667dd340d6c72c606ba1b9bb
SERVER_TRAFFIC_SECRET_0 d9687d4ac7e956dfaf0183b0095a31d9949c9ccc13d37e0ea3b264fc656b391d 7eff6a11f43dd7513839b866f29938239b1d5e6da06b4e8ec9676bf2ae3d536e
EXPORTER_SECRET d9687d4ac7e956dfaf0183b0095a31d9949c9ccc13d37e0ea3b264fc656b391d a660e8c119dae6ceb118c57fbf58b86016c1d047d3a9150ee484827e241fb16e
CLIENT_HANDSHAKE_TRAFFIC_SECRET fb07552c9f7146db64eb05f77226147246ce9c1ea3b8596a9c62b17ace01bfb7 f3098ebde1320dda315cf9c312ba5704001acf86a4609d3ff69dd633337c3b45687a376183a7506be0da8364d0dacb7d
SERVER_HANDSHAKE_TRAFFIC_SECRET fb07552c9f7146db64eb05f77226147246ce9c1ea3b8596a9c62b17ace01bfb7 a6f6e2bf302d7a0751df9e6680062c823c408c7a8903ad2c0192c603caa5484964244fd15a768151c58ae545524bf83d
CLIENT_TRAFFIC_SECRET_0 fb07552c9f7146db64eb05f77226147246ce9c1ea3b8596a9c62b17ace01bfb7 f5bf6ca01ade930560dc2f1324e62b7639a664464511ede1e33a370c41f87e8b0533dc8fa1e2bc7a64c66ebdf4866169
SERVER_TRAFFIC_SECRET_0 fb07552c9f7146db64eb05f77226147246ce9c1ea3b8596a9c62b17ace01bfb7 e927c0a7d2e14d2e17bedc21ff103af39f0960e97794068e2b57cc601c895cf1183bfa390be86b0b8f98a726d0ad5869
EXPORTER_SECRET fb07552c9f7146db64eb05f77226147246ce9c1ea3b8596a9c62b17ace01bfb7 3e150506bdce4bb0b6f5865fe69b25e6113e173b593faca98c899ce7c0bcafacf351c190b28986c06d8933d104b3854a
CLIENT_HANDSHAKE_TRAFFIC_SECRET 11347b47edcc5520878a1faa29c629b2346dc79a565c01370101d432bbdba86e 52caed47690dcf94f680c3457f88c4372523ee6d707cd7e7cb667f708633c974
SERVER_HANDSHAKE_TRAFFIC_SECRET 11347b47edcc5520878a1faa29c629b2346dc79a565c01370101d432bbdba86e 41d99fd3b6b4ee233a489317e31d19cdc1474975b9e25b2ee8de7c1628b752ef
CLIENT_TRAFFIC_SECRET_0 11347b47edcc5520878a1faa29c629b2346dc79a565c01370101d432bbdba86e 859997975bc8a4e706c2b0387a519cec16c5ff2ff2eb2bc0756de0397e096e29
SERVER_TRAFFIC_SECRET_0 11347b47edcc5520878a1faa29c629b2346dc79a565c01370101d432bbdba86e 75f5bd4c01805e86e3f74c976cfab4eadf972b6fd0fef838d3846a1d2e50902e
EXPORTER_SECRET 11347b47edcc5520878a1faa29c629b2346dc79a565c01370101d432bbdba86e ba600538e77bf4ce096ef7b7bdda37bdaad1de9cda59fc35c533a4dc18338b7c
CLIENT_EARLY_TRAFFIC_SECRET 0a3017986f0c46a82ac3befd84cba77d6d5dabf75c8813698377a61c7d9d0f4e 3751c3c191847f932116d16d373e3524545b85a3cbf16a15dcfea2a5519d57f0
CLIENT_HANDSHAKE_TRAFFIC_SECRET 0a3017986f0c46a82ac3befd84cba77d6d5dabf75c8813698377a61c7d9d0f4e 22a4bf648d9d38e75aea3461714494f082af5a288bc3cd51fd477de0943d3c0a
SERVER_HANDSHAKE_TRAFFIC_SECRET 0a3017986f0c46a82ac3befd84cba77d6d5dabf75c8813698377a61c7d9d0f4e 91cfc381f9c8829ca1410efcf250955abf7c941940d83e06944b5d23c31e4d78
CLIENT_TRAFFIC_SECRET_0 0a3017986f0c46a82ac3befd84cba77d6d5dabf75c8813698377a61c7d9d0f4e bc1eb827add69c9ac071b5a52829c5ad4530e793d9e142197838e0a396ccfd77
SERVER_TRAFFIC_SECRET_0 0a3017986f0c46a82ac3befd84cba77d6d5dabf75c8813698377a61c7d9d0f4e 5d30753ee64bebbfbb70c3e69fd959bd905a9ccd05bbd608171026e0125e1340
EXPORTER_SECRET 0a3017986f0c46a82ac3befd84cba77d6d5dabf75c8813698377a61c7d9d0f4e 84a20f002231e17c378757d9f86b08e2cd8530766be3fb0dc3b87e028e0682f2
CLIENT_HANDSHAKE_TRAFFIC_SECRET 2c974e4f8c0f0770bc72e52bb8747c610eab974d291260f5b10e65132e742e79 3a5599bb8b7c010fc344c50a78015d0ce76e48614a2c63a468938230c5b37ce4
SERVER_HANDSHAKE_TRAFFIC_SECRET 2c974e4f8c0f0770bc72e52bb8747c610eab974d291260f5b10e65132e742e79 b93429688d3a064f5a2b4896292debef1abb996291365cac9b5999e998dfb86d
CLIENT_TRAFFIC_SECRET_0 2c974e4f8c0f0770bc72e52bb8747c610eab974d291260f5b10e65132e742e79 a96fd203a1ecd7543006445082b73ac6a01c084ce1e005e114349c8f48a20e7e
SERVER_TRAFFIC_SECRET_0 2c974e4f8c0f0770bc72e52bb8747c610eab974d291260f5b10e65132e742e79 d6dab9029b206d88c8a8ed499a64e35b89854a67e123b9fd2ca1a0dcdd0a2ab8
EXPORTER_SECRET 2c974e4f8c0f0770bc72e52bb8747c610eab974d291260f5b10e65132e742e79 a0e7c16042b6ce400811bdce3665c2181f14299eaa53bafd8705097fba5e8643
CLIENT_HANDSHAKE_TRAFFIC_SECRET 10a5dc62f350864bd61c162ede402adf09c7637e8f3c68a6c0325f9d2b171857 76300786abc664110616204d8a7cc2a0b6bcd8b3969289b25ea17782bdeaa3cf
SERVER_HANDSHAKE_TRAFFIC_SECRET 10a5dc62f350864bd61c162ede402adf09c7637e8f3c68a6c0325f9d2b171857 210330931eee73d8e4eae0ffe4f2cf4f82dc09828e9790d53cb35dad4b98fba3
CLIENT_TRAFFIC_SECRET_0 10a5dc62f350864bd61c162ede402adf09c7637e8f3c68a6c0325f9d2b171857 9045a8588322efc161e89b4a56c7678ea1ec2e3df06afe89e15c60a934f9a333
SERVER_TRAFFIC_SECRET_0 10a5dc62f350864bd61c162ede402adf09c7637e8f3c68a6c0325f9d2b171857 911fc04dd9e19bc31b1184e9e3e6584946ab9bb5550893f707d823a596d628f4
EXPORTER_SECRET 10a5dc62f350864bd61c162ede402adf09c7637e8f3c68a6c0325f9d2b171857 af0c473005d83dccc8dcd13c9a01fa4b8e2f90211abd7d374d2cda5cebe8de74
CLIENT_HANDSHAKE_TRAFFIC_SECRET 5fea6227d54e9ee4657d5d47e4bfff973703347840dcc1c4255b4226d65e6512 f48792a79e19aa11e987590b8aeed16979511f86bf5f672fa5a0dec83ba307fe33c029e45bf6734388f8d01e9e010f1f
SERVER_HANDSHAKE_TRAFFIC_SECRET 5fea6227d54e9ee4657d5d47e4bfff973703347840dcc1c4255b4226d65e6512 871c303874d62358592bfda617cd21d2fc69c40de3b5f7c6c1d8bdeb5198ad8d0481bb17cb3130b2264080ac83fc1775
CLIENT_TRAFFIC_SECRET_0 5fea6227d54e9ee4657d5d47e4bfff973703347840dcc1c4255b4226d65e6512 b81b272dab416c65fa2a6e15c298893c0e25792a9ac727ab3a19628f7f18c6cd781a873aeadcc45302099f8fec9ef193
SERVER_TRAFFIC_SECRET_0 5fea6227d54e9ee4657d5d47e4bfff973703347840dcc1c4255b4226d65e6512 e1ad1f7404d4e57c4295ee55641954833b450dc3c0ee7b48f8d08a1fdf7ad389a7f71a48c6eff976c44670f3946305b9
EXPORTER_SECRET 5fea6227d54e9ee4657d5d47e4bfff973703347840dcc1c4255b4226d65e6512 bb2d6eaa35eb19eecb4b77d8e12e9b1bf82dc3be584ae4a0dced4125760d4a8d5900fed144697a9ac35aad499778ee84
CLIENT_HANDSHAKE_TRAFFIC_SECRET b06ee263e986f82373beb9156a1154cba8ee8b741e167a21f4e9e748245a59ee 523cde763d4bb257088212a5ef702c1d74ad348edc64ffc1ee116305fc83b4c4df713fe8ca087cfeccc9e62b213d616c
SERVER_HANDSHAKE_TRAFFIC_SECRET b06ee263e986f82373beb9156a1154cba8ee8b741e167a21f4e9e748245a59ee 508177aa9fc9c3767793ee5a7b7f68886f5c2c3c27f51eab9d0948eb19a9c0b1e531cac6c9871224bc1aec2457a50895
CLIENT_TRAFFIC_SECRET_0 b06ee263e986f82373beb9156a1154cba8ee8b741e167a21f4e9e748245a59ee c87e7518ff4902282bde633e587e41f0225321a5c26ce9122bcaa71cfc62858ddadb94ae410258cfc8101af7abe025b7
SERVER_TRAFFIC_SECRET_0 b06ee263e986f82373beb9156a1154cba8ee8b741e167a21f4e9e748245a59ee 65ac1f6c6a5c424ae7374da28e7e6a6582d20639fca99ee9833bba24b432f930d4c7825bbd22c62fcdcda60974d4ea4f
EXPORTER_SECRET b06ee263e986f82373beb9156a1154cba8ee8b741e167a21f4e9e748245a59ee 02b9746ba724dda2d39f6e930a7872a3110fa8cab00f64eeba39338c4b42ea02e760b5c79b3c9eb25de4d8b2b6b5f491
CLIENT_HANDSHAKE_TRAFFIC_SECRET 60c901695d75889b8892655d0677aa5a75a7f25e981424bc06a29d5501d50d70 a8c279f69d0e237458c4ed835426d3c2b94d6b2bf6b824c8fe17bd18bda4c4da
SERVER_HANDSHAKE_TRAFFIC_SECRET 60c901695d75889b8892655d0677aa5a75a7f25e981424bc06a29d5501d50d70 8ee82d7dddd54ecb9ee61de593d40e316b8370e0dcca8870f069c51e5ff684d3
CLIENT_TRAFFIC_SECRET_0 60c901695d75889b8892655d0677aa5a75a7f25e981424bc06a29d5501d50d70 1e62a7ec510279084421709540565b06e6fcc4e4d58d95232f3dca910d74e164
SERVER_TRAFFIC_SECRET_0 60c901695d75889b8892655d0677aa5a75a7f25e981424bc06a29d5501d50d70 bbed705e1e2265b1db4c77bce66e90439b6107cff2d00ddf872bc47addd75b36
EXPORTER_SECRET 60c901695d75889b8892655d0677aa5a75a7f25e981424bc06a29d5501d50d70 e895515193bab035646d96ce920f8a2f9aa0772ede238cc2881b22107738c5db
