Frame 1: Packet, 1286 bytes on wire (10288 bits), 1286 bytes captured (10288 bits) on interface \Device\NPF_{9B9257DC-FAC1-4993-B12F-136D7BA5E874}, id 0
    Section number: 1
    Interface id: 0 (\Device\NPF_{9B9257DC-FAC1-4993-B12F-136D7BA5E874})
        Interface name: \Device\NPF_{9B9257DC-FAC1-4993-B12F-136D7BA5E874}
        Interface description: Wi-Fi
    Encapsulation type: Ethernet (1)
    Arrival Time: Apr  9, 2026 19:25:44.540755000 India Standard Time
    UTC Arrival Time: Apr  9, 2026 13:55:44.540755000 UTC
    Epoch Arrival Time: 1775742944.540755000
    [Time shift for this packet: 0.000000000 seconds]
    [Time since reference or first frame: 0.000000000 seconds]
    Frame Number: 1
    Frame Length: 1286 bytes (10288 bits)
    Capture Length: 1286 bytes (10288 bits)
    [Frame is marked: False]
    [Frame is ignored: False]
    [Protocols in frame: eth:ethertype:ip:udp:data]
    Character encoding: ASCII (0)
Ethernet II, Src: 96:77:0b:05:d4:0b (96:77:0b:05:d4:0b), Dst: HewlettPacka_3a:cc:1d (28:92:4a:3a:cc:1d)
    Destination: HewlettPacka_3a:cc:1d (28:92:4a:3a:cc:1d)
        .... ..0. .... .... .... .... = LG bit: Globally unique address (factory default)
        .... ...0 .... .... .... .... = IG bit: Individual address (unicast)
    Source: 96:77:0b:05:d4:0b (96:77:0b:05:d4:0b)
        .... ..1. .... .... .... .... = LG bit: Locally administered address (this is NOT the factory default)
        .... ...0 .... .... .... .... = IG bit: Individual address (unicast)
    Type: IPv4 (0x0800)
    [Stream index: 0]
Internet Protocol Version 4, Src: 172.16.90.227, Dst: 151.101.194.214
    0100 .... = Version: 4
    .... 0101 = Header Length: 20 bytes (5)
    Differentiated Services Field: 0x00 (DSCP: CS0, ECN: Not-ECT)
        0000 00.. = Differentiated Services Codepoint: Default (0)
        .... ..00 = Explicit Congestion Notification: Not ECN-Capable Transport (0)
    Total Length: 1272
    Identification: 0x183a (6202)
    010. .... = Flags: 0x2, Don't fragment
        0... .... = Reserved bit: Not set
        .1.. .... = Don't fragment: Set
        ..0. .... = More fragments: Not set
    ...0 0000 0000 0000 = Fragment Offset: 0
    Time to Live: 128
    Protocol: UDP (17)
    Header Checksum: 0x0000 [validation disabled]
    [Header checksum status: Unverified]
    Source Address: 172.16.90.227
    Destination Address: 151.101.194.214
    [Stream index: 0]
User Datagram Protocol, Src Port: 63385, Dst Port: 443
    Source Port: 63385
    Destination Port: 443
    Length: 1252
    Checksum: 0x6625 [unverified]
    [Checksum Status: Unverified]
    [Stream index: 0]
    [Stream Packet Number: 1]
    [Timestamps]
        [Time since first frame: 0.000000000 seconds]
        [Time since previous frame: 0.000000000 seconds]
    UDP payload (1244 bytes)
Data (1244 bytes)

0000  44 a8 69 cb d8 71 e5 69 39 ad 3c c4 67 28 8a 95   D.i..q.i9.<.g(..
0010  3f 28 cf a6 d8 56 62 a8 27 d8 5e af a5 24 3d e3   ?(...Vb.'.^..$=.
0020  9a 3b b9 5e 45 0a 36 ba 15 ce a1 71 d8 dc dd 67   .;.^E.6....q...g
0030  be ad 4e 4c 08 8e 18 78 2b 54 1d 21 86 59 9c dd   ..NL...x+T.!.Y..
0040  cf 08 1e a3 61 46 35 70 47 41 63 2c ab 60 7f 06   ....aF5pGAc,.`..
0050  48 64 fd 33 a5 8d 59 10 c5 b3 0e cc 3f b9 36 8c   Hd.3..Y.....?.6.
0060  df 04 f8 dc fc 10 c0 e1 5c b8 b8 8e 53 3c a6 f5   ........\...S<..
0070  19 67 d4 72 58 b8 fe 7d d8 9b e8 d3 b7 5d 83 9f   .g.rX..}.....]..
0080  ed dd 6b d6 c6 e1 d3 e0 1a 29 19 e3 af c0 5f 1a   ..k......)...._.
0090  da 7f 1b 56 17 0c 7b 37 c6 73 96 04 c0 c5 1f ef   ...V..{7.s......
00a0  d3 c4 1c e3 4c ab 6a c6 de 6f d0 45 ae 77 32 1b   ....L.j..o.E.w2.
00b0  ef 0e d0 47 b9 e6 68 d7 66 f8 a3 64 c5 ab 6e 25   ...G..h.f..d..n%
00c0  be bd f3 7e c4 75 8a 24 d7 5a dc 91 9d fa 79 d5   ...~.u.$.Z....y.
00d0  49 cd ad 97 c2 d4 70 36 9d f9 c2 8e 09 f7 53 7e   I.....p6......S~
00e0  bd df 8c b0 2a 1f ef 78 8d 03 fe e8 73 f6 02 e9   ....*..x....s...
00f0  02 d0 5b 98 db 9e 30 26 c0 56 7f ac 5a e7 0f de   ..[...0&.V..Z...
0100  97 4b 2a 02 57 7b fb 91 e9 26 b2 74 75 c5 52 87   .K*.W{...&.tu.R.
0110  7c d7 81 88 18 c1 d6 f5 47 38 ae c3 c3 cb e7 ab   |.......G8......
0120  48 b0 79 e7 70 f4 fc 0b c1 ba 81 bd 99 a4 3c b3   H.y.p.........<.
0130  df 7b 04 e9 90 86 65 41 d6 48 87 d5 cb a8 45 74   .{....eA.H....Et
0140  11 e4 21 33 88 a6 5c e3 81 cb bb a9 f5 17 06 09   ..!3..\.........
0150  88 b9 18 9b b0 0e b1 10 16 31 09 40 19 9d 50 d0   .........1.@..P.
0160  aa ac c6 2f ea 3e 0c 9f c3 f4 c4 25 8b 90 23 5e   .../.>.....%..#^
0170  23 5a b0 ac 1d e1 74 21 64 9a 78 db 0c a2 23 21   #Z....t!d.x...#!
0180  a6 86 77 2c e4 38 eb c6 9c 0c 93 52 84 d8 48 e4   ..w,.8.....R..H.
0190  d6 7e 05 22 37 76 ae 3d 2a 5e f9 6d 38 b0 6f cf   .~."7v.=*^.m8.o.
01a0  6c b7 dc 17 0c c7 e5 ea 70 3d 70 92 91 4a 73 63   l.......p=p..Jsc
01b0  56 f3 dd cb af 57 55 f6 85 e8 b3 ea b6 36 2d 19   V....WU......6-.
01c0  b8 b4 58 a9 55 70 68 ba 26 c5 68 5b 0c 87 5d cc   ..X.Uph.&.h[..].
01d0  f8 3b 1b 44 cb b0 28 e2 24 f2 2b 10 51 46 b5 58   .;.D..(.$.+.QF.X
01e0  ef 5d 4d 60 4e 4a 24 4b 64 78 d9 7a 59 13 1f 08   .]M`NJ$Kdx.zY...
01f0  f2 4b 4a 87 73 37 b5 5f 35 90 c5 f0 37 05 58 e1   .KJ.s7._5...7.X.
0200  3f f6 9e db b3 b9 31 0b aa 28 a5 20 e8 77 b3 be   ?.....1..(. .w..
0210  37 5e e0 5b e6 63 79 d3 4d f0 17 48 7a ff e0 3a   7^.[.cy.M..Hz..:
0220  c2 6c f0 92 ea e2 b8 57 19 91 6d 8f ee a0 dd 17   .l.....W..m.....
0230  5f a2 b5 29 49 25 6c 3d 44 76 6c 12 d3 73 c7 2d   _..)I%l=Dvl..s.-
0240  49 96 e3 08 8d 72 7b 8e 21 6f 31 63 a1 9c a9 81   I....r{.!o1c....
0250  e5 65 36 40 9b 94 5a 69 cc fb ea c3 e6 55 99 75   .e6@..Zi.....U.u
0260  dd 09 85 85 44 ea 5c 50 38 b7 cf 67 c4 1e ff 58   ....D.\P8..g...X
0270  1c 84 be 32 3f ff c3 1d 4e cc f9 d7 5c cf 3d 05   ...2?...N...\.=.
0280  be 2a e0 63 44 eb 12 df 8a 3d 32 8b 9f 19 95 3e   .*.cD....=2....>
0290  c7 56 87 96 f7 9d 81 78 5a 19 b4 8c 39 a8 56 58   .V.....xZ...9.VX
02a0  30 3d 0c 5e 53 63 62 60 04 2e 3d c8 6a 06 66 01   0=.^Scb`..=.j.f.
02b0  19 c9 f0 a3 a2 9a 1e 8c 3f 7e 4b 5f bc ff 42 9d   ........?~K_..B.
02c0  b9 58 c6 b3 42 5b 1f 90 7c 2a b6 98 7d ec 40 01   .X..B[..|*..}.@.
02d0  03 65 26 39 65 30 f6 ce a2 b1 45 88 ea d8 5b 67   .e&9e0....E...[g
02e0  9e e4 76 6c 94 7b 5b 59 59 cf fb 4d 80 91 ee 86   ..vl.{[YY..M....
02f0  9f a9 e7 23 eb 02 71 54 f0 92 fd 64 06 86 0e e4   ...#..qT...d....
0300  5e 40 57 69 df 92 a6 51 3b e7 52 11 3e d9 51 2b   ^@Wi...Q;.R.>.Q+
0310  fa 68 6f 65 aa 5a b1 66 e3 c7 d9 dc d0 ba 42 a4   .hoe.Z.f......B.
0320  10 f1 10 93 9e bd 04 1e 32 38 41 d7 d0 5d 3b 80   ........28A..];.
0330  ca b2 94 54 b1 29 cd d5 cc 89 51 90 9e 04 4d 8d   ...T.)....Q...M.
0340  0e a1 50 55 b0 a6 50 1d f4 e8 8d 5b 89 8f a6 04   ..PU..P....[....
0350  32 23 87 f3 c3 4e f9 06 9e 7a c8 58 98 a0 40 4f   2#...N...z.X..@O
0360  ba 9f 02 cb 85 3e f7 48 46 9a 1c f6 f1 d0 18 51   .....>.HF......Q
0370  8c 0f 0e 00 b0 40 59 ca 93 86 94 df 51 2b 32 82   .....@Y.....Q+2.
0380  28 73 35 45 28 b9 cd ee d4 9d 3a 18 4e 49 d3 b9   (s5E(.....:.NI..
0390  b3 22 4b ae f8 ef ae b7 7d cf 70 ef b4 e4 83 ed   ."K.....}.p.....
03a0  37 bb b4 17 f8 48 1d 31 09 67 12 fb ed c2 88 6b   7....H.1.g.....k
03b0  d4 56 df 00 36 02 a4 f6 40 ae ad 37 90 30 bc 24   .V..6...@..7.0.$
03c0  9d fc 63 86 e9 dc 16 4b 96 87 00 94 af 4e 08 06   ..c....K.....N..
03d0  e1 75 87 be 77 ca 77 2e 71 3d 02 c6 af c9 b9 84   .u..w.w.q=......
03e0  a4 0e 2d 13 97 6f 8b ad f8 b4 2a 47 2e 78 b3 cb   ..-..o....*G.x..
03f0  ea 27 cf 10 c7 42 a2 53 03 49 7d cd 37 c6 9f 02   .'...B.S.I}.7...
0400  de a9 eb 53 96 7f 95 a9 51 d9 57 b5 7c 43 d1 e2   ...S....Q.W.|C..
0410  51 b1 bf 38 96 6b 73 31 f7 cf af ab dd d6 5f 5b   Q..8.ks1......_[
0420  9e cd 48 b8 7c b2 cc 69 8e 34 cb aa 67 f5 ca f8   ..H.|..i.4..g...
0430  23 f0 7c 12 c7 83 a8 97 f8 7d 67 2b 20 bb ef 83   #.|......}g+ ...
0440  69 98 35 73 d8 24 9b af f5 1c 65 cc 98 5f 9c 97   i.5s.$....e.._..
0450  60 57 2d e3 c2 e7 89 03 8c 3d c9 57 1d 5b d5 4e   `W-......=.W.[.N
0460  d3 88 bb d1 8c 60 9d 83 7f 3c 74 81 17 cc da 01   .....`...<t.....
0470  82 48 16 6a 1e f2 9d e9 35 c6 74 1b f8 b3 1d 73   .H.j....5.t....s
0480  2f ec f2 71 3f 3b e8 7a ff 21 76 ca 7f c2 59 3c   /..q?;.z.!v...Y<
0490  ff e5 85 bc 98 67 0c fd 17 8d 0a df dd 0f 2f 17   .....g......../.
04a0  25 69 8a a8 78 69 fd d3 98 7b 9d d2 1f 70 30 46   %i..xi...{...p0F
04b0  d7 cd 85 48 01 82 44 a6 ee 06 e4 00 a2 b9 d8 fd   ...H..D.........
04c0  b8 45 8d d1 58 3c c1 9e 3a 27 81 b4 8b 0e 27 94   .E..X<..:'....'.
04d0  0a c5 b1 65 82 25 94 09 45 ef 68 c5               ...e.%..E.h.
    Data […]: 44a869cbd871e56939ad3cc467288a953f28cfa6d85662a827d85eafa5243de39a3bb95e450a36ba15cea171d8dcdd67bead4e4c088e18782b541d2186599cddcf081ea3614635704741632cab607f064864fd33a58d5910c5b30ecc3fb9368cdf04f8dcfc10c0e15cb8b88e533ca6f5196
    [Length: 1244]

Frame 2: Packet, 1292 bytes on wire (10336 bits), 1292 bytes captured (10336 bits) on interface \Device\NPF_{9B9257DC-FAC1-4993-B12F-136D7BA5E874}, id 0
    Section number: 1
    Interface id: 0 (\Device\NPF_{9B9257DC-FAC1-4993-B12F-136D7BA5E874})
        Interface name: \Device\NPF_{9B9257DC-FAC1-4993-B12F-136D7BA5E874}
        Interface description: Wi-Fi
    Encapsulation type: Ethernet (1)
    Arrival Time: Apr  9, 2026 19:25:44.540797300 India Standard Time
    UTC Arrival Time: Apr  9, 2026 13:55:44.540797300 UTC
    Epoch Arrival Time: 1775742944.540797300
    [Time shift for this packet: 0.000000000 seconds]
    [Time delta from previous captured frame: 42.300 microseconds]
    [Time delta from previous displayed frame: 42.300 microseconds]
    [Time since reference or first frame: 42.300 microseconds]
    Frame Number: 2
    Frame Length: 1292 bytes (10336 bits)
    Capture Length: 1292 bytes (10336 bits)
    [Frame is marked: False]
    [Frame is ignored: False]
    [Protocols in frame: eth:ethertype:ip:udp:data]
    Character encoding: ASCII (0)
Ethernet II, Src: 96:77:0b:05:d4:0b (96:77:0b:05:d4:0b), Dst: HewlettPacka_3a:cc:1d (28:92:4a:3a:cc:1d)
    Destination: HewlettPacka_3a:cc:1d (28:92:4a:3a:cc:1d)
        .... ..0. .... .... .... .... = LG bit: Globally unique address (factory default)
        .... ...0 .... .... .... .... = IG bit: Individual address (unicast)
    Source: 96:77:0b:05:d4:0b (96:77:0b:05:d4:0b)
        .... ..1. .... .... .... .... = LG bit: Locally administered address (this is NOT the factory default)
        .... ...0 .... .... .... .... = IG bit: Individual address (unicast)
    Type: IPv4 (0x0800)
    [Stream index: 0]
Internet Protocol Version 4, Src: 172.16.90.227, Dst: 151.101.194.214
    0100 .... = Version: 4
    .... 0101 = Header Length: 20 bytes (5)
    Differentiated Services Field: 0x00 (DSCP: CS0, ECN: Not-ECT)
        0000 00.. = Differentiated Services Codepoint: Default (0)
        .... ..00 = Explicit Congestion Notification: Not ECN-Capable Transport (0)
    Total Length: 1278
    Identification: 0x183b (6203)
    010. .... = Flags: 0x2, Don't fragment
        0... .... = Reserved bit: Not set
        .1.. .... = Don't fragment: Set
        ..0. .... = More fragments: Not set
    ...0 0000 0000 0000 = Fragment Offset: 0
    Time to Live: 128
    Protocol: UDP (17)
    Header Checksum: 0x0000 [validation disabled]
    [Header checksum status: Unverified]
    Source Address: 172.16.90.227
    Destination Address: 151.101.194.214
    [Stream index: 0]
User Datagram Protocol, Src Port: 63385, Dst Port: 443
    Source Port: 63385
    Destination Port: 443
    Length: 1258
    Checksum: 0x662b [unverified]
    [Checksum Status: Unverified]
    [Stream index: 0]
    [Stream Packet Number: 2]
    [Timestamps]
        [Time since first frame: 42.300 microseconds]
        [Time since previous frame: 42.300 microseconds]
    UDP payload (1250 bytes)
Data (1250 bytes)

0000  43 a8 69 cb d8 71 e5 69 39 ad 3c c4 67 28 8a 95   C.i..q.i9.<.g(..
0010  3f 28 f6 87 3a 8d 86 96 75 72 8a b2 67 e3 3e 69   ?(..:...ur..g.>i
0020  91 b0 66 38 89 09 ee 59 3a d9 de 8c 09 94 d4 4f   ..f8...Y:......O
0030  af 0d 2a 08 93 f8 b8 c2 ad 1b 9d 04 ef 4b c2 65   ..*..........K.e
0040  7e ba 6c 96 32 50 ca a9 3a 74 89 27 4e 4a a8 78   ~.l.2P..:t.'NJ.x
0050  d7 59 75 5d ad 6a a9 0d 85 01 4e a0 54 5d 62 1d   .Yu].j....N.T]b.
0060  34 8a 23 82 5a ec 72 e0 25 ad ed ea 09 a6 23 b9   4.#.Z.r.%.....#.
0070  13 b4 f7 13 b4 c0 9c dd 30 74 d6 c5 a5 93 6d e0   ........0t....m.
0080  f9 7c 8a f9 a3 a1 24 38 e6 9e 35 57 4f d8 f9 91   .|....$8..5WO...
0090  99 13 3c 37 28 00 58 62 ae d5 29 d4 77 32 25 92   ..<7(.Xb..).w2%.
00a0  1d 6a 86 5c a6 98 bb 38 a7 c0 40 11 72 5e 2d 75   .j.\...8..@.r^-u
00b0  2b 0a 2d 5e c6 58 07 4d 35 12 2c 70 5a 6d 03 d5   +.-^.X.M5.,pZm..
00c0  11 02 c1 ce 75 11 ef 5c 95 fa e0 14 b2 0d cc c9   ....u..\........
00d0  b6 a4 7e 4a 6a 94 73 64 67 ea 1e 56 cd 12 5f ff   ..~Jj.sdg..V.._.
00e0  f3 7d 58 b7 a8 2d e5 e1 a8 31 7b 80 da 06 84 12   .}X..-...1{.....
00f0  69 47 35 39 19 8a 2c 72 ec 77 9e f2 77 17 de 36   iG59..,r.w..w..6
0100  7d 5c 4b 75 98 69 ee a7 e1 ae a7 a0 51 cf d1 5d   }\Ku.i......Q..]
0110  30 e9 21 6e 85 41 6c 19 23 95 6e 96 eb 23 4a 43   0.!n.Al.#.n..#JC
0120  85 13 1f 0e de 15 7b 8f 35 7a c5 32 e5 c0 7f 11   ......{.5z.2....
0130  50 6a 1b b8 48 05 20 5a e0 47 d5 cd 1c 0e 64 ed   Pj..H. Z.G....d.
0140  c2 66 dc 70 33 4e b1 ee d5 84 96 e1 9d 8a 31 a7   .f.p3N........1.
0150  70 33 1c 87 52 49 35 6e 17 b8 1d 0d e4 88 02 e3   p3..RI5n........
0160  5f c7 6e 88 5a 0d 95 4d d3 fa 19 70 0f 5a 08 28   _.n.Z..M...p.Z.(
0170  7d f2 6c 63 56 23 23 1d 80 fd 33 66 0f c4 b2 a6   }.lcV##...3f....
0180  20 15 f0 af 6f 18 62 f6 ab 6d 13 ad 14 ec 3e 73    ...o.b..m....>s
0190  8f 81 5d 63 5c 5a c3 0f bd ee 94 f4 3b ab f2 00   ..]c\Z......;...
01a0  c4 5f 5e c6 cf a6 21 43 31 de ae 76 db 30 f8 1b   ._^...!C1..v.0..
01b0  88 e7 80 3d 6e e4 5e 26 45 6a 1a b8 75 57 4e 03   ...=n.^&Ej..uWN.
01c0  4f 8c 45 64 06 6a d2 51 21 a5 fd 54 b4 43 c6 36   O.Ed.j.Q!..T.C.6
01d0  53 a9 65 55 5e c7 90 70 4d be 70 11 ea 93 5c 2c   S.eU^..pM.p...\,
01e0  bd af 97 ed 6f 91 43 08 dc df 43 cb 68 76 9e 83   ....o.C...C.hv..
01f0  4b f9 90 07 73 23 e7 5a c4 27 f8 85 0b 8c 9e 1f   K...s#.Z.'......
0200  15 26 f2 0e 70 c3 b7 e5 d0 bb 8c 87 d2 41 a5 bc   .&..p........A..
0210  b4 29 4c 9f b8 ed 21 af 8e af 7f 32 93 6a 94 00   .)L...!....2.j..
0220  9f 6b 19 09 6e 0d 6b 43 2a a4 08 50 82 21 06 33   .k..n.kC*..P.!.3
0230  98 e5 b4 9b 44 55 ce 9f 3c d4 da 54 a4 94 21 3a   ....DU..<..T..!:
0240  23 98 2f 24 2a 6e 46 17 72 46 a7 12 cc 9b 5a 2a   #./$*nF.rF....Z*
0250  d7 11 92 10 6a f1 4b 9e 90 3d af b8 93 73 90 3b   ....j.K..=...s.;
0260  d3 fd 25 2d bd bd 5f f0 9d e0 9a f5 7b a9 3a bb   ..%-.._.....{.:.
0270  93 14 d5 53 a4 65 a9 b8 83 1b 3d d6 b7 3a 04 6b   ...S.e....=..:.k
0280  4a 0a a1 99 e4 6f 89 e4 02 37 85 1a f4 8c 29 a9   J....o...7....).
0290  12 b8 b9 a1 bc d0 a1 06 23 0d 29 19 32 c1 d5 f0   ........#.).2...
02a0  cd 89 4e 64 e4 48 39 ce 55 46 90 e6 de 41 fd e2   ..Nd.H9.UF...A..
02b0  a6 ac 59 76 4a c7 92 41 d2 f4 af dc fd 7b 73 7f   ..YvJ..A.....{s.
02c0  21 dd a2 40 bc fe e6 c6 53 0b a1 2e 70 16 b3 bd   !..@....S...p...
02d0  f8 3b 4c df a8 ec 72 77 c0 3e c1 b1 51 5c e9 63   .;L...rw.>..Q\.c
02e0  47 78 d5 13 a9 69 79 13 d6 32 3a d3 b4 44 c9 95   Gx...iy..2:..D..
02f0  c9 6f 0b 96 c2 b2 48 4e 44 56 72 69 32 3b 45 e8   .o....HNDVri2;E.
0300  7d 7f 16 ac a4 04 3a 43 fb 20 67 ad 48 6d cf f1   }.....:C. g.Hm..
0310  0b 34 01 41 6f 59 27 d0 ec 0c ec fd d8 b6 22 e6   .4.AoY'.......".
0320  27 0b 50 eb 0f af 7c ce 8d fb c1 83 dc 99 d2 25   '.P...|........%
0330  9e e2 48 92 33 bf 74 1a 89 54 0e a6 a1 0e b1 c4   ..H.3.t..T......
0340  f0 c1 e1 8e 37 55 ab d0 0c b3 f2 15 bf 1b 22 1d   ....7U........".
0350  4f 81 13 4f 93 10 cb aa f3 59 22 09 da e4 ef 94   O..O.....Y".....
0360  43 6b a9 71 1c 0a 73 1a c5 3a 5b 0c 6e 60 96 19   Ck.q..s..:[.n`..
0370  0b e6 d8 ff 6c d6 61 31 d4 be 77 dd bf 23 2a c7   ....l.a1..w..#*.
0380  20 69 0b f8 6d 78 23 d2 4b b0 68 94 77 e8 50 f3    i..mx#.K.h.w.P.
0390  08 16 39 22 cd 34 37 22 27 7d 4a 15 6f ec 87 eb   ..9".47"'}J.o...
03a0  35 f9 8e cf a6 45 92 f2 0d 08 c0 42 06 ff cb 8f   5....E.....B....
03b0  83 32 ce 95 a6 30 dc 67 ab c4 7b b6 ae d8 5d ca   .2...0.g..{...].
03c0  ec 56 24 22 1c e0 1f 34 aa 0a 59 b4 f3 50 01 9f   .V$"...4..Y..P..
03d0  92 b8 35 a5 be ad 97 f2 64 2f c6 21 44 8e da 21   ..5.....d/.!D..!
03e0  83 78 59 11 98 b0 4f 69 f8 f3 9e eb f9 00 6c 19   .xY...Oi......l.
03f0  f7 d4 f0 0c 44 83 ea 3d 19 9f c5 9a 1b 1b ea 64   ....D..=.......d
0400  ed 45 cd 4e 2b c7 cb d8 d1 f0 09 c9 f7 2e ff 54   .E.N+..........T
0410  96 f2 39 42 56 b4 f0 62 48 5c db c2 24 8a 5b 74   ..9BV..bH\..$.[t
0420  7c 4e 20 5e 51 71 1a f8 91 4c 41 9d 6b 63 df 80   |N ^Qq...LA.kc..
0430  ae c0 52 3c 3b 8a 95 df 8b 62 d6 4a dc e0 e6 70   ..R<;....b.J...p
0440  29 2a 95 dd 3b fb 98 4b 69 86 f3 d2 d7 8c 53 f0   )*..;..Ki.....S.
0450  c2 03 bc 4c 7d 52 bb 54 cb 2a 6f c8 57 6c c8 c5   ...L}R.T.*o.Wl..
0460  63 29 2f b7 0d 07 64 bd ab 82 ed a0 71 09 82 0a   c)/...d.....q...
0470  ff cc 61 c2 16 1b 91 79 d8 09 67 ce 88 13 01 f0   ..a....y..g.....
0480  65 4c bb 91 87 52 5e cc 72 dd 26 ef c5 84 fd f8   eL...R^.r.&.....
0490  cf 57 03 2e 8d 34 28 51 51 a2 c2 85 7d 7a 55 df   .W...4(QQ...}zU.
04a0  d4 82 4f 3a e9 79 8d ba c4 41 6e 02 3a 61 66 0a   ..O:.y...An.:af.
04b0  9e 9c f7 28 d0 88 c5 a5 08 72 74 07 97 67 b0 62   ...(.....rt..g.b
04c0  e4 9c 10 ac b1 45 3e 65 86 a5 38 29 46 fd 88 95   .....E>e..8)F...
04d0  c0 10 e6 d7 46 a8 80 93 d1 46 26 2e 54 05 bf 6e   ....F....F&.T..n
04e0  0e 6b                                             .k
    Data […]: 43a869cbd871e56939ad3cc467288a953f28f6873a8d869675728ab267e33e6991b066388909ee593ad9de8c0994d44faf0d2a0893f8b8c2ad1b9d04ef4bc2657eba6c963250caa93a7489274e4aa878d759755dad6aa90d85014ea0545d621d348a23825aec72e025adedea09a623b913b
    [Length: 1250]

Frame 3: Packet, 1292 bytes on wire (10336 bits), 1292 bytes captured (10336 bits) on interface \Device\NPF_{9B9257DC-FAC1-4993-B12F-136D7BA5E874}, id 0
    Section number: 1
    Interface id: 0 (\Device\NPF_{9B9257DC-FAC1-4993-B12F-136D7BA5E874})
        Interface name: \Device\NPF_{9B9257DC-FAC1-4993-B12F-136D7BA5E874}
        Interface description: Wi-Fi
    Encapsulation type: Ethernet (1)
    Arrival Time: Apr  9, 2026 19:25:44.540809800 India Standard Time
    UTC Arrival Time: Apr  9, 2026 13:55:44.540809800 UTC
    Epoch Arrival Time: 1775742944.540809800
    [Time shift for this packet: 0.000000000 seconds]
    [Time delta from previous captured frame: 12.500 microseconds]
    [Time delta from previous displayed frame: 12.500 microseconds]
    [Time since reference or first frame: 54.800 microseconds]
    Frame Number: 3
    Frame Length: 1292 bytes (10336 bits)
    Capture Length: 1292 bytes (10336 bits)
    [Frame is marked: False]
    [Frame is ignored: False]
    [Protocols in frame: eth:ethertype:ip:udp:data]
    Character encoding: ASCII (0)
Ethernet II, Src: 96:77:0b:05:d4:0b (96:77:0b:05:d4:0b), Dst: HewlettPacka_3a:cc:1d (28:92:4a:3a:cc:1d)
    Destination: HewlettPacka_3a:cc:1d (28:92:4a:3a:cc:1d)
        .... ..0. .... .... .... .... = LG bit: Globally unique address (factory default)
        .... ...0 .... .... .... .... = IG bit: Individual address (unicast)
    Source: 96:77:0b:05:d4:0b (96:77:0b:05:d4:0b)
        .... ..1. .... .... .... .... = LG bit: Locally administered address (this is NOT the factory default)
        .... ...0 .... .... .... .... = IG bit: Individual address (unicast)
    Type: IPv4 (0x0800)
    [Stream index: 0]
Internet Protocol Version 4, Src: 172.16.90.227, Dst: 151.101.194.214
    0100 .... = Version: 4
    .... 0101 = Header Length: 20 bytes (5)
    Differentiated Services Field: 0x00 (DSCP: CS0, ECN: Not-ECT)
        0000 00.. = Differentiated Services Codepoint: Default (0)
        .... ..00 = Explicit Congestion Notification: Not ECN-Capable Transport (0)
    Total Length: 1278
    Identification: 0x183c (6204)
    010. .... = Flags: 0x2, Don't fragment
        0... .... = Reserved bit: Not set
        .1.. .... = Don't fragment: Set
        ..0. .... = More fragments: Not set
    ...0 0000 0000 0000 = Fragment Offset: 0
    Time to Live: 128
    Protocol: UDP (17)
    Header Checksum: 0x0000 [validation disabled]
    [Header checksum status: Unverified]
    Source Address: 172.16.90.227
    Destination Address: 151.101.194.214
    [Stream index: 0]
User Datagram Protocol, Src Port: 63385, Dst Port: 443
    Source Port: 63385
    Destination Port: 443
    Length: 1258
    Checksum: 0x662b [unverified]
    [Checksum Status: Unverified]
    [Stream index: 0]
    [Stream Packet Number: 3]
    [Timestamps]
        [Time since first frame: 54.800 microseconds]
        [Time since previous frame: 12.500 microseconds]
    UDP payload (1250 bytes)
Data (1250 bytes)

0000  4d a8 69 cb d8 71 e5 69 39 ad 3c c4 67 28 8a 95   M.i..q.i9.<.g(..
0010  3f 28 65 8b d8 5b 4f 20 53 ce fd 09 b2 92 d9 1e   ?(e..[O S.......
0020  08 3c a0 3c e4 8d 5e b9 35 34 58 4f 01 8e eb 09   .<.<..^.54XO....
0030  bf e6 59 f3 74 28 02 ca 3f 4f 99 ec 01 04 a9 ea   ..Y.t(..?O......
0040  e2 b5 10 82 ec 30 6f 33 82 3d a6 0d a0 15 16 c7   .....0o3.=......
0050  0c 7c b7 0b 9e da c7 25 1b df a3 d9 66 3c 0b de   .|.....%....f<..
0060  14 87 41 75 f1 9f ba 09 29 9c 91 1e 1a d9 a2 3e   ..Au....)......>
0070  2e d1 90 9e ed 4b d1 6d b4 6b 17 c0 f4 2c 3d ca   .....K.m.k...,=.
0080  a0 68 bc 35 55 24 88 47 50 cd 3e 86 ac 29 18 d9   .h.5U$.GP.>..)..
0090  bb 2f e6 f1 47 14 9b 2b a2 09 04 bc d6 64 54 a6   ./..G..+.....dT.
00a0  b7 14 b9 6c 8d a2 c5 c3 bc 63 f3 b7 7e 9f fe 25   ...l.....c..~..%
00b0  02 55 f4 99 6b 84 d4 ab b4 fd 25 49 ee ce ee 2f   .U..k.....%I.../
00c0  49 20 a8 41 2c a9 82 b4 d1 87 94 48 12 d6 7e e6   I .A,......H..~.
00d0  0e da 91 cc 83 f1 5c 26 b8 19 d4 8d f0 3b 66 ce   ......\&.....;f.
00e0  be dc 2c 3e 7c 57 ef cc 49 5d 0e 5f 18 0e 01 41   ..,>|W..I]._...A
00f0  24 00 55 57 7a 61 3d 46 12 bc f6 c6 07 a6 12 6e   $.UWza=F.......n
0100  53 82 1b 17 02 6d 40 88 04 ea d4 ad 5e 66 40 42   S....m@.....^f@B
0110  d7 f8 67 6c b0 76 8a e1 bc 31 03 61 d8 74 bf db   ..gl.v...1.a.t..
0120  49 2a 7b ce f0 ca b2 1b bd 9b b6 4e 56 61 61 e5   I*{........NVaa.
0130  f7 dd d7 c9 5b 1c 5c 02 76 fc ea e3 ef 30 3f 67   ....[.\.v....0?g
0140  c2 3b d2 f0 cb ab 10 29 83 05 c4 f0 14 2f b5 8e   .;.....)...../..
0150  91 f7 c4 94 31 01 f1 48 95 35 e2 8d d1 61 cf af   ....1..H.5...a..
0160  a0 b4 4d 9a 8c 63 b5 18 d5 6c e3 57 d9 96 f2 75   ..M..c...l.W...u
0170  f0 11 99 05 0f 75 18 7f 61 3c 0a d3 31 f6 e8 13   .....u..a<..1...
0180  dc c9 56 1c cd 47 bf 9d 1a a2 34 ff 29 ea b5 82   ..V..G....4.)...
0190  5e 6a c4 17 71 68 4b cf 1b e1 c0 f8 fa 73 b0 0b   ^j..qhK......s..
01a0  64 e5 69 29 87 d6 48 7f 8d 41 5d fc 65 5b 38 a2   d.i)..H..A].e[8.
01b0  03 4e 4f 40 8a 5c 18 5c e4 f2 b9 f3 88 dd df 3d   .NO@.\.\.......=
01c0  2f dd 2b c1 b4 a8 22 35 de 58 be f5 77 dd 8d 3f   /.+..."5.X..w..?
01d0  43 0e 9b d5 73 87 59 73 53 21 ac 0b 5d 1e 74 14   C...s.YsS!..].t.
01e0  2c e1 8b 6e a6 dd 45 d2 b8 ee c7 d5 ac 23 de 44   ,..n..E......#.D
01f0  c7 18 e6 b6 02 c1 fd d8 c8 e3 3d 32 35 59 46 2b   ..........=25YF+
0200  d4 83 98 47 26 f5 d1 df d7 37 fc c9 65 fb ea 33   ...G&....7..e..3
0210  36 b9 a2 fe 7c 68 fe 6b e5 cd d8 12 18 72 1a 44   6...|h.k.....r.D
0220  77 09 f2 e3 f0 2c 85 6f 51 09 c9 5d 98 60 2b 68   w....,.oQ..].`+h
0230  6b 25 b8 47 24 de 31 11 fa b0 39 a6 5f 43 ea f0   k%.G$.1...9._C..
0240  23 91 2d 16 46 15 1c 1c 29 d1 23 6a d2 5d 75 7a   #.-.F...).#j.]uz
0250  c3 54 be b8 b4 3f 42 08 73 cc b2 1b fd 34 54 70   .T...?B.s....4Tp
0260  67 95 52 3b a9 ed 33 a5 78 e3 43 00 41 5f 34 11   g.R;..3.x.C.A_4.
0270  c1 de 94 16 dc f2 28 d0 96 f4 84 59 a0 5c f4 97   ......(....Y.\..
0280  a2 38 03 fc 29 20 ac 02 14 6b 82 1e 55 6c c9 8a   .8..) ...k..Ul..
0290  55 bc 7e ae 29 27 1a 0c d9 aa 45 a1 46 c5 ce 51   U.~.)'....E.F..Q
02a0  ba a8 fb 79 70 77 fa f6 33 b8 15 fa 1c fa 5c 0a   ...ypw..3.....\.
02b0  4f 53 5d c7 96 07 77 71 4b e0 27 07 3a 8c 09 49   OS]...wqK.'.:..I
02c0  8c 7d fa 8b 4c 8d 6d 18 1e 04 a0 c4 ce 30 28 4e   .}..L.m......0(N
02d0  d8 0d fe 99 f2 03 6a 0f 8c 91 93 f8 57 95 23 71   ......j.....W.#q
02e0  5b a7 5f da d1 6d 23 20 b3 c8 71 9e ec 88 c2 03   [._..m# ..q.....
02f0  b5 97 3a 0a cd cf 71 01 2c 56 66 db 35 f2 ad 22   ..:...q.,Vf.5.."
0300  81 bd 72 c8 2e 4a 2d c1 a7 3c 77 95 2d 10 40 18   ..r..J-..<w.-.@.
0310  d1 11 bd 8f 2f 95 11 79 a9 35 9a 56 81 a9 da fc   ..../..y.5.V....
0320  22 ab 0a 3d 59 91 89 1f b7 89 f0 3f 3a 6d eb 40   "..=Y......?:m.@
0330  cc c5 07 da 6e e9 ee 27 8c 1f 59 dc 22 c7 35 23   ....n..'..Y.".5#
0340  0f 02 7d 64 55 aa 8c 1b f5 de 64 bc 06 19 62 ae   ..}dU.....d...b.
0350  fa d1 c9 7c 40 2d 13 5f 35 36 3b c6 7d 92 13 ed   ...|@-._56;.}...
0360  2f c7 e0 47 14 b9 b7 13 93 0d 84 75 fc b8 6f 40   /..G.......u..o@
0370  8c ba b3 8f 72 1c 77 41 85 8b 26 8d 68 d6 12 dd   ....r.wA..&.h...
0380  ea 49 b7 5e 52 54 d1 cf 16 10 22 1a bb b0 62 c6   .I.^RT...."...b.
0390  2e 91 67 a7 3e 5c 72 08 65 c7 2f 74 64 c7 31 7e   ..g.>\r.e./td.1~
03a0  36 6a 42 a8 8e 7c af 54 cc ce 0b 13 65 4e 52 32   6jB..|.T....eNR2
03b0  bc 94 de d7 d8 fd 1b e8 42 09 e7 46 4e e3 16 e2   ........B..FN...
03c0  f9 bc 2c 1e 4d 0c 0b 7b a9 9a cd e4 bf ab c0 b2   ..,.M..{........
03d0  85 59 14 65 e6 12 a0 12 93 d9 05 1b 64 14 57 d3   .Y.e........d.W.
03e0  a1 39 7c 48 17 15 5b a3 38 bf f4 95 8a 91 15 fe   .9|H..[.8.......
03f0  c8 3e cf d0 3e 63 06 a5 bb b7 5f e1 27 20 dd b8   .>..>c...._.' ..
0400  f0 99 91 7a 8c e8 1e e0 d4 88 3c 06 dd f3 df a7   ...z......<.....
0410  c5 1e be b3 c4 a9 30 65 09 4d 2d c3 6c a7 5f f5   ......0e.M-.l._.
0420  b2 a5 75 c0 d1 28 bd 2f 2a 79 0a 24 35 fd 39 83   ..u..(./*y.$5.9.
0430  bf 0f d0 72 35 c8 53 53 53 07 ba 09 7a d3 a1 e6   ...r5.SSS...z...
0440  15 7c d1 3e 1b 69 e4 d9 4d 59 b3 7e b0 27 22 a6   .|.>.i..MY.~.'".
0450  e9 4c ac 43 4e 78 1d b4 b9 24 b9 a4 da ef e7 99   .L.CNx...$......
0460  83 0e 9d 88 e2 15 40 50 bb 11 17 a8 45 4c 97 69   ......@P....EL.i
0470  ef b8 ac c5 8e c6 21 dc b7 96 9e aa 1b 45 ac eb   ......!......E..
0480  b3 e3 c7 1b 50 24 50 78 19 0d 6f 0f 0b 3c cc d6   ....P$Px..o..<..
0490  8a 8f 5b 56 1c 6c f8 36 20 38 a6 78 a3 fe 09 88   ..[V.l.6 8.x....
04a0  08 33 0c 76 d8 9a f7 1f 4f d4 1a 47 aa 3c 0a 73   .3.v....O..G.<.s
04b0  7c 5e de 10 54 d8 fc cb 2a 11 3a 51 de a6 d9 1b   |^..T...*.:Q....
04c0  a4 89 82 17 98 9c e9 a0 4f d7 cd 3d 46 0e 19 fb   ........O..=F...
04d0  6c cc d9 a9 d5 98 ac 1d c1 8b 5e 52 a5 2b 74 c1   l.........^R.+t.
04e0  14 39                                             .9
    Data […]: 4da869cbd871e56939ad3cc467288a953f28658bd85b4f2053cefd09b292d91e083ca03ce48d5eb93534584f018eeb09bfe659f3742802ca3f4f99ec0104a9eae2b51082ec306f33823da60da01516c70c7cb70b9edac7251bdfa3d9663c0bde14874175f19fba09299c911e1ad9a23e2ed
    [Length: 1250]

Frame 4: Packet, 335 bytes on wire (2680 bits), 335 bytes captured (2680 bits) on interface \Device\NPF_{9B9257DC-FAC1-4993-B12F-136D7BA5E874}, id 0
    Section number: 1
    Interface id: 0 (\Device\NPF_{9B9257DC-FAC1-4993-B12F-136D7BA5E874})
        Interface name: \Device\NPF_{9B9257DC-FAC1-4993-B12F-136D7BA5E874}
        Interface description: Wi-Fi
    Encapsulation type: Ethernet (1)
    Arrival Time: Apr  9, 2026 19:25:44.540819000 India Standard Time
    UTC Arrival Time: Apr  9, 2026 13:55:44.540819000 UTC
    Epoch Arrival Time: 1775742944.540819000
    [Time shift for this packet: 0.000000000 seconds]
    [Time delta from previous captured frame: 9.200 microseconds]
    [Time delta from previous displayed frame: 9.200 microseconds]
    [Time since reference or first frame: 64.000 microseconds]
    Frame Number: 4
    Frame Length: 335 bytes (2680 bits)
    Capture Length: 335 bytes (2680 bits)
    [Frame is marked: False]
    [Frame is ignored: False]
    [Protocols in frame: eth:ethertype:ip:udp:data]
    Character encoding: ASCII (0)
Ethernet II, Src: 96:77:0b:05:d4:0b (96:77:0b:05:d4:0b), Dst: HewlettPacka_3a:cc:1d (28:92:4a:3a:cc:1d)
    Destination: HewlettPacka_3a:cc:1d (28:92:4a:3a:cc:1d)
        .... ..0. .... .... .... .... = LG bit: Globally unique address (factory default)
        .... ...0 .... .... .... .... = IG bit: Individual address (unicast)
    Source: 96:77:0b:05:d4:0b (96:77:0b:05:d4:0b)
        .... ..1. .... .... .... .... = LG bit: Locally administered address (this is NOT the factory default)
        .... ...0 .... .... .... .... = IG bit: Individual address (unicast)
    Type: IPv4 (0x0800)
    [Stream index: 0]
Internet Protocol Version 4, Src: 172.16.90.227, Dst: 151.101.194.214
    0100 .... = Version: 4
    .... 0101 = Header Length: 20 bytes (5)
    Differentiated Services Field: 0x00 (DSCP: CS0, ECN: Not-ECT)
        0000 00.. = Differentiated Services Codepoint: Default (0)
        .... ..00 = Explicit Congestion Notification: Not ECN-Capable Transport (0)
    Total Length: 321
    Identification: 0x183d (6205)
    010. .... = Flags: 0x2, Don't fragment
        0... .... = Reserved bit: Not set
        .1.. .... = Don't fragment: Set
        ..0. .... = More fragments: Not set
    ...0 0000 0000 0000 = Fragment Offset: 0
    Time to Live: 128
    Protocol: UDP (17)
    Header Checksum: 0x0000 [validation disabled]
    [Header checksum status: Unverified]
    Source Address: 172.16.90.227
    Destination Address: 151.101.194.214
    [Stream index: 0]
User Datagram Protocol, Src Port: 63385, Dst Port: 443
    Source Port: 63385
    Destination Port: 443
    Length: 301
    Checksum: 0x626e [unverified]
    [Checksum Status: Unverified]
    [Stream index: 0]
    [Stream Packet Number: 4]
    [Timestamps]
        [Time since first frame: 64.000 microseconds]
        [Time since previous frame: 9.200 microseconds]
    UDP payload (293 bytes)
Data (293 bytes)

0000  44 a8 69 cb d8 71 e5 69 39 ad 3c c4 67 28 8a 95   D.i..q.i9.<.g(..
0010  3f 28 a9 88 14 32 30 4c 4f 6c 12 d3 95 6b 50 f1   ?(...20LOl...kP.
0020  7e 6a a6 47 ca be e7 21 f0 cb 51 e7 1a 31 48 6c   ~j.G...!..Q..1Hl
0030  5f 8e f5 fd d6 0b d6 1a 42 41 71 f5 8b 05 4f bb   _.......BAq...O.
0040  7a 9e ef 7e 32 69 a6 b5 70 69 25 db a8 a9 f8 2b   z..~2i..pi%....+
0050  66 2f fe 6d 0c b1 9c 4e bd 6c 2e e2 0d fc c4 fb   f/.m...N.l......
0060  bd 7e 9a 8c a5 09 89 a4 c1 bc 34 5c 8a f5 13 a8   .~........4\....
0070  f4 42 8e ed de 5f 20 a9 d8 88 bd 7f df e6 f1 b8   .B..._ .........
0080  78 39 fa 31 05 f0 64 0c 56 38 d2 16 56 8c 9d 92   x9.1..d.V8..V...
0090  8a 9e bf 4d b5 84 b6 43 57 a5 98 11 41 eb 93 3c   ...M...CW...A..<
00a0  39 66 6d 8c e0 41 78 d4 97 ac da 50 c4 06 32 86   9fm..Ax....P..2.
00b0  76 d6 cb 7c fb 01 2d 85 20 83 5f 12 5d f6 1c 1d   v..|..-. ._.]...
00c0  71 fd 14 db 6b 44 e0 a1 b6 78 49 2e db 57 ed 0e   q...kD...xI..W..
00d0  a0 3b 7f c8 45 89 2a 34 60 35 42 d2 af 6f ba 5f   .;..E.*4`5B..o._
00e0  fe 8e 61 1f e3 35 0f 4b f5 71 84 12 9f 39 1a ab   ..a..5.K.q...9..
00f0  ee a8 71 b8 53 d3 fc 20 b0 81 f1 40 d5 cf e1 1c   ..q.S.. ...@....
0100  a7 ef b1 2a 84 b6 87 70 d8 79 9e 7c 37 82 60 b3   ...*...p.y.|7.`.
0110  a2 4c d5 28 e1 86 76 dd 64 26 c0 68 97 90 75 06   .L.(..v.d&.h..u.
0120  c0 cc 2c 96 f9                                    ..,..
    Data […]: 44a869cbd871e56939ad3cc467288a953f28a9881432304c4f6c12d3956b50f17e6aa647cabee721f0cb51e71a31486c5f8ef5fdd60bd61a424171f58b054fbb7a9eef7e3269a6b5706925dba8a9f82b662ffe6d0cb19c4ebd6c2ee20dfcc4fbbd7e9a8ca50989a4c1bc345c8af513a8f44
    [Length: 293]

Frame 5: Packet, 72 bytes on wire (576 bits), 72 bytes captured (576 bits) on interface \Device\NPF_{9B9257DC-FAC1-4993-B12F-136D7BA5E874}, id 0
    Section number: 1
    Interface id: 0 (\Device\NPF_{9B9257DC-FAC1-4993-B12F-136D7BA5E874})
        Interface name: \Device\NPF_{9B9257DC-FAC1-4993-B12F-136D7BA5E874}
        Interface description: Wi-Fi
    Encapsulation type: Ethernet (1)
    Arrival Time: Apr  9, 2026 19:25:44.546042600 India Standard Time
    UTC Arrival Time: Apr  9, 2026 13:55:44.546042600 UTC
    Epoch Arrival Time: 1775742944.546042600
    [Time shift for this packet: 0.000000000 seconds]
    [Time delta from previous captured frame: 5.223600 milliseconds]
    [Time delta from previous displayed frame: 5.223600 milliseconds]
    [Time since reference or first frame: 5.287600 milliseconds]
    Frame Number: 5
    Frame Length: 72 bytes (576 bits)
    Capture Length: 72 bytes (576 bits)
    [Frame is marked: False]
    [Frame is ignored: False]
    [Protocols in frame: eth:ethertype:ip:udp:data]
    Character encoding: ASCII (0)
Ethernet II, Src: HewlettPacka_3a:cc:1d (28:92:4a:3a:cc:1d), Dst: 96:77:0b:05:d4:0b (96:77:0b:05:d4:0b)
    Destination: 96:77:0b:05:d4:0b (96:77:0b:05:d4:0b)
        .... ..1. .... .... .... .... = LG bit: Locally administered address (this is NOT the factory default)
        .... ...0 .... .... .... .... = IG bit: Individual address (unicast)
    Source: HewlettPacka_3a:cc:1d (28:92:4a:3a:cc:1d)
        .... ..0. .... .... .... .... = LG bit: Globally unique address (factory default)
        .... ...0 .... .... .... .... = IG bit: Individual address (unicast)
    Type: IPv4 (0x0800)
    [Stream index: 0]
Internet Protocol Version 4, Src: 151.101.194.214, Dst: 172.16.90.227
    0100 .... = Version: 4
    .... 0101 = Header Length: 20 bytes (5)
    Differentiated Services Field: 0x00 (DSCP: CS0, ECN: Not-ECT)
        0000 00.. = Differentiated Services Codepoint: Default (0)
        .... ..00 = Explicit Congestion Notification: Not ECN-Capable Transport (0)
    Total Length: 58
    Identification: 0x0000 (0)
    010. .... = Flags: 0x2, Don't fragment
        0... .... = Reserved bit: Not set
        .1.. .... = Don't fragment: Set
        ..0. .... = More fragments: Not set
    ...0 0000 0000 0000 = Fragment Offset: 0
    Time to Live: 57
    Protocol: UDP (17)
    Header Checksum: 0xe083 [validation disabled]
    [Header checksum status: Unverified]
    Source Address: 151.101.194.214
    Destination Address: 172.16.90.227
    [Stream index: 0]
User Datagram Protocol, Src Port: 443, Dst Port: 63385
    Source Port: 443
    Destination Port: 63385
    Length: 38
    Checksum: 0x0227 [unverified]
    [Checksum Status: Unverified]
    [Stream index: 0]
    [Stream Packet Number: 5]
    [Timestamps]
        [Time since first frame: 5.287600 milliseconds]
        [Time since previous frame: 5.223600 milliseconds]
    UDP payload (30 bytes)
Data (30 bytes)

0000  5d 2c 49 e9 f8 9d 6f a6 04 36 81 97 d3 3f 22 7f   ],I...o..6...?".
0010  02 a3 ca ca bb f7 8b b9 52 b5 26 36 8a 05         ........R.&6..
    Data: 5d2c49e9f89d6fa604368197d33f227f02a3cacabbf78bb952b526368a05
    [Length: 30]

Frame 6: Packet, 66 bytes on wire (528 bits), 66 bytes captured (528 bits) on interface \Device\NPF_{9B9257DC-FAC1-4993-B12F-136D7BA5E874}, id 0
    Section number: 1
    Interface id: 0 (\Device\NPF_{9B9257DC-FAC1-4993-B12F-136D7BA5E874})
        Interface name: \Device\NPF_{9B9257DC-FAC1-4993-B12F-136D7BA5E874}
        Interface description: Wi-Fi
    Encapsulation type: Ethernet (1)
    Arrival Time: Apr  9, 2026 19:25:44.547376600 India Standard Time
    UTC Arrival Time: Apr  9, 2026 13:55:44.547376600 UTC
    Epoch Arrival Time: 1775742944.547376600
    [Time shift for this packet: 0.000000000 seconds]
    [Time delta from previous captured frame: 1.334000 milliseconds]
    [Time delta from previous displayed frame: 1.334000 milliseconds]
    [Time since reference or first frame: 6.621600 milliseconds]
    Frame Number: 6
    Frame Length: 66 bytes (528 bits)
    Capture Length: 66 bytes (528 bits)
    [Frame is marked: False]
    [Frame is ignored: False]
    [Protocols in frame: eth:ethertype:ip:udp:data]
    Character encoding: ASCII (0)
Ethernet II, Src: HewlettPacka_3a:cc:1d (28:92:4a:3a:cc:1d), Dst: 96:77:0b:05:d4:0b (96:77:0b:05:d4:0b)
    Destination: 96:77:0b:05:d4:0b (96:77:0b:05:d4:0b)
        .... ..1. .... .... .... .... = LG bit: Locally administered address (this is NOT the factory default)
        .... ...0 .... .... .... .... = IG bit: Individual address (unicast)
    Source: HewlettPacka_3a:cc:1d (28:92:4a:3a:cc:1d)
        .... ..0. .... .... .... .... = LG bit: Globally unique address (factory default)
        .... ...0 .... .... .... .... = IG bit: Individual address (unicast)
    Type: IPv4 (0x0800)
    [Stream index: 0]
Internet Protocol Version 4, Src: 151.101.194.214, Dst: 172.16.90.227
    0100 .... = Version: 4
    .... 0101 = Header Length: 20 bytes (5)
    Differentiated Services Field: 0x00 (DSCP: CS0, ECN: Not-ECT)
        0000 00.. = Differentiated Services Codepoint: Default (0)
        .... ..00 = Explicit Congestion Notification: Not ECN-Capable Transport (0)
    Total Length: 52
    Identification: 0x0000 (0)
    010. .... = Flags: 0x2, Don't fragment
        0... .... = Reserved bit: Not set
        .1.. .... = Don't fragment: Set
        ..0. .... = More fragments: Not set
    ...0 0000 0000 0000 = Fragment Offset: 0
    Time to Live: 57
    Protocol: UDP (17)
    Header Checksum: 0xe089 [validation disabled]
    [Header checksum status: Unverified]
    Source Address: 151.101.194.214
    Destination Address: 172.16.90.227
    [Stream index: 0]
User Datagram Protocol, Src Port: 443, Dst Port: 63385
    Source Port: 443
    Destination Port: 63385
    Length: 32
    Checksum: 0xa65c [unverified]
    [Checksum Status: Unverified]
    [Stream index: 0]
    [Stream Packet Number: 6]
    [Timestamps]
        [Time since first frame: 6.621600 milliseconds]
        [Time since previous frame: 1.334000 milliseconds]
    UDP payload (24 bytes)
Data (24 bytes)

0000  50 2e 40 2c 99 51 49 c9 3a a4 39 2b c5 33 a1 64   P.@,.QI.:.9+.3.d
0010  1c c6 d1 2c a5 00 1d fc                           ...,....
    Data: 502e402c995149c93aa4392bc533a1641cc6d12ca5001dfc
    [Length: 24]

Frame 7: Packet, 83 bytes on wire (664 bits), 83 bytes captured (664 bits) on interface \Device\NPF_{9B9257DC-FAC1-4993-B12F-136D7BA5E874}, id 0
    Section number: 1
    Interface id: 0 (\Device\NPF_{9B9257DC-FAC1-4993-B12F-136D7BA5E874})
        Interface name: \Device\NPF_{9B9257DC-FAC1-4993-B12F-136D7BA5E874}
        Interface description: Wi-Fi
    Encapsulation type: Ethernet (1)
    Arrival Time: Apr  9, 2026 19:25:44.573877800 India Standard Time
    UTC Arrival Time: Apr  9, 2026 13:55:44.573877800 UTC
    Epoch Arrival Time: 1775742944.573877800
    [Time shift for this packet: 0.000000000 seconds]
    [Time delta from previous captured frame: 26.501200 milliseconds]
    [Time delta from previous displayed frame: 26.501200 milliseconds]
    [Time since reference or first frame: 33.122800 milliseconds]
    Frame Number: 7
    Frame Length: 83 bytes (664 bits)
    Capture Length: 83 bytes (664 bits)
    [Frame is marked: False]
    [Frame is ignored: False]
    [Protocols in frame: eth:ethertype:ip:udp:data]
    Character encoding: ASCII (0)
Ethernet II, Src: 96:77:0b:05:d4:0b (96:77:0b:05:d4:0b), Dst: HewlettPacka_3a:cc:1d (28:92:4a:3a:cc:1d)
    Destination: HewlettPacka_3a:cc:1d (28:92:4a:3a:cc:1d)
        .... ..0. .... .... .... .... = LG bit: Globally unique address (factory default)
        .... ...0 .... .... .... .... = IG bit: Individual address (unicast)
    Source: 96:77:0b:05:d4:0b (96:77:0b:05:d4:0b)
        .... ..1. .... .... .... .... = LG bit: Locally administered address (this is NOT the factory default)
        .... ...0 .... .... .... .... = IG bit: Individual address (unicast)
    Type: IPv4 (0x0800)
    [Stream index: 0]
Internet Protocol Version 4, Src: 172.16.90.227, Dst: 151.101.194.214
    0100 .... = Version: 4
    .... 0101 = Header Length: 20 bytes (5)
    Differentiated Services Field: 0x00 (DSCP: CS0, ECN: Not-ECT)
        0000 00.. = Differentiated Services Codepoint: Default (0)
        .... ..00 = Explicit Congestion Notification: Not ECN-Capable Transport (0)
    Total Length: 69
    Identification: 0x183e (6206)
    010. .... = Flags: 0x2, Don't fragment
        0... .... = Reserved bit: Not set
        .1.. .... = Don't fragment: Set
        ..0. .... = More fragments: Not set
    ...0 0000 0000 0000 = Fragment Offset: 0
    Time to Live: 128
    Protocol: UDP (17)
    Header Checksum: 0x0000 [validation disabled]
    [Header checksum status: Unverified]
    Source Address: 172.16.90.227
    Destination Address: 151.101.194.214
    [Stream index: 0]
User Datagram Protocol, Src Port: 63385, Dst Port: 443
    Source Port: 63385
    Destination Port: 443
    Length: 49
    Checksum: 0x6172 [unverified]
    [Checksum Status: Unverified]
    [Stream index: 0]
    [Stream Packet Number: 7]
    [Timestamps]
        [Time since first frame: 33.122800 milliseconds]
        [Time since previous frame: 26.501200 milliseconds]
    UDP payload (41 bytes)
Data (41 bytes)

0000  4d a8 69 cb d8 71 e5 69 39 ad 3c c4 67 28 8a 95   M.i..q.i9.<.g(..
0010  3f 28 39 2a fc 04 5a 78 85 07 d0 84 7d 0b bf 43   ?(9*..Zx....}..C
0020  ac a4 da 3c 86 62 d9 a0 61                        ...<.b..a
    Data: 4da869cbd871e56939ad3cc467288a953f28392afc045a788507d0847d0bbf43aca4da3c8662d9a061
    [Length: 41]

Frame 8: Packet, 232 bytes on wire (1856 bits), 232 bytes captured (1856 bits) on interface \Device\NPF_{9B9257DC-FAC1-4993-B12F-136D7BA5E874}, id 0
    Section number: 1
    Interface id: 0 (\Device\NPF_{9B9257DC-FAC1-4993-B12F-136D7BA5E874})
        Interface name: \Device\NPF_{9B9257DC-FAC1-4993-B12F-136D7BA5E874}
        Interface description: Wi-Fi
    Encapsulation type: Ethernet (1)
    Arrival Time: Apr  9, 2026 19:25:44.825953300 India Standard Time
    UTC Arrival Time: Apr  9, 2026 13:55:44.825953300 UTC
    Epoch Arrival Time: 1775742944.825953300
    [Time shift for this packet: 0.000000000 seconds]
    [Time delta from previous captured frame: 252.075500 milliseconds]
    [Time delta from previous displayed frame: 252.075500 milliseconds]
    [Time since reference or first frame: 285.198300 milliseconds]
    Frame Number: 8
    Frame Length: 232 bytes (1856 bits)
    Capture Length: 232 bytes (1856 bits)
    [Frame is marked: False]
    [Frame is ignored: False]
    [Protocols in frame: eth:ethertype:ip:udp:data]
    Character encoding: ASCII (0)
Ethernet II, Src: HewlettPacka_3a:cc:1d (28:92:4a:3a:cc:1d), Dst: 96:77:0b:05:d4:0b (96:77:0b:05:d4:0b)
    Destination: 96:77:0b:05:d4:0b (96:77:0b:05:d4:0b)
        .... ..1. .... .... .... .... = LG bit: Locally administered address (this is NOT the factory default)
        .... ...0 .... .... .... .... = IG bit: Individual address (unicast)
    Source: HewlettPacka_3a:cc:1d (28:92:4a:3a:cc:1d)
        .... ..0. .... .... .... .... = LG bit: Globally unique address (factory default)
        .... ...0 .... .... .... .... = IG bit: Individual address (unicast)
    Type: IPv4 (0x0800)
    [Stream index: 0]
Internet Protocol Version 4, Src: 151.101.194.214, Dst: 172.16.90.227
    0100 .... = Version: 4
    .... 0101 = Header Length: 20 bytes (5)
    Differentiated Services Field: 0x00 (DSCP: CS0, ECN: Not-ECT)
        0000 00.. = Differentiated Services Codepoint: Default (0)
        .... ..00 = Explicit Congestion Notification: Not ECN-Capable Transport (0)
    Total Length: 218
    Identification: 0x0000 (0)
    010. .... = Flags: 0x2, Don't fragment
        0... .... = Reserved bit: Not set
        .1.. .... = Don't fragment: Set
        ..0. .... = More fragments: Not set
    ...0 0000 0000 0000 = Fragment Offset: 0
    Time to Live: 57
    Protocol: UDP (17)
    Header Checksum: 0xdfe3 [validation disabled]
    [Header checksum status: Unverified]
    Source Address: 151.101.194.214
    Destination Address: 172.16.90.227
    [Stream index: 0]
User Datagram Protocol, Src Port: 443, Dst Port: 63385
    Source Port: 443
    Destination Port: 63385
    Length: 198
    Checksum: 0x7333 [unverified]
    [Checksum Status: Unverified]
    [Stream index: 0]
    [Stream Packet Number: 8]
    [Timestamps]
        [Time since first frame: 285.198300 milliseconds]
        [Time since previous frame: 252.075500 milliseconds]
    UDP payload (190 bytes)
Data (190 bytes)

0000  4e 78 a6 1a 3b 9c 85 d3 7f 2d e6 8b 89 e8 59 94   Nx..;....-....Y.
0010  0d 87 1c a9 44 43 30 f5 b0 62 32 a5 59 0f 11 87   ....DC0..b2.Y...
0020  b6 f6 fe d8 a7 b0 84 62 5f 0f 0f 6f fe 83 87 a7   .......b_..o....
0030  45 23 9e cf d9 14 db d4 96 5c 25 f0 57 be 76 52   E#.......\%.W.vR
0040  db fd 6b 6a 10 60 b8 e1 1e 12 36 ca 21 a8 9f 5e   ..kj.`....6.!..^
0050  80 93 8c 77 a9 da 89 1d b6 8c fb 5f 65 1b 1f fd   ...w......._e...
0060  da 52 1c 4f cb 05 68 28 3c 71 95 46 80 42 b6 fb   .R.O..h(<q.F.B..
0070  aa b2 2f 7e 40 dd 36 b6 79 12 e4 92 71 52 ca 78   ../~@.6.y...qR.x
0080  92 c1 c4 31 10 48 fa a2 ec e7 e4 ba 8d 74 99 d9   ...1.H.......t..
0090  3a c2 32 b2 f7 46 a7 30 cb c2 1d 72 5d 5b 99 c2   :.2..F.0...r][..
00a0  1b 9c 10 60 a8 a0 64 16 84 99 54 fe f6 a6 7c 04   ...`..d...T...|.
00b0  e9 bb 57 2e 33 1d b5 e8 ae 88 14 bf d5 d5         ..W.3.........
    Data […]: 4e78a61a3b9c85d37f2de68b89e859940d871ca9444330f5b06232a5590f1187b6f6fed8a7b084625f0f0f6ffe8387a745239ecfd914dbd4965c25f057be7652dbfd6b6a1060b8e11e1236ca21a89f5e80938c77a9da891db68cfb5f651b1ffdda521c4fcb0568283c7195468042b6fbaab
    [Length: 190]

Frame 9: Packet, 198 bytes on wire (1584 bits), 198 bytes captured (1584 bits) on interface \Device\NPF_{9B9257DC-FAC1-4993-B12F-136D7BA5E874}, id 0
    Section number: 1
    Interface id: 0 (\Device\NPF_{9B9257DC-FAC1-4993-B12F-136D7BA5E874})
        Interface name: \Device\NPF_{9B9257DC-FAC1-4993-B12F-136D7BA5E874}
        Interface description: Wi-Fi
    Encapsulation type: Ethernet (1)
    Arrival Time: Apr  9, 2026 19:25:44.825953300 India Standard Time
    UTC Arrival Time: Apr  9, 2026 13:55:44.825953300 UTC
    Epoch Arrival Time: 1775742944.825953300
    [Time shift for this packet: 0.000000000 seconds]
    [Time delta from previous captured frame: 0.000000000 seconds]
    [Time delta from previous displayed frame: 0.000000000 seconds]
    [Time since reference or first frame: 285.198300 milliseconds]
    Frame Number: 9
    Frame Length: 198 bytes (1584 bits)
    Capture Length: 198 bytes (1584 bits)
    [Frame is marked: False]
    [Frame is ignored: False]
    [Protocols in frame: eth:ethertype:ip:udp:data]
    Character encoding: ASCII (0)
Ethernet II, Src: HewlettPacka_3a:cc:1d (28:92:4a:3a:cc:1d), Dst: 96:77:0b:05:d4:0b (96:77:0b:05:d4:0b)
    Destination: 96:77:0b:05:d4:0b (96:77:0b:05:d4:0b)
        .... ..1. .... .... .... .... = LG bit: Locally administered address (this is NOT the factory default)
        .... ...0 .... .... .... .... = IG bit: Individual address (unicast)
    Source: HewlettPacka_3a:cc:1d (28:92:4a:3a:cc:1d)
        .... ..0. .... .... .... .... = LG bit: Globally unique address (factory default)
        .... ...0 .... .... .... .... = IG bit: Individual address (unicast)
    Type: IPv4 (0x0800)
    [Stream index: 0]
Internet Protocol Version 4, Src: 151.101.194.214, Dst: 172.16.90.227
    0100 .... = Version: 4
    .... 0101 = Header Length: 20 bytes (5)
    Differentiated Services Field: 0x00 (DSCP: CS0, ECN: Not-ECT)
        0000 00.. = Differentiated Services Codepoint: Default (0)
        .... ..00 = Explicit Congestion Notification: Not ECN-Capable Transport (0)
    Total Length: 184
    Identification: 0x0000 (0)
    010. .... = Flags: 0x2, Don't fragment
        0... .... = Reserved bit: Not set
        .1.. .... = Don't fragment: Set
        ..0. .... = More fragments: Not set
    ...0 0000 0000 0000 = Fragment Offset: 0
    Time to Live: 57
    Protocol: UDP (17)
    Header Checksum: 0xe005 [validation disabled]
    [Header checksum status: Unverified]
    Source Address: 151.101.194.214
    Destination Address: 172.16.90.227
    [Stream index: 0]
User Datagram Protocol, Src Port: 443, Dst Port: 63385
    Source Port: 443
    Destination Port: 63385
    Length: 164
    Checksum: 0xcdde [unverified]
    [Checksum Status: Unverified]
    [Stream index: 0]
    [Stream Packet Number: 9]
    [Timestamps]
        [Time since first frame: 285.198300 milliseconds]
        [Time since previous frame: 0.000000000 seconds]
    UDP payload (156 bytes)
Data (156 bytes)

0000  49 e7 3b a5 0f db a8 8c f5 48 1b a8 c1 4d 59 9a   I.;......H...MY.
0010  b3 9e ca 4c 63 6f 0e b1 2e 3f 69 34 5d 36 d1 42   ...Lco...?i4]6.B
0020  b9 58 a8 53 ea 85 4d 64 e2 8a b4 48 7d 3e 53 31   .X.S..Md...H}>S1
0030  6f 78 9c 35 84 3f 4a a8 e3 db ed 42 31 61 d1 6c   ox.5.?J....B1a.l
0040  e9 4e ef 26 9e 4b 7d 6e 82 a0 4b cf 1a 58 54 de   .N.&.K}n..K..XT.
0050  37 5e 70 05 e3 ce eb 9b 08 c0 87 86 4f 33 8b 01   7^p.........O3..
0060  25 0f cf 28 70 23 64 2e d2 00 f4 b6 ca 2b e5 68   %..(p#d......+.h
0070  1a ba dd 3a d4 c6 e6 57 2b 06 ae c2 a1 e2 e8 8a   ...:...W+.......
0080  0d 7b f8 6d 99 42 01 c5 b1 0c ff ca c9 b0 5e 35   .{.m.B........^5
0090  80 be 93 28 af 43 09 4e 8b af cc 08               ...(.C.N....
    Data […]: 49e73ba50fdba88cf5481ba8c14d599ab39eca4c636f0eb12e3f69345d36d142b958a853ea854d64e28ab4487d3e53316f789c35843f4aa8e3dbed423161d16ce94eef269e4b7d6e82a04bcf1a5854de375e7005e3ceeb9b08c087864f338b01250fcf287023642ed200f4b6ca2be5681ab
    [Length: 156]

Frame 10: Packet, 82 bytes on wire (656 bits), 82 bytes captured (656 bits) on interface \Device\NPF_{9B9257DC-FAC1-4993-B12F-136D7BA5E874}, id 0
    Section number: 1
    Interface id: 0 (\Device\NPF_{9B9257DC-FAC1-4993-B12F-136D7BA5E874})
        Interface name: \Device\NPF_{9B9257DC-FAC1-4993-B12F-136D7BA5E874}
        Interface description: Wi-Fi
    Encapsulation type: Ethernet (1)
    Arrival Time: Apr  9, 2026 19:25:44.826090800 India Standard Time
    UTC Arrival Time: Apr  9, 2026 13:55:44.826090800 UTC
    Epoch Arrival Time: 1775742944.826090800
    [Time shift for this packet: 0.000000000 seconds]
    [Time delta from previous captured frame: 137.500 microseconds]
    [Time delta from previous displayed frame: 137.500 microseconds]
    [Time since reference or first frame: 285.335800 milliseconds]
    Frame Number: 10
    Frame Length: 82 bytes (656 bits)
    Capture Length: 82 bytes (656 bits)
    [Frame is marked: False]
    [Frame is ignored: False]
    [Protocols in frame: eth:ethertype:ip:udp:data]
    Character encoding: ASCII (0)
Ethernet II, Src: 96:77:0b:05:d4:0b (96:77:0b:05:d4:0b), Dst: HewlettPacka_3a:cc:1d (28:92:4a:3a:cc:1d)
    Destination: HewlettPacka_3a:cc:1d (28:92:4a:3a:cc:1d)
        .... ..0. .... .... .... .... = LG bit: Globally unique address (factory default)
        .... ...0 .... .... .... .... = IG bit: Individual address (unicast)
    Source: 96:77:0b:05:d4:0b (96:77:0b:05:d4:0b)
        .... ..1. .... .... .... .... = LG bit: Locally administered address (this is NOT the factory default)
        .... ...0 .... .... .... .... = IG bit: Individual address (unicast)
    Type: IPv4 (0x0800)
    [Stream index: 0]
Internet Protocol Version 4, Src: 172.16.90.227, Dst: 151.101.194.214
    0100 .... = Version: 4
    .... 0101 = Header Length: 20 bytes (5)
    Differentiated Services Field: 0x00 (DSCP: CS0, ECN: Not-ECT)
        0000 00.. = Differentiated Services Codepoint: Default (0)
        .... ..00 = Explicit Congestion Notification: Not ECN-Capable Transport (0)
    Total Length: 68
    Identification: 0x183f (6207)
    010. .... = Flags: 0x2, Don't fragment
        0... .... = Reserved bit: Not set
        .1.. .... = Don't fragment: Set
        ..0. .... = More fragments: Not set
    ...0 0000 0000 0000 = Fragment Offset: 0
    Time to Live: 128
    Protocol: UDP (17)
    Header Checksum: 0x0000 [validation disabled]
    [Header checksum status: Unverified]
    Source Address: 172.16.90.227
    Destination Address: 151.101.194.214
    [Stream index: 0]
User Datagram Protocol, Src Port: 63385, Dst Port: 443
    Source Port: 63385
    Destination Port: 443
    Length: 48
    Checksum: 0x6171 [unverified]
    [Checksum Status: Unverified]
    [Stream index: 0]
    [Stream Packet Number: 10]
    [Timestamps]
        [Time since first frame: 285.335800 milliseconds]
        [Time since previous frame: 137.500 microseconds]
    UDP payload (40 bytes)
Data (40 bytes)

0000  44 a8 69 cb d8 71 e5 69 39 ad 3c c4 67 28 8a 95   D.i..q.i9.<.g(..
0010  3f 28 de 8e 05 ac 37 4a aa 3c 96 d7 b8 a2 21 cf   ?(....7J.<....!.
0020  37 45 67 29 b0 72 cd 1f                           7Eg).r..
    Data: 44a869cbd871e56939ad3cc467288a953f28de8e05ac374aaa3c96d7b8a221cf37456729b072cd1f
    [Length: 40]

