Frame 1: Packet, 70 bytes on wire (560 bits), 70 bytes captured (560 bits) on interface \Device\NPF_{9B9257DC-FAC1-4993-B12F-136D7BA5E874}, id 0
    Section number: 1
    Interface id: 0 (\Device\NPF_{9B9257DC-FAC1-4993-B12F-136D7BA5E874})
        Interface name: \Device\NPF_{9B9257DC-FAC1-4993-B12F-136D7BA5E874}
        Interface description: Wi-Fi
    Encapsulation type: Ethernet (1)
    Arrival Time: Apr  9, 2026 19:40:03.238241800 India Standard Time
    UTC Arrival Time: Apr  9, 2026 14:10:03.238241800 UTC
    Epoch Arrival Time: 1775743803.238241800
    [Time shift for this packet: 0.000000000 seconds]
    [Time since reference or first frame: 0.000000000 seconds]
    Frame Number: 1
    Frame Length: 70 bytes (560 bits)
    Capture Length: 70 bytes (560 bits)
    [Frame is marked: False]
    [Frame is ignored: False]
    [Protocols in frame: eth:ethertype:ip:udp:data]
    Character encoding: ASCII (0)
Ethernet II, Src: HewlettPacka_3a:cc:1d (28:92:4a:3a:cc:1d), Dst: 96:77:0b:05:d4:0b (96:77:0b:05:d4:0b)
    Destination: 96:77:0b:05:d4:0b (96:77:0b:05:d4:0b)
        .... ..1. .... .... .... .... = LG bit: Locally administered address (this is NOT the factory default)
        .... ...0 .... .... .... .... = IG bit: Individual address (unicast)
    Source: HewlettPacka_3a:cc:1d (28:92:4a:3a:cc:1d)
        .... ..0. .... .... .... .... = LG bit: Globally unique address (factory default)
        .... ...0 .... .... .... .... = IG bit: Individual address (unicast)
    Type: IPv4 (0x0800)
    [Stream index: 0]
Internet Protocol Version 4, Src: 104.18.22.222, Dst: 172.16.90.227
    0100 .... = Version: 4
    .... 0101 = Header Length: 20 bytes (5)
    Differentiated Services Field: 0x88 (DSCP: AF41, ECN: Not-ECT)
        1000 10.. = Differentiated Services Codepoint: Assured Forwarding 41 (34)
        .... ..00 = Explicit Congestion Notification: Not ECN-Capable Transport (0)
    Total Length: 56
    Identification: 0x0000 (0)
    010. .... = Flags: 0x2, Don't fragment
        0... .... = Reserved bit: Not set
        .1.. .... = Don't fragment: Set
        ..0. .... = More fragments: Not set
    ...0 0000 0000 0000 = Fragment Offset: 0
    Time to Live: 57
    Protocol: UDP (17)
    Header Checksum: 0xbb49 [validation disabled]
    [Header checksum status: Unverified]
    Source Address: 104.18.22.222
    Destination Address: 172.16.90.227
    [Stream index: 0]
User Datagram Protocol, Src Port: 443, Dst Port: 60762
    Source Port: 443
    Destination Port: 60762
    Length: 36
    Checksum: 0xce60 [unverified]
    [Checksum Status: Unverified]
    [Stream index: 0]
    [Stream Packet Number: 1]
    [Timestamps]
        [Time since first frame: 0.000000000 seconds]
        [Time since previous frame: 0.000000000 seconds]
    UDP payload (28 bytes)
Data (28 bytes)

0000  44 9c 48 39 c6 b2 d6 29 fe 4c e2 3a fa e9 cd e4   D.H9...).L.:....
0010  2d 5c 7a e3 4a 82 61 cf 9b 9a f9 16               -\z.J.a.....
    Data: 449c4839c6b2d629fe4ce23afae9cde42d5c7ae34a8261cf9b9af916
    [Length: 28]

Frame 2: Packet, 70 bytes on wire (560 bits), 70 bytes captured (560 bits) on interface \Device\NPF_{9B9257DC-FAC1-4993-B12F-136D7BA5E874}, id 0
    Section number: 1
    Interface id: 0 (\Device\NPF_{9B9257DC-FAC1-4993-B12F-136D7BA5E874})
        Interface name: \Device\NPF_{9B9257DC-FAC1-4993-B12F-136D7BA5E874}
        Interface description: Wi-Fi
    Encapsulation type: Ethernet (1)
    Arrival Time: Apr  9, 2026 19:40:03.238241800 India Standard Time
    UTC Arrival Time: Apr  9, 2026 14:10:03.238241800 UTC
    Epoch Arrival Time: 1775743803.238241800
    [Time shift for this packet: 0.000000000 seconds]
    [Time delta from previous captured frame: 0.000000000 seconds]
    [Time delta from previous displayed frame: 0.000000000 seconds]
    [Time since reference or first frame: 0.000000000 seconds]
    Frame Number: 2
    Frame Length: 70 bytes (560 bits)
    Capture Length: 70 bytes (560 bits)
    [Frame is marked: False]
    [Frame is ignored: False]
    [Protocols in frame: eth:ethertype:ip:udp:data]
    Character encoding: ASCII (0)
Ethernet II, Src: HewlettPacka_3a:cc:1d (28:92:4a:3a:cc:1d), Dst: 96:77:0b:05:d4:0b (96:77:0b:05:d4:0b)
    Destination: 96:77:0b:05:d4:0b (96:77:0b:05:d4:0b)
        .... ..1. .... .... .... .... = LG bit: Locally administered address (this is NOT the factory default)
        .... ...0 .... .... .... .... = IG bit: Individual address (unicast)
    Source: HewlettPacka_3a:cc:1d (28:92:4a:3a:cc:1d)
        .... ..0. .... .... .... .... = LG bit: Globally unique address (factory default)
        .... ...0 .... .... .... .... = IG bit: Individual address (unicast)
    Type: IPv4 (0x0800)
    [Stream index: 0]
Internet Protocol Version 4, Src: 104.18.22.222, Dst: 172.16.90.227
    0100 .... = Version: 4
    .... 0101 = Header Length: 20 bytes (5)
    Differentiated Services Field: 0x88 (DSCP: AF41, ECN: Not-ECT)
        1000 10.. = Differentiated Services Codepoint: Assured Forwarding 41 (34)
        .... ..00 = Explicit Congestion Notification: Not ECN-Capable Transport (0)
    Total Length: 56
    Identification: 0x0001 (1)
    010. .... = Flags: 0x2, Don't fragment
        0... .... = Reserved bit: Not set
        .1.. .... = Don't fragment: Set
        ..0. .... = More fragments: Not set
    ...0 0000 0000 0000 = Fragment Offset: 0
    Time to Live: 57
    Protocol: UDP (17)
    Header Checksum: 0xbb48 [validation disabled]
    [Header checksum status: Unverified]
    Source Address: 104.18.22.222
    Destination Address: 172.16.90.227
    [Stream index: 0]
User Datagram Protocol, Src Port: 443, Dst Port: 60762
    Source Port: 443
    Destination Port: 60762
    Length: 36
    Checksum: 0xe45d [unverified]
    [Checksum Status: Unverified]
    [Stream index: 0]
    [Stream Packet Number: 2]
    [Timestamps]
        [Time since first frame: 0.000000000 seconds]
        [Time since previous frame: 0.000000000 seconds]
    UDP payload (28 bytes)
Data (28 bytes)

0000  4c 60 3c 8e a5 05 70 f5 c4 60 fe ee b6 d6 82 28   L`<...p..`.....(
0010  a0 b9 f5 91 ed 66 03 12 68 f9 1b 58               .....f..h..X
    Data: 4c603c8ea50570f5c460feeeb6d68228a0b9f591ed66031268f91b58
    [Length: 28]

Frame 3: Packet, 1278 bytes on wire (10224 bits), 1278 bytes captured (10224 bits) on interface \Device\NPF_{9B9257DC-FAC1-4993-B12F-136D7BA5E874}, id 0
    Section number: 1
    Interface id: 0 (\Device\NPF_{9B9257DC-FAC1-4993-B12F-136D7BA5E874})
        Interface name: \Device\NPF_{9B9257DC-FAC1-4993-B12F-136D7BA5E874}
        Interface description: Wi-Fi
    Encapsulation type: Ethernet (1)
    Arrival Time: Apr  9, 2026 19:40:06.771524600 India Standard Time
    UTC Arrival Time: Apr  9, 2026 14:10:06.771524600 UTC
    Epoch Arrival Time: 1775743806.771524600
    [Time shift for this packet: 0.000000000 seconds]
    [Time delta from previous captured frame: 3.533282800 seconds]
    [Time delta from previous displayed frame: 3.533282800 seconds]
    [Time since reference or first frame: 3.533282800 seconds]
    Frame Number: 3
    Frame Length: 1278 bytes (10224 bits)
    Capture Length: 1278 bytes (10224 bits)
    [Frame is marked: False]
    [Frame is ignored: False]
    [Protocols in frame: eth:ethertype:vlan:ethertype:ip:udp:data]
    Character encoding: ASCII (0)
Ethernet II, Src: HewlettPacka_3a:cc:1d (28:92:4a:3a:cc:1d), Dst: 96:77:0b:05:d4:0b (96:77:0b:05:d4:0b)
    Destination: 96:77:0b:05:d4:0b (96:77:0b:05:d4:0b)
        .... ..1. .... .... .... .... = LG bit: Locally administered address (this is NOT the factory default)
        .... ...0 .... .... .... .... = IG bit: Individual address (unicast)
    Source: HewlettPacka_3a:cc:1d (28:92:4a:3a:cc:1d)
        .... ..0. .... .... .... .... = LG bit: Globally unique address (factory default)
        .... ...0 .... .... .... .... = IG bit: Individual address (unicast)
    Type: 802.1Q Virtual LAN (0x8100)
    [Stream index: 0]
802.1Q Virtual LAN, PRI: 0, DEI: 0, ID: 0
    000. .... .... .... = Priority: Best Effort (default) (0)
    ...0 .... .... .... = DEI: Ineligible
    .... 0000 0000 0000 = ID: 0
    Type: IPv4 (0x0800)
Internet Protocol Version 4, Src: 57.144.213.32, Dst: 172.16.90.227
    0100 .... = Version: 4
    .... 0101 = Header Length: 20 bytes (5)
    Differentiated Services Field: 0xb8 (DSCP: EF, ECN: Not-ECT)
        1011 10.. = Differentiated Services Codepoint: Expedited Forwarding (46)
        .... ..00 = Explicit Congestion Notification: Not ECN-Capable Transport (0)
    Total Length: 1260
    Identification: 0x0000 (0)
    010. .... = Flags: 0x2, Don't fragment
        0... .... = Reserved bit: Not set
        .1.. .... = Don't fragment: Set
        ..0. .... = More fragments: Not set
    ...0 0000 0000 0000 = Fragment Offset: 0
    Time to Live: 86
    Protocol: UDP (17)
    Header Checksum: 0x09a5 [validation disabled]
    [Header checksum status: Unverified]
    Source Address: 57.144.213.32
    Destination Address: 172.16.90.227
    [Stream index: 1]
User Datagram Protocol, Src Port: 443, Dst Port: 56785
    Source Port: 443
    Destination Port: 56785
    Length: 1240
    Checksum: 0x89e2 [unverified]
    [Checksum Status: Unverified]
    [Stream index: 1]
    [Stream Packet Number: 1]
    [Timestamps]
        [Time since first frame: 0.000000000 seconds]
        [Time since previous frame: 0.000000000 seconds]
    UDP payload (1232 bytes)
Data (1232 bytes)

0000  55 c6 23 08 67 88 67 21 eb b2 df 97 d8 d1 ad 80   U.#.g.g!........
0010  72 05 d1 cd dd 4a 0d 6a a1 21 96 3b 6a 9e 07 d0   r....J.j.!.;j...
0020  e1 83 0e 6e 5b 68 ff a2 5e 2b 85 5c 46 cb eb 9f   ...n[h..^+.\F...
0030  b8 c2 fa 87 2b b3 b2 c7 ae 2d d5 c0 c9 c1 ce fd   ....+....-......
0040  ed d1 6e b9 e6 0d 64 bd 87 8a 4c 6c bd 75 81 96   ..n...d...Ll.u..
0050  ee 68 ff a2 8a 9c 17 3d 88 5e 7b 19 d6 31 45 79   .h.....=.^{..1Ey
0060  36 98 1c 85 96 72 d7 2d 6f 3b 45 5d 6d a3 16 83   6....r.-o;E]m...
0070  80 4f 4a 21 76 52 6f e0 fb 49 90 ac 21 fc b1 fc   .OJ!vRo..I..!...
0080  12 60 01 63 23 22 65 03 fb c9 04 e8 eb 3c 30 39   .`.c#"e......<09
0090  9b d9 57 c5 5e 81 04 ce 2b 83 ae 69 4a 7e 6b 59   ..W.^...+..iJ~kY
00a0  70 ab 62 8a 70 84 39 f2 d3 1b c7 b4 39 97 af ef   p.b.p.9.....9...
00b0  0e 23 4d aa 9f d5 2f 34 34 9f c3 35 31 00 bf 1c   .#M.../44..51...
00c0  ae b6 80 3d b4 c2 25 35 3f 9b fa d7 fc 03 c7 b8   ...=..%5?.......
00d0  2f f9 f6 78 32 60 49 c6 44 50 45 34 02 a9 8b 20   /..x2`I.DPE4... 
00e0  00 bf f4 54 7c 8e 3f f7 60 1f 8b 25 76 a0 f4 ab   ...T|.?.`..%v...
00f0  a3 95 8c 87 04 14 0e 55 5c 52 85 d6 8e 30 2e e7   .......U\R...0..
0100  ad c7 a5 78 85 c6 0f a4 cb f0 71 06 18 8d 90 ae   ...x......q.....
0110  38 cd d3 b1 41 8c be 3f 9d d9 fa 1b 8f a2 6d 00   8...A..?......m.
0120  19 a1 3b 61 99 ca 1f 82 d1 ec b8 74 cb e7 6a e5   ..;a.......t..j.
0130  63 a4 2f 65 54 1f bb 5b e4 7c ea 85 e4 70 f3 19   c./eT..[.|...p..
0140  6e 2b 0a a2 14 b9 e5 19 8c cc 17 44 5a 98 df df   n+.........DZ...
0150  68 66 b7 8b e6 4f 5e 9f 15 b6 73 45 8b 23 4e 60   hf...O^...sE.#N`
0160  09 01 4b 86 a0 fd e4 9f f7 90 37 c8 13 5e 7d 9d   ..K.......7..^}.
0170  9d 70 c0 61 42 a6 d2 94 12 b8 c7 3e 54 82 66 80   .p.aB......>T.f.
0180  9e b1 e8 0b 52 2e d7 2d e6 b9 38 a6 da dd 84 ba   ....R..-..8.....
0190  46 9a 24 4e ab 10 f0 48 d5 98 b1 ca cf e2 fe 04   F.$N...H........
01a0  9b ed 71 08 2b 34 56 f2 eb 0a a9 5d 05 0e 1f a9   ..q.+4V....]....
01b0  08 b4 61 c9 4d f4 27 61 1b 7e 84 9f 88 ab 76 ea   ..a.M.'a.~....v.
01c0  75 b8 fa c1 f9 18 33 bf 93 70 32 45 bb 86 7d 95   u.....3..p2E..}.
01d0  a0 f6 d9 d0 18 fc 85 1c ea a1 c0 93 82 2f d9 af   ............./..
01e0  cc df 0f df 18 86 c9 bb 18 9f bd 81 f0 48 eb 28   .............H.(
01f0  6e 14 b8 ed 8d 03 bc 60 bb 80 03 95 cc 3f aa f7   n......`.....?..
0200  69 6e 41 1c ff c4 96 51 1b b4 78 50 15 b0 c5 ce   inA....Q..xP....
0210  2e 8a 7e 7a c3 54 a7 2c 4f c8 c3 37 c3 dc 94 32   ..~z.T.,O..7...2
0220  ba bd 9d 03 0d 78 0f 9d 07 d4 87 fa 2a 4a 0e 8d   .....x......*J..
0230  93 29 75 07 10 4c 46 8f d9 cb 8a 39 e5 c9 78 0a   .)u..LF....9..x.
0240  91 b0 ad 44 53 70 62 82 13 c7 3e 7b de 46 3e a2   ...DSpb...>{.F>.
0250  88 d4 6a 8a 6e 91 5b 4b f4 b0 49 18 df e5 3d cf   ..j.n.[K..I...=.
0260  9f 79 71 88 9e 25 b0 a3 0a b3 52 4d 09 b9 7b 7f   .yq..%....RM..{.
0270  cf 8c 26 4c 66 01 7e e2 75 a8 b8 6c 6b 4a 3e e8   ..&Lf.~.u..lkJ>.
0280  c8 94 e5 13 8c fa 04 23 ce 09 37 14 14 c5 c0 ed   .......#..7.....
0290  cf 4e 76 02 a4 68 20 05 0d 9e 80 66 ad 19 db 0e   .Nv..h ....f....
02a0  23 c4 6f 64 3d 8c d8 83 be b8 36 fa d3 16 0d 3a   #.od=.....6....:
02b0  bc b2 0b 7c 9f ce 40 f3 0d 3f bd a1 f8 dd 26 e7   ...|..@..?....&.
02c0  d4 52 6a c8 f8 6b 60 4e 2b 47 66 9b 00 3a 68 23   .Rj..k`N+Gf..:h#
02d0  22 5f 3a 00 59 3b 4e 0b 75 f5 7c 79 33 4d 1b db   "_:.Y;N.u.|y3M..
02e0  02 ad e9 8d 9a 41 9e da cf a7 2e 9c a0 f6 e8 e8   .....A..........
02f0  f4 48 5a b8 70 12 7f 69 ad 80 f0 fe f2 1b e9 bf   .HZ.p..i........
0300  c9 fa 99 df 55 55 ba bb ad 51 40 3f df e0 57 c1   ....UU...Q@?..W.
0310  be cc c5 20 21 7f 23 5a 65 58 cb 8a ee 2a 93 80   ... !.#ZeX...*..
0320  2b 2b c7 04 bd 14 a9 04 5b 1a f4 d4 a4 60 da 4e   ++......[....`.N
0330  35 f7 64 58 12 67 13 95 f9 b0 a1 dd a4 eb 89 a2   5.dX.g..........
0340  bd d5 9a fb 2d b6 e1 62 10 0e 25 23 18 1c d2 08   ....-..b..%#....
0350  8d 9a b1 de 59 98 b8 18 93 ca 3f 83 f5 1c e3 b2   ....Y.....?.....
0360  ac 9d 7a a8 e9 86 2f b6 2b d8 d3 c0 fb a0 3c 49   ..z.../.+.....<I
0370  4c df 00 0d 0f 8e d1 c8 52 93 a9 38 e9 18 bc cf   L.......R..8....
0380  6d 77 62 3f c9 d5 2f 40 fd ce 41 95 c2 a4 4a 02   mwb?../@..A...J.
0390  4f e1 39 e5 29 d4 c3 e9 93 eb 70 be e6 9e 7b 1b   O.9.).....p...{.
03a0  fe a9 57 ee 47 91 7b 0e 34 43 83 98 91 ae d3 80   ..W.G.{.4C......
03b0  b1 29 bf 9c 06 52 b5 86 4d 1b cc 84 94 c9 68 57   .)...R..M.....hW
03c0  38 0a 27 f1 38 67 6f b3 9e a9 af ab ed df 77 26   8.'.8go.......w&
03d0  6a 4f fe b7 69 56 ea c4 7b 16 d5 1a d9 5b f7 20   jO..iV..{....[. 
03e0  3b 34 37 a7 6b 42 23 54 73 04 70 c6 fe 51 40 ef   ;47.kB#Ts.p..Q@.
03f0  38 d0 59 7e 64 75 95 b4 94 9a 7f 8b 57 ee 51 68   8.Y~du......W.Qh
0400  92 0a c1 e9 67 20 ae 91 a6 46 6e a0 27 b9 0a ce   ....g ...Fn.'...
0410  18 66 42 69 ef 2e 4a 49 3a 74 c3 1d 53 4d ed 53   .fBi..JI:t..SM.S
0420  b5 eb 78 17 a5 99 42 e4 34 7d 7a d6 f0 e5 28 ba   ..x...B.4}z...(.
0430  73 8f c2 78 54 09 eb dc d0 b2 20 48 7b 72 7a b2   s..xT..... H{rz.
0440  3e d2 43 0f 6c 9f c5 83 35 a8 0e 66 34 70 73 4f   >.C.l...5..f4psO
0450  90 87 35 e0 7b 57 e2 3d ef 10 9c 19 3a ca 81 b0   ..5.{W.=....:...
0460  45 3f 0e eb 4d 43 ab d9 67 eb 13 a8 a5 b4 89 fd   E?..MC..g.......
0470  dc 8e e3 45 d3 68 ff 0c 68 22 c4 d7 92 98 ca fa   ...E.h..h"......
0480  fc 17 35 50 89 cf 95 0c 2c f4 0c 1e 8d 6a 81 a3   ..5P....,....j..
0490  95 d8 ea 21 50 59 30 02 5c 3a 50 eb 64 47 f2 7a   ...!PY0.\:P.dG.z
04a0  ca b9 81 cb 87 1f 11 22 b6 f4 43 ab 6e c8 b4 20   ......."..C.n.. 
04b0  9f 70 d9 23 2a 31 44 fb 6a 73 0e af 95 0b 0c 63   .p.#*1D.js.....c
04c0  64 cf 41 3c 0c be 54 4c b1 6c a7 88 68 73 dd 3f   d.A<..TL.l..hs.?
    Data […]: 55c6230867886721ebb2df97d8d1ad807205d1cddd4a0d6aa121963b6a9e07d0e1830e6e5b68ffa25e2b855c46cbeb9fb8c2fa872bb3b2c7ae2dd5c0c9c1cefdedd16eb9e60d64bd878a4c6cbd758196ee68ffa28a9c173d885e7b19d631457936981c859672d72d6f3b455d6da31683804
    [Length: 1232]

Frame 4: Packet, 1278 bytes on wire (10224 bits), 1278 bytes captured (10224 bits) on interface \Device\NPF_{9B9257DC-FAC1-4993-B12F-136D7BA5E874}, id 0
    Section number: 1
    Interface id: 0 (\Device\NPF_{9B9257DC-FAC1-4993-B12F-136D7BA5E874})
        Interface name: \Device\NPF_{9B9257DC-FAC1-4993-B12F-136D7BA5E874}
        Interface description: Wi-Fi
    Encapsulation type: Ethernet (1)
    Arrival Time: Apr  9, 2026 19:40:06.772530900 India Standard Time
    UTC Arrival Time: Apr  9, 2026 14:10:06.772530900 UTC
    Epoch Arrival Time: 1775743806.772530900
    [Time shift for this packet: 0.000000000 seconds]
    [Time delta from previous captured frame: 1.006300 milliseconds]
    [Time delta from previous displayed frame: 1.006300 milliseconds]
    [Time since reference or first frame: 3.534289100 seconds]
    Frame Number: 4
    Frame Length: 1278 bytes (10224 bits)
    Capture Length: 1278 bytes (10224 bits)
    [Frame is marked: False]
    [Frame is ignored: False]
    [Protocols in frame: eth:ethertype:vlan:ethertype:ip:udp:data]
    Character encoding: ASCII (0)
Ethernet II, Src: HewlettPacka_3a:cc:1d (28:92:4a:3a:cc:1d), Dst: 96:77:0b:05:d4:0b (96:77:0b:05:d4:0b)
    Destination: 96:77:0b:05:d4:0b (96:77:0b:05:d4:0b)
        .... ..1. .... .... .... .... = LG bit: Locally administered address (this is NOT the factory default)
        .... ...0 .... .... .... .... = IG bit: Individual address (unicast)
    Source: HewlettPacka_3a:cc:1d (28:92:4a:3a:cc:1d)
        .... ..0. .... .... .... .... = LG bit: Globally unique address (factory default)
        .... ...0 .... .... .... .... = IG bit: Individual address (unicast)
    Type: 802.1Q Virtual LAN (0x8100)
    [Stream index: 0]
802.1Q Virtual LAN, PRI: 0, DEI: 0, ID: 0
    000. .... .... .... = Priority: Best Effort (default) (0)
    ...0 .... .... .... = DEI: Ineligible
    .... 0000 0000 0000 = ID: 0
    Type: IPv4 (0x0800)
Internet Protocol Version 4, Src: 57.144.213.32, Dst: 172.16.90.227
    0100 .... = Version: 4
    .... 0101 = Header Length: 20 bytes (5)
    Differentiated Services Field: 0xb8 (DSCP: EF, ECN: Not-ECT)
        1011 10.. = Differentiated Services Codepoint: Expedited Forwarding (46)
        .... ..00 = Explicit Congestion Notification: Not ECN-Capable Transport (0)
    Total Length: 1260
    Identification: 0x0001 (1)
    010. .... = Flags: 0x2, Don't fragment
        0... .... = Reserved bit: Not set
        .1.. .... = Don't fragment: Set
        ..0. .... = More fragments: Not set
    ...0 0000 0000 0000 = Fragment Offset: 0
    Time to Live: 86
    Protocol: UDP (17)
    Header Checksum: 0x09a4 [validation disabled]
    [Header checksum status: Unverified]
    Source Address: 57.144.213.32
    Destination Address: 172.16.90.227
    [Stream index: 1]
User Datagram Protocol, Src Port: 443, Dst Port: 56785
    Source Port: 443
    Destination Port: 56785
    Length: 1240
    Checksum: 0xc546 [unverified]
    [Checksum Status: Unverified]
    [Stream index: 1]
    [Stream Packet Number: 2]
    [Timestamps]
        [Time since first frame: 1.006300 milliseconds]
        [Time since previous frame: 1.006300 milliseconds]
    UDP payload (1232 bytes)
Data (1232 bytes)

0000  4b 30 ef a6 fe 47 ac f3 0a 65 bb 1a bf 79 1f 02   K0...G...e...y..
0010  1b 12 40 e7 90 14 3c 2d 14 58 8d 8b 9a 47 1c 51   ..@...<-.X...G.Q
0020  83 fd 16 0b f7 36 f3 97 b5 6f 1d ea 57 21 09 07   .....6...o..W!..
0030  2b bb 1b 49 15 4a 82 23 74 1f f4 23 79 65 61 ee   +..I.J.#t..#yea.
0040  6f 36 d3 55 f6 4f 91 fa a8 0f 6d 4c 4d 20 31 d1   o6.U.O....mLM 1.
0050  72 2f f8 b2 2e dd 1f ff 50 31 04 20 c6 b0 e9 a6   r/......P1. ....
0060  d3 08 e7 df b4 79 df a1 01 b8 6f ae 81 83 3d 4e   .....y....o...=N
0070  03 57 27 c2 2a a9 6c 11 5d 11 77 dc b3 1c 51 26   .W'.*.l.].w...Q&
0080  ce 08 d8 15 a1 07 1d fa d1 96 63 b4 8c f2 28 8f   ..........c...(.
0090  85 3d a3 e8 33 ba 58 91 8b 29 85 5b e9 27 3e 3c   .=..3.X..).[.'><
00a0  bc 40 86 c7 cf a3 af 7e a2 f2 11 1c 35 f3 70 26   .@.....~....5.p&
00b0  e8 41 7e 83 9c c3 97 5d 08 3b 74 86 a4 25 65 a1   .A~....].;t..%e.
00c0  9e d4 86 af f9 17 94 42 a3 45 e0 2a 3b 7e 4b 13   .......B.E.*;~K.
00d0  38 9a 2d a4 c8 4d 79 0b a2 cc 6f 35 58 00 d2 06   8.-..My...o5X...
00e0  bd 0a bb c3 34 d8 ff ff fa 9f 1a be 17 b6 73 37   ....4.........s7
00f0  e0 6e f3 1f 29 6c bd af 39 32 c5 1a 8e c9 01 09   .n..)l..92......
0100  10 f4 b4 9b 5d ea d1 b3 6f 0d 2d fe bd 0a e4 44   ....]...o.-....D
0110  93 d5 d5 e2 29 b0 2a 32 1b 57 3e 9f 90 75 41 fc   ....).*2.W>..uA.
0120  a2 4e 36 ae ca e8 d2 b3 29 34 b0 03 d7 a6 da 61   .N6.....)4.....a
0130  74 77 b8 9f 6b 78 71 1e eb 42 58 cf 9f 99 88 7d   tw..kxq..BX....}
0140  58 de 55 cd 2c 92 84 69 75 34 5b c1 ee 19 f7 b6   X.U.,..iu4[.....
0150  20 6e 46 48 69 4f 0f 47 b3 d9 fc 32 b8 70 75 cc    nFHiO.G...2.pu.
0160  08 6e ef 14 9b f8 cc 8d 72 fe 70 93 b6 85 6c 6a   .n......r.p...lj
0170  f5 39 82 2c 96 7e 6b 3f 10 ac e1 c2 2a 86 f2 16   .9.,.~k?....*...
0180  29 f8 ca 25 a8 61 a1 49 71 45 d5 78 af 47 5f cb   )..%.a.IqE.x.G_.
0190  a6 f0 c8 22 96 12 d2 df f3 6c e7 1f f7 25 a6 77   ...".....l...%.w
01a0  cb ef 09 d1 9c 53 13 dd 0d 7f 3d 8e 46 8c 2e 1b   .....S....=.F...
01b0  2d c9 e7 83 0f e9 c8 c4 61 af 46 93 9c 6a a4 fe   -.......a.F..j..
01c0  f1 53 13 7f 91 54 d2 13 d1 ab 73 98 eb a6 88 1f   .S...T....s.....
01d0  5e 45 26 94 33 85 db f9 0c 02 40 a5 de cc 41 65   ^E&.3.....@...Ae
01e0  15 b9 fc 6d c1 10 f9 05 1d 43 50 5c ca 8b e2 36   ...m.....CP\...6
01f0  96 a4 4e 71 2d 5e d1 92 59 0d c4 74 16 88 01 5b   ..Nq-^..Y..t...[
0200  c0 9b 6f 02 4d 7c f4 88 16 04 0d b2 1a fe fd 87   ..o.M|..........
0210  26 a8 01 c4 72 ed 30 8d 77 c8 9a 55 17 71 e0 a8   &...r.0.w..U.q..
0220  4c 53 9d d6 ce 9a 0c f7 b1 64 18 24 8f d9 6d 27   LS.......d.$..m'
0230  71 81 5c f9 5e 34 53 e3 10 fc fb 93 a5 b5 c0 c7   q.\.^4S.........
0240  69 b9 64 8a 9c 84 62 b8 0a a8 f5 5f 6a 2c 2e 77   i.d...b...._j,.w
0250  17 02 d8 73 6f c0 1c 3a 99 e4 b6 56 af ca 0e 93   ...so..:...V....
0260  a9 e1 79 13 b5 81 48 71 53 ae 08 01 71 9e ce 88   ..y...HqS...q...
0270  1d 81 d6 56 2a a6 f7 5c 4b 1c 87 67 05 49 65 33   ...V*..\K..g.Ie3
0280  39 af 04 02 b9 2f 0b 5f 3e c1 ce 62 85 30 5d e6   9..../._>..b.0].
0290  71 9f 92 4a 08 da a7 d8 ac b6 5e 72 67 43 16 0c   q..J......^rgC..
02a0  31 7b 9e 51 8a fc 08 ce cf 39 3b 90 50 9a e5 02   1{.Q.....9;.P...
02b0  71 2f 0a 19 ff 72 f5 d4 72 96 d9 76 e7 24 14 de   q/...r..r..v.$..
02c0  3a af 2e 20 86 d0 b5 59 04 92 66 f7 ff f9 dc 93   :.. ...Y..f.....
02d0  c2 e4 07 f2 38 34 e7 24 85 6f 68 8e e0 a6 5e 07   ....84.$.oh...^.
02e0  cf 22 e5 bc 51 5a 12 08 22 be c4 23 4d f0 e4 39   ."..QZ.."..#M..9
02f0  0a 32 3a 09 75 94 30 8e 74 4f 32 aa 96 ff 37 39   .2:.u.0.tO2...79
0300  be 2c 97 eb 81 65 6d ab 2b 30 09 fc 89 a3 93 8f   .,...em.+0......
0310  09 58 d9 75 ea 8f 8f d6 41 43 d1 e3 08 aa 7b f2   .X.u....AC....{.
0320  0c 13 e1 6e c4 d5 82 7e 2f 9e 42 0e 8a b6 dd 06   ...n...~/.B.....
0330  69 4a 42 4c 25 35 88 be 08 cc 5d 16 3a 7b 19 c1   iJBL%5....].:{..
0340  6a 09 c3 1a 7c 06 91 88 28 5a 62 d6 a5 bf 01 50   j...|...(Zb....P
0350  38 74 a8 40 e3 1d 82 ed 51 2c c1 cf 1f 93 69 17   8t.@....Q,....i.
0360  fa 22 76 2b 13 cb 56 72 f1 9b b6 47 ba 38 ea 04   ."v+..Vr...G.8..
0370  11 55 69 97 f2 94 d1 f8 0b 51 b1 23 28 72 9b 80   .Ui......Q.#(r..
0380  0d ad 63 03 eb 2a 25 76 26 70 ae d7 9f 92 2e 81   ..c..*%v&p......
0390  f5 cc 32 70 b7 42 b8 cc 15 c6 22 80 01 ae 1a 85   ..2p.B....".....
03a0  ec c9 23 08 ee b9 5d 02 c5 f8 f7 d3 d5 cc 11 60   ..#...]........`
03b0  a3 61 be 50 20 24 ea a8 56 a1 39 aa 78 a6 35 02   .a.P $..V.9.x.5.
03c0  87 1c 2c c9 55 4f 5f be 55 ef cd 18 93 26 98 3f   ..,.UO_.U....&.?
03d0  b6 6d 29 22 66 96 51 3d cf 4e 57 67 ce 04 6a c4   .m)"f.Q=.NWg..j.
03e0  df fa 2b 32 17 c9 8e 03 ce f4 b1 ed f5 6a a6 6b   ..+2.........j.k
03f0  68 ab 97 73 69 62 45 02 05 78 ce 04 79 6e 90 e1   h..sibE..x..yn..
0400  9c f4 d9 0d 6f 38 95 64 d4 10 9c 79 f9 9b 24 bf   ....o8.d...y..$.
0410  df d2 2f d3 98 44 da 4d 1e cd 5a a6 95 15 78 29   ../..D.M..Z...x)
0420  02 ff 1e cb 85 03 c2 53 1c 6f fd 94 0a 3a a2 21   .......S.o...:.!
0430  f1 6f fa ca 04 d1 d5 3f 11 f1 22 b1 87 a1 1e c5   .o.....?..".....
0440  1f 5b 8a e1 ac 6d ba 89 2b dd c6 a8 c9 f6 a5 7b   .[...m..+......{
0450  1a 91 a1 72 69 a1 17 40 0e 39 e6 4d 48 76 c5 c2   ...ri..@.9.MHv..
0460  51 a8 33 51 a1 dc 21 5c f9 48 83 3d 6d 25 42 89   Q.3Q..!\.H.=m%B.
0470  42 87 1b 87 a0 1c 99 fa bd 67 5c f9 93 45 81 95   B........g\..E..
0480  fe 53 63 a4 67 75 54 d4 2a 31 bf 79 59 6d 75 be   .Sc.guT.*1.yYmu.
0490  43 fa 0a ea b6 f6 b3 92 1e 7e 63 50 4e 1d f3 bb   C........~cPN...
04a0  f2 f4 de 89 18 3e b6 d9 f1 37 16 8a 80 91 1e 18   .....>...7......
04b0  96 43 b9 a8 67 ff 05 c3 25 fb 6f e2 77 c7 7b 04   .C..g...%.o.w.{.
04c0  1e 13 cd 7b 49 04 f2 2b d8 48 41 92 fb c0 33 6f   ...{I..+.HA...3o
    Data […]: 4b30efa6fe47acf30a65bb1abf791f021b1240e790143c2d14588d8b9a471c5183fd160bf736f397b56f1dea572109072bbb1b49154a8223741ff423796561ee6f36d355f64f91faa80f6d4c4d2031d1722ff8b22edd1fff50310420c6b0e9a6d308e7dfb479dfa101b86fae81833d4e035
    [Length: 1232]

