Frame 1: Packet, 1292 bytes on wire (10336 bits), 1292 bytes captured (10336 bits) on interface \Device\NPF_{9B9257DC-FAC1-4993-B12F-136D7BA5E874}, id 0
    Section number: 1
    Interface id: 0 (\Device\NPF_{9B9257DC-FAC1-4993-B12F-136D7BA5E874})
        Interface name: \Device\NPF_{9B9257DC-FAC1-4993-B12F-136D7BA5E874}
        Interface description: Wi-Fi
    Encapsulation type: Ethernet (1)
    Arrival Time: Apr  9, 2026 19:40:24.404945100 India Standard Time
    UTC Arrival Time: Apr  9, 2026 14:10:24.404945100 UTC
    Epoch Arrival Time: 1775743824.404945100
    [Time shift for this packet: 0.000000000 seconds]
    [Time since reference or first frame: 0.000000000 seconds]
    Frame Number: 1
    Frame Length: 1292 bytes (10336 bits)
    Capture Length: 1292 bytes (10336 bits)
    [Frame is marked: False]
    [Frame is ignored: False]
    [Protocols in frame: eth:ethertype:ip:udp:quic]
    Character encoding: ASCII (0)
Ethernet II, Src: 96:77:0b:05:d4:0b (96:77:0b:05:d4:0b), Dst: HewlettPacka_3a:cc:1d (28:92:4a:3a:cc:1d)
    Destination: HewlettPacka_3a:cc:1d (28:92:4a:3a:cc:1d)
        .... ..0. .... .... .... .... = LG bit: Globally unique address (factory default)
        .... ...0 .... .... .... .... = IG bit: Individual address (unicast)
    Source: 96:77:0b:05:d4:0b (96:77:0b:05:d4:0b)
        .... ..1. .... .... .... .... = LG bit: Locally administered address (this is NOT the factory default)
        .... ...0 .... .... .... .... = IG bit: Individual address (unicast)
    Type: IPv4 (0x0800)
    [Stream index: 0]
Internet Protocol Version 4, Src: 172.16.90.227, Dst: 151.101.66.214
    0100 .... = Version: 4
    .... 0101 = Header Length: 20 bytes (5)
    Differentiated Services Field: 0x00 (DSCP: CS0, ECN: Not-ECT)
        0000 00.. = Differentiated Services Codepoint: Default (0)
        .... ..00 = Explicit Congestion Notification: Not ECN-Capable Transport (0)
    Total Length: 1278
    Identification: 0x74a4 (29860)
    010. .... = Flags: 0x2, Don't fragment
        0... .... = Reserved bit: Not set
        .1.. .... = Don't fragment: Set
        ..0. .... = More fragments: Not set
    ...0 0000 0000 0000 = Fragment Offset: 0
    Time to Live: 128
    Protocol: UDP (17)
    Header Checksum: 0x0000 [validation disabled]
    [Header checksum status: Unverified]
    Source Address: 172.16.90.227
    Destination Address: 151.101.66.214
    [Stream index: 0]
User Datagram Protocol, Src Port: 52993, Dst Port: 443
    Source Port: 52993
    Destination Port: 443
    Length: 1258
    Checksum: 0xe62a [unverified]
    [Checksum Status: Unverified]
    [Stream index: 0]
    [Stream Packet Number: 1]
    [Timestamps]
        [Time since first frame: 0.000000000 seconds]
        [Time since previous frame: 0.000000000 seconds]
    UDP payload (1250 bytes)
QUIC IETF
    QUIC Connection information
        [Connection Number: 0]
    [Packet Length: 1250]
    1... .... = Header Form: Long Header (1)
    .1.. .... = Fixed Bit: True
    ..00 .... = Packet Type: Initial (0)
    [.... 00.. = Reserved: 0]
    [.... ..00 = Packet Number Length: 1 bytes (0)]
    Version: 1 (0x00000001)
    Destination Connection ID Length: 8
    Destination Connection ID: 740a689dd97e87b1
    Source Connection ID Length: 0
    Token Length: 0
    Length: 1232
    [Packet Number: 1]
    Payload […]: 4cece78eafdfa24bd0beb15f32d7c9ca97c7ebfedcfd2e762f13b8abdde49286295a9b30ebf4e82c42c76601134ee823c59f44bbe24fdf553412572cdce41afb09d1f34a6976a45bf9c479e3c5f059168f195999e5236306ae28e559cace36a1683fb7f5a3d21b2ea021d3a8fb360611
    PADDING Length: 79
        Frame Type: PADDING (0x0000000000000000)
        [Padding Length: 79]
    CRYPTO
        Frame Type: CRYPTO (0x0000000000000006)
        Offset: 1925
        Length: 112
        Crypto Data
    PING
        Frame Type: PING (0x0000000000000001)
    PING
        Frame Type: PING (0x0000000000000001)
    PADDING Length: 60
        Frame Type: PADDING (0x0000000000000000)
        [Padding Length: 60]
    PING
        Frame Type: PING (0x0000000000000001)
    CRYPTO
        Frame Type: CRYPTO (0x0000000000000006)
        Offset: 1109
        Length: 311
        Crypto Data
    CRYPTO
        Frame Type: CRYPTO (0x0000000000000006)
        Offset: 2037
        Length: 2
        Crypto Data
    PADDING Length: 23
        Frame Type: PADDING (0x0000000000000000)
        [Padding Length: 23]
    CRYPTO
        Frame Type: CRYPTO (0x0000000000000006)
        Offset: 2040
        Length: 1
        Crypto Data
    PING
        Frame Type: PING (0x0000000000000001)
    CRYPTO
        Frame Type: CRYPTO (0x0000000000000006)
        Offset: 2039
        Length: 1
        Crypto Data
    CRYPTO
        Frame Type: CRYPTO (0x0000000000000006)
        Offset: 1420
        Length: 505
        Crypto Data
    CRYPTO
        Frame Type: CRYPTO (0x0000000000000006)
        Offset: 0
        Length: 86
        Crypto Data

Frame 2: Packet, 1292 bytes on wire (10336 bits), 1292 bytes captured (10336 bits) on interface \Device\NPF_{9B9257DC-FAC1-4993-B12F-136D7BA5E874}, id 0
    Section number: 1
    Interface id: 0 (\Device\NPF_{9B9257DC-FAC1-4993-B12F-136D7BA5E874})
        Interface name: \Device\NPF_{9B9257DC-FAC1-4993-B12F-136D7BA5E874}
        Interface description: Wi-Fi
    Encapsulation type: Ethernet (1)
    Arrival Time: Apr  9, 2026 19:40:24.404981900 India Standard Time
    UTC Arrival Time: Apr  9, 2026 14:10:24.404981900 UTC
    Epoch Arrival Time: 1775743824.404981900
    [Time shift for this packet: 0.000000000 seconds]
    [Time delta from previous captured frame: 36.800 microseconds]
    [Time delta from previous displayed frame: 36.800 microseconds]
    [Time since reference or first frame: 36.800 microseconds]
    Frame Number: 2
    Frame Length: 1292 bytes (10336 bits)
    Capture Length: 1292 bytes (10336 bits)
    [Frame is marked: False]
    [Frame is ignored: False]
    [Protocols in frame: eth:ethertype:ip:udp:quic:tls]
    Character encoding: ASCII (0)
Ethernet II, Src: 96:77:0b:05:d4:0b (96:77:0b:05:d4:0b), Dst: HewlettPacka_3a:cc:1d (28:92:4a:3a:cc:1d)
    Destination: HewlettPacka_3a:cc:1d (28:92:4a:3a:cc:1d)
        .... ..0. .... .... .... .... = LG bit: Globally unique address (factory default)
        .... ...0 .... .... .... .... = IG bit: Individual address (unicast)
    Source: 96:77:0b:05:d4:0b (96:77:0b:05:d4:0b)
        .... ..1. .... .... .... .... = LG bit: Locally administered address (this is NOT the factory default)
        .... ...0 .... .... .... .... = IG bit: Individual address (unicast)
    Type: IPv4 (0x0800)
    [Stream index: 0]
Internet Protocol Version 4, Src: 172.16.90.227, Dst: 151.101.66.214
    0100 .... = Version: 4
    .... 0101 = Header Length: 20 bytes (5)
    Differentiated Services Field: 0x00 (DSCP: CS0, ECN: Not-ECT)
        0000 00.. = Differentiated Services Codepoint: Default (0)
        .... ..00 = Explicit Congestion Notification: Not ECN-Capable Transport (0)
    Total Length: 1278
    Identification: 0x74a5 (29861)
    010. .... = Flags: 0x2, Don't fragment
        0... .... = Reserved bit: Not set
        .1.. .... = Don't fragment: Set
        ..0. .... = More fragments: Not set
    ...0 0000 0000 0000 = Fragment Offset: 0
    Time to Live: 128
    Protocol: UDP (17)
    Header Checksum: 0x0000 [validation disabled]
    [Header checksum status: Unverified]
    Source Address: 172.16.90.227
    Destination Address: 151.101.66.214
    [Stream index: 0]
User Datagram Protocol, Src Port: 52993, Dst Port: 443
    Source Port: 52993
    Destination Port: 443
    Length: 1258
    Checksum: 0xe62a [unverified]
    [Checksum Status: Unverified]
    [Stream index: 0]
    [Stream Packet Number: 2]
    [Timestamps]
        [Time since first frame: 36.800 microseconds]
        [Time since previous frame: 36.800 microseconds]
    UDP payload (1250 bytes)
QUIC IETF
    QUIC Connection information
        [Connection Number: 0]
    [Packet Length: 1250]
    1... .... = Header Form: Long Header (1)
    .1.. .... = Fixed Bit: True
    ..00 .... = Packet Type: Initial (0)
    [.... 00.. = Reserved: 0]
    [.... ..01 = Packet Number Length: 2 bytes (1)]
    Version: 1 (0x00000001)
    Destination Connection ID Length: 8
    Destination Connection ID: 740a689dd97e87b1
    Source Connection ID Length: 0
    Token Length: 0
    Length: 1232
    [Packet Number: 2]
    Payload […]: e7744a66cfa5ff432bf6f1287afe7fb905e57b7eb171e0a11bb584fb32b5f02de4b8b8ef3d6a83d7522577a459b3219c61878fca0983c688ce1e0eb4eb39ec32f0b5d1bbe96c938f5610e4020da34d552b825e75a0086dae80ecee17eed4f25cacbcd33e2c1987632887cff150f169f5
    CRYPTO
        Frame Type: CRYPTO (0x0000000000000006)
        Offset: 1051
        Length: 1
        Crypto Data
    CRYPTO
        Frame Type: CRYPTO (0x0000000000000006)
        Offset: 1054
        Length: 42
        Crypto Data
    PADDING Length: 2
        Frame Type: PADDING (0x0000000000000000)
        [Padding Length: 2]
    CRYPTO
        Frame Type: CRYPTO (0x0000000000000006)
        Offset: 229
        Length: 132
        Crypto Data
    PADDING Length: 2
        Frame Type: PADDING (0x0000000000000000)
        [Padding Length: 2]
    CRYPTO
        Frame Type: CRYPTO (0x0000000000000006)
        Offset: 361
        Length: 536
        Crypto Data
    PADDING Length: 136
        Frame Type: PADDING (0x0000000000000000)
        [Padding Length: 136]
    PING
        Frame Type: PING (0x0000000000000001)
    CRYPTO
        Frame Type: CRYPTO (0x0000000000000006)
        Offset: 1100
        Length: 9
        Crypto Data
    PADDING Length: 5
        Frame Type: PADDING (0x0000000000000000)
        [Padding Length: 5]
    CRYPTO
        Frame Type: CRYPTO (0x0000000000000006)
        Offset: 86
        Length: 143
        Crypto Data
    CRYPTO
        Frame Type: CRYPTO (0x0000000000000006)
        Offset: 1098
        Length: 2
        Crypto Data
    PING
        Frame Type: PING (0x0000000000000001)
    CRYPTO
        Frame Type: CRYPTO (0x0000000000000006)
        Offset: 1096
        Length: 2
        Crypto Data
    CRYPTO
        Frame Type: CRYPTO (0x0000000000000006)
        Offset: 897
        Length: 154
        Crypto Data
    CRYPTO
        Frame Type: CRYPTO (0x0000000000000006)
        Offset: 1052
        Length: 2
        Crypto Data
        [17 Reassembled QUIC CRYPTO Data Fragments (2041 bytes): #1(86), #2(143), #2(132), #2(536), #2(154), #2(1), #2(2), #2(42), #2(2), #2(2), #2(9), #1(311), #1(505), #1(112), #1(2), #1(1), #1(1)]
            [Frame: 1, payload: 0-85 (86 bytes)]
            [Frame: 2, payload: 86-228 (143 bytes)]
            [Frame: 2, payload: 229-360 (132 bytes)]
            [Frame: 2, payload: 361-896 (536 bytes)]
            [Frame: 2, payload: 897-1050 (154 bytes)]
            [Frame: 2, payload: 1051-1051 (1 byte)]
            [Frame: 2, payload: 1052-1053 (2 bytes)]
            [Frame: 2, payload: 1054-1095 (42 bytes)]
            [Frame: 2, payload: 1096-1097 (2 bytes)]
            [Frame: 2, payload: 1098-1099 (2 bytes)]
            [Frame: 2, payload: 1100-1108 (9 bytes)]
            [Frame: 1, payload: 1109-1419 (311 bytes)]
            [Frame: 1, payload: 1420-1924 (505 bytes)]
            [Frame: 1, payload: 1925-2036 (112 bytes)]
            [Frame: 1, payload: 2037-2038 (2 bytes)]
            [Frame: 1, payload: 2039-2039 (1 byte)]
            [Frame: 1, payload: 2040-2040 (1 byte)]
            [Fragment count: 17]
        TLSv1.3 Record Layer: Handshake Protocol: Client Hello
            Handshake Protocol: Client Hello
                Handshake Type: Client Hello (1)
                Length: 2037
                Version: TLS 1.2 (0x0303)
                    [Expert Info (Chat/Deprecated): This legacy_version field MUST be ignored. The supported_versions extension is present and MUST be used instead.]
                        [This legacy_version field MUST be ignored. The supported_versions extension is present and MUST be used instead.]
                        [Severity level: Chat]
                        [Group: Deprecated]
                Random: f555c49d668e7b119eb8048b7c0cf7cdebd5c9f4c0fb7cabb912790011ed77cc
                Session ID Length: 0
                Cipher Suites Length: 6
                Cipher Suites (3 suites)
                    Cipher Suite: TLS_AES_128_GCM_SHA256 (0x1301)
                    Cipher Suite: TLS_AES_256_GCM_SHA384 (0x1302)
                    Cipher Suite: TLS_CHACHA20_POLY1305_SHA256 (0x1303)
                Compression Methods Length: 1
                Compression Methods (1 method)
                    Compression Method: null (0)
                Extensions Length: 1990
                Extension: compress_certificate (len=3)
                    Type: compress_certificate (27)
                    Length: 3
                    Algorithms Length: 2
                    Algorithm: brotli (2)
                Extension: encrypted_client_hello (len=282)
                    Type: encrypted_client_hello (65037)
                    Length: 282
                    Client Hello type: Outer Client Hello (0)
                    Cipher Suite: HKDF-SHA256/AES-128-GCM
                        KDF Id: HKDF-SHA256 (1)
                        AEAD Id: AES-128-GCM (1)
                    Config Id: 51
                    Enc length: 32
                    Enc: dccb91008c386115af400b356b12a73866d3c192c5b35f9c84eeec623882a719
                    Payload length: 240
                    Payload […]: 1482bd55c5ab4637e88be068e1352b2d045aac0136bf6d19705ee3c9c4fd17783db3fc0a519949ccbe24143bfa44c96daee281932abeb4c97ed069c38a0f123ac0a3e9e7928c05f7144dd81decb6d06e2350e641d98fcd308495708358977b67c8e97c3e9d6ac016f59090f10fff731c
                Extension: application_settings (len=5)
                    Type: application_settings (17613)
                    Length: 5
                    ALPS Extension Length: 3
                    Supported ALPN List
                        Supported ALPN Length: 2
                        Supported ALPN: h3
                Extension: supported_groups (len=10)
                    Type: supported_groups (10)
                    Length: 10
                    Supported Groups List Length: 8
                    Supported Groups (4 groups)
                        Supported Group: X25519MLKEM768 (0x11ec)
                        Supported Group: x25519 (0x001d)
                        Supported Group: secp256r1 (0x0017)
                        Supported Group: secp384r1 (0x0018)
                Extension: supported_versions (len=3) TLS 1.3
                    Type: supported_versions (43)
                    Length: 3
                    Supported Versions length: 2
                    Supported Version: TLS 1.3 (0x0304)
                Extension: application_layer_protocol_negotiation (len=5)
                    Type: application_layer_protocol_negotiation (16)
                    Length: 5
                    ALPN Extension Length: 3
                    ALPN Protocol
                        ALPN string length: 2
                        ALPN Next Protocol: h3
                Extension: key_share (len=1258) X25519MLKEM768, x25519
                    Type: key_share (51)
                    Length: 1258
                    Key Share extension
                        Client Key Share Length: 1256
                        Key Share Entry: Group: X25519MLKEM768, Key Exchange length: 1216
                            Group: X25519MLKEM768 (4588)
                            Key Exchange Length: 1216
                            Key Exchange […]: 085b20d2169a7e64a899cab85fb25ae5189aed2b188a54894c89b8ca5b1f49920696d902c8d8ad9005696a9a31d5e8ca074bb5a0a010baca0319c2a330f27c9b9270b53b6e539434799a7fab443c3b647e81b8a931c912f61690d2b1cf47383b202918488841734c956f64b5be3
                        Key Share Entry: Group: x25519, Key Exchange length: 32
                            Group: x25519 (29)
                            Key Exchange Length: 32
                            Key Exchange: e4e5981effcc8930cd4ccedacd6fd9b3981b464ffd1f55e4b468be519a65a00c
                Extension: signature_algorithms (len=20)
                    Type: signature_algorithms (13)
                    Length: 20
                    Signature Hash Algorithms Length: 18
                    Signature Hash Algorithms (9 algorithms)
                        Signature Algorithm: ecdsa_secp256r1_sha256 (0x0403)
                            Signature Hash Algorithm Hash: SHA256 (4)
                            Signature Hash Algorithm Signature: ECDSA (3)
                        Signature Algorithm: rsa_pss_rsae_sha256 (0x0804)
                            Signature Hash Algorithm Hash: Unknown (8)
                            Signature Hash Algorithm Signature: Unknown (4)
                        Signature Algorithm: rsa_pkcs1_sha256 (0x0401)
                            Signature Hash Algorithm Hash: SHA256 (4)
                            Signature Hash Algorithm Signature: RSA (1)
                        Signature Algorithm: ecdsa_secp384r1_sha384 (0x0503)
                            Signature Hash Algorithm Hash: SHA384 (5)
                            Signature Hash Algorithm Signature: ECDSA (3)
                        Signature Algorithm: rsa_pss_rsae_sha384 (0x0805)
                            Signature Hash Algorithm Hash: Unknown (8)
                            Signature Hash Algorithm Signature: Unknown (5)
                        Signature Algorithm: rsa_pkcs1_sha384 (0x0501)
                            Signature Hash Algorithm Hash: SHA384 (5)
                            Signature Hash Algorithm Signature: RSA (1)
                        Signature Algorithm: rsa_pss_rsae_sha512 (0x0806)
                            Signature Hash Algorithm Hash: Unknown (8)
                            Signature Hash Algorithm Signature: Unknown (6)
                        Signature Algorithm: rsa_pkcs1_sha512 (0x0601)
                            Signature Hash Algorithm Hash: SHA512 (6)
                            Signature Hash Algorithm Signature: RSA (1)
                        Signature Algorithm: rsa_pkcs1_sha1 (0x0201)
                            Signature Hash Algorithm Hash: SHA1 (2)
                            Signature Hash Algorithm Signature: RSA (1)
                Extension: server_name (len=18) name=gql.twitch.tv
                    Type: server_name (0)
                    Length: 18
                    Server Name Indication extension
                        Server Name list length: 16
                        Server Name Type: host_name (0)
                        Server Name length: 13
                        Server Name: gql.twitch.tv
                Extension: quic_transport_parameters (len=85)
                    Type: quic_transport_parameters (57)
                    Length: 85
                    Parameter: initial_max_streams_uni (len=2) 103
                        Type: initial_max_streams_uni (0x09)
                        Length: 2
                        Value: 4067
                        initial_max_streams_uni: 103
                    Parameter: initial_max_stream_data_bidi_local (len=4) 6291456
                        Type: initial_max_stream_data_bidi_local (0x05)
                        Length: 4
                        Value: 80600000
                        initial_max_stream_data_bidi_local: 6291456
                    Parameter: initial_max_streams_bidi (len=2) 100
                        Type: initial_max_streams_bidi (0x08)
                        Length: 2
                        Value: 4064
                        initial_max_streams_bidi: 100
                    Parameter: max_datagram_frame_size (len=4) 65536
                        Type: max_datagram_frame_size (0x20)
                        Length: 4
                        Value: 80010000
                        max_datagram_frame_size: 65536
                    Parameter: initial_max_stream_data_bidi_remote (len=4) 6291456
                        Type: initial_max_stream_data_bidi_remote (0x06)
                        Length: 4
                        Value: 80600000
                        initial_max_stream_data_bidi_remote: 6291456
                    Parameter: max_idle_timeout (len=4) 30000 ms
                        Type: max_idle_timeout (0x01)
                        Length: 4
                        Value: 80007530
                        max_idle_timeout: 30000
                    Parameter: max_udp_payload_size (len=2) 1472
                        Type: max_udp_payload_size (0x03)
                        Length: 2
                        Value: 45c0
                        max_udp_payload_size: 1472
                    Parameter: google_initial_rtt (len=4) 753848 us
                        Type: google_initial_rtt (0x3127)
                        Length: 4
                        Value: 800b80b8
                        Google Initial RTT: 753848
                    Parameter: initial_max_stream_data_uni (len=4) 6291456
                        Type: initial_max_stream_data_uni (0x07)
                        Length: 4
                        Value: 80600000
                        initial_max_stream_data_uni: 6291456
                    Parameter: GREASE (len=5)
                        Type: GREASE (0x1e56ca452474b837)
                        Length: 5
                        Value: de79f43873
                    Parameter: initial_max_data (len=4) 15728640
                        Type: initial_max_data (0x04)
                        Length: 4
                        Value: 80f00000
                        initial_max_data: 15728640
                    Parameter: version_information (len=12)
                        Type: version_information (0x11)
                        Length: 12
                        Value: 000000013a6aaa9a00000001
                        Chosen Version: 1 (0x00000001)
                        Other Version: Unknown (0x3a6aaa9a) (GREASE)
                        Other Version: 1 (0x00000001)
                    Parameter: initial_source_connection_id (len=0)
                        Type: initial_source_connection_id (0x0f)
                        Length: 0
                        Initial Source Connection ID: <MISSING>
                Extension: psk_key_exchange_modes (len=2)
                    Type: psk_key_exchange_modes (45)
                    Length: 2
                    PSK Key Exchange Modes Length: 1
                    PSK Key Exchange Mode: PSK with (EC)DHE key establishment (psk_dhe_ke) (1)
                Extension: pre_shared_key (len=251)
                    Type: pre_shared_key (41)
                    Length: 251
                    Pre-Shared Key extension
                        Identities Length: 198
                        PSK Identity (length: 192)
                            Identity Length: 192
                            Identity […]: a8b3ba26e766ebe209c6193ee2dab12fba9cf8407dc933d7981fcf828b732a375b055ba529806e78354e186c16aeb5374c780139e236d72d0a18a4fc1b9f06f9255e2e56abf6932dc81ee3bd26cf5866718c143dcdbdf3c1d361b519ad16eaea7aee4d12393392a66d65530d87a1dec
                            Obfuscated Ticket Age: 1716445607
                        PSK Binders length: 49
                        PSK Binders
                            PSK Binder (length: 48)
                                Binder Length: 48
                                Binder: 5a544c9868197f7a2c22285024e3b0eefdb76c065fc4b6688d7fe891ca662cce020bb53c20e2d1bd0bdf253b2aacc86a
                [JA4: q13d0312h3_55b375c5d22e_5a06198afb93]
                [JA4_r: q13d0312h3_1301,1302,1303_000a,000d,001b,0029,002b,002d,0033,0039,44cd,fe0d_0403,0804,0401,0503,0805,0501,0806,0601,0201]
                [JA3 Fullstring: 771,4865-4866-4867,27-65037-17613-10-43-16-51-13-0-57-45-41,4588-29-23-24,]
                [JA3: 332631b8295d6cb7fd18880f3d9edc6b]

Frame 3: Packet, 1326 bytes on wire (10608 bits), 1326 bytes captured (10608 bits) on interface \Device\NPF_{9B9257DC-FAC1-4993-B12F-136D7BA5E874}, id 0
    Section number: 1
    Interface id: 0 (\Device\NPF_{9B9257DC-FAC1-4993-B12F-136D7BA5E874})
        Interface name: \Device\NPF_{9B9257DC-FAC1-4993-B12F-136D7BA5E874}
        Interface description: Wi-Fi
    Encapsulation type: Ethernet (1)
    Arrival Time: Apr  9, 2026 19:40:24.409969800 India Standard Time
    UTC Arrival Time: Apr  9, 2026 14:10:24.409969800 UTC
    Epoch Arrival Time: 1775743824.409969800
    [Time shift for this packet: 0.000000000 seconds]
    [Time delta from previous captured frame: 4.987900 milliseconds]
    [Time delta from previous displayed frame: 4.987900 milliseconds]
    [Time since reference or first frame: 5.024700 milliseconds]
    Frame Number: 3
    Frame Length: 1326 bytes (10608 bits)
    Capture Length: 1326 bytes (10608 bits)
    [Frame is marked: False]
    [Frame is ignored: False]
    [Protocols in frame: eth:ethertype:vlan:ethertype:ip:udp:quic]
    Character encoding: ASCII (0)
Ethernet II, Src: HewlettPacka_3a:cc:1d (28:92:4a:3a:cc:1d), Dst: 96:77:0b:05:d4:0b (96:77:0b:05:d4:0b)
    Destination: 96:77:0b:05:d4:0b (96:77:0b:05:d4:0b)
        .... ..1. .... .... .... .... = LG bit: Locally administered address (this is NOT the factory default)
        .... ...0 .... .... .... .... = IG bit: Individual address (unicast)
    Source: HewlettPacka_3a:cc:1d (28:92:4a:3a:cc:1d)
        .... ..0. .... .... .... .... = LG bit: Globally unique address (factory default)
        .... ...0 .... .... .... .... = IG bit: Individual address (unicast)
    Type: 802.1Q Virtual LAN (0x8100)
    [Stream index: 0]
802.1Q Virtual LAN, PRI: 0, DEI: 0, ID: 0
    000. .... .... .... = Priority: Best Effort (default) (0)
    ...0 .... .... .... = DEI: Ineligible
    .... 0000 0000 0000 = ID: 0
    Type: IPv4 (0x0800)
Internet Protocol Version 4, Src: 151.101.66.214, Dst: 172.16.90.227
    0100 .... = Version: 4
    .... 0101 = Header Length: 20 bytes (5)
    Differentiated Services Field: 0x00 (DSCP: CS0, ECN: Not-ECT)
        0000 00.. = Differentiated Services Codepoint: Default (0)
        .... ..00 = Explicit Congestion Notification: Not ECN-Capable Transport (0)
    Total Length: 1308
    Identification: 0x0000 (0)
    010. .... = Flags: 0x2, Don't fragment
        0... .... = Reserved bit: Not set
        .1.. .... = Don't fragment: Set
        ..0. .... = More fragments: Not set
    ...0 0000 0000 0000 = Fragment Offset: 0
    Time to Live: 57
    Protocol: UDP (17)
    Header Checksum: 0x5ba2 [validation disabled]
    [Header checksum status: Unverified]
    Source Address: 151.101.66.214
    Destination Address: 172.16.90.227
    [Stream index: 0]
User Datagram Protocol, Src Port: 443, Dst Port: 52993
    Source Port: 443
    Destination Port: 52993
    Length: 1288
    Checksum: 0x6dbc [unverified]
    [Checksum Status: Unverified]
    [Stream index: 0]
    [Stream Packet Number: 3]
    [Timestamps]
        [Time since first frame: 5.024700 milliseconds]
        [Time since previous frame: 4.987900 milliseconds]
    UDP payload (1280 bytes)
QUIC IETF
    QUIC Connection information
        [Connection Number: 0]
    [Packet Length: 1280]
    1... .... = Header Form: Long Header (1)
    .1.. .... = Fixed Bit: True
    ..00 .... = Packet Type: Initial (0)
    [.... 00.. = Reserved: 0]
    [.... ..01 = Packet Number Length: 2 bytes (1)]
    Version: 1 (0x00000001)
    Destination Connection ID Length: 0
    Source Connection ID Length: 17
    Source Connection ID: a82c8195bc0e7e7647200e02b6c152388e
    Token Length: 0
    Length: 1253
    [Packet Number: 0]
    Payload […]: e2d380f417b803902bf488dfc4cce20381f690513f5af8f5e9267304f79702d4730e36dec929c82d471af36f9a8fd49c00c61b7bff33e6761d69f7466815f5860c9e1a28077b55272c82719b0867f1510ccf1f37f8cbfbb507a446000d39690b5595f788414ae48cae48cd654374620f
    ACK
        Frame Type: ACK (0x0000000000000002)
        Largest Acknowledged: 1
        ACK Delay: 0
        ACK Range Count: 0
        First ACK Range: 0
    PADDING Length: 1230
        Frame Type: PADDING (0x0000000000000000)
        [Padding Length: 1230]

Frame 4: Packet, 1326 bytes on wire (10608 bits), 1326 bytes captured (10608 bits) on interface \Device\NPF_{9B9257DC-FAC1-4993-B12F-136D7BA5E874}, id 0
    Section number: 1
    Interface id: 0 (\Device\NPF_{9B9257DC-FAC1-4993-B12F-136D7BA5E874})
        Interface name: \Device\NPF_{9B9257DC-FAC1-4993-B12F-136D7BA5E874}
        Interface description: Wi-Fi
    Encapsulation type: Ethernet (1)
    Arrival Time: Apr  9, 2026 19:40:24.410326900 India Standard Time
    UTC Arrival Time: Apr  9, 2026 14:10:24.410326900 UTC
    Epoch Arrival Time: 1775743824.410326900
    [Time shift for this packet: 0.000000000 seconds]
    [Time delta from previous captured frame: 357.100 microseconds]
    [Time delta from previous displayed frame: 357.100 microseconds]
    [Time since reference or first frame: 5.381800 milliseconds]
    Frame Number: 4
    Frame Length: 1326 bytes (10608 bits)
    Capture Length: 1326 bytes (10608 bits)
    [Frame is marked: False]
    [Frame is ignored: False]
    [Protocols in frame: eth:ethertype:vlan:ethertype:ip:udp:quic:tls]
    Character encoding: ASCII (0)
Ethernet II, Src: HewlettPacka_3a:cc:1d (28:92:4a:3a:cc:1d), Dst: 96:77:0b:05:d4:0b (96:77:0b:05:d4:0b)
    Destination: 96:77:0b:05:d4:0b (96:77:0b:05:d4:0b)
        .... ..1. .... .... .... .... = LG bit: Locally administered address (this is NOT the factory default)
        .... ...0 .... .... .... .... = IG bit: Individual address (unicast)
    Source: HewlettPacka_3a:cc:1d (28:92:4a:3a:cc:1d)
        .... ..0. .... .... .... .... = LG bit: Globally unique address (factory default)
        .... ...0 .... .... .... .... = IG bit: Individual address (unicast)
    Type: 802.1Q Virtual LAN (0x8100)
    [Stream index: 0]
802.1Q Virtual LAN, PRI: 0, DEI: 0, ID: 0
    000. .... .... .... = Priority: Best Effort (default) (0)
    ...0 .... .... .... = DEI: Ineligible
    .... 0000 0000 0000 = ID: 0
    Type: IPv4 (0x0800)
Internet Protocol Version 4, Src: 151.101.66.214, Dst: 172.16.90.227
    0100 .... = Version: 4
    .... 0101 = Header Length: 20 bytes (5)
    Differentiated Services Field: 0x00 (DSCP: CS0, ECN: Not-ECT)
        0000 00.. = Differentiated Services Codepoint: Default (0)
        .... ..00 = Explicit Congestion Notification: Not ECN-Capable Transport (0)
    Total Length: 1308
    Identification: 0x0000 (0)
    010. .... = Flags: 0x2, Don't fragment
        0... .... = Reserved bit: Not set
        .1.. .... = Don't fragment: Set
        ..0. .... = More fragments: Not set
    ...0 0000 0000 0000 = Fragment Offset: 0
    Time to Live: 57
    Protocol: UDP (17)
    Header Checksum: 0x5ba2 [validation disabled]
    [Header checksum status: Unverified]
    Source Address: 151.101.66.214
    Destination Address: 172.16.90.227
    [Stream index: 0]
User Datagram Protocol, Src Port: 443, Dst Port: 52993
    Source Port: 443
    Destination Port: 52993
    Length: 1288
    Checksum: 0x7cc6 [unverified]
    [Checksum Status: Unverified]
    [Stream index: 0]
    [Stream Packet Number: 4]
    [Timestamps]
        [Time since first frame: 5.381800 milliseconds]
        [Time since previous frame: 357.100 microseconds]
    UDP payload (1280 bytes)
QUIC IETF
    QUIC Connection information
        [Connection Number: 0]
    [Packet Length: 1280]
    1... .... = Header Form: Long Header (1)
    .1.. .... = Fixed Bit: True
    ..00 .... = Packet Type: Initial (0)
    [.... 00.. = Reserved: 0]
    [.... ..01 = Packet Number Length: 2 bytes (1)]
    Version: 1 (0x00000001)
    Destination Connection ID Length: 0
    Source Connection ID Length: 17
    Source Connection ID: a82c8195bc0e7e7647200e02b6c152388e
    Token Length: 0
    Length: 1253
    [Packet Number: 1]
    Payload […]: 8852d6a6630c30b636c8636e5342450c309a430dc59452584c52f84e4275a1996df3f0aece6e6996d8a524b031dbcf073f96d1c32ca6c9e7f6630e6060dc67891d56f381f5d8d1e4e5e65fa21f9d98b55cf23263b5280bcc14a3a8e1d798ebfd8e5c31de29fb17498b772e4534f5fc77
    ACK
        Frame Type: ACK (0x0000000000000002)
        Largest Acknowledged: 2
        ACK Delay: 0
        ACK Range Count: 0
        First ACK Range: 1
    CRYPTO
        Frame Type: CRYPTO (0x0000000000000006)
        Offset: 0
        Length: 1184
        Crypto Data
        TLSv1.3 Record Layer: Handshake Protocol: Server Hello
            Handshake Protocol: Server Hello
                Handshake Type: Server Hello (2)
                Length: 1180
                Version: TLS 1.2 (0x0303)
                    [Expert Info (Chat/Deprecated): This legacy_version field MUST be ignored. The supported_versions extension is present and MUST be used instead.]
                        [This legacy_version field MUST be ignored. The supported_versions extension is present and MUST be used instead.]
                        [Severity level: Chat]
                        [Group: Deprecated]
                Random: 3804168ceb7c029032c4f65db7f8930472ad22fc1634eab740a4d38dfd90dd3f
                Session ID Length: 0
                Cipher Suite: TLS_AES_256_GCM_SHA384 (0x1302)
                Compression Method: null (0)
                Extensions Length: 1140
                Extension: supported_versions (len=2) TLS 1.3
                    Type: supported_versions (43)
                    Length: 2
                    Supported Version: TLS 1.3 (0x0304)
                Extension: key_share (len=1124) X25519MLKEM768
                    Type: key_share (51)
                    Length: 1124
                    Key Share extension
                        Key Share Entry: Group: X25519MLKEM768, Key Exchange length: 1120
                            Group: X25519MLKEM768 (4588)
                            Key Exchange Length: 1120
                            Key Exchange […]: b0eb5173bbe4412e7f76dcd6c7dd4d0cb604e60c3c3274d5fa6498a67fcaa4416adad04dca7cd3ef2e7b44dcb04f7dc1a8b23d55922109a4b1b0e23d54a06880bad6a072a71bb6c79ce3c7bb45a1783f7b7fef0c704bd4af41e5424cbdb489c28f88b5a8f3be386466e3bd2cfb8
                Extension: pre_shared_key (len=2)
                    Type: pre_shared_key (41)
                    Length: 2
                    Pre-Shared Key extension
                        Selected Identity: 0
                [JA3S Fullstring: 771,4866,43-51-41]
                [JA3S: 2253c82f03b621c5144709b393fde2c9]
    PADDING Length: 42
        Frame Type: PADDING (0x0000000000000000)
        [Padding Length: 42]

Frame 5: Packet, 624 bytes on wire (4992 bits), 624 bytes captured (4992 bits) on interface \Device\NPF_{9B9257DC-FAC1-4993-B12F-136D7BA5E874}, id 0
    Section number: 1
    Interface id: 0 (\Device\NPF_{9B9257DC-FAC1-4993-B12F-136D7BA5E874})
        Interface name: \Device\NPF_{9B9257DC-FAC1-4993-B12F-136D7BA5E874}
        Interface description: Wi-Fi
    Encapsulation type: Ethernet (1)
    Arrival Time: Apr  9, 2026 19:40:24.410664600 India Standard Time
    UTC Arrival Time: Apr  9, 2026 14:10:24.410664600 UTC
    Epoch Arrival Time: 1775743824.410664600
    [Time shift for this packet: 0.000000000 seconds]
    [Time delta from previous captured frame: 337.700 microseconds]
    [Time delta from previous displayed frame: 337.700 microseconds]
    [Time since reference or first frame: 5.719500 milliseconds]
    Frame Number: 5
    Frame Length: 624 bytes (4992 bits)
    Capture Length: 624 bytes (4992 bits)
    [Frame is marked: False]
    [Frame is ignored: False]
    [Protocols in frame: eth:ethertype:vlan:ethertype:ip:udp:quic]
    Character encoding: ASCII (0)
Ethernet II, Src: HewlettPacka_3a:cc:1d (28:92:4a:3a:cc:1d), Dst: 96:77:0b:05:d4:0b (96:77:0b:05:d4:0b)
    Destination: 96:77:0b:05:d4:0b (96:77:0b:05:d4:0b)
        .... ..1. .... .... .... .... = LG bit: Locally administered address (this is NOT the factory default)
        .... ...0 .... .... .... .... = IG bit: Individual address (unicast)
    Source: HewlettPacka_3a:cc:1d (28:92:4a:3a:cc:1d)
        .... ..0. .... .... .... .... = LG bit: Globally unique address (factory default)
        .... ...0 .... .... .... .... = IG bit: Individual address (unicast)
    Type: 802.1Q Virtual LAN (0x8100)
    [Stream index: 0]
802.1Q Virtual LAN, PRI: 0, DEI: 0, ID: 0
    000. .... .... .... = Priority: Best Effort (default) (0)
    ...0 .... .... .... = DEI: Ineligible
    .... 0000 0000 0000 = ID: 0
    Type: IPv4 (0x0800)
Internet Protocol Version 4, Src: 151.101.66.214, Dst: 172.16.90.227
    0100 .... = Version: 4
    .... 0101 = Header Length: 20 bytes (5)
    Differentiated Services Field: 0x00 (DSCP: CS0, ECN: Not-ECT)
        0000 00.. = Differentiated Services Codepoint: Default (0)
        .... ..00 = Explicit Congestion Notification: Not ECN-Capable Transport (0)
    Total Length: 606
    Identification: 0x0001 (1)
    010. .... = Flags: 0x2, Don't fragment
        0... .... = Reserved bit: Not set
        .1.. .... = Don't fragment: Set
        ..0. .... = More fragments: Not set
    ...0 0000 0000 0000 = Fragment Offset: 0
    Time to Live: 57
    Protocol: UDP (17)
    Header Checksum: 0x5e5f [validation disabled]
    [Header checksum status: Unverified]
    Source Address: 151.101.66.214
    Destination Address: 172.16.90.227
    [Stream index: 0]
User Datagram Protocol, Src Port: 443, Dst Port: 52993
    Source Port: 443
    Destination Port: 52993
    Length: 586
    Checksum: 0x8d5b [unverified]
    [Checksum Status: Unverified]
    [Stream index: 0]
    [Stream Packet Number: 5]
    [Timestamps]
        [Time since first frame: 5.719500 milliseconds]
        [Time since previous frame: 337.700 microseconds]
    UDP payload (578 bytes)
QUIC IETF
    QUIC Connection information
        [Connection Number: 0]
    [Packet Length: 234]
    1... .... = Header Form: Long Header (1)
    .1.. .... = Fixed Bit: True
    ..10 .... = Packet Type: Handshake (2)
    Version: 1 (0x00000001)
    Destination Connection ID Length: 0
    Source Connection ID Length: 17
    Source Connection ID: a82c8195bc0e7e7647200e02b6c152388e
    Length: 208
    [Expert Info (Warning/Decryption): Failed to create decryption context: Secrets are not available]
        [Failed to create decryption context: Secrets are not available]
        [Severity level: Warning]
        [Group: Decryption]
    Remaining Payload […]: ea268db438c666e0e9a7acbc22c6445285c0426bc57b9cd31a9940f865d02653bb33071cec7bfb9cfd6da0cafe01dc98d0ed88b7a0f39abc9c676010fa1dc8bd50b2bd728d8d56b659ce1a4cd7944a4aacd8eee69d46867c9aecbdac0b0b1b3d25ebc65e376c1df531b824
QUIC IETF
    [Packet Length: 344]
    QUIC Short Header
        0... .... = Header Form: Short Header (0)
        .1.. .... = Fixed Bit: True
        ..0. .... = Spin Bit: False
    [Expert Info (Warning/Decryption): Failed to create decryption context: Secrets are not available]
        [Failed to create decryption context: Secrets are not available]
        [Severity level: Warning]
        [Group: Decryption]
    Remaining Payload […]: 2bd1ce3a8aacf4af66a707ad6be9c77af3237324b8778a3f7cb235b3168358a63dfa35297a1ef4d072a631278ac1c27c3773804efbe3912f06f5d7a04ece1943e56e053712640015142c843618bb03c3485575e8661bf04d62f84ef757dd4e1db182c4dd326c9b4450bc5f

Frame 6: Packet, 231 bytes on wire (1848 bits), 231 bytes captured (1848 bits) on interface \Device\NPF_{9B9257DC-FAC1-4993-B12F-136D7BA5E874}, id 0
    Section number: 1
    Interface id: 0 (\Device\NPF_{9B9257DC-FAC1-4993-B12F-136D7BA5E874})
        Interface name: \Device\NPF_{9B9257DC-FAC1-4993-B12F-136D7BA5E874}
        Interface description: Wi-Fi
    Encapsulation type: Ethernet (1)
    Arrival Time: Apr  9, 2026 19:40:24.410914500 India Standard Time
    UTC Arrival Time: Apr  9, 2026 14:10:24.410914500 UTC
    Epoch Arrival Time: 1775743824.410914500
    [Time shift for this packet: 0.000000000 seconds]
    [Time delta from previous captured frame: 249.900 microseconds]
    [Time delta from previous displayed frame: 249.900 microseconds]
    [Time since reference or first frame: 5.969400 milliseconds]
    Frame Number: 6
    Frame Length: 231 bytes (1848 bits)
    Capture Length: 231 bytes (1848 bits)
    [Frame is marked: False]
    [Frame is ignored: False]
    [Protocols in frame: eth:ethertype:ip:udp:quic]
    Character encoding: ASCII (0)
Ethernet II, Src: 96:77:0b:05:d4:0b (96:77:0b:05:d4:0b), Dst: HewlettPacka_3a:cc:1d (28:92:4a:3a:cc:1d)
    Destination: HewlettPacka_3a:cc:1d (28:92:4a:3a:cc:1d)
        .... ..0. .... .... .... .... = LG bit: Globally unique address (factory default)
        .... ...0 .... .... .... .... = IG bit: Individual address (unicast)
    Source: 96:77:0b:05:d4:0b (96:77:0b:05:d4:0b)
        .... ..1. .... .... .... .... = LG bit: Locally administered address (this is NOT the factory default)
        .... ...0 .... .... .... .... = IG bit: Individual address (unicast)
    Type: IPv4 (0x0800)
    [Stream index: 0]
Internet Protocol Version 4, Src: 172.16.90.227, Dst: 151.101.66.214
    0100 .... = Version: 4
    .... 0101 = Header Length: 20 bytes (5)
    Differentiated Services Field: 0x00 (DSCP: CS0, ECN: Not-ECT)
        0000 00.. = Differentiated Services Codepoint: Default (0)
        .... ..00 = Explicit Congestion Notification: Not ECN-Capable Transport (0)
    Total Length: 217
    Identification: 0x74a9 (29865)
    010. .... = Flags: 0x2, Don't fragment
        0... .... = Reserved bit: Not set
        .1.. .... = Don't fragment: Set
        ..0. .... = More fragments: Not set
    ...0 0000 0000 0000 = Fragment Offset: 0
    Time to Live: 128
    Protocol: UDP (17)
    Header Checksum: 0x0000 [validation disabled]
    [Header checksum status: Unverified]
    Source Address: 172.16.90.227
    Destination Address: 151.101.66.214
    [Stream index: 0]
User Datagram Protocol, Src Port: 52993, Dst Port: 443
    Source Port: 52993
    Destination Port: 443
    Length: 197
    Checksum: 0xe205 [unverified]
    [Checksum Status: Unverified]
    [Stream index: 0]
    [Stream Packet Number: 6]
    [Timestamps]
        [Time since first frame: 5.969400 milliseconds]
        [Time since previous frame: 249.900 microseconds]
    UDP payload (189 bytes)
QUIC IETF
    QUIC Connection information
        [Connection Number: 0]
    [Packet Length: 103]
    1... .... = Header Form: Long Header (1)
    .1.. .... = Fixed Bit: True
    ..10 .... = Packet Type: Handshake (2)
    Version: 1 (0x00000001)
    Destination Connection ID Length: 17
    Destination Connection ID: a82c8195bc0e7e7647200e02b6c152388e
    Source Connection ID Length: 0
    Length: 77
    [Expert Info (Warning/Decryption): Failed to create decryption context: Secrets are not available]
        [Failed to create decryption context: Secrets are not available]
        [Severity level: Warning]
        [Group: Decryption]
    Remaining Payload: 0dae79307e50d4efc8822d596891cedfba5c7eb8cb59126b01d8aaa9d52cc645287d94c6f538fa3acd79a6ca10ece2591003bfa33df8c90d559b8cb55698b90759b8e766de6931ae186160928f
QUIC IETF
    [Packet Length: 86]
    QUIC Short Header DCID=a82c8195bc0e7e7647200e02b6c152388e
        0... .... = Header Form: Short Header (0)
        .1.. .... = Fixed Bit: True
        ..0. .... = Spin Bit: False
        Destination Connection ID: a82c8195bc0e7e7647200e02b6c152388e
    Remaining Payload: ec053a282f72328b62e8ded9d57b4873be76a7866e1a98a2c317c808e504d6b5eabef9500a3ecc1ce54c60ea4a737df5683dd76c4f6b3b3125bbeb96162409123bb376db

Frame 7: Packet, 67 bytes on wire (536 bits), 67 bytes captured (536 bits) on interface \Device\NPF_{9B9257DC-FAC1-4993-B12F-136D7BA5E874}, id 0
    Section number: 1
    Interface id: 0 (\Device\NPF_{9B9257DC-FAC1-4993-B12F-136D7BA5E874})
        Interface name: \Device\NPF_{9B9257DC-FAC1-4993-B12F-136D7BA5E874}
        Interface description: Wi-Fi
    Encapsulation type: Ethernet (1)
    Arrival Time: Apr  9, 2026 19:40:24.415706800 India Standard Time
    UTC Arrival Time: Apr  9, 2026 14:10:24.415706800 UTC
    Epoch Arrival Time: 1775743824.415706800
    [Time shift for this packet: 0.000000000 seconds]
    [Time delta from previous captured frame: 4.792300 milliseconds]
    [Time delta from previous displayed frame: 4.792300 milliseconds]
    [Time since reference or first frame: 10.761700 milliseconds]
    Frame Number: 7
    Frame Length: 67 bytes (536 bits)
    Capture Length: 67 bytes (536 bits)
    [Frame is marked: False]
    [Frame is ignored: False]
    [Protocols in frame: eth:ethertype:ip:udp:quic]
    Character encoding: ASCII (0)
Ethernet II, Src: HewlettPacka_3a:cc:1d (28:92:4a:3a:cc:1d), Dst: 96:77:0b:05:d4:0b (96:77:0b:05:d4:0b)
    Destination: 96:77:0b:05:d4:0b (96:77:0b:05:d4:0b)
        .... ..1. .... .... .... .... = LG bit: Locally administered address (this is NOT the factory default)
        .... ...0 .... .... .... .... = IG bit: Individual address (unicast)
    Source: HewlettPacka_3a:cc:1d (28:92:4a:3a:cc:1d)
        .... ..0. .... .... .... .... = LG bit: Globally unique address (factory default)
        .... ...0 .... .... .... .... = IG bit: Individual address (unicast)
    Type: IPv4 (0x0800)
    [Stream index: 0]
Internet Protocol Version 4, Src: 151.101.66.214, Dst: 172.16.90.227
    0100 .... = Version: 4
    .... 0101 = Header Length: 20 bytes (5)
    Differentiated Services Field: 0x00 (DSCP: CS0, ECN: Not-ECT)
        0000 00.. = Differentiated Services Codepoint: Default (0)
        .... ..00 = Explicit Congestion Notification: Not ECN-Capable Transport (0)
    Total Length: 53
    Identification: 0x0000 (0)
    010. .... = Flags: 0x2, Don't fragment
        0... .... = Reserved bit: Not set
        .1.. .... = Don't fragment: Set
        ..0. .... = More fragments: Not set
    ...0 0000 0000 0000 = Fragment Offset: 0
    Time to Live: 57
    Protocol: UDP (17)
    Header Checksum: 0x6089 [validation disabled]
    [Header checksum status: Unverified]
    Source Address: 151.101.66.214
    Destination Address: 172.16.90.227
    [Stream index: 0]
User Datagram Protocol, Src Port: 443, Dst Port: 52993
    Source Port: 443
    Destination Port: 52993
    Length: 33
    Checksum: 0xbc2b [unverified]
    [Checksum Status: Unverified]
    [Stream index: 0]
    [Stream Packet Number: 7]
    [Timestamps]
        [Time since first frame: 10.761700 milliseconds]
        [Time since previous frame: 4.792300 milliseconds]
    UDP payload (25 bytes)
QUIC IETF
    QUIC Connection information
        [Connection Number: 0]
    [Packet Length: 25]
    QUIC Short Header
        0... .... = Header Form: Short Header (0)
        .1.. .... = Fixed Bit: True
        ..0. .... = Spin Bit: False
    Remaining Payload: 2af07561f72db7fb90719bf95bef5baf913dd05268de963e

Frame 8: Packet, 83 bytes on wire (664 bits), 83 bytes captured (664 bits) on interface \Device\NPF_{9B9257DC-FAC1-4993-B12F-136D7BA5E874}, id 0
    Section number: 1
    Interface id: 0 (\Device\NPF_{9B9257DC-FAC1-4993-B12F-136D7BA5E874})
        Interface name: \Device\NPF_{9B9257DC-FAC1-4993-B12F-136D7BA5E874}
        Interface description: Wi-Fi
    Encapsulation type: Ethernet (1)
    Arrival Time: Apr  9, 2026 19:40:24.442119100 India Standard Time
    UTC Arrival Time: Apr  9, 2026 14:10:24.442119100 UTC
    Epoch Arrival Time: 1775743824.442119100
    [Time shift for this packet: 0.000000000 seconds]
    [Time delta from previous captured frame: 26.412300 milliseconds]
    [Time delta from previous displayed frame: 26.412300 milliseconds]
    [Time since reference or first frame: 37.174000 milliseconds]
    Frame Number: 8
    Frame Length: 83 bytes (664 bits)
    Capture Length: 83 bytes (664 bits)
    [Frame is marked: False]
    [Frame is ignored: False]
    [Protocols in frame: eth:ethertype:ip:udp:quic]
    Character encoding: ASCII (0)
Ethernet II, Src: 96:77:0b:05:d4:0b (96:77:0b:05:d4:0b), Dst: HewlettPacka_3a:cc:1d (28:92:4a:3a:cc:1d)
    Destination: HewlettPacka_3a:cc:1d (28:92:4a:3a:cc:1d)
        .... ..0. .... .... .... .... = LG bit: Globally unique address (factory default)
        .... ...0 .... .... .... .... = IG bit: Individual address (unicast)
    Source: 96:77:0b:05:d4:0b (96:77:0b:05:d4:0b)
        .... ..1. .... .... .... .... = LG bit: Locally administered address (this is NOT the factory default)
        .... ...0 .... .... .... .... = IG bit: Individual address (unicast)
    Type: IPv4 (0x0800)
    [Stream index: 0]
Internet Protocol Version 4, Src: 172.16.90.227, Dst: 151.101.66.214
    0100 .... = Version: 4
    .... 0101 = Header Length: 20 bytes (5)
    Differentiated Services Field: 0x00 (DSCP: CS0, ECN: Not-ECT)
        0000 00.. = Differentiated Services Codepoint: Default (0)
        .... ..00 = Explicit Congestion Notification: Not ECN-Capable Transport (0)
    Total Length: 69
    Identification: 0x74aa (29866)
    010. .... = Flags: 0x2, Don't fragment
        0... .... = Reserved bit: Not set
        .1.. .... = Don't fragment: Set
        ..0. .... = More fragments: Not set
    ...0 0000 0000 0000 = Fragment Offset: 0
    Time to Live: 128
    Protocol: UDP (17)
    Header Checksum: 0x0000 [validation disabled]
    [Header checksum status: Unverified]
    Source Address: 172.16.90.227
    Destination Address: 151.101.66.214
    [Stream index: 0]
User Datagram Protocol, Src Port: 52993, Dst Port: 443
    Source Port: 52993
    Destination Port: 443
    Length: 49
    Checksum: 0xe171 [unverified]
    [Checksum Status: Unverified]
    [Stream index: 0]
    [Stream Packet Number: 8]
    [Timestamps]
        [Time since first frame: 37.174000 milliseconds]
        [Time since previous frame: 26.412300 milliseconds]
    UDP payload (41 bytes)
QUIC IETF
    QUIC Connection information
        [Connection Number: 0]
    [Packet Length: 41]
    QUIC Short Header DCID=a82c8195bc0e7e7647200e02b6c152388e
        0... .... = Header Form: Short Header (0)
        .1.. .... = Fixed Bit: True
        ..0. .... = Spin Bit: False
        Destination Connection ID: a82c8195bc0e7e7647200e02b6c152388e
    Remaining Payload: 170592ee970601b3224d5e9db65f561d877f94f000f36f

Frame 9: Packet, 1286 bytes on wire (10288 bits), 1286 bytes captured (10288 bits) on interface \Device\NPF_{9B9257DC-FAC1-4993-B12F-136D7BA5E874}, id 0
    Section number: 1
    Interface id: 0 (\Device\NPF_{9B9257DC-FAC1-4993-B12F-136D7BA5E874})
        Interface name: \Device\NPF_{9B9257DC-FAC1-4993-B12F-136D7BA5E874}
        Interface description: Wi-Fi
    Encapsulation type: Ethernet (1)
    Arrival Time: Apr  9, 2026 19:40:25.794178600 India Standard Time
    UTC Arrival Time: Apr  9, 2026 14:10:25.794178600 UTC
    Epoch Arrival Time: 1775743825.794178600
    [Time shift for this packet: 0.000000000 seconds]
    [Time delta from previous captured frame: 1.352059500 seconds]
    [Time delta from previous displayed frame: 1.352059500 seconds]
    [Time since reference or first frame: 1.389233500 seconds]
    Frame Number: 9
    Frame Length: 1286 bytes (10288 bits)
    Capture Length: 1286 bytes (10288 bits)
    [Frame is marked: False]
    [Frame is ignored: False]
    [Protocols in frame: eth:ethertype:ip:udp:quic]
    Character encoding: ASCII (0)
Ethernet II, Src: 96:77:0b:05:d4:0b (96:77:0b:05:d4:0b), Dst: HewlettPacka_3a:cc:1d (28:92:4a:3a:cc:1d)
    Destination: HewlettPacka_3a:cc:1d (28:92:4a:3a:cc:1d)
        .... ..0. .... .... .... .... = LG bit: Globally unique address (factory default)
        .... ...0 .... .... .... .... = IG bit: Individual address (unicast)
    Source: 96:77:0b:05:d4:0b (96:77:0b:05:d4:0b)
        .... ..1. .... .... .... .... = LG bit: Locally administered address (this is NOT the factory default)
        .... ...0 .... .... .... .... = IG bit: Individual address (unicast)
    Type: IPv4 (0x0800)
    [Stream index: 0]
Internet Protocol Version 4, Src: 172.16.90.227, Dst: 151.101.66.214
    0100 .... = Version: 4
    .... 0101 = Header Length: 20 bytes (5)
    Differentiated Services Field: 0x00 (DSCP: CS0, ECN: Not-ECT)
        0000 00.. = Differentiated Services Codepoint: Default (0)
        .... ..00 = Explicit Congestion Notification: Not ECN-Capable Transport (0)
    Total Length: 1272
    Identification: 0x74ae (29870)
    010. .... = Flags: 0x2, Don't fragment
        0... .... = Reserved bit: Not set
        .1.. .... = Don't fragment: Set
        ..0. .... = More fragments: Not set
    ...0 0000 0000 0000 = Fragment Offset: 0
    Time to Live: 128
    Protocol: UDP (17)
    Header Checksum: 0x0000 [validation disabled]
    [Header checksum status: Unverified]
    Source Address: 172.16.90.227
    Destination Address: 151.101.66.214
    [Stream index: 0]
User Datagram Protocol, Src Port: 52993, Dst Port: 443
    Source Port: 52993
    Destination Port: 443
    Length: 1252
    Checksum: 0xe624 [unverified]
    [Checksum Status: Unverified]
    [Stream index: 0]
    [Stream Packet Number: 9]
    [Timestamps]
        [Time since first frame: 1.389233500 seconds]
        [Time since previous frame: 1.352059500 seconds]
    UDP payload (1244 bytes)
QUIC IETF
    QUIC Connection information
        [Connection Number: 0]
    [Packet Length: 1244]
    QUIC Short Header DCID=a82c8195bc0e7e7647200e02b6c152388e
        0... .... = Header Form: Short Header (0)
        .1.. .... = Fixed Bit: True
        ..0. .... = Spin Bit: False
        Destination Connection ID: a82c8195bc0e7e7647200e02b6c152388e
    Remaining Payload […]: ef8ba027038fcb8033fc980580356bd4c7a93e7826031a05421f1468b4fdd78ebcf9cf77d15e679531f4d5cdc82cbcd3ed83d205c408e8da7abd28e7307e28f1a4c5f5702af84bde73b1388854ebe0605286a2fa8edfff025c717f9a10f3c9a027415579993574741d34c6

Frame 10: Packet, 1292 bytes on wire (10336 bits), 1292 bytes captured (10336 bits) on interface \Device\NPF_{9B9257DC-FAC1-4993-B12F-136D7BA5E874}, id 0
    Section number: 1
    Interface id: 0 (\Device\NPF_{9B9257DC-FAC1-4993-B12F-136D7BA5E874})
        Interface name: \Device\NPF_{9B9257DC-FAC1-4993-B12F-136D7BA5E874}
        Interface description: Wi-Fi
    Encapsulation type: Ethernet (1)
    Arrival Time: Apr  9, 2026 19:40:25.794240800 India Standard Time
    UTC Arrival Time: Apr  9, 2026 14:10:25.794240800 UTC
    Epoch Arrival Time: 1775743825.794240800
    [Time shift for this packet: 0.000000000 seconds]
    [Time delta from previous captured frame: 62.200 microseconds]
    [Time delta from previous displayed frame: 62.200 microseconds]
    [Time since reference or first frame: 1.389295700 seconds]
    Frame Number: 10
    Frame Length: 1292 bytes (10336 bits)
    Capture Length: 1292 bytes (10336 bits)
    [Frame is marked: False]
    [Frame is ignored: False]
    [Protocols in frame: eth:ethertype:ip:udp:quic]
    Character encoding: ASCII (0)
Ethernet II, Src: 96:77:0b:05:d4:0b (96:77:0b:05:d4:0b), Dst: HewlettPacka_3a:cc:1d (28:92:4a:3a:cc:1d)
    Destination: HewlettPacka_3a:cc:1d (28:92:4a:3a:cc:1d)
        .... ..0. .... .... .... .... = LG bit: Globally unique address (factory default)
        .... ...0 .... .... .... .... = IG bit: Individual address (unicast)
    Source: 96:77:0b:05:d4:0b (96:77:0b:05:d4:0b)
        .... ..1. .... .... .... .... = LG bit: Locally administered address (this is NOT the factory default)
        .... ...0 .... .... .... .... = IG bit: Individual address (unicast)
    Type: IPv4 (0x0800)
    [Stream index: 0]
Internet Protocol Version 4, Src: 172.16.90.227, Dst: 151.101.66.214
    0100 .... = Version: 4
    .... 0101 = Header Length: 20 bytes (5)
    Differentiated Services Field: 0x00 (DSCP: CS0, ECN: Not-ECT)
        0000 00.. = Differentiated Services Codepoint: Default (0)
        .... ..00 = Explicit Congestion Notification: Not ECN-Capable Transport (0)
    Total Length: 1278
    Identification: 0x74af (29871)
    010. .... = Flags: 0x2, Don't fragment
        0... .... = Reserved bit: Not set
        .1.. .... = Don't fragment: Set
        ..0. .... = More fragments: Not set
    ...0 0000 0000 0000 = Fragment Offset: 0
    Time to Live: 128
    Protocol: UDP (17)
    Header Checksum: 0x0000 [validation disabled]
    [Header checksum status: Unverified]
    Source Address: 172.16.90.227
    Destination Address: 151.101.66.214
    [Stream index: 0]
User Datagram Protocol, Src Port: 52993, Dst Port: 443
    Source Port: 52993
    Destination Port: 443
    Length: 1258
    Checksum: 0xe62a [unverified]
    [Checksum Status: Unverified]
    [Stream index: 0]
    [Stream Packet Number: 10]
    [Timestamps]
        [Time since first frame: 1.389295700 seconds]
        [Time since previous frame: 62.200 microseconds]
    UDP payload (1250 bytes)
QUIC IETF
    QUIC Connection information
        [Connection Number: 0]
    [Packet Length: 1250]
    QUIC Short Header DCID=a82c8195bc0e7e7647200e02b6c152388e
        0... .... = Header Form: Short Header (0)
        .1.. .... = Fixed Bit: True
        ..0. .... = Spin Bit: False
        Destination Connection ID: a82c8195bc0e7e7647200e02b6c152388e
    Remaining Payload […]: 66e9101527cb55ef3461e3aa908503a7c20cd69d4b380470ff721415ff9df603745553f9dc213b78d8e5f372f95ca438112441ca7e7996ace921b0decc3b3df45abaa2b8b2722950de9f6e8bd44eb06985516f8fe2bb15cb2aea7e15aad9c871cf7fc28c941ab83e787b06

Frame 11: Packet, 721 bytes on wire (5768 bits), 721 bytes captured (5768 bits) on interface \Device\NPF_{9B9257DC-FAC1-4993-B12F-136D7BA5E874}, id 0
    Section number: 1
    Interface id: 0 (\Device\NPF_{9B9257DC-FAC1-4993-B12F-136D7BA5E874})
        Interface name: \Device\NPF_{9B9257DC-FAC1-4993-B12F-136D7BA5E874}
        Interface description: Wi-Fi
    Encapsulation type: Ethernet (1)
    Arrival Time: Apr  9, 2026 19:40:25.794255600 India Standard Time
    UTC Arrival Time: Apr  9, 2026 14:10:25.794255600 UTC
    Epoch Arrival Time: 1775743825.794255600
    [Time shift for this packet: 0.000000000 seconds]
    [Time delta from previous captured frame: 14.800 microseconds]
    [Time delta from previous displayed frame: 14.800 microseconds]
    [Time since reference or first frame: 1.389310500 seconds]
    Frame Number: 11
    Frame Length: 721 bytes (5768 bits)
    Capture Length: 721 bytes (5768 bits)
    [Frame is marked: False]
    [Frame is ignored: False]
    [Protocols in frame: eth:ethertype:ip:udp:quic]
    Character encoding: ASCII (0)
Ethernet II, Src: 96:77:0b:05:d4:0b (96:77:0b:05:d4:0b), Dst: HewlettPacka_3a:cc:1d (28:92:4a:3a:cc:1d)
    Destination: HewlettPacka_3a:cc:1d (28:92:4a:3a:cc:1d)
        .... ..0. .... .... .... .... = LG bit: Globally unique address (factory default)
        .... ...0 .... .... .... .... = IG bit: Individual address (unicast)
    Source: 96:77:0b:05:d4:0b (96:77:0b:05:d4:0b)
        .... ..1. .... .... .... .... = LG bit: Locally administered address (this is NOT the factory default)
        .... ...0 .... .... .... .... = IG bit: Individual address (unicast)
    Type: IPv4 (0x0800)
    [Stream index: 0]
Internet Protocol Version 4, Src: 172.16.90.227, Dst: 151.101.66.214
    0100 .... = Version: 4
    .... 0101 = Header Length: 20 bytes (5)
    Differentiated Services Field: 0x00 (DSCP: CS0, ECN: Not-ECT)
        0000 00.. = Differentiated Services Codepoint: Default (0)
        .... ..00 = Explicit Congestion Notification: Not ECN-Capable Transport (0)
    Total Length: 707
    Identification: 0x74b0 (29872)
    010. .... = Flags: 0x2, Don't fragment
        0... .... = Reserved bit: Not set
        .1.. .... = Don't fragment: Set
        ..0. .... = More fragments: Not set
    ...0 0000 0000 0000 = Fragment Offset: 0
    Time to Live: 128
    Protocol: UDP (17)
    Header Checksum: 0x0000 [validation disabled]
    [Header checksum status: Unverified]
    Source Address: 172.16.90.227
    Destination Address: 151.101.66.214
    [Stream index: 0]
User Datagram Protocol, Src Port: 52993, Dst Port: 443
    Source Port: 52993
    Destination Port: 443
    Length: 687
    Checksum: 0xe3ef [unverified]
    [Checksum Status: Unverified]
    [Stream index: 0]
    [Stream Packet Number: 11]
    [Timestamps]
        [Time since first frame: 1.389310500 seconds]
        [Time since previous frame: 14.800 microseconds]
    UDP payload (679 bytes)
QUIC IETF
    QUIC Connection information
        [Connection Number: 0]
    [Packet Length: 679]
    QUIC Short Header DCID=a82c8195bc0e7e7647200e02b6c152388e
        0... .... = Header Form: Short Header (0)
        .1.. .... = Fixed Bit: True
        ..0. .... = Spin Bit: False
        Destination Connection ID: a82c8195bc0e7e7647200e02b6c152388e
    Remaining Payload […]: 68441eea30e7841d3fc4662bc287ead11e7d6608102f2983c31f6c05e8111b9eb49fbae4d0336b2db885dd61fe7e51ef00059ea5ea33a717e83072214da4228fcc825482345728b6924ea59a3fd9e2222f6b22e7f725e933a45c634a69a998c591013212573f5a8ec1b99c

Frame 12: Packet, 72 bytes on wire (576 bits), 72 bytes captured (576 bits) on interface \Device\NPF_{9B9257DC-FAC1-4993-B12F-136D7BA5E874}, id 0
    Section number: 1
    Interface id: 0 (\Device\NPF_{9B9257DC-FAC1-4993-B12F-136D7BA5E874})
        Interface name: \Device\NPF_{9B9257DC-FAC1-4993-B12F-136D7BA5E874}
        Interface description: Wi-Fi
    Encapsulation type: Ethernet (1)
    Arrival Time: Apr  9, 2026 19:40:25.799580500 India Standard Time
    UTC Arrival Time: Apr  9, 2026 14:10:25.799580500 UTC
    Epoch Arrival Time: 1775743825.799580500
    [Time shift for this packet: 0.000000000 seconds]
    [Time delta from previous captured frame: 5.324900 milliseconds]
    [Time delta from previous displayed frame: 5.324900 milliseconds]
    [Time since reference or first frame: 1.394635400 seconds]
    Frame Number: 12
    Frame Length: 72 bytes (576 bits)
    Capture Length: 72 bytes (576 bits)
    [Frame is marked: False]
    [Frame is ignored: False]
    [Protocols in frame: eth:ethertype:ip:udp:quic]
    Character encoding: ASCII (0)
Ethernet II, Src: HewlettPacka_3a:cc:1d (28:92:4a:3a:cc:1d), Dst: 96:77:0b:05:d4:0b (96:77:0b:05:d4:0b)
    Destination: 96:77:0b:05:d4:0b (96:77:0b:05:d4:0b)
        .... ..1. .... .... .... .... = LG bit: Locally administered address (this is NOT the factory default)
        .... ...0 .... .... .... .... = IG bit: Individual address (unicast)
    Source: HewlettPacka_3a:cc:1d (28:92:4a:3a:cc:1d)
        .... ..0. .... .... .... .... = LG bit: Globally unique address (factory default)
        .... ...0 .... .... .... .... = IG bit: Individual address (unicast)
    Type: IPv4 (0x0800)
    [Stream index: 0]
Internet Protocol Version 4, Src: 151.101.66.214, Dst: 172.16.90.227
    0100 .... = Version: 4
    .... 0101 = Header Length: 20 bytes (5)
    Differentiated Services Field: 0x00 (DSCP: CS0, ECN: Not-ECT)
        0000 00.. = Differentiated Services Codepoint: Default (0)
        .... ..00 = Explicit Congestion Notification: Not ECN-Capable Transport (0)
    Total Length: 58
    Identification: 0x0000 (0)
    010. .... = Flags: 0x2, Don't fragment
        0... .... = Reserved bit: Not set
        .1.. .... = Don't fragment: Set
        ..0. .... = More fragments: Not set
    ...0 0000 0000 0000 = Fragment Offset: 0
    Time to Live: 57
    Protocol: UDP (17)
    Header Checksum: 0x6084 [validation disabled]
    [Header checksum status: Unverified]
    Source Address: 151.101.66.214
    Destination Address: 172.16.90.227
    [Stream index: 0]
User Datagram Protocol, Src Port: 443, Dst Port: 52993
    Source Port: 443
    Destination Port: 52993
    Length: 38
    Checksum: 0xbca7 [unverified]
    [Checksum Status: Unverified]
    [Stream index: 0]
    [Stream Packet Number: 12]
    [Timestamps]
        [Time since first frame: 1.394635400 seconds]
        [Time since previous frame: 5.324900 milliseconds]
    UDP payload (30 bytes)
QUIC IETF
    QUIC Connection information
        [Connection Number: 0]
    [Packet Length: 30]
    QUIC Short Header
        0... .... = Header Form: Short Header (0)
        .1.. .... = Fixed Bit: True
        ..0. .... = Spin Bit: False
    Remaining Payload: 8304d34c0f0422228da58804d3df1001e916fc3ecc60ef6c4e11ba0ce4

Frame 13: Packet, 66 bytes on wire (528 bits), 66 bytes captured (528 bits) on interface \Device\NPF_{9B9257DC-FAC1-4993-B12F-136D7BA5E874}, id 0
    Section number: 1
    Interface id: 0 (\Device\NPF_{9B9257DC-FAC1-4993-B12F-136D7BA5E874})
        Interface name: \Device\NPF_{9B9257DC-FAC1-4993-B12F-136D7BA5E874}
        Interface description: Wi-Fi
    Encapsulation type: Ethernet (1)
    Arrival Time: Apr  9, 2026 19:40:25.825238600 India Standard Time
    UTC Arrival Time: Apr  9, 2026 14:10:25.825238600 UTC
    Epoch Arrival Time: 1775743825.825238600
    [Time shift for this packet: 0.000000000 seconds]
    [Time delta from previous captured frame: 25.658100 milliseconds]
    [Time delta from previous displayed frame: 25.658100 milliseconds]
    [Time since reference or first frame: 1.420293500 seconds]
    Frame Number: 13
    Frame Length: 66 bytes (528 bits)
    Capture Length: 66 bytes (528 bits)
    [Frame is marked: False]
    [Frame is ignored: False]
    [Protocols in frame: eth:ethertype:ip:udp:quic]
    Character encoding: ASCII (0)
Ethernet II, Src: HewlettPacka_3a:cc:1d (28:92:4a:3a:cc:1d), Dst: 96:77:0b:05:d4:0b (96:77:0b:05:d4:0b)
    Destination: 96:77:0b:05:d4:0b (96:77:0b:05:d4:0b)
        .... ..1. .... .... .... .... = LG bit: Locally administered address (this is NOT the factory default)
        .... ...0 .... .... .... .... = IG bit: Individual address (unicast)
    Source: HewlettPacka_3a:cc:1d (28:92:4a:3a:cc:1d)
        .... ..0. .... .... .... .... = LG bit: Globally unique address (factory default)
        .... ...0 .... .... .... .... = IG bit: Individual address (unicast)
    Type: IPv4 (0x0800)
    [Stream index: 0]
Internet Protocol Version 4, Src: 151.101.66.214, Dst: 172.16.90.227
    0100 .... = Version: 4
    .... 0101 = Header Length: 20 bytes (5)
    Differentiated Services Field: 0x00 (DSCP: CS0, ECN: Not-ECT)
        0000 00.. = Differentiated Services Codepoint: Default (0)
        .... ..00 = Explicit Congestion Notification: Not ECN-Capable Transport (0)
    Total Length: 52
    Identification: 0x0000 (0)
    010. .... = Flags: 0x2, Don't fragment
        0... .... = Reserved bit: Not set
        .1.. .... = Don't fragment: Set
        ..0. .... = More fragments: Not set
    ...0 0000 0000 0000 = Fragment Offset: 0
    Time to Live: 57
    Protocol: UDP (17)
    Header Checksum: 0x608a [validation disabled]
    [Header checksum status: Unverified]
    Source Address: 151.101.66.214
    Destination Address: 172.16.90.227
    [Stream index: 0]
User Datagram Protocol, Src Port: 443, Dst Port: 52993
    Source Port: 443
    Destination Port: 52993
    Length: 32
    Checksum: 0xe7c1 [unverified]
    [Checksum Status: Unverified]
    [Stream index: 0]
    [Stream Packet Number: 13]
    [Timestamps]
        [Time since first frame: 1.420293500 seconds]
        [Time since previous frame: 25.658100 milliseconds]
    UDP payload (24 bytes)
QUIC IETF
    QUIC Connection information
        [Connection Number: 0]
    [Packet Length: 24]
    QUIC Short Header
        0... .... = Header Form: Short Header (0)
        .1.. .... = Fixed Bit: True
        ..0. .... = Spin Bit: False
    Remaining Payload: 4a321284d76cfc3bf65fec1c9ae197ce8de65c2bd77cf9

Frame 14: Packet, 83 bytes on wire (664 bits), 83 bytes captured (664 bits) on interface \Device\NPF_{9B9257DC-FAC1-4993-B12F-136D7BA5E874}, id 0
    Section number: 1
    Interface id: 0 (\Device\NPF_{9B9257DC-FAC1-4993-B12F-136D7BA5E874})
        Interface name: \Device\NPF_{9B9257DC-FAC1-4993-B12F-136D7BA5E874}
        Interface description: Wi-Fi
    Encapsulation type: Ethernet (1)
    Arrival Time: Apr  9, 2026 19:40:25.825508600 India Standard Time
    UTC Arrival Time: Apr  9, 2026 14:10:25.825508600 UTC
    Epoch Arrival Time: 1775743825.825508600
    [Time shift for this packet: 0.000000000 seconds]
    [Time delta from previous captured frame: 270.000 microseconds]
    [Time delta from previous displayed frame: 270.000 microseconds]
    [Time since reference or first frame: 1.420563500 seconds]
    Frame Number: 14
    Frame Length: 83 bytes (664 bits)
    Capture Length: 83 bytes (664 bits)
    [Frame is marked: False]
    [Frame is ignored: False]
    [Protocols in frame: eth:ethertype:ip:udp:quic]
    Character encoding: ASCII (0)
Ethernet II, Src: 96:77:0b:05:d4:0b (96:77:0b:05:d4:0b), Dst: HewlettPacka_3a:cc:1d (28:92:4a:3a:cc:1d)
    Destination: HewlettPacka_3a:cc:1d (28:92:4a:3a:cc:1d)
        .... ..0. .... .... .... .... = LG bit: Globally unique address (factory default)
        .... ...0 .... .... .... .... = IG bit: Individual address (unicast)
    Source: 96:77:0b:05:d4:0b (96:77:0b:05:d4:0b)
        .... ..1. .... .... .... .... = LG bit: Locally administered address (this is NOT the factory default)
        .... ...0 .... .... .... .... = IG bit: Individual address (unicast)
    Type: IPv4 (0x0800)
    [Stream index: 0]
Internet Protocol Version 4, Src: 172.16.90.227, Dst: 151.101.66.214
    0100 .... = Version: 4
    .... 0101 = Header Length: 20 bytes (5)
    Differentiated Services Field: 0x00 (DSCP: CS0, ECN: Not-ECT)
        0000 00.. = Differentiated Services Codepoint: Default (0)
        .... ..00 = Explicit Congestion Notification: Not ECN-Capable Transport (0)
    Total Length: 69
    Identification: 0x74b1 (29873)
    010. .... = Flags: 0x2, Don't fragment
        0... .... = Reserved bit: Not set
        .1.. .... = Don't fragment: Set
        ..0. .... = More fragments: Not set
    ...0 0000 0000 0000 = Fragment Offset: 0
    Time to Live: 128
    Protocol: UDP (17)
    Header Checksum: 0x0000 [validation disabled]
    [Header checksum status: Unverified]
    Source Address: 172.16.90.227
    Destination Address: 151.101.66.214
    [Stream index: 0]
User Datagram Protocol, Src Port: 52993, Dst Port: 443
    Source Port: 52993
    Destination Port: 443
    Length: 49
    Checksum: 0xe171 [unverified]
    [Checksum Status: Unverified]
    [Stream index: 0]
    [Stream Packet Number: 14]
    [Timestamps]
        [Time since first frame: 1.420563500 seconds]
        [Time since previous frame: 270.000 microseconds]
    UDP payload (41 bytes)
QUIC IETF
    QUIC Connection information
        [Connection Number: 0]
    [Packet Length: 41]
    QUIC Short Header DCID=a82c8195bc0e7e7647200e02b6c152388e
        0... .... = Header Form: Short Header (0)
        .1.. .... = Fixed Bit: True
        ..0. .... = Spin Bit: False
        Destination Connection ID: a82c8195bc0e7e7647200e02b6c152388e
    Remaining Payload: c5c39355cd42b3d1e3652d2afae5e3ca0b7b3f78e769eb

Frame 15: Packet, 362 bytes on wire (2896 bits), 362 bytes captured (2896 bits) on interface \Device\NPF_{9B9257DC-FAC1-4993-B12F-136D7BA5E874}, id 0
    Section number: 1
    Interface id: 0 (\Device\NPF_{9B9257DC-FAC1-4993-B12F-136D7BA5E874})
        Interface name: \Device\NPF_{9B9257DC-FAC1-4993-B12F-136D7BA5E874}
        Interface description: Wi-Fi
    Encapsulation type: Ethernet (1)
    Arrival Time: Apr  9, 2026 19:40:26.036340100 India Standard Time
    UTC Arrival Time: Apr  9, 2026 14:10:26.036340100 UTC
    Epoch Arrival Time: 1775743826.036340100
    [Time shift for this packet: 0.000000000 seconds]
    [Time delta from previous captured frame: 210.831500 milliseconds]
    [Time delta from previous displayed frame: 210.831500 milliseconds]
    [Time since reference or first frame: 1.631395000 seconds]
    Frame Number: 15
    Frame Length: 362 bytes (2896 bits)
    Capture Length: 362 bytes (2896 bits)
    [Frame is marked: False]
    [Frame is ignored: False]
    [Protocols in frame: eth:ethertype:ip:udp:quic]
    Character encoding: ASCII (0)
Ethernet II, Src: HewlettPacka_3a:cc:1d (28:92:4a:3a:cc:1d), Dst: 96:77:0b:05:d4:0b (96:77:0b:05:d4:0b)
    Destination: 96:77:0b:05:d4:0b (96:77:0b:05:d4:0b)
        .... ..1. .... .... .... .... = LG bit: Locally administered address (this is NOT the factory default)
        .... ...0 .... .... .... .... = IG bit: Individual address (unicast)
    Source: HewlettPacka_3a:cc:1d (28:92:4a:3a:cc:1d)
        .... ..0. .... .... .... .... = LG bit: Globally unique address (factory default)
        .... ...0 .... .... .... .... = IG bit: Individual address (unicast)
    Type: IPv4 (0x0800)
    [Stream index: 0]
Internet Protocol Version 4, Src: 151.101.66.214, Dst: 172.16.90.227
    0100 .... = Version: 4
    .... 0101 = Header Length: 20 bytes (5)
    Differentiated Services Field: 0x00 (DSCP: CS0, ECN: Not-ECT)
        0000 00.. = Differentiated Services Codepoint: Default (0)
        .... ..00 = Explicit Congestion Notification: Not ECN-Capable Transport (0)
    Total Length: 348
    Identification: 0x0000 (0)
    010. .... = Flags: 0x2, Don't fragment
        0... .... = Reserved bit: Not set
        .1.. .... = Don't fragment: Set
        ..0. .... = More fragments: Not set
    ...0 0000 0000 0000 = Fragment Offset: 0
    Time to Live: 57
    Protocol: UDP (17)
    Header Checksum: 0x5f62 [validation disabled]
    [Header checksum status: Unverified]
    Source Address: 151.101.66.214
    Destination Address: 172.16.90.227
    [Stream index: 0]
User Datagram Protocol, Src Port: 443, Dst Port: 52993
    Source Port: 443
    Destination Port: 52993
    Length: 328
    Checksum: 0xc43d [unverified]
    [Checksum Status: Unverified]
    [Stream index: 0]
    [Stream Packet Number: 15]
    [Timestamps]
        [Time since first frame: 1.631395000 seconds]
        [Time since previous frame: 210.831500 milliseconds]
    UDP payload (320 bytes)
QUIC IETF
    QUIC Connection information
        [Connection Number: 0]
    [Packet Length: 320]
    QUIC Short Header
        0... .... = Header Form: Short Header (0)
        .1.. .... = Fixed Bit: True
        ..0. .... = Spin Bit: False
    Remaining Payload […]: 7c8633c0e13ffffaf0bde2f5b4d584a8471818c2305cf117370a5c2a7c803c6453c000ab2915517279f4cca81aba66ec298e2a350039955e48e02b2490aa6c1d91f9595df4ad9498fa9677157024aa735ef960dbfdefbd1d3d3688b97e5afdab6446aadfcfc8eb00679542

