Frame 1: Packet, 1292 bytes on wire (10336 bits), 1292 bytes captured (10336 bits) on interface \Device\NPF_{9B9257DC-FAC1-4993-B12F-136D7BA5E874}, id 0
    Section number: 1
    Interface id: 0 (\Device\NPF_{9B9257DC-FAC1-4993-B12F-136D7BA5E874})
        Interface name: \Device\NPF_{9B9257DC-FAC1-4993-B12F-136D7BA5E874}
        Interface description: Wi-Fi
    Encapsulation type: Ethernet (1)
    Arrival Time: Apr  9, 2026 19:58:26.682689800 India Standard Time
    UTC Arrival Time: Apr  9, 2026 14:28:26.682689800 UTC
    Epoch Arrival Time: 1775744906.682689800
    [Time shift for this packet: 0.000000000 seconds]
    [Time since reference or first frame: 0.000000000 seconds]
    Frame Number: 1
    Frame Length: 1292 bytes (10336 bits)
    Capture Length: 1292 bytes (10336 bits)
    [Frame is marked: False]
    [Frame is ignored: False]
    [Protocols in frame: eth:ethertype:ip:udp:quic]
    Character encoding: ASCII (0)
Ethernet II, Src: 96:77:0b:05:d4:0b (96:77:0b:05:d4:0b), Dst: HewlettPacka_3a:cc:1d (28:92:4a:3a:cc:1d)
    Destination: HewlettPacka_3a:cc:1d (28:92:4a:3a:cc:1d)
        .... ..0. .... .... .... .... = LG bit: Globally unique address (factory default)
        .... ...0 .... .... .... .... = IG bit: Individual address (unicast)
    Source: 96:77:0b:05:d4:0b (96:77:0b:05:d4:0b)
        .... ..1. .... .... .... .... = LG bit: Locally administered address (this is NOT the factory default)
        .... ...0 .... .... .... .... = IG bit: Individual address (unicast)
    Type: IPv4 (0x0800)
    [Stream index: 0]
Internet Protocol Version 4, Src: 172.16.90.227, Dst: 151.101.130.214
    0100 .... = Version: 4
    .... 0101 = Header Length: 20 bytes (5)
    Differentiated Services Field: 0x00 (DSCP: CS0, ECN: Not-ECT)
        0000 00.. = Differentiated Services Codepoint: Default (0)
        .... ..00 = Explicit Congestion Notification: Not ECN-Capable Transport (0)
    Total Length: 1278
    Identification: 0x4e8e (20110)
    010. .... = Flags: 0x2, Don't fragment
        0... .... = Reserved bit: Not set
        .1.. .... = Don't fragment: Set
        ..0. .... = More fragments: Not set
    ...0 0000 0000 0000 = Fragment Offset: 0
    Time to Live: 128
    Protocol: UDP (17)
    Header Checksum: 0x0000 [validation disabled]
    [Header checksum status: Unverified]
    Source Address: 172.16.90.227
    Destination Address: 151.101.130.214
    [Stream index: 0]
User Datagram Protocol, Src Port: 55996, Dst Port: 443
    Source Port: 55996
    Destination Port: 443
    Length: 1258
    Checksum: 0x262b [unverified]
    [Checksum Status: Unverified]
    [Stream index: 0]
    [Stream Packet Number: 1]
    [Timestamps]
        [Time since first frame: 0.000000000 seconds]
        [Time since previous frame: 0.000000000 seconds]
    UDP payload (1250 bytes)
QUIC IETF
    QUIC Connection information
        [Connection Number: 0]
    [Packet Length: 1250]
    1... .... = Header Form: Long Header (1)
    .1.. .... = Fixed Bit: True
    ..00 .... = Packet Type: Initial (0)
    [.... 00.. = Reserved: 0]
    [.... ..00 = Packet Number Length: 1 bytes (0)]
    Version: 1 (0x00000001)
    Destination Connection ID Length: 8
    Destination Connection ID: 94fdb1ed1ed88d03
    Source Connection ID Length: 0
    Token Length: 0
    Length: 1232
    [Packet Number: 1]
    Payload […]: 08f3af3c1f897c509dc6980a1b40f43c16155cb9bf56f75300a348cbc671e5f8f1607c33ccbd5259ba85db920d9aa326ecd528f79cf538d880a1dcda0918fb0b13bc848a2875722b832bb7be04e33de2e4bc52eb8cb6f5a15d4f3083c8d9c6303ecd4e2f28597f1c6443e8d6ae28b9bd
    PADDING Length: 5
        Frame Type: PADDING (0x0000000000000000)
        [Padding Length: 5]
    CRYPTO
        Frame Type: CRYPTO (0x0000000000000006)
        Offset: 1612
        Length: 335
        Crypto Data
    PING
        Frame Type: PING (0x0000000000000001)
    PING
        Frame Type: PING (0x0000000000000001)
    PING
        Frame Type: PING (0x0000000000000001)
    PING
        Frame Type: PING (0x0000000000000001)
    CRYPTO
        Frame Type: CRYPTO (0x0000000000000006)
        Offset: 1447
        Length: 4
        Crypto Data
    PADDING Length: 1
        Frame Type: PADDING (0x0000000000000000)
        [Padding Length: 1]
    PING
        Frame Type: PING (0x0000000000000001)
    CRYPTO
        Frame Type: CRYPTO (0x0000000000000006)
        Offset: 1045
        Length: 402
        Crypto Data
    CRYPTO
        Frame Type: CRYPTO (0x0000000000000006)
        Offset: 0
        Length: 47
        Crypto Data
    PADDING Length: 27
        Frame Type: PADDING (0x0000000000000000)
        [Padding Length: 27]
    CRYPTO
        Frame Type: CRYPTO (0x0000000000000006)
        Offset: 1451
        Length: 161
        Crypto Data
    CRYPTO
        Frame Type: CRYPTO (0x0000000000000006)
        Offset: 47
        Length: 3
        Crypto Data
    PADDING Length: 178
        Frame Type: PADDING (0x0000000000000000)
        [Padding Length: 178]
    CRYPTO
        Frame Type: CRYPTO (0x0000000000000006)
        Offset: 50
        Length: 19
        Crypto Data

Frame 2: Packet, 1292 bytes on wire (10336 bits), 1292 bytes captured (10336 bits) on interface \Device\NPF_{9B9257DC-FAC1-4993-B12F-136D7BA5E874}, id 0
    Section number: 1
    Interface id: 0 (\Device\NPF_{9B9257DC-FAC1-4993-B12F-136D7BA5E874})
        Interface name: \Device\NPF_{9B9257DC-FAC1-4993-B12F-136D7BA5E874}
        Interface description: Wi-Fi
    Encapsulation type: Ethernet (1)
    Arrival Time: Apr  9, 2026 19:58:26.682753100 India Standard Time
    UTC Arrival Time: Apr  9, 2026 14:28:26.682753100 UTC
    Epoch Arrival Time: 1775744906.682753100
    [Time shift for this packet: 0.000000000 seconds]
    [Time delta from previous captured frame: 63.300 microseconds]
    [Time delta from previous displayed frame: 63.300 microseconds]
    [Time since reference or first frame: 63.300 microseconds]
    Frame Number: 2
    Frame Length: 1292 bytes (10336 bits)
    Capture Length: 1292 bytes (10336 bits)
    [Frame is marked: False]
    [Frame is ignored: False]
    [Protocols in frame: eth:ethertype:ip:udp:quic:tls]
    Character encoding: ASCII (0)
Ethernet II, Src: 96:77:0b:05:d4:0b (96:77:0b:05:d4:0b), Dst: HewlettPacka_3a:cc:1d (28:92:4a:3a:cc:1d)
    Destination: HewlettPacka_3a:cc:1d (28:92:4a:3a:cc:1d)
        .... ..0. .... .... .... .... = LG bit: Globally unique address (factory default)
        .... ...0 .... .... .... .... = IG bit: Individual address (unicast)
    Source: 96:77:0b:05:d4:0b (96:77:0b:05:d4:0b)
        .... ..1. .... .... .... .... = LG bit: Locally administered address (this is NOT the factory default)
        .... ...0 .... .... .... .... = IG bit: Individual address (unicast)
    Type: IPv4 (0x0800)
    [Stream index: 0]
Internet Protocol Version 4, Src: 172.16.90.227, Dst: 151.101.130.214
    0100 .... = Version: 4
    .... 0101 = Header Length: 20 bytes (5)
    Differentiated Services Field: 0x00 (DSCP: CS0, ECN: Not-ECT)
        0000 00.. = Differentiated Services Codepoint: Default (0)
        .... ..00 = Explicit Congestion Notification: Not ECN-Capable Transport (0)
    Total Length: 1278
    Identification: 0x4e8f (20111)
    010. .... = Flags: 0x2, Don't fragment
        0... .... = Reserved bit: Not set
        .1.. .... = Don't fragment: Set
        ..0. .... = More fragments: Not set
    ...0 0000 0000 0000 = Fragment Offset: 0
    Time to Live: 128
    Protocol: UDP (17)
    Header Checksum: 0x0000 [validation disabled]
    [Header checksum status: Unverified]
    Source Address: 172.16.90.227
    Destination Address: 151.101.130.214
    [Stream index: 0]
User Datagram Protocol, Src Port: 55996, Dst Port: 443
    Source Port: 55996
    Destination Port: 443
    Length: 1258
    Checksum: 0x262b [unverified]
    [Checksum Status: Unverified]
    [Stream index: 0]
    [Stream Packet Number: 2]
    [Timestamps]
        [Time since first frame: 63.300 microseconds]
        [Time since previous frame: 63.300 microseconds]
    UDP payload (1250 bytes)
QUIC IETF
    QUIC Connection information
        [Connection Number: 0]
    [Packet Length: 1250]
    1... .... = Header Form: Long Header (1)
    .1.. .... = Fixed Bit: True
    ..00 .... = Packet Type: Initial (0)
    [.... 00.. = Reserved: 0]
    [.... ..01 = Packet Number Length: 2 bytes (1)]
    Version: 1 (0x00000001)
    Destination Connection ID Length: 8
    Destination Connection ID: 94fdb1ed1ed88d03
    Source Connection ID Length: 0
    Token Length: 0
    Length: 1232
    [Packet Number: 2]
    Payload […]: e73944b9e12a10afd1b2fe65d94ccabe351a73f75925234087bcfb38e1d5a901b52a97ff2af54ca782d9c2d6feb554bf4d75a79dec4a58588e21699175ef8debdbe1b16160592f93724efc44818ea1f9b54be7fab0e967c8a163920cec3ef91b7c11e1c9306992eeb2f2c42dfb588a4f
    CRYPTO
        Frame Type: CRYPTO (0x0000000000000006)
        Offset: 956
        Length: 89
        Crypto Data
    PING
        Frame Type: PING (0x0000000000000001)
    CRYPTO
        Frame Type: CRYPTO (0x0000000000000006)
        Offset: 886
        Length: 70
        Crypto Data
    PING
        Frame Type: PING (0x0000000000000001)
    PING
        Frame Type: PING (0x0000000000000001)
    CRYPTO
        Frame Type: CRYPTO (0x0000000000000006)
        Offset: 424
        Length: 29
        Crypto Data
    PADDING Length: 199
        Frame Type: PADDING (0x0000000000000000)
        [Padding Length: 199]
    CRYPTO
        Frame Type: CRYPTO (0x0000000000000006)
        Offset: 453
        Length: 433
        Crypto Data
    PADDING Length: 7
        Frame Type: PADDING (0x0000000000000000)
        [Padding Length: 7]
    CRYPTO
        Frame Type: CRYPTO (0x0000000000000006)
        Offset: 69
        Length: 355
        Crypto Data
        [12 Reassembled QUIC CRYPTO Data Fragments (1947 bytes): #1(47), #1(3), #1(19), #2(355), #2(29), #2(433), #2(70), #2(89), #1(402), #1(4), #1(161), #1(335)]
            [Frame: 1, payload: 0-46 (47 bytes)]
            [Frame: 1, payload: 47-49 (3 bytes)]
            [Frame: 1, payload: 50-68 (19 bytes)]
            [Frame: 2, payload: 69-423 (355 bytes)]
            [Frame: 2, payload: 424-452 (29 bytes)]
            [Frame: 2, payload: 453-885 (433 bytes)]
            [Frame: 2, payload: 886-955 (70 bytes)]
            [Frame: 2, payload: 956-1044 (89 bytes)]
            [Frame: 1, payload: 1045-1446 (402 bytes)]
            [Frame: 1, payload: 1447-1450 (4 bytes)]
            [Frame: 1, payload: 1451-1611 (161 bytes)]
            [Frame: 1, payload: 1612-1946 (335 bytes)]
            [Fragment count: 12]
        TLSv1.3 Record Layer: Handshake Protocol: Client Hello
            Handshake Protocol: Client Hello
                Handshake Type: Client Hello (1)
                Length: 1943
                Version: TLS 1.2 (0x0303)
                    [Expert Info (Chat/Deprecated): This legacy_version field MUST be ignored. The supported_versions extension is present and MUST be used instead.]
                        [This legacy_version field MUST be ignored. The supported_versions extension is present and MUST be used instead.]
                        [Severity level: Chat]
                        [Group: Deprecated]
                Random: 6010d85237a80acbf4a29ec1dda4accde51a4a78eee58236c2ea0e0a1a9d30a1
                Session ID Length: 0
                Cipher Suites Length: 6
                Cipher Suites (3 suites)
                    Cipher Suite: TLS_AES_128_GCM_SHA256 (0x1301)
                    Cipher Suite: TLS_AES_256_GCM_SHA384 (0x1302)
                    Cipher Suite: TLS_CHACHA20_POLY1305_SHA256 (0x1303)
                Compression Methods Length: 1
                Compression Methods (1 method)
                    Compression Method: null (0)
                Extensions Length: 1896
                Extension: encrypted_client_hello (len=186)
                    Type: encrypted_client_hello (65037)
                    Length: 186
                    Client Hello type: Outer Client Hello (0)
                    Cipher Suite: HKDF-SHA256/AES-128-GCM
                        KDF Id: HKDF-SHA256 (1)
                        AEAD Id: AES-128-GCM (1)
                    Config Id: 128
                    Enc length: 32
                    Enc: 29bba3464a2921c564ec52a0e9d6dc0cac9ca83d7eb1d82b7d3eae8a46220436
                    Payload length: 144
                    Payload […]: 0758119368a70b34fbfdfeeef64678783ba9e0aeec55b839705197aa699c06fa666a57befd20bd684827aa01d8a0315e22eea9ad815bbcdcd0b5fae7c2736a4c73e206e9fb3b34e55a69352d293b5c7331a510c51014249cf2e73b8172f588109a137877d51af8c5893381ad06773362
                Extension: quic_transport_parameters (len=87)
                    Type: quic_transport_parameters (57)
                    Length: 87
                    Parameter: initial_max_data (len=4) 15728640
                        Type: initial_max_data (0x04)
                        Length: 4
                        Value: 80f00000
                        initial_max_data: 15728640
                    Parameter: max_udp_payload_size (len=2) 1472
                        Type: max_udp_payload_size (0x03)
                        Length: 2
                        Value: 45c0
                        max_udp_payload_size: 1472
                    Parameter: GREASE (len=7)
                        Type: GREASE (0x20616801bc811700)
                        Length: 7
                        Value: 2d580f8416fedb
                    Parameter: initial_max_stream_data_uni (len=4) 6291456
                        Type: initial_max_stream_data_uni (0x07)
                        Length: 4
                        Value: 80600000
                        initial_max_stream_data_uni: 6291456
                    Parameter: max_datagram_frame_size (len=4) 65536
                        Type: max_datagram_frame_size (0x20)
                        Length: 4
                        Value: 80010000
                        max_datagram_frame_size: 65536
                    Parameter: initial_max_streams_bidi (len=2) 100
                        Type: initial_max_streams_bidi (0x08)
                        Length: 2
                        Value: 4064
                        initial_max_streams_bidi: 100
                    Parameter: max_idle_timeout (len=4) 30000 ms
                        Type: max_idle_timeout (0x01)
                        Length: 4
                        Value: 80007530
                        max_idle_timeout: 30000
                    Parameter: initial_max_stream_data_bidi_local (len=4) 6291456
                        Type: initial_max_stream_data_bidi_local (0x05)
                        Length: 4
                        Value: 80600000
                        initial_max_stream_data_bidi_local: 6291456
                    Parameter: initial_max_streams_uni (len=2) 103
                        Type: initial_max_streams_uni (0x09)
                        Length: 2
                        Value: 4067
                        initial_max_streams_uni: 103
                    Parameter: google_initial_rtt (len=4) 400746 us
                        Type: google_initial_rtt (0x3127)
                        Length: 4
                        Value: 80061d6a
                        Google Initial RTT: 400746
                    Parameter: initial_max_stream_data_bidi_remote (len=4) 6291456
                        Type: initial_max_stream_data_bidi_remote (0x06)
                        Length: 4
                        Value: 80600000
                        initial_max_stream_data_bidi_remote: 6291456
                    Parameter: version_information (len=12)
                        Type: version_information (0x11)
                        Length: 12
                        Value: 00000001da8a5a6a00000001
                        Chosen Version: 1 (0x00000001)
                        Other Version: Unknown (0xda8a5a6a) (GREASE)
                        Other Version: 1 (0x00000001)
                    Parameter: initial_source_connection_id (len=0)
                        Type: initial_source_connection_id (0x0f)
                        Length: 0
                        Initial Source Connection ID: <MISSING>
                Extension: application_layer_protocol_negotiation (len=5)
                    Type: application_layer_protocol_negotiation (16)
                    Length: 5
                    ALPN Extension Length: 3
                    ALPN Protocol
                        ALPN string length: 2
                        ALPN Next Protocol: h3
                Extension: supported_versions (len=3) TLS 1.3
                    Type: supported_versions (43)
                    Length: 3
                    Supported Versions length: 2
                    Supported Version: TLS 1.3 (0x0304)
                Extension: application_settings (len=5)
                    Type: application_settings (17613)
                    Length: 5
                    ALPS Extension Length: 3
                    Supported ALPN List
                        Supported ALPN Length: 2
                        Supported ALPN: h3
                Extension: key_share (len=1258) X25519MLKEM768, x25519
                    Type: key_share (51)
                    Length: 1258
                    Key Share extension
                        Client Key Share Length: 1256
                        Key Share Entry: Group: X25519MLKEM768, Key Exchange length: 1216
                            Group: X25519MLKEM768 (4588)
                            Key Exchange Length: 1216
                            Key Exchange […]: 4e47815239518ae3662e4543b8c485006bbdbf50b1d7a91d8658939270a83e387572fc96e9d85d625098513659de7947afc971f7f760a8704b11c52ddebb3d2c346e7c8c7eb482631a73510dac41a2160eb76b5f585b138fd77db803b77ec155acc45430a086057c1c0e6a0c492
                        Key Share Entry: Group: x25519, Key Exchange length: 32
                            Group: x25519 (29)
                            Key Exchange Length: 32
                            Key Exchange: 89e9de603f407d19519d31e4bafe4bf1e4324d34f7e87bdfa3275b9be4ac6a17
                Extension: psk_key_exchange_modes (len=2)
                    Type: psk_key_exchange_modes (45)
                    Length: 2
                    PSK Key Exchange Modes Length: 1
                    PSK Key Exchange Mode: PSK with (EC)DHE key establishment (psk_dhe_ke) (1)
                Extension: compress_certificate (len=3)
                    Type: compress_certificate (27)
                    Length: 3
                    Algorithms Length: 2
                    Algorithm: brotli (2)
                Extension: signature_algorithms (len=20)
                    Type: signature_algorithms (13)
                    Length: 20
                    Signature Hash Algorithms Length: 18
                    Signature Hash Algorithms (9 algorithms)
                        Signature Algorithm: ecdsa_secp256r1_sha256 (0x0403)
                            Signature Hash Algorithm Hash: SHA256 (4)
                            Signature Hash Algorithm Signature: ECDSA (3)
                        Signature Algorithm: rsa_pss_rsae_sha256 (0x0804)
                            Signature Hash Algorithm Hash: Unknown (8)
                            Signature Hash Algorithm Signature: Unknown (4)
                        Signature Algorithm: rsa_pkcs1_sha256 (0x0401)
                            Signature Hash Algorithm Hash: SHA256 (4)
                            Signature Hash Algorithm Signature: RSA (1)
                        Signature Algorithm: ecdsa_secp384r1_sha384 (0x0503)
                            Signature Hash Algorithm Hash: SHA384 (5)
                            Signature Hash Algorithm Signature: ECDSA (3)
                        Signature Algorithm: rsa_pss_rsae_sha384 (0x0805)
                            Signature Hash Algorithm Hash: Unknown (8)
                            Signature Hash Algorithm Signature: Unknown (5)
                        Signature Algorithm: rsa_pkcs1_sha384 (0x0501)
                            Signature Hash Algorithm Hash: SHA384 (5)
                            Signature Hash Algorithm Signature: RSA (1)
                        Signature Algorithm: rsa_pss_rsae_sha512 (0x0806)
                            Signature Hash Algorithm Hash: Unknown (8)
                            Signature Hash Algorithm Signature: Unknown (6)
                        Signature Algorithm: rsa_pkcs1_sha512 (0x0601)
                            Signature Hash Algorithm Hash: SHA512 (6)
                            Signature Hash Algorithm Signature: RSA (1)
                        Signature Algorithm: rsa_pkcs1_sha1 (0x0201)
                            Signature Hash Algorithm Hash: SHA1 (2)
                            Signature Hash Algorithm Signature: RSA (1)
                Extension: supported_groups (len=10)
                    Type: supported_groups (10)
                    Length: 10
                    Supported Groups List Length: 8
                    Supported Groups (4 groups)
                        Supported Group: X25519MLKEM768 (0x11ec)
                        Supported Group: x25519 (0x001d)
                        Supported Group: secp256r1 (0x0017)
                        Supported Group: secp384r1 (0x0018)
                Extension: server_name (len=18) name=gql.twitch.tv
                    Type: server_name (0)
                    Length: 18
                    Server Name Indication extension
                        Server Name list length: 16
                        Server Name Type: host_name (0)
                        Server Name length: 13
                        Server Name: gql.twitch.tv
                Extension: pre_shared_key (len=251)
                    Type: pre_shared_key (41)
                    Length: 251
                    Pre-Shared Key extension
                        Identities Length: 198
                        PSK Identity (length: 192)
                            Identity Length: 192
                            Identity […]: a8b3ba26e766ebe209c6193ee2dab12f7ffbb2d1b7632d38928eb6c8bcbfe73b7e4471f71ca2d52d8879ac7a9453d57ce6fe926213bd6e1b3bc40015c6f9d92ef5ad8a49ea9110d709e7ed410a8f865c5403d00b6a729487310d42063db38524f74ab3c996e271f5d7d9d19d4b0caf0
                            Obfuscated Ticket Age: 2089536531
                        PSK Binders length: 49
                        PSK Binders
                            PSK Binder (length: 48)
                                Binder Length: 48
                                Binder: 7a38486060d1d6288249b570ab6e7aba4796d6ba4d6bac2aa214e83d1c681210596f29f6e6556a0da70768474b78e327
                [JA4: q13d0312h3_55b375c5d22e_5a06198afb93]
                [JA4_r: q13d0312h3_1301,1302,1303_000a,000d,001b,0029,002b,002d,0033,0039,44cd,fe0d_0403,0804,0401,0503,0805,0501,0806,0601,0201]
                [JA3 Fullstring: 771,4865-4866-4867,65037-57-16-43-17613-51-45-27-13-10-0-41,4588-29-23-24,]
                [JA3: f51c48b49f3586dfb86767d7614e2f18]
    PADDING Length: 1
        Frame Type: PADDING (0x0000000000000000)
        [Padding Length: 1]
    PING
        Frame Type: PING (0x0000000000000001)
    PING
        Frame Type: PING (0x0000000000000001)
    PING
        Frame Type: PING (0x0000000000000001)
    PING
        Frame Type: PING (0x0000000000000001)

Frame 3: Packet, 1326 bytes on wire (10608 bits), 1326 bytes captured (10608 bits) on interface \Device\NPF_{9B9257DC-FAC1-4993-B12F-136D7BA5E874}, id 0
    Section number: 1
    Interface id: 0 (\Device\NPF_{9B9257DC-FAC1-4993-B12F-136D7BA5E874})
        Interface name: \Device\NPF_{9B9257DC-FAC1-4993-B12F-136D7BA5E874}
        Interface description: Wi-Fi
    Encapsulation type: Ethernet (1)
    Arrival Time: Apr  9, 2026 19:58:26.690998700 India Standard Time
    UTC Arrival Time: Apr  9, 2026 14:28:26.690998700 UTC
    Epoch Arrival Time: 1775744906.690998700
    [Time shift for this packet: 0.000000000 seconds]
    [Time delta from previous captured frame: 8.245600 milliseconds]
    [Time delta from previous displayed frame: 8.245600 milliseconds]
    [Time since reference or first frame: 8.308900 milliseconds]
    Frame Number: 3
    Frame Length: 1326 bytes (10608 bits)
    Capture Length: 1326 bytes (10608 bits)
    [Frame is marked: False]
    [Frame is ignored: False]
    [Protocols in frame: eth:ethertype:vlan:ethertype:ip:udp:quic]
    Character encoding: ASCII (0)
Ethernet II, Src: HewlettPacka_3a:cc:1d (28:92:4a:3a:cc:1d), Dst: 96:77:0b:05:d4:0b (96:77:0b:05:d4:0b)
    Destination: 96:77:0b:05:d4:0b (96:77:0b:05:d4:0b)
        .... ..1. .... .... .... .... = LG bit: Locally administered address (this is NOT the factory default)
        .... ...0 .... .... .... .... = IG bit: Individual address (unicast)
    Source: HewlettPacka_3a:cc:1d (28:92:4a:3a:cc:1d)
        .... ..0. .... .... .... .... = LG bit: Globally unique address (factory default)
        .... ...0 .... .... .... .... = IG bit: Individual address (unicast)
    Type: 802.1Q Virtual LAN (0x8100)
    [Stream index: 0]
802.1Q Virtual LAN, PRI: 0, DEI: 0, ID: 0
    000. .... .... .... = Priority: Best Effort (default) (0)
    ...0 .... .... .... = DEI: Ineligible
    .... 0000 0000 0000 = ID: 0
    Type: IPv4 (0x0800)
Internet Protocol Version 4, Src: 151.101.130.214, Dst: 172.16.90.227
    0100 .... = Version: 4
    .... 0101 = Header Length: 20 bytes (5)
    Differentiated Services Field: 0x00 (DSCP: CS0, ECN: Not-ECT)
        0000 00.. = Differentiated Services Codepoint: Default (0)
        .... ..00 = Explicit Congestion Notification: Not ECN-Capable Transport (0)
    Total Length: 1308
    Identification: 0x0000 (0)
    010. .... = Flags: 0x2, Don't fragment
        0... .... = Reserved bit: Not set
        .1.. .... = Don't fragment: Set
        ..0. .... = More fragments: Not set
    ...0 0000 0000 0000 = Fragment Offset: 0
    Time to Live: 57
    Protocol: UDP (17)
    Header Checksum: 0x1ba2 [validation disabled]
    [Header checksum status: Unverified]
    Source Address: 151.101.130.214
    Destination Address: 172.16.90.227
    [Stream index: 0]
User Datagram Protocol, Src Port: 443, Dst Port: 55996
    Source Port: 443
    Destination Port: 55996
    Length: 1288
    Checksum: 0xed83 [unverified]
    [Checksum Status: Unverified]
    [Stream index: 0]
    [Stream Packet Number: 3]
    [Timestamps]
        [Time since first frame: 8.308900 milliseconds]
        [Time since previous frame: 8.245600 milliseconds]
    UDP payload (1280 bytes)
QUIC IETF
    QUIC Connection information
        [Connection Number: 0]
    [Packet Length: 1280]
    1... .... = Header Form: Long Header (1)
    .1.. .... = Fixed Bit: True
    ..00 .... = Packet Type: Initial (0)
    [.... 00.. = Reserved: 0]
    [.... ..01 = Packet Number Length: 2 bytes (1)]
    Version: 1 (0x00000001)
    Destination Connection ID Length: 0
    Source Connection ID Length: 17
    Source Connection ID: a8eba659b75ac8e11b6d17d1fdf04f62db
    Token Length: 0
    Length: 1253
    [Packet Number: 0]
    Payload […]: 940b227e599482dbbb8b12b4d631764c7d3e2ddd856558f4271086dd89b2ba8e904ddf44eaf0c419f721e700753d2956a41e2caf14101b882667d2df70ac3621f9edac3c602821f6fc142e7458f2d751e4d63a1aabe4c7d2562b205a70eed6df0a538bc51ebc99a00e30f913a44feba0
    ACK
        Frame Type: ACK (0x0000000000000002)
        Largest Acknowledged: 1
        ACK Delay: 0
        ACK Range Count: 0
        First ACK Range: 0
    PADDING Length: 1230
        Frame Type: PADDING (0x0000000000000000)
        [Padding Length: 1230]

Frame 4: Packet, 1326 bytes on wire (10608 bits), 1326 bytes captured (10608 bits) on interface \Device\NPF_{9B9257DC-FAC1-4993-B12F-136D7BA5E874}, id 0
    Section number: 1
    Interface id: 0 (\Device\NPF_{9B9257DC-FAC1-4993-B12F-136D7BA5E874})
        Interface name: \Device\NPF_{9B9257DC-FAC1-4993-B12F-136D7BA5E874}
        Interface description: Wi-Fi
    Encapsulation type: Ethernet (1)
    Arrival Time: Apr  9, 2026 19:58:26.691041000 India Standard Time
    UTC Arrival Time: Apr  9, 2026 14:28:26.691041000 UTC
    Epoch Arrival Time: 1775744906.691041000
    [Time shift for this packet: 0.000000000 seconds]
    [Time delta from previous captured frame: 42.300 microseconds]
    [Time delta from previous displayed frame: 42.300 microseconds]
    [Time since reference or first frame: 8.351200 milliseconds]
    Frame Number: 4
    Frame Length: 1326 bytes (10608 bits)
    Capture Length: 1326 bytes (10608 bits)
    [Frame is marked: False]
    [Frame is ignored: False]
    [Protocols in frame: eth:ethertype:vlan:ethertype:ip:udp:quic:tls]
    Character encoding: ASCII (0)
Ethernet II, Src: HewlettPacka_3a:cc:1d (28:92:4a:3a:cc:1d), Dst: 96:77:0b:05:d4:0b (96:77:0b:05:d4:0b)
    Destination: 96:77:0b:05:d4:0b (96:77:0b:05:d4:0b)
        .... ..1. .... .... .... .... = LG bit: Locally administered address (this is NOT the factory default)
        .... ...0 .... .... .... .... = IG bit: Individual address (unicast)
    Source: HewlettPacka_3a:cc:1d (28:92:4a:3a:cc:1d)
        .... ..0. .... .... .... .... = LG bit: Globally unique address (factory default)
        .... ...0 .... .... .... .... = IG bit: Individual address (unicast)
    Type: 802.1Q Virtual LAN (0x8100)
    [Stream index: 0]
802.1Q Virtual LAN, PRI: 0, DEI: 0, ID: 0
    000. .... .... .... = Priority: Best Effort (default) (0)
    ...0 .... .... .... = DEI: Ineligible
    .... 0000 0000 0000 = ID: 0
    Type: IPv4 (0x0800)
Internet Protocol Version 4, Src: 151.101.130.214, Dst: 172.16.90.227
    0100 .... = Version: 4
    .... 0101 = Header Length: 20 bytes (5)
    Differentiated Services Field: 0x00 (DSCP: CS0, ECN: Not-ECT)
        0000 00.. = Differentiated Services Codepoint: Default (0)
        .... ..00 = Explicit Congestion Notification: Not ECN-Capable Transport (0)
    Total Length: 1308
    Identification: 0x0000 (0)
    010. .... = Flags: 0x2, Don't fragment
        0... .... = Reserved bit: Not set
        .1.. .... = Don't fragment: Set
        ..0. .... = More fragments: Not set
    ...0 0000 0000 0000 = Fragment Offset: 0
    Time to Live: 57
    Protocol: UDP (17)
    Header Checksum: 0x1ba2 [validation disabled]
    [Header checksum status: Unverified]
    Source Address: 151.101.130.214
    Destination Address: 172.16.90.227
    [Stream index: 0]
User Datagram Protocol, Src Port: 443, Dst Port: 55996
    Source Port: 443
    Destination Port: 55996
    Length: 1288
    Checksum: 0xfa56 [unverified]
    [Checksum Status: Unverified]
    [Stream index: 0]
    [Stream Packet Number: 4]
    [Timestamps]
        [Time since first frame: 8.351200 milliseconds]
        [Time since previous frame: 42.300 microseconds]
    UDP payload (1280 bytes)
QUIC IETF
    QUIC Connection information
        [Connection Number: 0]
    [Packet Length: 1280]
    1... .... = Header Form: Long Header (1)
    .1.. .... = Fixed Bit: True
    ..00 .... = Packet Type: Initial (0)
    [.... 00.. = Reserved: 0]
    [.... ..01 = Packet Number Length: 2 bytes (1)]
    Version: 1 (0x00000001)
    Destination Connection ID Length: 0
    Source Connection ID Length: 17
    Source Connection ID: a8eba659b75ac8e11b6d17d1fdf04f62db
    Token Length: 0
    Length: 1253
    [Packet Number: 1]
    Payload […]: 3f7736c227471e0d2ec0220ca892bf715b6674754bf5fde2da499d713386faf013cda15e73de74c75a3e2d5cf25d01d9b7f743ad150d72efc44906303dd0b014cd011c33bdd7b94c417ca106fb533ec29d32548107f1258bf8074d0fa262e54297ccd174a0a26e9450f7feb6414616cf
    ACK
        Frame Type: ACK (0x0000000000000002)
        Largest Acknowledged: 2
        ACK Delay: 0
        ACK Range Count: 0
        First ACK Range: 1
    CRYPTO
        Frame Type: CRYPTO (0x0000000000000006)
        Offset: 0
        Length: 1184
        Crypto Data
        TLSv1.3 Record Layer: Handshake Protocol: Server Hello
            Handshake Protocol: Server Hello
                Handshake Type: Server Hello (2)
                Length: 1180
                Version: TLS 1.2 (0x0303)
                    [Expert Info (Chat/Deprecated): This legacy_version field MUST be ignored. The supported_versions extension is present and MUST be used instead.]
                        [This legacy_version field MUST be ignored. The supported_versions extension is present and MUST be used instead.]
                        [Severity level: Chat]
                        [Group: Deprecated]
                Random: ee7ec8003c1a3ca4e78f521943ffed93550b7773c028f9c9ba7685e1e01ec61f
                Session ID Length: 0
                Cipher Suite: TLS_AES_256_GCM_SHA384 (0x1302)
                Compression Method: null (0)
                Extensions Length: 1140
                Extension: supported_versions (len=2) TLS 1.3
                    Type: supported_versions (43)
                    Length: 2
                    Supported Version: TLS 1.3 (0x0304)
                Extension: key_share (len=1124) X25519MLKEM768
                    Type: key_share (51)
                    Length: 1124
                    Key Share extension
                        Key Share Entry: Group: X25519MLKEM768, Key Exchange length: 1120
                            Group: X25519MLKEM768 (4588)
                            Key Exchange Length: 1120
                            Key Exchange […]: 5c542c5977e6737a540e0f44edc49154029005d973a3336210142034e81b05f11c653c626e5a3d0004a882661bf7b674efec5b9799d1f380e9a40852eeb752b6daebb005223f21e3f1655ca9fbe2bd170f0936fcdee55c3e178a0fb03705d87d3e86e0dcc1e625607907d10485c
                Extension: pre_shared_key (len=2)
                    Type: pre_shared_key (41)
                    Length: 2
                    Pre-Shared Key extension
                        Selected Identity: 0
                [JA3S Fullstring: 771,4866,43-51-41]
                [JA3S: 2253c82f03b621c5144709b393fde2c9]
    PADDING Length: 42
        Frame Type: PADDING (0x0000000000000000)
        [Padding Length: 42]

Frame 5: Packet, 624 bytes on wire (4992 bits), 624 bytes captured (4992 bits) on interface \Device\NPF_{9B9257DC-FAC1-4993-B12F-136D7BA5E874}, id 0
    Section number: 1
    Interface id: 0 (\Device\NPF_{9B9257DC-FAC1-4993-B12F-136D7BA5E874})
        Interface name: \Device\NPF_{9B9257DC-FAC1-4993-B12F-136D7BA5E874}
        Interface description: Wi-Fi
    Encapsulation type: Ethernet (1)
    Arrival Time: Apr  9, 2026 19:58:26.691041000 India Standard Time
    UTC Arrival Time: Apr  9, 2026 14:28:26.691041000 UTC
    Epoch Arrival Time: 1775744906.691041000
    [Time shift for this packet: 0.000000000 seconds]
    [Time delta from previous captured frame: 0.000000000 seconds]
    [Time delta from previous displayed frame: 0.000000000 seconds]
    [Time since reference or first frame: 8.351200 milliseconds]
    Frame Number: 5
    Frame Length: 624 bytes (4992 bits)
    Capture Length: 624 bytes (4992 bits)
    [Frame is marked: False]
    [Frame is ignored: False]
    [Protocols in frame: eth:ethertype:vlan:ethertype:ip:udp:quic]
    Character encoding: ASCII (0)
Ethernet II, Src: HewlettPacka_3a:cc:1d (28:92:4a:3a:cc:1d), Dst: 96:77:0b:05:d4:0b (96:77:0b:05:d4:0b)
    Destination: 96:77:0b:05:d4:0b (96:77:0b:05:d4:0b)
        .... ..1. .... .... .... .... = LG bit: Locally administered address (this is NOT the factory default)
        .... ...0 .... .... .... .... = IG bit: Individual address (unicast)
    Source: HewlettPacka_3a:cc:1d (28:92:4a:3a:cc:1d)
        .... ..0. .... .... .... .... = LG bit: Globally unique address (factory default)
        .... ...0 .... .... .... .... = IG bit: Individual address (unicast)
    Type: 802.1Q Virtual LAN (0x8100)
    [Stream index: 0]
802.1Q Virtual LAN, PRI: 0, DEI: 0, ID: 0
    000. .... .... .... = Priority: Best Effort (default) (0)
    ...0 .... .... .... = DEI: Ineligible
    .... 0000 0000 0000 = ID: 0
    Type: IPv4 (0x0800)
Internet Protocol Version 4, Src: 151.101.130.214, Dst: 172.16.90.227
    0100 .... = Version: 4
    .... 0101 = Header Length: 20 bytes (5)
    Differentiated Services Field: 0x00 (DSCP: CS0, ECN: Not-ECT)
        0000 00.. = Differentiated Services Codepoint: Default (0)
        .... ..00 = Explicit Congestion Notification: Not ECN-Capable Transport (0)
    Total Length: 606
    Identification: 0x0001 (1)
    010. .... = Flags: 0x2, Don't fragment
        0... .... = Reserved bit: Not set
        .1.. .... = Don't fragment: Set
        ..0. .... = More fragments: Not set
    ...0 0000 0000 0000 = Fragment Offset: 0
    Time to Live: 57
    Protocol: UDP (17)
    Header Checksum: 0x1e5f [validation disabled]
    [Header checksum status: Unverified]
    Source Address: 151.101.130.214
    Destination Address: 172.16.90.227
    [Stream index: 0]
User Datagram Protocol, Src Port: 443, Dst Port: 55996
    Source Port: 443
    Destination Port: 55996
    Length: 586
    Checksum: 0xb40a [unverified]
    [Checksum Status: Unverified]
    [Stream index: 0]
    [Stream Packet Number: 5]
    [Timestamps]
        [Time since first frame: 8.351200 milliseconds]
        [Time since previous frame: 0.000000000 seconds]
    UDP payload (578 bytes)
QUIC IETF
    QUIC Connection information
        [Connection Number: 0]
    [Packet Length: 234]
    1... .... = Header Form: Long Header (1)
    .1.. .... = Fixed Bit: True
    ..10 .... = Packet Type: Handshake (2)
    Version: 1 (0x00000001)
    Destination Connection ID Length: 0
    Source Connection ID Length: 17
    Source Connection ID: a8eba659b75ac8e11b6d17d1fdf04f62db
    Length: 208
    [Expert Info (Warning/Decryption): Failed to create decryption context: Secrets are not available]
        [Failed to create decryption context: Secrets are not available]
        [Severity level: Warning]
        [Group: Decryption]
    Remaining Payload […]: 33c356f1f20574df3541b0f63dac5193f8daea786b09856a238feac12f389082791bd6bf9504715171fdfe7f60cd398466472a67f321663edcbbc5adaa0d5b2f52c433cb8e8e3655ff324c67eb361db7e3a64a1ca628ee2eeab81c6b428cf1483d317518ae346c38334875
QUIC IETF
    [Packet Length: 344]
    QUIC Short Header
        0... .... = Header Form: Short Header (0)
        .1.. .... = Fixed Bit: True
        ..0. .... = Spin Bit: False
    [Expert Info (Warning/Decryption): Failed to create decryption context: Secrets are not available]
        [Failed to create decryption context: Secrets are not available]
        [Severity level: Warning]
        [Group: Decryption]
    Remaining Payload […]: a3bda1a143d26f21687c632094d4fda75944979bd57cba1a5b17f99f9b525d738ba650b91b4e611efb8f769e14ecf82599f0ecba24181b66348d92c243d6ff0f6a4dcf7395dde63ecd3c5d6601d1aaf35c6845d5ace2fa73e8bb9bd25a7fe42d851bb483f15bd89ffc8931

Frame 6: Packet, 227 bytes on wire (1816 bits), 227 bytes captured (1816 bits) on interface \Device\NPF_{9B9257DC-FAC1-4993-B12F-136D7BA5E874}, id 0
    Section number: 1
    Interface id: 0 (\Device\NPF_{9B9257DC-FAC1-4993-B12F-136D7BA5E874})
        Interface name: \Device\NPF_{9B9257DC-FAC1-4993-B12F-136D7BA5E874}
        Interface description: Wi-Fi
    Encapsulation type: Ethernet (1)
    Arrival Time: Apr  9, 2026 19:58:26.691615200 India Standard Time
    UTC Arrival Time: Apr  9, 2026 14:28:26.691615200 UTC
    Epoch Arrival Time: 1775744906.691615200
    [Time shift for this packet: 0.000000000 seconds]
    [Time delta from previous captured frame: 574.200 microseconds]
    [Time delta from previous displayed frame: 574.200 microseconds]
    [Time since reference or first frame: 8.925400 milliseconds]
    Frame Number: 6
    Frame Length: 227 bytes (1816 bits)
    Capture Length: 227 bytes (1816 bits)
    [Frame is marked: False]
    [Frame is ignored: False]
    [Protocols in frame: eth:ethertype:ip:udp:quic]
    Character encoding: ASCII (0)
Ethernet II, Src: 96:77:0b:05:d4:0b (96:77:0b:05:d4:0b), Dst: HewlettPacka_3a:cc:1d (28:92:4a:3a:cc:1d)
    Destination: HewlettPacka_3a:cc:1d (28:92:4a:3a:cc:1d)
        .... ..0. .... .... .... .... = LG bit: Globally unique address (factory default)
        .... ...0 .... .... .... .... = IG bit: Individual address (unicast)
    Source: 96:77:0b:05:d4:0b (96:77:0b:05:d4:0b)
        .... ..1. .... .... .... .... = LG bit: Locally administered address (this is NOT the factory default)
        .... ...0 .... .... .... .... = IG bit: Individual address (unicast)
    Type: IPv4 (0x0800)
    [Stream index: 0]
Internet Protocol Version 4, Src: 172.16.90.227, Dst: 151.101.130.214
    0100 .... = Version: 4
    .... 0101 = Header Length: 20 bytes (5)
    Differentiated Services Field: 0x00 (DSCP: CS0, ECN: Not-ECT)
        0000 00.. = Differentiated Services Codepoint: Default (0)
        .... ..00 = Explicit Congestion Notification: Not ECN-Capable Transport (0)
    Total Length: 213
    Identification: 0x4e90 (20112)
    010. .... = Flags: 0x2, Don't fragment
        0... .... = Reserved bit: Not set
        .1.. .... = Don't fragment: Set
        ..0. .... = More fragments: Not set
    ...0 0000 0000 0000 = Fragment Offset: 0
    Time to Live: 128
    Protocol: UDP (17)
    Header Checksum: 0x0000 [validation disabled]
    [Header checksum status: Unverified]
    Source Address: 172.16.90.227
    Destination Address: 151.101.130.214
    [Stream index: 0]
User Datagram Protocol, Src Port: 55996, Dst Port: 443
    Source Port: 55996
    Destination Port: 443
    Length: 193
    Checksum: 0x2202 [unverified]
    [Checksum Status: Unverified]
    [Stream index: 0]
    [Stream Packet Number: 6]
    [Timestamps]
        [Time since first frame: 8.925400 milliseconds]
        [Time since previous frame: 574.200 microseconds]
    UDP payload (185 bytes)
QUIC IETF
    QUIC Connection information
        [Connection Number: 0]
    [Packet Length: 103]
    1... .... = Header Form: Long Header (1)
    .1.. .... = Fixed Bit: True
    ..10 .... = Packet Type: Handshake (2)
    Version: 1 (0x00000001)
    Destination Connection ID Length: 17
    Destination Connection ID: a8eba659b75ac8e11b6d17d1fdf04f62db
    Source Connection ID Length: 0
    Length: 77
    [Expert Info (Warning/Decryption): Failed to create decryption context: Secrets are not available]
        [Failed to create decryption context: Secrets are not available]
        [Severity level: Warning]
        [Group: Decryption]
    Remaining Payload: 05901671f7a6fb9a8dd02174385d94db680964af914df859168423175e466a7a4554384bd4801e3c93cc2291eb22312e841c4c77a8da252c330c5fdeaa2e9e4d5916546243d0b1249faf892f78
QUIC IETF
    [Packet Length: 82]
    QUIC Short Header DCID=a8eba659b75ac8e11b6d17d1fdf04f62db
        0... .... = Header Form: Short Header (0)
        .1.. .... = Fixed Bit: True
        ..0. .... = Spin Bit: False
        Destination Connection ID: a8eba659b75ac8e11b6d17d1fdf04f62db
    Remaining Payload: 313bab316d37cfa0ecb9e065ff4e6e02ffc265dfde56b53ca421855504f4d57a59ed5276c48580bd50af4fc5d06f93dcd9275d4fa1b9bfea03b0e4dbe3550ea4

Frame 7: Packet, 67 bytes on wire (536 bits), 67 bytes captured (536 bits) on interface \Device\NPF_{9B9257DC-FAC1-4993-B12F-136D7BA5E874}, id 0
    Section number: 1
    Interface id: 0 (\Device\NPF_{9B9257DC-FAC1-4993-B12F-136D7BA5E874})
        Interface name: \Device\NPF_{9B9257DC-FAC1-4993-B12F-136D7BA5E874}
        Interface description: Wi-Fi
    Encapsulation type: Ethernet (1)
    Arrival Time: Apr  9, 2026 19:58:26.698316100 India Standard Time
    UTC Arrival Time: Apr  9, 2026 14:28:26.698316100 UTC
    Epoch Arrival Time: 1775744906.698316100
    [Time shift for this packet: 0.000000000 seconds]
    [Time delta from previous captured frame: 6.700900 milliseconds]
    [Time delta from previous displayed frame: 6.700900 milliseconds]
    [Time since reference or first frame: 15.626300 milliseconds]
    Frame Number: 7
    Frame Length: 67 bytes (536 bits)
    Capture Length: 67 bytes (536 bits)
    [Frame is marked: False]
    [Frame is ignored: False]
    [Protocols in frame: eth:ethertype:ip:udp:quic]
    Character encoding: ASCII (0)
Ethernet II, Src: HewlettPacka_3a:cc:1d (28:92:4a:3a:cc:1d), Dst: 96:77:0b:05:d4:0b (96:77:0b:05:d4:0b)
    Destination: 96:77:0b:05:d4:0b (96:77:0b:05:d4:0b)
        .... ..1. .... .... .... .... = LG bit: Locally administered address (this is NOT the factory default)
        .... ...0 .... .... .... .... = IG bit: Individual address (unicast)
    Source: HewlettPacka_3a:cc:1d (28:92:4a:3a:cc:1d)
        .... ..0. .... .... .... .... = LG bit: Globally unique address (factory default)
        .... ...0 .... .... .... .... = IG bit: Individual address (unicast)
    Type: IPv4 (0x0800)
    [Stream index: 0]
Internet Protocol Version 4, Src: 151.101.130.214, Dst: 172.16.90.227
    0100 .... = Version: 4
    .... 0101 = Header Length: 20 bytes (5)
    Differentiated Services Field: 0x00 (DSCP: CS0, ECN: Not-ECT)
        0000 00.. = Differentiated Services Codepoint: Default (0)
        .... ..00 = Explicit Congestion Notification: Not ECN-Capable Transport (0)
    Total Length: 53
    Identification: 0x0000 (0)
    010. .... = Flags: 0x2, Don't fragment
        0... .... = Reserved bit: Not set
        .1.. .... = Don't fragment: Set
        ..0. .... = More fragments: Not set
    ...0 0000 0000 0000 = Fragment Offset: 0
    Time to Live: 57
    Protocol: UDP (17)
    Header Checksum: 0x2089 [validation disabled]
    [Header checksum status: Unverified]
    Source Address: 151.101.130.214
    Destination Address: 172.16.90.227
    [Stream index: 0]
User Datagram Protocol, Src Port: 443, Dst Port: 55996
    Source Port: 443
    Destination Port: 55996
    Length: 33
    Checksum: 0x177f [unverified]
    [Checksum Status: Unverified]
    [Stream index: 0]
    [Stream Packet Number: 7]
    [Timestamps]
        [Time since first frame: 15.626300 milliseconds]
        [Time since previous frame: 6.700900 milliseconds]
    UDP payload (25 bytes)
QUIC IETF
    QUIC Connection information
        [Connection Number: 0]
    [Packet Length: 25]
    QUIC Short Header
        0... .... = Header Form: Short Header (0)
        .1.. .... = Fixed Bit: True
        ..0. .... = Spin Bit: False
    Remaining Payload: 13c4985b77300007b6198e2a20989bcd0b2d991f3d8a7fc8

Frame 8: Packet, 83 bytes on wire (664 bits), 83 bytes captured (664 bits) on interface \Device\NPF_{9B9257DC-FAC1-4993-B12F-136D7BA5E874}, id 0
    Section number: 1
    Interface id: 0 (\Device\NPF_{9B9257DC-FAC1-4993-B12F-136D7BA5E874})
        Interface name: \Device\NPF_{9B9257DC-FAC1-4993-B12F-136D7BA5E874}
        Interface description: Wi-Fi
    Encapsulation type: Ethernet (1)
    Arrival Time: Apr  9, 2026 19:58:26.728534900 India Standard Time
    UTC Arrival Time: Apr  9, 2026 14:28:26.728534900 UTC
    Epoch Arrival Time: 1775744906.728534900
    [Time shift for this packet: 0.000000000 seconds]
    [Time delta from previous captured frame: 30.218800 milliseconds]
    [Time delta from previous displayed frame: 30.218800 milliseconds]
    [Time since reference or first frame: 45.845100 milliseconds]
    Frame Number: 8
    Frame Length: 83 bytes (664 bits)
    Capture Length: 83 bytes (664 bits)
    [Frame is marked: False]
    [Frame is ignored: False]
    [Protocols in frame: eth:ethertype:ip:udp:quic]
    Character encoding: ASCII (0)
Ethernet II, Src: 96:77:0b:05:d4:0b (96:77:0b:05:d4:0b), Dst: HewlettPacka_3a:cc:1d (28:92:4a:3a:cc:1d)
    Destination: HewlettPacka_3a:cc:1d (28:92:4a:3a:cc:1d)
        .... ..0. .... .... .... .... = LG bit: Globally unique address (factory default)
        .... ...0 .... .... .... .... = IG bit: Individual address (unicast)
    Source: 96:77:0b:05:d4:0b (96:77:0b:05:d4:0b)
        .... ..1. .... .... .... .... = LG bit: Locally administered address (this is NOT the factory default)
        .... ...0 .... .... .... .... = IG bit: Individual address (unicast)
    Type: IPv4 (0x0800)
    [Stream index: 0]
Internet Protocol Version 4, Src: 172.16.90.227, Dst: 151.101.130.214
    0100 .... = Version: 4
    .... 0101 = Header Length: 20 bytes (5)
    Differentiated Services Field: 0x00 (DSCP: CS0, ECN: Not-ECT)
        0000 00.. = Differentiated Services Codepoint: Default (0)
        .... ..00 = Explicit Congestion Notification: Not ECN-Capable Transport (0)
    Total Length: 69
    Identification: 0x4e91 (20113)
    010. .... = Flags: 0x2, Don't fragment
        0... .... = Reserved bit: Not set
        .1.. .... = Don't fragment: Set
        ..0. .... = More fragments: Not set
    ...0 0000 0000 0000 = Fragment Offset: 0
    Time to Live: 128
    Protocol: UDP (17)
    Header Checksum: 0x0000 [validation disabled]
    [Header checksum status: Unverified]
    Source Address: 172.16.90.227
    Destination Address: 151.101.130.214
    [Stream index: 0]
User Datagram Protocol, Src Port: 55996, Dst Port: 443
    Source Port: 55996
    Destination Port: 443
    Length: 49
    Checksum: 0x2172 [unverified]
    [Checksum Status: Unverified]
    [Stream index: 0]
    [Stream Packet Number: 8]
    [Timestamps]
        [Time since first frame: 45.845100 milliseconds]
        [Time since previous frame: 30.218800 milliseconds]
    UDP payload (41 bytes)
QUIC IETF
    QUIC Connection information
        [Connection Number: 0]
    [Packet Length: 41]
    QUIC Short Header DCID=a8eba659b75ac8e11b6d17d1fdf04f62db
        0... .... = Header Form: Short Header (0)
        .1.. .... = Fixed Bit: True
        ..0. .... = Spin Bit: False
        Destination Connection ID: a8eba659b75ac8e11b6d17d1fdf04f62db
    Remaining Payload: 93923f3f031ac6bb8968d1c0f65deabe0c176653ecb329

